Sun Nov 15 20:35:05 EST 2009
MemTotal:       513916 kB
MemFree:        503740 kB
Buffers:            68 kB
Cached:           6932 kB
SwapCached:          0 kB
Active:           1720 kB
Inactive:         5516 kB
SwapTotal:           0 kB
SwapFree:            0 kB
Dirty:               8 kB
Writeback:           0 kB
AnonPages:         272 kB
Mapped:            452 kB
Slab:             2096 kB
SReclaimable:      816 kB
SUnreclaim:       1280 kB
PageTables:         56 kB
NFS_Unstable:        0 kB
Bounce:              0 kB
CommitLimit:    256956 kB
Committed_AS:     1488 kB
VmallocTotal:   516056 kB
VmallocUsed:        72 kB
VmallocChunk:   515984 kB
Sun Nov 15 20:35:06 EST 2009
MemTotal:       513916 kB
MemFree:        503740 kB
Buffers:            68 kB
Cached:           6932 kB
SwapCached:          0 kB
Active:           1724 kB
Inactive:         5512 kB
SwapTotal:           0 kB
SwapFree:            0 kB
Dirty:               8 kB
Writeback:           0 kB
AnonPages:         272 kB
Mapped:            452 kB
Slab:             2096 kB
SReclaimable:      816 kB
SUnreclaim:       1280 kB
PageTables:         56 kB
NFS_Unstable:        0 kB
Bounce:              0 kB
CommitLimit:    256956 kB
Committed_AS:     1488 kB
VmallocTotal:   516056 kB
VmallocUsed:        72 kB
VmallocChunk:   515984 kB
Sun Nov 15 20:35:07 EST 2009
MemTotal:       513916 kB
MemFree:        503740 kB
Buffers:            68 kB
Cached:           6932 kB
SwapCached:          0 kB
Active:           1724 kB
Inactive:         5512 kB
SwapTotal:           0 kB
SwapFree:            0 kB
Dirty:               8 kB
Writeback:           0 kB
AnonPages:         272 kB
Mapped:            452 kB
Slab:             2096 kB
SReclaimable:      816 kB
SUnreclaim:       1280 kB
PageTables:         56 kB
NFS_Unstable:        0 kB
Bounce:              0 kB
CommitLimit:    256956 kB
Committed_AS:     1488 kB
VmallocTotal:   516056 kB
VmallocUsed:        72 kB
VmallocChunk:   515984 kB
Sun Nov 15 20:35:08 EST 2009
MemTotal:       513916 kB
MemFree:        503740 kB
Buffers:            68 kB
Cached:           6932 kB
SwapCached:          0 kB
Active:           1724 kB
Inactive:         5512 kB
SwapTotal:           0 kB
SwapFree:            0 kB
Dirty:               8 kB
Writeback:           0 kB
AnonPages:         272 kB
Mapped:            452 kB
Slab:             2096 kB
SReclaimable:      816 kB
SUnreclaim:       1280 kB
PageTables:         56 kB
NFS_Unstable:        0 kB
Bounce:              0 kB
CommitLimit:    256956 kB
Committed_AS:     1488 kB
VmallocTotal:   516056 kB
VmallocUsed:        72 kB
VmallocChunk:   515984 kB
Sun Nov 15 20:35:09 EST 2009
MemTotal:       513916 kB
MemFree:        503740 kB
Buffers:            68 kB
Cached:           6932 kB
SwapCached:          0 kB
Active:           1724 kB
Inactive:         5512 kB
SwapTotal:           0 kB
SwapFree:            0 kB
Dirty:               8 kB
Writeback:           0 kB
AnonPages:         272 kB
Mapped:            452 kB
Slab:             2096 kB
SReclaimable:      816 kB
SUnreclaim:       1280 kB
PageTables:         56 kB
NFS_Unstable:        0 kB
Bounce:              0 kB
CommitLimit:    256956 kB
Committed_AS:     1488 kB
VmallocTotal:   516056 kB
VmallocUsed:        72 kB
VmallocChunk:   515984 kB
Sun Nov 15 20:35:10 EST 2009
MemTotal:       513916 kB
MemFree:        503740 kB
Buffers:            80 kB
Cached:           6932 kB
SwapCached:          0 kB
Active:           1724 kB
Inactive:         5524 kB
SwapTotal:           0 kB
SwapFree:            0 kB
Dirty:              40 kB
Writeback:           0 kB
AnonPages:         272 kB
Mapped:            452 kB
Slab:             2096 kB
SReclaimable:      816 kB
SUnreclaim:       1280 kB
PageTables:         56 kB
NFS_Unstable:        0 kB
Bounce:              0 kB
CommitLimit:    256956 kB
Committed_AS:     1488 kB
VmallocTotal:   516056 kB
VmallocUsed:        72 kB
VmallocChunk:   515984 kB
Sun Nov 15 20:35:11 EST 2009
MemTotal:       513916 kB
MemFree:        503740 kB
Buffers:            80 kB
Cached:           6932 kB
SwapCached:          0 kB
Active:           1724 kB
Inactive:         5524 kB
SwapTotal:           0 kB
SwapFree:            0 kB
Dirty:              40 kB
Writeback:           0 kB
AnonPages:         272 kB
Mapped:            452 kB
Slab:             2096 kB
SReclaimable:      816 kB
SUnreclaim:       1280 kB
PageTables:         56 kB
NFS_Unstable:        0 kB
Bounce:              0 kB
CommitLimit:    256956 kB
Committed_AS:     1488 kB
VmallocTotal:   516056 kB
VmallocUsed:        72 kB
VmallocChunk:   515984 kB
Sun Nov 15 20:35:12 EST 2009
MemTotal:       513916 kB
MemFree:        503740 kB
Buffers:            80 kB
Cached:           6936 kB
SwapCached:          0 kB
Active:           1728 kB
Inactive:         5524 kB
SwapTotal:           0 kB
SwapFree:            0 kB
Dirty:              44 kB
Writeback:           0 kB
AnonPages:         272 kB
Mapped:            452 kB
Slab:             2096 kB
SReclaimable:      816 kB
SUnreclaim:       1280 kB
PageTables:         56 kB
NFS_Unstable:        0 kB
Bounce:              0 kB
CommitLimit:    256956 kB
Committed_AS:     1488 kB
VmallocTotal:   516056 kB
VmallocUsed:        72 kB
VmallocChunk:   515984 kB
Sun Nov 15 20:35:13 EST 2009
MemTotal:       513916 kB
MemFree:        503740 kB
Buffers:            80 kB
Cached:           6936 kB
SwapCached:          0 kB
Active:           1728 kB
Inactive:         5524 kB
SwapTotal:           0 kB
SwapFree:            0 kB
Dirty:              44 kB
Writeback:           0 kB
AnonPages:         272 kB
Mapped:            452 kB
Slab:             2096 kB
SReclaimable:      816 kB
SUnreclaim:       1280 kB
PageTables:         56 kB
NFS_Unstable:        0 kB
Bounce:              0 kB
CommitLimit:    256956 kB
Committed_AS:     1488 kB
VmallocTotal:   516056 kB
VmallocUsed:        72 kB
VmallocChunk:   515984 kB
Sun Nov 15 20:35:14 EST 2009
MemTotal:       513916 kB
MemFree:        503740 kB
Buffers:            80 kB
Cached:           6936 kB
SwapCached:          0 kB
Active:           1728 kB
Inactive:         5524 kB
SwapTotal:           0 kB
SwapFree:            0 kB
Dirty:              44 kB
Writeback:           0 kB
AnonPages:         272 kB
Mapped:            452 kB
Slab:             2096 kB
SReclaimable:      816 kB
SUnreclaim:       1280 kB
PageTables:         56 kB
NFS_Unstable:        0 kB
Bounce:              0 kB
CommitLimit:    256956 kB
Committed_AS:     1488 kB
VmallocTotal:   516056 kB
VmallocUsed:        72 kB
VmallocChunk:   515984 kB
Sun Nov 15 20:35:15 EST 2009
MemTotal:       513916 kB
MemFree:        503740 kB
Buffers:            92 kB
Cached:           6936 kB
SwapCached:          0 kB
Active:           1728 kB
Inactive:         5536 kB
SwapTotal:           0 kB
SwapFree:            0 kB
Dirty:              44 kB
Writeback:           0 kB
AnonPages:         272 kB
Mapped:            452 kB
Slab:             2096 kB
SReclaimable:      816 kB
SUnreclaim:       1280 kB
PageTables:         56 kB
NFS_Unstable:        0 kB
Bounce:              0 kB
CommitLimit:    256956 kB
Committed_AS:     1488 kB
VmallocTotal:   516056 kB
VmallocUsed:        72 kB
VmallocChunk:   515984 kB
Sun Nov 15 20:35:16 EST 2009
MemTotal:       513916 kB
MemFree:        503740 kB
Buffers:            92 kB
Cached:           6936 kB
SwapCached:          0 kB
Active:           1728 kB
Inactive:         5536 kB
SwapTotal:           0 kB
SwapFree:            0 kB
Dirty:              44 kB
Writeback:           0 kB
AnonPages:         272 kB
Mapped:            452 kB
Slab:             2080 kB
SReclaimable:      816 kB
SUnreclaim:       1264 kB
PageTables:         56 kB
NFS_Unstable:        0 kB
Bounce:              0 kB
CommitLimit:    256956 kB
Committed_AS:     1488 kB
VmallocTotal:   516056 kB
VmallocUsed:        72 kB
VmallocChunk:   515984 kB
Sun Nov 15 20:35:17 EST 2009
MemTotal:       513916 kB
MemFree:        503740 kB
Buffers:            92 kB
Cached:           6936 kB
SwapCached:          0 kB
Active:           1728 kB
Inactive:         5536 kB
SwapTotal:           0 kB
SwapFree:            0 kB
Dirty:              44 kB
Writeback:           0 kB
AnonPages:         272 kB
Mapped:            452 kB
Slab:             2080 kB
SReclaimable:      816 kB
SUnreclaim:       1264 kB
PageTables:         56 kB
NFS_Unstable:        0 kB
Bounce:              0 kB
CommitLimit:    256956 kB
Committed_AS:     1488 kB
VmallocTotal:   516056 kB
VmallocUsed:        72 kB
VmallocChunk:   515984 kB
Sun Nov 15 20:35:18 EST 2009
MemTotal:       513916 kB
MemFree:        503740 kB
Buffers:            92 kB
Cached:           6940 kB
SwapCached:          0 kB
Active:           1732 kB
Inactive:         5536 kB
SwapTotal:           0 kB
SwapFree:            0 kB
Dirty:              48 kB
Writeback:           0 kB
AnonPages:         272 kB
Mapped:            452 kB
Slab:             2076 kB
SReclaimable:      816 kB
SUnreclaim:       1260 kB
PageTables:         56 kB
NFS_Unstable:        0 kB
Bounce:              0 kB
CommitLimit:    256956 kB
Committed_AS:     1488 kB
VmallocTotal:   516056 kB
VmallocUsed:        72 kB
VmallocChunk:   515984 kB
Sun Nov 15 20:35:19 EST 2009
MemTotal:       513916 kB
MemFree:        503740 kB
Buffers:            92 kB
Cached:           6940 kB
SwapCached:          0 kB
Active:           1732 kB
Inactive:         5536 kB
SwapTotal:           0 kB
SwapFree:            0 kB
Dirty:              48 kB
Writeback:           0 kB
AnonPages:         272 kB
Mapped:            452 kB
Slab:             2076 kB
SReclaimable:      816 kB
SUnreclaim:       1260 kB
PageTables:         56 kB
NFS_Unstable:        0 kB
Bounce:              0 kB
CommitLimit:    256956 kB
Committed_AS:     1488 kB
VmallocTotal:   516056 kB
VmallocUsed:        72 kB
VmallocChunk:   515984 kB
Sun Nov 15 20:35:20 EST 2009
MemTotal:       513916 kB
MemFree:        503740 kB
Buffers:           100 kB
Cached:           6940 kB
SwapCached:          0 kB
Active:           1736 kB
Inactive:         5540 kB
SwapTotal:           0 kB
SwapFree:            0 kB
Dirty:              48 kB
Writeback:           0 kB
AnonPages:         272 kB
Mapped:            452 kB
Slab:             2076 kB
SReclaimable:      816 kB
SUnreclaim:       1260 kB
PageTables:         56 kB
NFS_Unstable:        0 kB
Bounce:              0 kB
CommitLimit:    256956 kB
Committed_AS:     1488 kB
VmallocTotal:   516056 kB
VmallocUsed:        72 kB
VmallocChunk:   515984 kB
Sun Nov 15 20:35:21 EST 2009
MemTotal:       513916 kB
MemFree:        503740 kB
Buffers:           100 kB
Cached:           6940 kB
SwapCached:          0 kB
Active:           1736 kB
Inactive:         5540 kB
SwapTotal:           0 kB
SwapFree:            0 kB
Dirty:              48 kB
Writeback:           0 kB
AnonPages:         272 kB
Mapped:            452 kB
Slab:             2076 kB
SReclaimable:      816 kB
SUnreclaim:       1260 kB
PageTables:         56 kB
NFS_Unstable:        0 kB
Bounce:              0 kB
CommitLimit:    256956 kB
Committed_AS:     1488 kB
VmallocTotal:   516056 kB
VmallocUsed:        72 kB
VmallocChunk:   515984 kB
Sun Nov 15 20:35:22 EST 2009
MemTotal:       513916 kB
MemFree:        503740 kB
Buffers:           100 kB
Cached:           6940 kB
SwapCached:          0 kB
Active:           1736 kB
Inactive:         5540 kB
SwapTotal:           0 kB
SwapFree:            0 kB
Dirty:              48 kB
Writeback:           0 kB
AnonPages:         272 kB
Mapped:            452 kB
Slab:             2076 kB
SReclaimable:      816 kB
SUnreclaim:       1260 kB
PageTables:         56 kB
NFS_Unstable:        0 kB
Bounce:              0 kB
CommitLimit:    256956 kB
Committed_AS:     1488 kB
VmallocTotal:   516056 kB
VmallocUsed:        72 kB
VmallocChunk:   515984 kB
Sun Nov 15 20:35:23 EST 2009
MemTotal:       513916 kB
MemFree:        503740 kB
Buffers:           100 kB
Cached:           6940 kB
SwapCached:          0 kB
Active:           1736 kB
Inactive:         5540 kB
SwapTotal:           0 kB
SwapFree:            0 kB
Dirty:              48 kB
Writeback:           0 kB
AnonPages:         272 kB
Mapped:            452 kB
Slab:             2076 kB
SReclaimable:      816 kB
SUnreclaim:       1260 kB
PageTables:         56 kB
NFS_Unstable:        0 kB
Bounce:              0 kB
CommitLimit:    256956 kB
Committed_AS:     1488 kB
VmallocTotal:   516056 kB
VmallocUsed:        72 kB
VmallocChunk:   515984 kB
Sun Nov 15 20:35:24 EST 2009
MemTotal:       513916 kB
MemFree:        503740 kB
Buffers:           100 kB
Cached:           6944 kB
SwapCached:          0 kB
Active:           1740 kB
Inactive:         5540 kB
SwapTotal:           0 kB
SwapFree:            0 kB
Dirty:              52 kB
Writeback:           0 kB
AnonPages:         272 kB
Mapped:            452 kB
Slab:             2076 kB
SReclaimable:      816 kB
SUnreclaim:       1260 kB
PageTables:         56 kB
NFS_Unstable:        0 kB
Bounce:              0 kB
CommitLimit:    256956 kB
Committed_AS:     1488 kB
VmallocTotal:   516056 kB
VmallocUsed:        72 kB
VmallocChunk:   515984 kB
Sun Nov 15 20:35:25 EST 2009
MemTotal:       513916 kB
MemFree:        503740 kB
Buffers:           108 kB
Cached:           6944 kB
SwapCached:          0 kB
Active:           1740 kB
Inactive:         5548 kB
SwapTotal:           0 kB
SwapFree:            0 kB
Dirty:              52 kB
Writeback:           0 kB
AnonPages:         272 kB
Mapped:            452 kB
Slab:             2076 kB
SReclaimable:      816 kB
SUnreclaim:       1260 kB
PageTables:         56 kB
NFS_Unstable:        0 kB
Bounce:              0 kB
CommitLimit:    256956 kB
Committed_AS:     1488 kB
VmallocTotal:   516056 kB
VmallocUsed:        72 kB
VmallocChunk:   515984 kB
Sun Nov 15 20:35:26 EST 2009
MemTotal:       513916 kB
MemFree:        503740 kB
Buffers:           108 kB
Cached:           6944 kB
SwapCached:          0 kB
Active:           1740 kB
Inactive:         5548 kB
SwapTotal:           0 kB
SwapFree:            0 kB
Dirty:              52 kB
Writeback:           0 kB
AnonPages:         272 kB
Mapped:            452 kB
Slab:             2076 kB
SReclaimable:      816 kB
SUnreclaim:       1260 kB
PageTables:         56 kB
NFS_Unstable:        0 kB
Bounce:              0 kB
CommitLimit:    256956 kB
Committed_AS:     1488 kB
VmallocTotal:   516056 kB
VmallocUsed:        72 kB
VmallocChunk:   515984 kB
Sun Nov 15 20:35:27 EST 2009
MemTotal:       513916 kB
MemFree:        503740 kB
Buffers:           108 kB
Cached:           6944 kB
SwapCached:          0 kB
Active:           1740 kB
Inactive:         5548 kB
SwapTotal:           0 kB
SwapFree:            0 kB
Dirty:              52 kB
Writeback:           0 kB
AnonPages:         272 kB
Mapped:            452 kB
Slab:             2076 kB
SReclaimable:      816 kB
SUnreclaim:       1260 kB
PageTables:         56 kB
NFS_Unstable:        0 kB
Bounce:              0 kB
CommitLimit:    256956 kB
Committed_AS:     1488 kB
VmallocTotal:   516056 kB
VmallocUsed:        72 kB
VmallocChunk:   515984 kB
Sun Nov 15 20:35:28 EST 2009
MemTotal:       513916 kB
MemFree:        503740 kB
Buffers:           108 kB
Cached:           6944 kB
SwapCached:          0 kB
Active:           1740 kB
Inactive:         5548 kB
SwapTotal:           0 kB
SwapFree:            0 kB
Dirty:              52 kB
Writeback:           0 kB
AnonPages:         272 kB
Mapped:            452 kB
Slab:             2072 kB
SReclaimable:      816 kB
SUnreclaim:       1256 kB
PageTables:         56 kB
NFS_Unstable:        0 kB
Bounce:              0 kB
CommitLimit:    256956 kB
Committed_AS:     1488 kB
VmallocTotal:   516056 kB
VmallocUsed:        72 kB
VmallocChunk:   515984 kB
Sun Nov 15 20:35:29 EST 2009
MemTotal:       513916 kB
MemFree:        503740 kB
Buffers:           108 kB
Cached:           6944 kB
SwapCached:          0 kB
Active:           1740 kB
Inactive:         5548 kB
SwapTotal:           0 kB
SwapFree:            0 kB
Dirty:              52 kB
Writeback:           0 kB
AnonPages:         272 kB
Mapped:            452 kB
Slab:             2072 kB
SReclaimable:      816 kB
SUnreclaim:       1256 kB
PageTables:         56 kB
NFS_Unstable:        0 kB
Bounce:              0 kB
CommitLimit:    256956 kB
Committed_AS:     1488 kB
VmallocTotal:   516056 kB
VmallocUsed:        72 kB
VmallocChunk:   515984 kB
Sun Nov 15 20:35:30 EST 2009
MemTotal:       513916 kB
MemFree:        503740 kB
Buffers:           116 kB
Cached:           6944 kB
SwapCached:          0 kB
Active:           1740 kB
Inactive:         5556 kB
SwapTotal:           0 kB
SwapFree:            0 kB
Dirty:              52 kB
Writeback:           0 kB
AnonPages:         272 kB
Mapped:            452 kB
Slab:             2072 kB
SReclaimable:      816 kB
SUnreclaim:       1256 kB
PageTables:         56 kB
NFS_Unstable:        0 kB
Bounce:              0 kB
CommitLimit:    256956 kB
Committed_AS:     1488 kB
VmallocTotal:   516056 kB
VmallocUsed:        72 kB
VmallocChunk:   515984 kB
Sun Nov 15 20:35:31 EST 2009
MemTotal:       513916 kB
MemFree:        503740 kB
Buffers:           116 kB
Cached:           6948 kB
SwapCached:          0 kB
Active:           1744 kB
Inactive:         5556 kB
SwapTotal:           0 kB
SwapFree:            0 kB
Dirty:              56 kB
Writeback:           0 kB
AnonPages:         272 kB
Mapped:            452 kB
Slab:             2076 kB
SReclaimable:      816 kB
SUnreclaim:       1260 kB
PageTables:         56 kB
NFS_Unstable:        0 kB
Bounce:              0 kB
CommitLimit:    256956 kB
Committed_AS:     1488 kB
VmallocTotal:   516056 kB
VmallocUsed:        72 kB
VmallocChunk:   515984 kB
Sun Nov 15 20:35:32 EST 2009
MemTotal:       513916 kB
MemFree:        503740 kB
Buffers:           116 kB
Cached:           6948 kB
SwapCached:          0 kB
Active:           1744 kB
Inactive:         5556 kB
SwapTotal:           0 kB
SwapFree:            0 kB
Dirty:              56 kB
Writeback:           0 kB
AnonPages:         272 kB
Mapped:            452 kB
Slab:             2076 kB
SReclaimable:      816 kB
SUnreclaim:       1260 kB
PageTables:         56 kB
NFS_Unstable:        0 kB
Bounce:              0 kB
CommitLimit:    256956 kB
Committed_AS:     1488 kB
VmallocTotal:   516056 kB
VmallocUsed:        72 kB
VmallocChunk:   515984 kB
Sun Nov 15 20:35:33 EST 2009
MemTotal:       513916 kB
MemFree:        503740 kB
Buffers:           116 kB
Cached:           6948 kB
SwapCached:          0 kB
Active:           1744 kB
Inactive:         5556 kB
SwapTotal:           0 kB
SwapFree:            0 kB
Dirty:              56 kB
Writeback:           0 kB
AnonPages:         272 kB
Mapped:            452 kB
Slab:             2076 kB
SReclaimable:      816 kB
SUnreclaim:       1260 kB
PageTables:         56 kB
NFS_Unstable:        0 kB
Bounce:              0 kB
CommitLimit:    256956 kB
Committed_AS:     1488 kB
VmallocTotal:   516056 kB
VmallocUsed:        72 kB
VmallocChunk:   515984 kB
Sun Nov 15 20:35:34 EST 2009
MemTotal:       513916 kB
MemFree:        503740 kB
Buffers:           116 kB
Cached:           6948 kB
SwapCached:          0 kB
Active:           1744 kB
Inactive:         5556 kB
SwapTotal:           0 kB
SwapFree:            0 kB
Dirty:              56 kB
Writeback:           0 kB
AnonPages:         272 kB
Mapped:            452 kB
Slab:             2076 kB
SReclaimable:      816 kB
SUnreclaim:       1260 kB
PageTables:         56 kB
NFS_Unstable:        0 kB
Bounce:              0 kB
CommitLimit:    256956 kB
Committed_AS:     1488 kB
VmallocTotal:   516056 kB
VmallocUsed:        72 kB
VmallocChunk:   515984 kB
Sun Nov 15 20:35:35 EST 2009
MemTotal:       513916 kB
MemFree:        503740 kB
Buffers:           124 kB
Cached:           6948 kB
SwapCached:          0 kB
Active:           1744 kB
Inactive:         5564 kB
SwapTotal:           0 kB
SwapFree:            0 kB
Dirty:              56 kB
Writeback:           0 kB
AnonPages:         272 kB
Mapped:            452 kB
Slab:             2076 kB
SReclaimable:      816 kB
SUnreclaim:       1260 kB
PageTables:         56 kB
NFS_Unstable:        0 kB
Bounce:              0 kB
CommitLimit:    256956 kB
Committed_AS:     1488 kB
VmallocTotal:   516056 kB
VmallocUsed:        72 kB
VmallocChunk:   515984 kB
Sun Nov 15 20:35:36 EST 2009
MemTotal:       513916 kB
MemFree:        503740 kB
Buffers:           124 kB
Cached:           6948 kB
SwapCached:          0 kB
Active:           1744 kB
Inactive:         5564 kB
SwapTotal:           0 kB
SwapFree:            0 kB
Dirty:              56 kB
Writeback:           0 kB
AnonPages:         272 kB
Mapped:            452 kB
Slab:             2076 kB
SReclaimable:      816 kB
SUnreclaim:       1260 kB
PageTables:         56 kB
NFS_Unstable:        0 kB
Bounce:              0 kB
CommitLimit:    256956 kB
Committed_AS:     1488 kB
VmallocTotal:   516056 kB
VmallocUsed:        72 kB
VmallocChunk:   515984 kB
Sun Nov 15 20:35:37 EST 2009
MemTotal:       513916 kB
MemFree:        503740 kB
Buffers:           124 kB
Cached:           6952 kB
SwapCached:          0 kB
Active:           1748 kB
Inactive:         5564 kB
SwapTotal:           0 kB
SwapFree:            0 kB
Dirty:              60 kB
Writeback:           0 kB
AnonPages:         272 kB
Mapped:            452 kB
Slab:             2076 kB
SReclaimable:      816 kB
SUnreclaim:       1260 kB
PageTables:         56 kB
NFS_Unstable:        0 kB
Bounce:              0 kB
CommitLimit:    256956 kB
Committed_AS:     1488 kB
VmallocTotal:   516056 kB
VmallocUsed:        72 kB
VmallocChunk:   515984 kB
Sun Nov 15 20:35:38 EST 2009
MemTotal:       513916 kB
MemFree:        503740 kB
Buffers:           124 kB
Cached:           6952 kB
SwapCached:          0 kB
Active:           1748 kB
Inactive:         5564 kB
SwapTotal:           0 kB
SwapFree:            0 kB
Dirty:              60 kB
Writeback:           0 kB
AnonPages:         272 kB
Mapped:            452 kB
Slab:             2076 kB
SReclaimable:      816 kB
SUnreclaim:       1260 kB
PageTables:         56 kB
NFS_Unstable:        0 kB
Bounce:              0 kB
CommitLimit:    256956 kB
Committed_AS:     1488 kB
VmallocTotal:   516056 kB
VmallocUsed:        72 kB
VmallocChunk:   515984 kB
Sun Nov 15 20:35:39 EST 2009
MemTotal:       513916 kB
MemFree:        502300 kB
Buffers:           176 kB
Cached:           8376 kB
SwapCached:          0 kB
Active:           1928 kB
Inactive:         6860 kB
SwapTotal:           0 kB
SwapFree:            0 kB
Dirty:              60 kB
Writeback:           0 kB
AnonPages:         272 kB
Mapped:            452 kB
Slab:             2144 kB
SReclaimable:      820 kB
SUnreclaim:       1324 kB
PageTables:         56 kB
NFS_Unstable:        0 kB
Bounce:              0 kB
CommitLimit:    256956 kB
Committed_AS:     1488 kB
VmallocTotal:   516056 kB
VmallocUsed:        72 kB
VmallocChunk:   515984 kB
Sun Nov 15 20:35:40 EST 2009
MemTotal:       513916 kB
MemFree:        502300 kB
Buffers:           184 kB
Cached:           8376 kB
SwapCached:          0 kB
Active:           1928 kB
Inactive:         6868 kB
SwapTotal:           0 kB
SwapFree:            0 kB
Dirty:              84 kB
Writeback:           0 kB
AnonPages:         272 kB
Mapped:            452 kB
Slab:             2148 kB
SReclaimable:      824 kB
SUnreclaim:       1324 kB
PageTables:         56 kB
NFS_Unstable:        0 kB
Bounce:              0 kB
CommitLimit:    256956 kB
Committed_AS:     1488 kB
VmallocTotal:   516056 kB
VmallocUsed:        72 kB
VmallocChunk:   515984 kB
Sun Nov 15 20:35:41 EST 2009
MemTotal:       513916 kB
MemFree:        502176 kB
Buffers:           184 kB
Cached:           8376 kB
SwapCached:          0 kB
Active:           2340 kB
Inactive:         6456 kB
SwapTotal:           0 kB
SwapFree:            0 kB
Dirty:              84 kB
Writeback:           0 kB
AnonPages:         272 kB
Mapped:            452 kB
Slab:             2148 kB
SReclaimable:      824 kB
SUnreclaim:       1324 kB
PageTables:         56 kB
NFS_Unstable:        0 kB
Bounce:              0 kB
CommitLimit:    256956 kB
Committed_AS:     1488 kB
VmallocTotal:   516056 kB
VmallocUsed:        72 kB
VmallocChunk:   515984 kB
Sun Nov 15 20:35:42 EST 2009
MemTotal:       513916 kB
MemFree:        502176 kB
Buffers:           184 kB
Cached:           8376 kB
SwapCached:          0 kB
Active:           2340 kB
Inactive:         6456 kB
SwapTotal:           0 kB
SwapFree:            0 kB
Dirty:              84 kB
Writeback:           0 kB
AnonPages:         272 kB
Mapped:            452 kB
Slab:             2148 kB
SReclaimable:      824 kB
SUnreclaim:       1324 kB
PageTables:         56 kB
NFS_Unstable:        0 kB
Bounce:              0 kB
CommitLimit:    256956 kB
Committed_AS:     1488 kB
VmallocTotal:   516056 kB
VmallocUsed:        72 kB
VmallocChunk:   515984 kB
Sun Nov 15 20:35:43 EST 2009
MemTotal:       513916 kB
MemFree:        502176 kB
Buffers:           184 kB
Cached:           8380 kB
SwapCached:          0 kB
Active:           2344 kB
Inactive:         6456 kB
SwapTotal:           0 kB
SwapFree:            0 kB
Dirty:              88 kB
Writeback:           0 kB
AnonPages:         272 kB
Mapped:            452 kB
Slab:             2140 kB
SReclaimable:      824 kB
SUnreclaim:       1316 kB
PageTables:         56 kB
NFS_Unstable:        0 kB
Bounce:              0 kB
CommitLimit:    256956 kB
Committed_AS:     1488 kB
VmallocTotal:   516056 kB
VmallocUsed:        72 kB
VmallocChunk:   515984 kB
Sun Nov 15 20:35:44 EST 2009
MemTotal:       513916 kB
MemFree:        501184 kB
Buffers:           196 kB
Cached:           9344 kB
SwapCached:          0 kB
Active:           3452 kB
Inactive:         6456 kB
SwapTotal:           0 kB
SwapFree:            0 kB
Dirty:            1052 kB
Writeback:           0 kB
AnonPages:         404 kB
Mapped:            980 kB
Slab:             2220 kB
SReclaimable:      840 kB
SUnreclaim:       1380 kB
PageTables:         68 kB
NFS_Unstable:        0 kB
Bounce:              0 kB
CommitLimit:    256956 kB
Committed_AS:     2848 kB
VmallocTotal:   516056 kB
VmallocUsed:        72 kB
VmallocChunk:   515984 kB
Sun Nov 15 20:35:46 EST 2009
MemTotal:       513916 kB
MemFree:        497588 kB
Buffers:           212 kB
Cached:          12748 kB
SwapCached:          0 kB
Active:           6876 kB
Inactive:         6452 kB
SwapTotal:           0 kB
SwapFree:            0 kB
Dirty:            4480 kB
Writeback:           0 kB
AnonPages:         404 kB
Mapped:            984 kB
Slab:             2384 kB
SReclaimable:      892 kB
SUnreclaim:       1492 kB
PageTables:         68 kB
NFS_Unstable:        0 kB
Bounce:              0 kB
CommitLimit:    256956 kB
Committed_AS:     2848 kB
VmallocTotal:   516056 kB
VmallocUsed:        72 kB
VmallocChunk:   515984 kB
Sun Nov 15 20:35:47 EST 2009
MemTotal:       513916 kB
MemFree:        492256 kB
Buffers:           216 kB
Cached:          17924 kB
SwapCached:          0 kB
Active:          12052 kB
Inactive:         6456 kB
SwapTotal:           0 kB
SwapFree:            0 kB
Dirty:            9656 kB
Writeback:           0 kB
AnonPages:         404 kB
Mapped:            984 kB
Slab:             2516 kB
SReclaimable:      968 kB
SUnreclaim:       1548 kB
PageTables:         68 kB
NFS_Unstable:        0 kB
Bounce:              0 kB
CommitLimit:    256956 kB
Committed_AS:     2848 kB
VmallocTotal:   516056 kB
VmallocUsed:        72 kB
VmallocChunk:   515984 kB
Sun Nov 15 20:35:48 EST 2009
MemTotal:       513916 kB
MemFree:        488784 kB
Buffers:           220 kB
Cached:          21292 kB
SwapCached:          0 kB
Active:          15424 kB
Inactive:         6456 kB
SwapTotal:           0 kB
SwapFree:            0 kB
Dirty:           13024 kB
Writeback:           0 kB
AnonPages:         404 kB
Mapped:            984 kB
Slab:             2620 kB
SReclaimable:     1020 kB
SUnreclaim:       1600 kB
PageTables:         68 kB
NFS_Unstable:        0 kB
Bounce:              0 kB
CommitLimit:    256956 kB
Committed_AS:     2848 kB
VmallocTotal:   516056 kB
VmallocUsed:        72 kB
VmallocChunk:   515984 kB
Sun Nov 15 20:35:49 EST 2009
MemTotal:       513916 kB
MemFree:        485808 kB
Buffers:           220 kB
Cached:          24204 kB
SwapCached:          0 kB
Active:          18336 kB
Inactive:         6456 kB
SwapTotal:           0 kB
SwapFree:            0 kB
Dirty:           15936 kB
Writeback:           0 kB
AnonPages:         404 kB
Mapped:            984 kB
Slab:             2704 kB
SReclaimable:     1064 kB
SUnreclaim:       1640 kB
PageTables:         68 kB
NFS_Unstable:        0 kB
Bounce:              0 kB
CommitLimit:    256956 kB
Committed_AS:     2848 kB
VmallocTotal:   516056 kB
VmallocUsed:        72 kB
VmallocChunk:   515984 kB
Sun Nov 15 20:35:50 EST 2009
MemTotal:       513916 kB
MemFree:        482336 kB
Buffers:           224 kB
Cached:          27532 kB
SwapCached:          0 kB
Active:          21672 kB
Inactive:         6452 kB
SwapTotal:           0 kB
SwapFree:            0 kB
Dirty:           19264 kB
Writeback:           0 kB
AnonPages:         404 kB
Mapped:            984 kB
Slab:             2800 kB
SReclaimable:     1112 kB
SUnreclaim:       1688 kB
PageTables:         68 kB
NFS_Unstable:        0 kB
Bounce:              0 kB
CommitLimit:    256956 kB
Committed_AS:     2848 kB
VmallocTotal:   516056 kB
VmallocUsed:        72 kB
VmallocChunk:   515984 kB
Sun Nov 15 20:35:53 EST 2009
MemTotal:       513916 kB
MemFree:        479236 kB
Buffers:           228 kB
Cached:          30504 kB
SwapCached:          0 kB
Active:          24648 kB
Inactive:         6452 kB
SwapTotal:           0 kB
SwapFree:            0 kB
Dirty:           22236 kB
Writeback:           0 kB
AnonPages:         404 kB
Mapped:            984 kB
Slab:             2892 kB
SReclaimable:     1156 kB
SUnreclaim:       1736 kB
PageTables:         68 kB
NFS_Unstable:        0 kB
Bounce:              0 kB
CommitLimit:    256956 kB
Committed_AS:     2848 kB
VmallocTotal:   516056 kB
VmallocUsed:        72 kB
VmallocChunk:   515984 kB
Sun Nov 15 20:35:54 EST 2009
MemTotal:       513916 kB
MemFree:        475268 kB
Buffers:           240 kB
Cached:          34620 kB
SwapCached:          0 kB
Active:          28768 kB
Inactive:         6460 kB
SwapTotal:           0 kB
SwapFree:            0 kB
Dirty:           26364 kB
Writeback:           0 kB
AnonPages:         404 kB
Mapped:            984 kB
Slab:             2768 kB
SReclaimable:     1220 kB
SUnreclaim:       1548 kB
PageTables:         68 kB
NFS_Unstable:        0 kB
Bounce:              0 kB
CommitLimit:    256956 kB
Committed_AS:     2848 kB
VmallocTotal:   516056 kB
VmallocUsed:        72 kB
VmallocChunk:   515984 kB
Sun Nov 15 20:35:55 EST 2009
MemTotal:       513916 kB
MemFree:        469936 kB
Buffers:           244 kB
Cached:          39848 kB
SwapCached:          0 kB
Active:          33996 kB
Inactive:         6464 kB
SwapTotal:           0 kB
SwapFree:            0 kB
Dirty:           31592 kB
Writeback:           0 kB
AnonPages:         404 kB
Mapped:            984 kB
Slab:             2920 kB
SReclaimable:     1296 kB
SUnreclaim:       1624 kB
PageTables:         68 kB
NFS_Unstable:        0 kB
Bounce:              0 kB
CommitLimit:    256956 kB
Committed_AS:     2848 kB
VmallocTotal:   516056 kB
VmallocUsed:        72 kB
VmallocChunk:   515984 kB
Sun Nov 15 20:35:56 EST 2009
MemTotal:       513916 kB
MemFree:        466340 kB
Buffers:           248 kB
Cached:          43340 kB
SwapCached:          0 kB
Active:          37492 kB
Inactive:         6464 kB
SwapTotal:           0 kB
SwapFree:            0 kB
Dirty:           35084 kB
Writeback:           0 kB
AnonPages:         404 kB
Mapped:            984 kB
Slab:             3020 kB
SReclaimable:     1348 kB
SUnreclaim:       1672 kB
PageTables:         68 kB
NFS_Unstable:        0 kB
Bounce:              0 kB
CommitLimit:    256956 kB
Committed_AS:     2848 kB
VmallocTotal:   516056 kB
VmallocUsed:        72 kB
VmallocChunk:   515984 kB
Sun Nov 15 20:35:57 EST 2009
MemTotal:       513916 kB
MemFree:        463364 kB
Buffers:           252 kB
Cached:          46252 kB
SwapCached:          0 kB
Active:          40408 kB
Inactive:         6464 kB
SwapTotal:           0 kB
SwapFree:            0 kB
Dirty:           37996 kB
Writeback:           0 kB
AnonPages:         404 kB
Mapped:            984 kB
Slab:             3108 kB
SReclaimable:     1392 kB
SUnreclaim:       1716 kB
PageTables:         68 kB
NFS_Unstable:        0 kB
Bounce:              0 kB
CommitLimit:    256956 kB
Committed_AS:     2848 kB
VmallocTotal:   516056 kB
VmallocUsed:        72 kB
VmallocChunk:   515984 kB
Sun Nov 15 20:36:00 EST 2009
MemTotal:       513916 kB
MemFree:        460016 kB
Buffers:           268 kB
Cached:          49492 kB
SwapCached:          0 kB
Active:          43660 kB
Inactive:         6468 kB
SwapTotal:           0 kB
SwapFree:            0 kB
Dirty:           41260 kB
Writeback:           0 kB
AnonPages:         404 kB
Mapped:            984 kB
Slab:             3016 kB
SReclaimable:     1440 kB
SUnreclaim:       1576 kB
PageTables:         68 kB
NFS_Unstable:        0 kB
Bounce:              0 kB
CommitLimit:    256956 kB
Committed_AS:     2848 kB
VmallocTotal:   516056 kB
VmallocUsed:        72 kB
VmallocChunk:   515984 kB
Sun Nov 15 20:36:01 EST 2009
MemTotal:       513916 kB
MemFree:        454932 kB
Buffers:           272 kB
Cached:          54584 kB
SwapCached:          0 kB
Active:          48752 kB
Inactive:         6472 kB
SwapTotal:           0 kB
SwapFree:            0 kB
Dirty:           46352 kB
Writeback:           0 kB
AnonPages:         404 kB
Mapped:            984 kB
Slab:             3104 kB
SReclaimable:     1516 kB
SUnreclaim:       1588 kB
PageTables:         68 kB
NFS_Unstable:        0 kB
Bounce:              0 kB
CommitLimit:    256956 kB
Committed_AS:     2848 kB
VmallocTotal:   516056 kB
VmallocUsed:        72 kB
VmallocChunk:   515984 kB
Sun Nov 15 20:36:02 EST 2009
MemTotal:       513916 kB
MemFree:        449848 kB
Buffers:           276 kB
Cached:          59512 kB
SwapCached:          0 kB
Active:          53688 kB
Inactive:         6468 kB
SwapTotal:           0 kB
SwapFree:            0 kB
Dirty:           51280 kB
Writeback:           0 kB
AnonPages:         404 kB
Mapped:            984 kB
Slab:             3248 kB
SReclaimable:     1592 kB
SUnreclaim:       1656 kB
PageTables:         68 kB
NFS_Unstable:        0 kB
Bounce:              0 kB
CommitLimit:    256956 kB
Committed_AS:     2848 kB
VmallocTotal:   516056 kB
VmallocUsed:        72 kB
VmallocChunk:   515984 kB
Sun Nov 15 20:36:03 EST 2009
MemTotal:       513916 kB
MemFree:        446872 kB
Buffers:           280 kB
Cached:          62488 kB
SwapCached:          0 kB
Active:          56664 kB
Inactive:         6472 kB
SwapTotal:           0 kB
SwapFree:            0 kB
Dirty:           54256 kB
Writeback:           0 kB
AnonPages:         404 kB
Mapped:            984 kB
Slab:             3332 kB
SReclaimable:     1636 kB
SUnreclaim:       1696 kB
PageTables:         68 kB
NFS_Unstable:        0 kB
Bounce:              0 kB
CommitLimit:    256956 kB
Committed_AS:     2848 kB
VmallocTotal:   516056 kB
VmallocUsed:        72 kB
VmallocChunk:   515984 kB
Sun Nov 15 20:36:04 EST 2009
MemTotal:       513916 kB
MemFree:        443648 kB
Buffers:           280 kB
Cached:          65524 kB
SwapCached:          0 kB
Active:          59700 kB
Inactive:         6472 kB
SwapTotal:           0 kB
SwapFree:            0 kB
Dirty:           57292 kB
Writeback:           0 kB
AnonPages:         404 kB
Mapped:            984 kB
Slab:             3416 kB
SReclaimable:     1680 kB
SUnreclaim:       1736 kB
PageTables:         68 kB
NFS_Unstable:        0 kB
Bounce:              0 kB
CommitLimit:    256956 kB
Committed_AS:     2848 kB
VmallocTotal:   516056 kB
VmallocUsed:        72 kB
VmallocChunk:   515984 kB
Sun Nov 15 20:36:06 EST 2009
MemTotal:       513916 kB
MemFree:        440300 kB
Buffers:           284 kB
Cached:          68688 kB
SwapCached:          0 kB
Active:          62868 kB
Inactive:         6472 kB
SwapTotal:           0 kB
SwapFree:            0 kB
Dirty:           60456 kB
Writeback:           0 kB
AnonPages:         404 kB
Mapped:            984 kB
Slab:             3608 kB
SReclaimable:     1728 kB
SUnreclaim:       1880 kB
PageTables:         68 kB
NFS_Unstable:        0 kB
Bounce:              0 kB
CommitLimit:    256956 kB
Committed_AS:     2848 kB
VmallocTotal:   516056 kB
VmallocUsed:        72 kB
VmallocChunk:   515984 kB
Sun Nov 15 20:36:07 EST 2009
MemTotal:       513916 kB
MemFree:        438936 kB
Buffers:           296 kB
Cached:          70376 kB
SwapCached:          0 kB
Active:          64564 kB
Inactive:         6476 kB
SwapTotal:           0 kB
SwapFree:            0 kB
Dirty:           62160 kB
Writeback:           0 kB
AnonPages:         404 kB
Mapped:            984 kB
Slab:             3376 kB
SReclaimable:     1752 kB
SUnreclaim:       1624 kB
PageTables:         68 kB
NFS_Unstable:        0 kB
Bounce:              0 kB
CommitLimit:    256956 kB
Committed_AS:     2848 kB
VmallocTotal:   516056 kB
VmallocUsed:        72 kB
VmallocChunk:   515984 kB
Sun Nov 15 20:36:08 EST 2009
MemTotal:       513916 kB
MemFree:        434844 kB
Buffers:           300 kB
Cached:          74352 kB
SwapCached:          0 kB
Active:          68540 kB
Inactive:         6480 kB
SwapTotal:           0 kB
SwapFree:            0 kB
Dirty:           66136 kB
Writeback:           0 kB
AnonPages:         404 kB
Mapped:            984 kB
Slab:             3444 kB
SReclaimable:     1812 kB
SUnreclaim:       1632 kB
PageTables:         68 kB
NFS_Unstable:        0 kB
Bounce:              0 kB
CommitLimit:    256956 kB
Committed_AS:     2848 kB
VmallocTotal:   516056 kB
VmallocUsed:        72 kB
VmallocChunk:   515984 kB
Sun Nov 15 20:36:09 EST 2009
MemTotal:       513916 kB
MemFree:        430628 kB
Buffers:           304 kB
Cached:          78388 kB
SwapCached:          0 kB
Active:          72580 kB
Inactive:         6480 kB
SwapTotal:           0 kB
SwapFree:            0 kB
Dirty:           70172 kB
Writeback:           0 kB
AnonPages:         404 kB
Mapped:            984 kB
Slab:             3560 kB
SReclaimable:     1872 kB
SUnreclaim:       1688 kB
PageTables:         68 kB
NFS_Unstable:        0 kB
Bounce:              0 kB
CommitLimit:    256956 kB
Committed_AS:     2848 kB
VmallocTotal:   516056 kB
VmallocUsed:        72 kB
VmallocChunk:   515984 kB
Sun Nov 15 20:36:10 EST 2009
MemTotal:       513916 kB
MemFree:        427404 kB
Buffers:           304 kB
Cached:          81604 kB
SwapCached:          0 kB
Active:          75800 kB
Inactive:         6476 kB
SwapTotal:           0 kB
SwapFree:            0 kB
Dirty:           73388 kB
Writeback:           0 kB
AnonPages:         404 kB
Mapped:            984 kB
Slab:             3656 kB
SReclaimable:     1920 kB
SUnreclaim:       1736 kB
PageTables:         68 kB
NFS_Unstable:        0 kB
Bounce:              0 kB
CommitLimit:    256956 kB
Committed_AS:     2848 kB
VmallocTotal:   516056 kB
VmallocUsed:        72 kB
VmallocChunk:   515984 kB
Sun Nov 15 20:36:12 EST 2009
MemTotal:       513916 kB
MemFree:        424676 kB
Buffers:           308 kB
Cached:          84252 kB
SwapCached:          0 kB
Active:          78448 kB
Inactive:         6480 kB
SwapTotal:           0 kB
SwapFree:            0 kB
Dirty:           76036 kB
Writeback:           0 kB
AnonPages:         404 kB
Mapped:            984 kB
Slab:             3736 kB
SReclaimable:     1960 kB
SUnreclaim:       1776 kB
PageTables:         68 kB
NFS_Unstable:        0 kB
Bounce:              0 kB
CommitLimit:    256956 kB
Committed_AS:     2848 kB
VmallocTotal:   516056 kB
VmallocUsed:        72 kB
VmallocChunk:   515984 kB
Sun Nov 15 20:36:13 EST 2009
MemTotal:       513916 kB
MemFree:        424428 kB
Buffers:           316 kB
Cached:          84588 kB
SwapCached:          0 kB
Active:          78788 kB
Inactive:         6484 kB
SwapTotal:           0 kB
SwapFree:            0 kB
Dirty:           76388 kB
Writeback:           0 kB
AnonPages:         404 kB
Mapped:            984 kB
Slab:             3620 kB
SReclaimable:     1964 kB
SUnreclaim:       1656 kB
PageTables:         68 kB
NFS_Unstable:        0 kB
Bounce:              0 kB
CommitLimit:    256956 kB
Committed_AS:     2848 kB
VmallocTotal:   516056 kB
VmallocUsed:        72 kB
VmallocChunk:   515984 kB
Sun Nov 15 20:36:14 EST 2009
MemTotal:       513916 kB
MemFree:        419716 kB
Buffers:           320 kB
Cached:          89176 kB
SwapCached:          0 kB
Active:          83376 kB
Inactive:         6488 kB
SwapTotal:           0 kB
SwapFree:            0 kB
Dirty:           80976 kB
Writeback:           0 kB
AnonPages:         404 kB
Mapped:            984 kB
Slab:             3692 kB
SReclaimable:     2032 kB
SUnreclaim:       1660 kB
PageTables:         68 kB
NFS_Unstable:        0 kB
Bounce:              0 kB
CommitLimit:    256956 kB
Committed_AS:     2848 kB
VmallocTotal:   516056 kB
VmallocUsed:        72 kB
VmallocChunk:   515984 kB
Sun Nov 15 20:36:15 EST 2009
MemTotal:       513916 kB
MemFree:        414508 kB
Buffers:           324 kB
Cached:          94316 kB
SwapCached:          0 kB
Active:          88520 kB
Inactive:         6488 kB
SwapTotal:           0 kB
SwapFree:            0 kB
Dirty:           86116 kB
Writeback:           0 kB
AnonPages:         404 kB
Mapped:            984 kB
Slab:             3820 kB
SReclaimable:     2112 kB
SUnreclaim:       1708 kB
PageTables:         68 kB
NFS_Unstable:        0 kB
Bounce:              0 kB
CommitLimit:    256956 kB
Committed_AS:     2848 kB
VmallocTotal:   516056 kB
VmallocUsed:        72 kB
VmallocChunk:   515984 kB
Sun Nov 15 20:36:16 EST 2009
MemTotal:       513916 kB
MemFree:        410912 kB
Buffers:           328 kB
Cached:          97716 kB
SwapCached:          0 kB
Active:          91924 kB
Inactive:         6488 kB
SwapTotal:           0 kB
SwapFree:            0 kB
Dirty:           89516 kB
Writeback:           0 kB
AnonPages:         404 kB
Mapped:            984 kB
Slab:             3920 kB
SReclaimable:     2160 kB
SUnreclaim:       1760 kB
PageTables:         68 kB
NFS_Unstable:        0 kB
Bounce:              0 kB
CommitLimit:    256956 kB
Committed_AS:     2848 kB
VmallocTotal:   516056 kB
VmallocUsed:        72 kB
VmallocChunk:   515984 kB
Sun Nov 15 20:36:18 EST 2009
MemTotal:       513916 kB
MemFree:        409920 kB
Buffers:           332 kB
Cached:          98680 kB
SwapCached:          0 kB
Active:          92896 kB
Inactive:         6484 kB
SwapTotal:           0 kB
SwapFree:            0 kB
Dirty:           90480 kB
Writeback:           0 kB
AnonPages:         404 kB
Mapped:            984 kB
Slab:             3956 kB
SReclaimable:     2176 kB
SUnreclaim:       1780 kB
PageTables:         68 kB
NFS_Unstable:        0 kB
Bounce:              0 kB
CommitLimit:    256956 kB
Committed_AS:     2848 kB
VmallocTotal:   516056 kB
VmallocUsed:        72 kB
VmallocChunk:   515984 kB
Sun Nov 15 20:36:19 EST 2009
MemTotal:       513916 kB
MemFree:        405208 kB
Buffers:           344 kB
Cached:         103420 kB
SwapCached:          0 kB
Active:          97636 kB
Inactive:         6496 kB
SwapTotal:           0 kB
SwapFree:            0 kB
Dirty:           95232 kB
Writeback:           0 kB
AnonPages:         404 kB
Mapped:            984 kB
Slab:             3944 kB
SReclaimable:     2248 kB
SUnreclaim:       1696 kB
PageTables:         68 kB
NFS_Unstable:        0 kB
Bounce:              0 kB
CommitLimit:    256956 kB
Committed_AS:     2848 kB
VmallocTotal:   516056 kB
VmallocUsed:        72 kB
VmallocChunk:   515984 kB
Sun Nov 15 20:36:20 EST 2009
MemTotal:       513916 kB
MemFree:        403844 kB
Buffers:           344 kB
Cached:         104772 kB
SwapCached:          0 kB
Active:          98992 kB
Inactive:         6492 kB
SwapTotal:           0 kB
SwapFree:            0 kB
Dirty:           96584 kB
Writeback:           0 kB
AnonPages:         404 kB
Mapped:            984 kB
Slab:             3964 kB
SReclaimable:     2268 kB
SUnreclaim:       1696 kB
PageTables:         68 kB
NFS_Unstable:        0 kB
Bounce:              0 kB
CommitLimit:    256956 kB
Committed_AS:     2848 kB
VmallocTotal:   516056 kB
VmallocUsed:        72 kB
VmallocChunk:   515984 kB
Sun Nov 15 20:36:21 EST 2009
MemTotal:       513916 kB
MemFree:        402108 kB
Buffers:           344 kB
Cached:         106440 kB
SwapCached:          0 kB
Active:         100660 kB
Inactive:         6492 kB
SwapTotal:           0 kB
SwapFree:            0 kB
Dirty:           98252 kB
Writeback:           0 kB
AnonPages:         404 kB
Mapped:            984 kB
Slab:             3996 kB
SReclaimable:     2292 kB
SUnreclaim:       1704 kB
PageTables:         68 kB
NFS_Unstable:        0 kB
Bounce:              0 kB
CommitLimit:    256956 kB
Committed_AS:     2848 kB
VmallocTotal:   516056 kB
VmallocUsed:        72 kB
VmallocChunk:   515984 kB
Sun Nov 15 20:36:22 EST 2009
MemTotal:       513916 kB
MemFree:        400372 kB
Buffers:           348 kB
Cached:         108160 kB
SwapCached:          0 kB
Active:         102380 kB
Inactive:         6496 kB
SwapTotal:           0 kB
SwapFree:            0 kB
Dirty:           99972 kB
Writeback:           0 kB
AnonPages:         404 kB
Mapped:            984 kB
Slab:             4048 kB
SReclaimable:     2316 kB
SUnreclaim:       1732 kB
PageTables:         68 kB
NFS_Unstable:        0 kB
Bounce:              0 kB
CommitLimit:    256956 kB
Committed_AS:     2848 kB
VmallocTotal:   516056 kB
VmallocUsed:        72 kB
VmallocChunk:   515984 kB
Sun Nov 15 20:36:24 EST 2009
MemTotal:       513916 kB
MemFree:        398636 kB
Buffers:           356 kB
Cached:         109912 kB
SwapCached:          0 kB
Active:         104136 kB
Inactive:         6500 kB
SwapTotal:           0 kB
SwapFree:            0 kB
Dirty:          101740 kB
Writeback:           0 kB
AnonPages:         404 kB
Mapped:            984 kB
Slab:             4048 kB
SReclaimable:     2344 kB
SUnreclaim:       1704 kB
PageTables:         68 kB
NFS_Unstable:        0 kB
Bounce:              0 kB
CommitLimit:    256956 kB
Committed_AS:     2848 kB
VmallocTotal:   516056 kB
VmallocUsed:        72 kB
VmallocChunk:   515984 kB
Sun Nov 15 20:36:25 EST 2009
MemTotal:       513916 kB
MemFree:        393676 kB
Buffers:           360 kB
Cached:         114788 kB
SwapCached:          0 kB
Active:         109012 kB
Inactive:         6504 kB
SwapTotal:           0 kB
SwapFree:            0 kB
Dirty:          106616 kB
Writeback:           0 kB
AnonPages:         404 kB
Mapped:            984 kB
Slab:             4128 kB
SReclaimable:     2416 kB
SUnreclaim:       1712 kB
PageTables:         68 kB
NFS_Unstable:        0 kB
Bounce:              0 kB
CommitLimit:    256956 kB
Committed_AS:     2848 kB
VmallocTotal:   516056 kB
VmallocUsed:        72 kB
VmallocChunk:   515984 kB
Sun Nov 15 20:36:26 EST 2009
MemTotal:       513916 kB
MemFree:        391816 kB
Buffers:           364 kB
Cached:         116560 kB
SwapCached:          0 kB
Active:         110788 kB
Inactive:         6504 kB
SwapTotal:           0 kB
SwapFree:            0 kB
Dirty:          108388 kB
Writeback:           0 kB
AnonPages:         404 kB
Mapped:            984 kB
Slab:             4156 kB
SReclaimable:     2444 kB
SUnreclaim:       1712 kB
PageTables:         68 kB
NFS_Unstable:        0 kB
Bounce:              0 kB
CommitLimit:    256956 kB
Committed_AS:     2848 kB
VmallocTotal:   516056 kB
VmallocUsed:        72 kB
VmallocChunk:   515984 kB
Sun Nov 15 20:36:27 EST 2009
MemTotal:       513916 kB
MemFree:        390204 kB
Buffers:           364 kB
Cached:         118176 kB
SwapCached:          0 kB
Active:         112408 kB
Inactive:         6500 kB
SwapTotal:           0 kB
SwapFree:            0 kB
Dirty:          110004 kB
Writeback:           0 kB
AnonPages:         404 kB
Mapped:            984 kB
Slab:             4180 kB
SReclaimable:     2468 kB
SUnreclaim:       1712 kB
PageTables:         68 kB
NFS_Unstable:        0 kB
Bounce:              0 kB
CommitLimit:    256956 kB
Committed_AS:     2848 kB
VmallocTotal:   516056 kB
VmallocUsed:        72 kB
VmallocChunk:   515984 kB
Sun Nov 15 20:36:28 EST 2009
MemTotal:       513916 kB
MemFree:        388840 kB
Buffers:           368 kB
Cached:         119476 kB
SwapCached:          0 kB
Active:         113712 kB
Inactive:         6500 kB
SwapTotal:           0 kB
SwapFree:            0 kB
Dirty:          111304 kB
Writeback:           0 kB
AnonPages:         404 kB
Mapped:            984 kB
Slab:             4220 kB
SReclaimable:     2488 kB
SUnreclaim:       1732 kB
PageTables:         68 kB
NFS_Unstable:        0 kB
Bounce:              0 kB
CommitLimit:    256956 kB
Committed_AS:     2848 kB
VmallocTotal:   516056 kB
VmallocUsed:        72 kB
VmallocChunk:   515984 kB
Sun Nov 15 20:36:29 EST 2009
MemTotal:       513916 kB
MemFree:        387724 kB
Buffers:           376 kB
Cached:         120580 kB
SwapCached:          0 kB
Active:         114816 kB
Inactive:         6508 kB
SwapTotal:           0 kB
SwapFree:            0 kB
Dirty:          112420 kB
Writeback:           0 kB
AnonPages:         404 kB
Mapped:            984 kB
Slab:             4208 kB
SReclaimable:     2504 kB
SUnreclaim:       1704 kB
PageTables:         68 kB
NFS_Unstable:        0 kB
Bounce:              0 kB
CommitLimit:    256956 kB
Committed_AS:     2848 kB
VmallocTotal:   516056 kB
VmallocUsed:        72 kB
VmallocChunk:   515984 kB
Sun Nov 15 20:36:31 EST 2009
MemTotal:       513916 kB
MemFree:        384748 kB
Buffers:           384 kB
Cached:         123480 kB
SwapCached:          0 kB
Active:         117716 kB
Inactive:         6516 kB
SwapTotal:           0 kB
SwapFree:            0 kB
Dirty:          115320 kB
Writeback:           0 kB
AnonPages:         404 kB
Mapped:            984 kB
Slab:             4256 kB
SReclaimable:     2548 kB
SUnreclaim:       1708 kB
PageTables:         68 kB
NFS_Unstable:        0 kB
Bounce:              0 kB
CommitLimit:    256956 kB
Committed_AS:     2848 kB
VmallocTotal:   516056 kB
VmallocUsed:        72 kB
VmallocChunk:   515984 kB
Sun Nov 15 20:36:32 EST 2009
MemTotal:       513916 kB
MemFree:        383880 kB
Buffers:           384 kB
Cached:         124392 kB
SwapCached:          0 kB
Active:         118632 kB
Inactive:         6512 kB
SwapTotal:           0 kB
SwapFree:            0 kB
Dirty:          116232 kB
Writeback:           0 kB
AnonPages:         404 kB
Mapped:            984 kB
Slab:             4268 kB
SReclaimable:     2560 kB
SUnreclaim:       1708 kB
PageTables:         68 kB
NFS_Unstable:        0 kB
Bounce:              0 kB
CommitLimit:    256956 kB
Committed_AS:     2848 kB
VmallocTotal:   516056 kB
VmallocUsed:        72 kB
VmallocChunk:   515984 kB
Sun Nov 15 20:36:33 EST 2009
MemTotal:       513916 kB
MemFree:        382888 kB
Buffers:           384 kB
Cached:         125376 kB
SwapCached:          0 kB
Active:         119616 kB
Inactive:         6512 kB
SwapTotal:           0 kB
SwapFree:            0 kB
Dirty:          117216 kB
Writeback:           0 kB
AnonPages:         404 kB
Mapped:            984 kB
Slab:             4284 kB
SReclaimable:     2576 kB
SUnreclaim:       1708 kB
PageTables:         68 kB
NFS_Unstable:        0 kB
Bounce:              0 kB
CommitLimit:    256956 kB
Committed_AS:     2848 kB
VmallocTotal:   516056 kB
VmallocUsed:        72 kB
VmallocChunk:   515984 kB
Sun Nov 15 20:36:34 EST 2009
MemTotal:       513916 kB
MemFree:        381772 kB
Buffers:           384 kB
Cached:         126464 kB
SwapCached:          0 kB
Active:         120704 kB
Inactive:         6512 kB
SwapTotal:           0 kB
SwapFree:            0 kB
Dirty:          118304 kB
Writeback:           0 kB
AnonPages:         404 kB
Mapped:            984 kB
Slab:             4304 kB
SReclaimable:     2592 kB
SUnreclaim:       1712 kB
PageTables:         68 kB
NFS_Unstable:        0 kB
Bounce:              0 kB
CommitLimit:    256956 kB
Committed_AS:     2848 kB
VmallocTotal:   516056 kB
VmallocUsed:        72 kB
VmallocChunk:   515984 kB
Sun Nov 15 20:36:35 EST 2009
MemTotal:       513916 kB
MemFree:        381152 kB
Buffers:           392 kB
Cached:         127036 kB
SwapCached:          0 kB
Active:         121276 kB
Inactive:         6520 kB
SwapTotal:           0 kB
SwapFree:            0 kB
Dirty:          118884 kB
Writeback:           0 kB
AnonPages:         404 kB
Mapped:            984 kB
Slab:             4296 kB
SReclaimable:     2600 kB
SUnreclaim:       1696 kB
PageTables:         68 kB
NFS_Unstable:        0 kB
Bounce:              0 kB
CommitLimit:    256956 kB
Committed_AS:     2848 kB
VmallocTotal:   516056 kB
VmallocUsed:        72 kB
VmallocChunk:   515984 kB
Sun Nov 15 20:36:37 EST 2009
MemTotal:       513916 kB
MemFree:        379912 kB
Buffers:           396 kB
Cached:         128304 kB
SwapCached:          0 kB
Active:         122544 kB
Inactive:         6524 kB
SwapTotal:           0 kB
SwapFree:            0 kB
Dirty:          120152 kB
Writeback:           0 kB
AnonPages:         404 kB
Mapped:            984 kB
Slab:             4316 kB
SReclaimable:     2620 kB
SUnreclaim:       1696 kB
PageTables:         68 kB
NFS_Unstable:        0 kB
Bounce:              0 kB
CommitLimit:    256956 kB
Committed_AS:     2848 kB
VmallocTotal:   516056 kB
VmallocUsed:        72 kB
VmallocChunk:   515984 kB
Sun Nov 15 20:36:38 EST 2009
MemTotal:       513916 kB
MemFree:        378176 kB
Buffers:           396 kB
Cached:         129984 kB
SwapCached:          0 kB
Active:         124232 kB
Inactive:         6516 kB
SwapTotal:           0 kB
SwapFree:            0 kB
Dirty:          121832 kB
Writeback:           0 kB
AnonPages:         404 kB
Mapped:            984 kB
Slab:             4344 kB
SReclaimable:     2644 kB
SUnreclaim:       1700 kB
PageTables:         68 kB
NFS_Unstable:        0 kB
Bounce:              0 kB
CommitLimit:    256956 kB
Committed_AS:     2848 kB
VmallocTotal:   516056 kB
VmallocUsed:        72 kB
VmallocChunk:   515984 kB
Sun Nov 15 20:36:39 EST 2009
MemTotal:       513916 kB
MemFree:        376440 kB
Buffers:           400 kB
Cached:         131680 kB
SwapCached:          0 kB
Active:         125928 kB
Inactive:         6520 kB
SwapTotal:           0 kB
SwapFree:            0 kB
Dirty:          123528 kB
Writeback:           0 kB
AnonPages:         404 kB
Mapped:            984 kB
Slab:             4368 kB
SReclaimable:     2668 kB
SUnreclaim:       1700 kB
PageTables:         68 kB
NFS_Unstable:        0 kB
Bounce:              0 kB
CommitLimit:    256956 kB
Committed_AS:     2848 kB
VmallocTotal:   516056 kB
VmallocUsed:        72 kB
VmallocChunk:   515984 kB
Sun Nov 15 20:36:40 EST 2009
MemTotal:       513916 kB
MemFree:        375076 kB
Buffers:           400 kB
Cached:         133084 kB
SwapCached:          0 kB
Active:         127336 kB
Inactive:         6516 kB
SwapTotal:           0 kB
SwapFree:            0 kB
Dirty:          124932 kB
Writeback:           0 kB
AnonPages:         404 kB
Mapped:            984 kB
Slab:             4392 kB
SReclaimable:     2692 kB
SUnreclaim:       1700 kB
PageTables:         68 kB
NFS_Unstable:        0 kB
Bounce:              0 kB
CommitLimit:    256956 kB
Committed_AS:     2848 kB
VmallocTotal:   516056 kB
VmallocUsed:        72 kB
VmallocChunk:   515984 kB
Sun Nov 15 20:36:41 EST 2009
MemTotal:       513916 kB
MemFree:        373836 kB
Buffers:           408 kB
Cached:         134280 kB
SwapCached:          0 kB
Active:         128532 kB
Inactive:         6524 kB
SwapTotal:           0 kB
SwapFree:            0 kB
Dirty:          126136 kB
Writeback:           0 kB
AnonPages:         404 kB
Mapped:            984 kB
Slab:             4420 kB
SReclaimable:     2708 kB
SUnreclaim:       1712 kB
PageTables:         68 kB
NFS_Unstable:        0 kB
Bounce:              0 kB
CommitLimit:    256956 kB
Committed_AS:     2848 kB
VmallocTotal:   516056 kB
VmallocUsed:        72 kB
VmallocChunk:   515984 kB
Sun Nov 15 20:36:42 EST 2009
MemTotal:       513916 kB
MemFree:        368628 kB
Buffers:           412 kB
Cached:         139372 kB
SwapCached:          0 kB
Active:         133628 kB
Inactive:         6524 kB
SwapTotal:           0 kB
SwapFree:            0 kB
Dirty:          131228 kB
Writeback:           0 kB
AnonPages:         404 kB
Mapped:            984 kB
Slab:             4504 kB
SReclaimable:     2784 kB
SUnreclaim:       1720 kB
PageTables:         68 kB
NFS_Unstable:        0 kB
Bounce:              0 kB
CommitLimit:    256956 kB
Committed_AS:     2848 kB
VmallocTotal:   516056 kB
VmallocUsed:        72 kB
VmallocChunk:   515984 kB
Sun Nov 15 20:36:43 EST 2009
MemTotal:       513916 kB
MemFree:        367016 kB
Buffers:           416 kB
Cached:         140944 kB
SwapCached:          0 kB
Active:         135200 kB
Inactive:         6528 kB
SwapTotal:           0 kB
SwapFree:            0 kB
Dirty:          132800 kB
Writeback:           0 kB
AnonPages:         404 kB
Mapped:            984 kB
Slab:             4532 kB
SReclaimable:     2808 kB
SUnreclaim:       1724 kB
PageTables:         68 kB
NFS_Unstable:        0 kB
Bounce:              0 kB
CommitLimit:    256956 kB
Committed_AS:     2848 kB
VmallocTotal:   516056 kB
VmallocUsed:        72 kB
VmallocChunk:   515984 kB
Sun Nov 15 20:36:44 EST 2009
MemTotal:       513916 kB
MemFree:        365652 kB
Buffers:           416 kB
Cached:         142304 kB
SwapCached:          0 kB
Active:         136560 kB
Inactive:         6528 kB
SwapTotal:           0 kB
SwapFree:            0 kB
Dirty:          134160 kB
Writeback:           0 kB
AnonPages:         404 kB
Mapped:            984 kB
Slab:             4564 kB
SReclaimable:     2828 kB
SUnreclaim:       1736 kB
PageTables:         68 kB
NFS_Unstable:        0 kB
Bounce:              0 kB
CommitLimit:    256956 kB
Committed_AS:     2848 kB
VmallocTotal:   516056 kB
VmallocUsed:        72 kB
VmallocChunk:   515984 kB
Sun Nov 15 20:36:45 EST 2009
MemTotal:       513916 kB
MemFree:        362304 kB
Buffers:           424 kB
Cached:         145480 kB
SwapCached:          0 kB
Active:         139748 kB
Inactive:         6524 kB
SwapTotal:           0 kB
SwapFree:            0 kB
Dirty:          137336 kB
Writeback:           0 kB
AnonPages:         404 kB
Mapped:            984 kB
Slab:             4664 kB
SReclaimable:     2876 kB
SUnreclaim:       1788 kB
PageTables:         68 kB
NFS_Unstable:        0 kB
Bounce:              0 kB
CommitLimit:    256956 kB
Committed_AS:     2848 kB
VmallocTotal:   516056 kB
VmallocUsed:        72 kB
VmallocChunk:   515984 kB
Sun Nov 15 20:36:47 EST 2009
MemTotal:       513916 kB
MemFree:        360196 kB
Buffers:           432 kB
Cached:         147584 kB
SwapCached:          0 kB
Active:         141848 kB
Inactive:         6536 kB
SwapTotal:           0 kB
SwapFree:            0 kB
Dirty:          139456 kB
Writeback:           0 kB
AnonPages:         404 kB
Mapped:            984 kB
Slab:             4660 kB
SReclaimable:     2908 kB
SUnreclaim:       1752 kB
PageTables:         68 kB
NFS_Unstable:        0 kB
Bounce:              0 kB
CommitLimit:    256956 kB
Committed_AS:     2848 kB
VmallocTotal:   516056 kB
VmallocUsed:        72 kB
VmallocChunk:   515984 kB
Sun Nov 15 20:36:48 EST 2009
MemTotal:       513916 kB
MemFree:        356104 kB
Buffers:           436 kB
Cached:         151664 kB
SwapCached:          0 kB
Active:         145936 kB
Inactive:         6532 kB
SwapTotal:           0 kB
SwapFree:            0 kB
Dirty:          143536 kB
Writeback:           0 kB
AnonPages:         404 kB
Mapped:            984 kB
Slab:             4724 kB
SReclaimable:     2968 kB
SUnreclaim:       1756 kB
PageTables:         68 kB
NFS_Unstable:        0 kB
Bounce:              0 kB
CommitLimit:    256956 kB
Committed_AS:     2848 kB
VmallocTotal:   516056 kB
VmallocUsed:        72 kB
VmallocChunk:   515984 kB
Sun Nov 15 20:36:49 EST 2009
MemTotal:       513916 kB
MemFree:        351392 kB
Buffers:           444 kB
Cached:         156292 kB
SwapCached:          0 kB
Active:         150564 kB
Inactive:         6540 kB
SwapTotal:           0 kB
SwapFree:            0 kB
Dirty:          148164 kB
Writeback:           0 kB
AnonPages:         404 kB
Mapped:            984 kB
Slab:             4812 kB
SReclaimable:     3036 kB
SUnreclaim:       1776 kB
PageTables:         68 kB
NFS_Unstable:        0 kB
Bounce:              0 kB
CommitLimit:    256956 kB
Committed_AS:     2848 kB
VmallocTotal:   516056 kB
VmallocUsed:        72 kB
VmallocChunk:   515984 kB
Sun Nov 15 20:36:50 EST 2009
MemTotal:       513916 kB
MemFree:        348416 kB
Buffers:           444 kB
Cached:         159148 kB
SwapCached:          0 kB
Active:         153424 kB
Inactive:         6536 kB
SwapTotal:           0 kB
SwapFree:            0 kB
Dirty:          151020 kB
Writeback:           0 kB
AnonPages:         404 kB
Mapped:            984 kB
Slab:             4892 kB
SReclaimable:     3080 kB
SUnreclaim:       1812 kB
PageTables:         68 kB
NFS_Unstable:        0 kB
Bounce:              0 kB
CommitLimit:    256956 kB
Committed_AS:     2848 kB
VmallocTotal:   516056 kB
VmallocUsed:        72 kB
VmallocChunk:   515984 kB
Sun Nov 15 20:36:51 EST 2009
MemTotal:       513916 kB
MemFree:        345440 kB
Buffers:           448 kB
Cached:         162068 kB
SwapCached:          0 kB
Active:         156348 kB
Inactive:         6536 kB
SwapTotal:           0 kB
SwapFree:            0 kB
Dirty:          153940 kB
Writeback:           0 kB
AnonPages:         404 kB
Mapped:            984 kB
Slab:             4980 kB
SReclaimable:     3124 kB
SUnreclaim:       1856 kB
PageTables:         68 kB
NFS_Unstable:        0 kB
Bounce:              0 kB
CommitLimit:    256956 kB
Committed_AS:     2848 kB
VmallocTotal:   516056 kB
VmallocUsed:        72 kB
VmallocChunk:   515984 kB
Sun Nov 15 20:36:54 EST 2009
MemTotal:       513916 kB
MemFree:        342836 kB
Buffers:           460 kB
Cached:         164624 kB
SwapCached:          0 kB
Active:         158904 kB
Inactive:         6548 kB
SwapTotal:           0 kB
SwapFree:            0 kB
Dirty:          156516 kB
Writeback:           0 kB
AnonPages:         404 kB
Mapped:            984 kB
Slab:             4932 kB
SReclaimable:     3160 kB
SUnreclaim:       1772 kB
PageTables:         68 kB
NFS_Unstable:        0 kB
Bounce:              0 kB
CommitLimit:    256956 kB
Committed_AS:     2848 kB
VmallocTotal:   516056 kB
VmallocUsed:        72 kB
VmallocChunk:   515984 kB
Sun Nov 15 20:36:55 EST 2009
MemTotal:       513916 kB
MemFree:        338868 kB
Buffers:           464 kB
Cached:         168636 kB
SwapCached:          0 kB
Active:         162920 kB
Inactive:         6548 kB
SwapTotal:           0 kB
SwapFree:            0 kB
Dirty:          160528 kB
Writeback:           0 kB
AnonPages:         404 kB
Mapped:            984 kB
Slab:             4996 kB
SReclaimable:     3220 kB
SUnreclaim:       1776 kB
PageTables:         68 kB
NFS_Unstable:        0 kB
Bounce:              0 kB
CommitLimit:    256956 kB
Committed_AS:     2848 kB
VmallocTotal:   516056 kB
VmallocUsed:        72 kB
VmallocChunk:   515984 kB
Sun Nov 15 20:36:56 EST 2009
MemTotal:       513916 kB
MemFree:        334280 kB
Buffers:           468 kB
Cached:         173100 kB
SwapCached:          0 kB
Active:         167392 kB
Inactive:         6544 kB
SwapTotal:           0 kB
SwapFree:            0 kB
Dirty:          164992 kB
Writeback:           0 kB
AnonPages:         404 kB
Mapped:            984 kB
Slab:             5068 kB
SReclaimable:     3288 kB
SUnreclaim:       1780 kB
PageTables:         68 kB
NFS_Unstable:        0 kB
Bounce:              0 kB
CommitLimit:    256956 kB
Committed_AS:     2848 kB
VmallocTotal:   516056 kB
VmallocUsed:        72 kB
VmallocChunk:   515984 kB
Sun Nov 15 20:36:57 EST 2009
MemTotal:       513916 kB
MemFree:        331428 kB
Buffers:           468 kB
Cached:         175868 kB
SwapCached:          0 kB
Active:         170160 kB
Inactive:         6544 kB
SwapTotal:           0 kB
SwapFree:            0 kB
Dirty:          167760 kB
Writeback:           0 kB
AnonPages:         404 kB
Mapped:            984 kB
Slab:             5144 kB
SReclaimable:     3328 kB
SUnreclaim:       1816 kB
PageTables:         68 kB
NFS_Unstable:        0 kB
Bounce:              0 kB
CommitLimit:    256956 kB
Committed_AS:     2848 kB
VmallocTotal:   516056 kB
VmallocUsed:        72 kB
VmallocChunk:   515984 kB
Sun Nov 15 20:36:58 EST 2009
MemTotal:       513916 kB
MemFree:        328824 kB
Buffers:           472 kB
Cached:         178408 kB
SwapCached:          0 kB
Active:         172704 kB
Inactive:         6544 kB
SwapTotal:           0 kB
SwapFree:            0 kB
Dirty:          170300 kB
Writeback:           0 kB
AnonPages:         404 kB
Mapped:            984 kB
Slab:             5224 kB
SReclaimable:     3368 kB
SUnreclaim:       1856 kB
PageTables:         68 kB
NFS_Unstable:        0 kB
Bounce:              0 kB
CommitLimit:    256956 kB
Committed_AS:     2848 kB
VmallocTotal:   516056 kB
VmallocUsed:        72 kB
VmallocChunk:   515984 kB
Sun Nov 15 20:37:00 EST 2009
MemTotal:       513916 kB
MemFree:        326344 kB
Buffers:           484 kB
Cached:         180876 kB
SwapCached:          0 kB
Active:         175176 kB
Inactive:         6552 kB
SwapTotal:           0 kB
SwapFree:            0 kB
Dirty:          172784 kB
Writeback:           0 kB
AnonPages:         404 kB
Mapped:            984 kB
Slab:             5196 kB
SReclaimable:     3404 kB
SUnreclaim:       1792 kB
PageTables:         68 kB
NFS_Unstable:        0 kB
Bounce:              0 kB
CommitLimit:    256956 kB
Committed_AS:     2848 kB
VmallocTotal:   516056 kB
VmallocUsed:        72 kB
VmallocChunk:   515984 kB
Sun Nov 15 20:37:01 EST 2009
MemTotal:       513916 kB
MemFree:        320888 kB
Buffers:           488 kB
Cached:         186244 kB
SwapCached:          0 kB
Active:         180544 kB
Inactive:         6556 kB
SwapTotal:           0 kB
SwapFree:            0 kB
Dirty:          178152 kB
Writeback:           0 kB
AnonPages:         404 kB
Mapped:            984 kB
Slab:             5288 kB
SReclaimable:     3484 kB
SUnreclaim:       1804 kB
PageTables:         68 kB
NFS_Unstable:        0 kB
Bounce:              0 kB
CommitLimit:    256956 kB
Committed_AS:     2848 kB
VmallocTotal:   516056 kB
VmallocUsed:        72 kB
VmallocChunk:   515984 kB
Sun Nov 15 20:37:02 EST 2009
MemTotal:       513916 kB
MemFree:        317664 kB
Buffers:           492 kB
Cached:         189412 kB
SwapCached:          0 kB
Active:         183716 kB
Inactive:         6556 kB
SwapTotal:           0 kB
SwapFree:            0 kB
Dirty:          181320 kB
Writeback:           0 kB
AnonPages:         404 kB
Mapped:            984 kB
Slab:             5340 kB
SReclaimable:     3532 kB
SUnreclaim:       1808 kB
PageTables:         68 kB
NFS_Unstable:        0 kB
Bounce:              0 kB
CommitLimit:    256956 kB
Committed_AS:     2848 kB
VmallocTotal:   516056 kB
VmallocUsed:        72 kB
VmallocChunk:   515984 kB
Sun Nov 15 20:37:03 EST 2009
MemTotal:       513916 kB
MemFree:        314812 kB
Buffers:           492 kB
Cached:         192172 kB
SwapCached:          0 kB
Active:         186480 kB
Inactive:         6552 kB
SwapTotal:           0 kB
SwapFree:            0 kB
Dirty:          184080 kB
Writeback:           0 kB
AnonPages:         404 kB
Mapped:            984 kB
Slab:             5412 kB
SReclaimable:     3572 kB
SUnreclaim:       1840 kB
PageTables:         68 kB
NFS_Unstable:        0 kB
Bounce:              0 kB
CommitLimit:    256956 kB
Committed_AS:     2848 kB
VmallocTotal:   516056 kB
VmallocUsed:        72 kB
VmallocChunk:   515984 kB
Sun Nov 15 20:37:04 EST 2009
MemTotal:       513916 kB
MemFree:        312208 kB
Buffers:           496 kB
Cached:         194764 kB
SwapCached:          0 kB
Active:         189072 kB
Inactive:         6556 kB
SwapTotal:           0 kB
SwapFree:            0 kB
Dirty:          186672 kB
Writeback:           0 kB
AnonPages:         404 kB
Mapped:            984 kB
Slab:             5492 kB
SReclaimable:     3612 kB
SUnreclaim:       1880 kB
PageTables:         68 kB
NFS_Unstable:        0 kB
Bounce:              0 kB
CommitLimit:    256956 kB
Committed_AS:     2848 kB
VmallocTotal:   516056 kB
VmallocUsed:        72 kB
VmallocChunk:   515984 kB
Sun Nov 15 20:37:06 EST 2009
MemTotal:       513916 kB
MemFree:        309728 kB
Buffers:           508 kB
Cached:         197208 kB
SwapCached:          0 kB
Active:         191520 kB
Inactive:         6564 kB
SwapTotal:           0 kB
SwapFree:            0 kB
Dirty:          189132 kB
Writeback:           0 kB
AnonPages:         404 kB
Mapped:            984 kB
Slab:             5480 kB
SReclaimable:     3648 kB
SUnreclaim:       1832 kB
PageTables:         68 kB
NFS_Unstable:        0 kB
Bounce:              0 kB
CommitLimit:    256956 kB
Committed_AS:     2848 kB
VmallocTotal:   516056 kB
VmallocUsed:        72 kB
VmallocChunk:   515984 kB
Sun Nov 15 20:37:07 EST 2009
MemTotal:       513916 kB
MemFree:        304272 kB
Buffers:           512 kB
Cached:         202520 kB
SwapCached:          0 kB
Active:         196836 kB
Inactive:         6564 kB
SwapTotal:           0 kB
SwapFree:            0 kB
Dirty:          194444 kB
Writeback:           0 kB
AnonPages:         404 kB
Mapped:            984 kB
Slab:             5568 kB
SReclaimable:     3728 kB
SUnreclaim:       1840 kB
PageTables:         68 kB
NFS_Unstable:        0 kB
Bounce:              0 kB
CommitLimit:    256956 kB
Committed_AS:     2848 kB
VmallocTotal:   516056 kB
VmallocUsed:        72 kB
VmallocChunk:   515984 kB
Sun Nov 15 20:37:08 EST 2009
MemTotal:       513916 kB
MemFree:        300800 kB
Buffers:           516 kB
Cached:         205984 kB
SwapCached:          0 kB
Active:         200308 kB
Inactive:         6560 kB
SwapTotal:           0 kB
SwapFree:            0 kB
Dirty:          197908 kB
Writeback:           0 kB
AnonPages:         404 kB
Mapped:            984 kB
Slab:             5624 kB
SReclaimable:     3780 kB
SUnreclaim:       1844 kB
PageTables:         68 kB
NFS_Unstable:        0 kB
Bounce:              0 kB
CommitLimit:    256956 kB
Committed_AS:     2848 kB
VmallocTotal:   516056 kB
VmallocUsed:        72 kB
VmallocChunk:   515984 kB
Sun Nov 15 20:37:09 EST 2009
MemTotal:       513916 kB
MemFree:        297452 kB
Buffers:           520 kB
Cached:         209232 kB
SwapCached:          0 kB
Active:         203556 kB
Inactive:         6564 kB
SwapTotal:           0 kB
SwapFree:            0 kB
Dirty:          201156 kB
Writeback:           0 kB
AnonPages:         404 kB
Mapped:            984 kB
Slab:             5708 kB
SReclaimable:     3828 kB
SUnreclaim:       1880 kB
PageTables:         68 kB
NFS_Unstable:        0 kB
Bounce:              0 kB
CommitLimit:    256956 kB
Committed_AS:     2848 kB
VmallocTotal:   516056 kB
VmallocUsed:        72 kB
VmallocChunk:   515984 kB
Sun Nov 15 20:37:10 EST 2009
MemTotal:       513916 kB
MemFree:        293980 kB
Buffers:           520 kB
Cached:         212588 kB
SwapCached:          0 kB
Active:         206916 kB
Inactive:         6560 kB
SwapTotal:           0 kB
SwapFree:            0 kB
Dirty:          204512 kB
Writeback:           0 kB
AnonPages:         404 kB
Mapped:            984 kB
Slab:             5808 kB
SReclaimable:     3880 kB
SUnreclaim:       1928 kB
PageTables:         68 kB
NFS_Unstable:        0 kB
Bounce:              0 kB
CommitLimit:    256956 kB
Committed_AS:     2848 kB
VmallocTotal:   516056 kB
VmallocUsed:        72 kB
VmallocChunk:   515984 kB
Sun Nov 15 20:37:12 EST 2009
MemTotal:       513916 kB
MemFree:        290880 kB
Buffers:           532 kB
Cached:         215728 kB
SwapCached:          0 kB
Active:         210060 kB
Inactive:         6568 kB
SwapTotal:           0 kB
SwapFree:            0 kB
Dirty:          207668 kB
Writeback:           0 kB
AnonPages:         404 kB
Mapped:            984 kB
Slab:             5780 kB
SReclaimable:     3924 kB
SUnreclaim:       1856 kB
PageTables:         68 kB
NFS_Unstable:        0 kB
Bounce:              0 kB
CommitLimit:    256956 kB
Committed_AS:     2848 kB
VmallocTotal:   516056 kB
VmallocUsed:        72 kB
VmallocChunk:   515984 kB
Sun Nov 15 20:37:13 EST 2009
MemTotal:       513916 kB
MemFree:        286044 kB
Buffers:           536 kB
Cached:         220468 kB
SwapCached:          0 kB
Active:         214796 kB
Inactive:         6576 kB
SwapTotal:           0 kB
SwapFree:            0 kB
Dirty:          212408 kB
Writeback:           0 kB
AnonPages:         404 kB
Mapped:            984 kB
Slab:             5860 kB
SReclaimable:     3996 kB
SUnreclaim:       1864 kB
PageTables:         68 kB
NFS_Unstable:        0 kB
Bounce:              0 kB
CommitLimit:    256956 kB
Committed_AS:     2848 kB
VmallocTotal:   516056 kB
VmallocUsed:        72 kB
VmallocChunk:   515984 kB
Sun Nov 15 20:37:14 EST 2009
MemTotal:       513916 kB
MemFree:        283316 kB
Buffers:           540 kB
Cached:         223124 kB
SwapCached:          0 kB
Active:         217460 kB
Inactive:         6572 kB
SwapTotal:           0 kB
SwapFree:            0 kB
Dirty:          215064 kB
Writeback:           0 kB
AnonPages:         404 kB
Mapped:            984 kB
Slab:             5904 kB
SReclaimable:     4036 kB
SUnreclaim:       1868 kB
PageTables:         68 kB
NFS_Unstable:        0 kB
Bounce:              0 kB
CommitLimit:    256956 kB
Committed_AS:     2848 kB
VmallocTotal:   516056 kB
VmallocUsed:        72 kB
VmallocChunk:   515984 kB
Sun Nov 15 20:37:15 EST 2009
MemTotal:       513916 kB
MemFree:        282076 kB
Buffers:           540 kB
Cached:         224368 kB
SwapCached:          0 kB
Active:         218708 kB
Inactive:         6568 kB
SwapTotal:           0 kB
SwapFree:            0 kB
Dirty:          216308 kB
Writeback:           0 kB
AnonPages:         404 kB
Mapped:            984 kB
Slab:             5920 kB
SReclaimable:     4056 kB
SUnreclaim:       1864 kB
PageTables:         68 kB
NFS_Unstable:        0 kB
Bounce:              0 kB
CommitLimit:    256956 kB
Committed_AS:     2848 kB
VmallocTotal:   516056 kB
VmallocUsed:        72 kB
VmallocChunk:   515984 kB
Sun Nov 15 20:37:16 EST 2009
MemTotal:       513916 kB
MemFree:        280960 kB
Buffers:           540 kB
Cached:         225472 kB
SwapCached:          0 kB
Active:         219812 kB
Inactive:         6568 kB
SwapTotal:           0 kB
SwapFree:            0 kB
Dirty:          217412 kB
Writeback:           0 kB
AnonPages:         404 kB
Mapped:            984 kB
Slab:             5940 kB
SReclaimable:     4072 kB
SUnreclaim:       1868 kB
PageTables:         68 kB
NFS_Unstable:        0 kB
Bounce:              0 kB
CommitLimit:    256956 kB
Committed_AS:     2848 kB
VmallocTotal:   516056 kB
VmallocUsed:        72 kB
VmallocChunk:   515984 kB
Sun Nov 15 20:37:17 EST 2009
MemTotal:       513916 kB
MemFree:        279844 kB
Buffers:           556 kB
Cached:         226504 kB
SwapCached:          0 kB
Active:         220852 kB
Inactive:         6576 kB
SwapTotal:           0 kB
SwapFree:            0 kB
Dirty:          218460 kB
Writeback:           0 kB
AnonPages:         404 kB
Mapped:            984 kB
Slab:             5964 kB
SReclaimable:     4088 kB
SUnreclaim:       1876 kB
PageTables:         68 kB
NFS_Unstable:        0 kB
Bounce:              0 kB
CommitLimit:    256956 kB
Committed_AS:     2848 kB
VmallocTotal:   516056 kB
VmallocUsed:        72 kB
VmallocChunk:   515984 kB
Sun Nov 15 20:37:18 EST 2009
MemTotal:       513916 kB
MemFree:        277736 kB
Buffers:           556 kB
Cached:         228652 kB
SwapCached:          0 kB
Active:         223000 kB
Inactive:         6576 kB
SwapTotal:           0 kB
SwapFree:            0 kB
Dirty:          220608 kB
Writeback:           0 kB
AnonPages:         404 kB
Mapped:            984 kB
Slab:             6000 kB
SReclaimable:     4120 kB
SUnreclaim:       1880 kB
PageTables:         68 kB
NFS_Unstable:        0 kB
Bounce:              0 kB
CommitLimit:    256956 kB
Committed_AS:     2848 kB
VmallocTotal:   516056 kB
VmallocUsed:        72 kB
VmallocChunk:   515984 kB
Sun Nov 15 20:37:19 EST 2009
MemTotal:       513916 kB
MemFree:        276124 kB
Buffers:           560 kB
Cached:         230224 kB
SwapCached:          0 kB
Active:         224576 kB
Inactive:         6576 kB
SwapTotal:           0 kB
SwapFree:            0 kB
Dirty:          222180 kB
Writeback:           0 kB
AnonPages:         404 kB
Mapped:            984 kB
Slab:             6024 kB
SReclaimable:     4144 kB
SUnreclaim:       1880 kB
PageTables:         68 kB
NFS_Unstable:        0 kB
Bounce:              0 kB
CommitLimit:    256956 kB
Committed_AS:     2848 kB
VmallocTotal:   516056 kB
VmallocUsed:        72 kB
VmallocChunk:   515984 kB
Sun Nov 15 20:37:20 EST 2009
MemTotal:       513916 kB
MemFree:        275132 kB
Buffers:           560 kB
Cached:         231180 kB
SwapCached:          0 kB
Active:         225532 kB
Inactive:         6576 kB
SwapTotal:           0 kB
SwapFree:            0 kB
Dirty:          223136 kB
Writeback:           0 kB
AnonPages:         404 kB
Mapped:            984 kB
Slab:             6036 kB
SReclaimable:     4156 kB
SUnreclaim:       1880 kB
PageTables:         68 kB
NFS_Unstable:        0 kB
Bounce:              0 kB
CommitLimit:    256956 kB
Committed_AS:     2848 kB
VmallocTotal:   516056 kB
VmallocUsed:        72 kB
VmallocChunk:   515984 kB
Sun Nov 15 20:37:21 EST 2009
MemTotal:       513916 kB
MemFree:        274388 kB
Buffers:           560 kB
Cached:         231984 kB
SwapCached:          0 kB
Active:         226336 kB
Inactive:         6576 kB
SwapTotal:           0 kB
SwapFree:            0 kB
Dirty:          223940 kB
Writeback:           0 kB
AnonPages:         404 kB
Mapped:            984 kB
Slab:             6048 kB
SReclaimable:     4168 kB
SUnreclaim:       1880 kB
PageTables:         68 kB
NFS_Unstable:        0 kB
Bounce:              0 kB
CommitLimit:    256956 kB
Committed_AS:     2848 kB
VmallocTotal:   516056 kB
VmallocUsed:        72 kB
VmallocChunk:   515984 kB
Sun Nov 15 20:37:23 EST 2009
MemTotal:       513916 kB
MemFree:        273520 kB
Buffers:           568 kB
Cached:         232788 kB
SwapCached:          0 kB
Active:         227140 kB
Inactive:         6584 kB
SwapTotal:           0 kB
SwapFree:            0 kB
Dirty:          224748 kB
Writeback:           0 kB
AnonPages:         404 kB
Mapped:            984 kB
Slab:             6064 kB
SReclaimable:     4180 kB
SUnreclaim:       1884 kB
PageTables:         68 kB
NFS_Unstable:        0 kB
Bounce:              0 kB
CommitLimit:    256956 kB
Committed_AS:     2848 kB
VmallocTotal:   516056 kB
VmallocUsed:        72 kB
VmallocChunk:   515984 kB
Sun Nov 15 20:37:24 EST 2009
MemTotal:       513916 kB
MemFree:        271908 kB
Buffers:           572 kB
Cached:         234404 kB
SwapCached:          0 kB
Active:         228752 kB
Inactive:         6592 kB
SwapTotal:           0 kB
SwapFree:            0 kB
Dirty:          226364 kB
Writeback:           0 kB
AnonPages:         404 kB
Mapped:            984 kB
Slab:             6092 kB
SReclaimable:     4204 kB
SUnreclaim:       1888 kB
PageTables:         68 kB
NFS_Unstable:        0 kB
Bounce:              0 kB
CommitLimit:    256956 kB
Committed_AS:     2848 kB
VmallocTotal:   516056 kB
VmallocUsed:        72 kB
VmallocChunk:   515984 kB
Sun Nov 15 20:37:25 EST 2009
MemTotal:       513916 kB
MemFree:        271164 kB
Buffers:           572 kB
Cached:         235108 kB
SwapCached:          0 kB
Active:         229464 kB
Inactive:         6584 kB
SwapTotal:           0 kB
SwapFree:            0 kB
Dirty:          227068 kB
Writeback:           0 kB
AnonPages:         404 kB
Mapped:            984 kB
Slab:             6096 kB
SReclaimable:     4216 kB
SUnreclaim:       1880 kB
PageTables:         68 kB
NFS_Unstable:        0 kB
Bounce:              0 kB
CommitLimit:    256956 kB
Committed_AS:     2848 kB
VmallocTotal:   516056 kB
VmallocUsed:        72 kB
VmallocChunk:   515984 kB
Sun Nov 15 20:37:26 EST 2009
MemTotal:       513916 kB
MemFree:        270544 kB
Buffers:           572 kB
Cached:         235744 kB
SwapCached:          0 kB
Active:         230100 kB
Inactive:         6584 kB
SwapTotal:           0 kB
SwapFree:            0 kB
Dirty:          227704 kB
Writeback:           0 kB
AnonPages:         404 kB
Mapped:            984 kB
Slab:             6104 kB
SReclaimable:     4224 kB
SUnreclaim:       1880 kB
PageTables:         68 kB
NFS_Unstable:        0 kB
Bounce:              0 kB
CommitLimit:    256956 kB
Committed_AS:     2848 kB
VmallocTotal:   516056 kB
VmallocUsed:        72 kB
VmallocChunk:   515984 kB
Sun Nov 15 20:37:27 EST 2009
MemTotal:       513916 kB
MemFree:        269180 kB
Buffers:           572 kB
Cached:         237064 kB
SwapCached:          0 kB
Active:         231420 kB
Inactive:         6584 kB
SwapTotal:           0 kB
SwapFree:            0 kB
Dirty:          229024 kB
Writeback:           0 kB
AnonPages:         404 kB
Mapped:            984 kB
Slab:             6128 kB
SReclaimable:     4244 kB
SUnreclaim:       1884 kB
PageTables:         68 kB
NFS_Unstable:        0 kB
Bounce:              0 kB
CommitLimit:    256956 kB
Committed_AS:     2848 kB
VmallocTotal:   516056 kB
VmallocUsed:        72 kB
VmallocChunk:   515984 kB
Sun Nov 15 20:37:28 EST 2009
MemTotal:       513916 kB
MemFree:        268064 kB
Buffers:           584 kB
Cached:         238192 kB
SwapCached:          0 kB
Active:         232552 kB
Inactive:         6592 kB
SwapTotal:           0 kB
SwapFree:            0 kB
Dirty:          230160 kB
Writeback:           0 kB
AnonPages:         404 kB
Mapped:            984 kB
Slab:             6144 kB
SReclaimable:     4260 kB
SUnreclaim:       1884 kB
PageTables:         68 kB
NFS_Unstable:        0 kB
Bounce:              0 kB
CommitLimit:    256956 kB
Committed_AS:     2848 kB
VmallocTotal:   516056 kB
VmallocUsed:        72 kB
VmallocChunk:   515984 kB
Sun Nov 15 20:37:29 EST 2009
MemTotal:       513916 kB
MemFree:        265460 kB
Buffers:           584 kB
Cached:         240708 kB
SwapCached:          0 kB
Active:         235068 kB
Inactive:         6592 kB
SwapTotal:           0 kB
SwapFree:            0 kB
Dirty:          232676 kB
Writeback:           0 kB
AnonPages:         404 kB
Mapped:            984 kB
Slab:             6188 kB
SReclaimable:     4300 kB
SUnreclaim:       1888 kB
PageTables:         68 kB
NFS_Unstable:        0 kB
Bounce:              0 kB
CommitLimit:    256956 kB
Committed_AS:     2848 kB
VmallocTotal:   516056 kB
VmallocUsed:        72 kB
VmallocChunk:   515984 kB
Sun Nov 15 20:37:30 EST 2009
MemTotal:       513916 kB
MemFree:        261616 kB
Buffers:           588 kB
Cached:         244508 kB
SwapCached:          0 kB
Active:         238868 kB
Inactive:         6596 kB
SwapTotal:           0 kB
SwapFree:            0 kB
Dirty:          236476 kB
Writeback:           0 kB
AnonPages:         404 kB
Mapped:            984 kB
Slab:             6248 kB
SReclaimable:     4356 kB
SUnreclaim:       1892 kB
PageTables:         68 kB
NFS_Unstable:        0 kB
Bounce:              0 kB
CommitLimit:    256956 kB
Committed_AS:     2848 kB
VmallocTotal:   516056 kB
VmallocUsed:        72 kB
VmallocChunk:   515984 kB
Sun Nov 15 20:37:31 EST 2009
MemTotal:       513916 kB
MemFree:        258144 kB
Buffers:           592 kB
Cached:         247844 kB
SwapCached:          0 kB
Active:         242208 kB
Inactive:         6596 kB
SwapTotal:           0 kB
SwapFree:            0 kB
Dirty:          239812 kB
Writeback:           0 kB
AnonPages:         404 kB
Mapped:            984 kB
Slab:             6300 kB
SReclaimable:     4404 kB
SUnreclaim:       1896 kB
PageTables:         68 kB
NFS_Unstable:        0 kB
Bounce:              0 kB
CommitLimit:    256956 kB
Committed_AS:     2848 kB
VmallocTotal:   516056 kB
VmallocUsed:        72 kB
VmallocChunk:   515984 kB
Sun Nov 15 20:37:32 EST 2009
MemTotal:       513916 kB
MemFree:        255044 kB
Buffers:           596 kB
Cached:         250940 kB
SwapCached:          0 kB
Active:         245308 kB
Inactive:         6596 kB
SwapTotal:           0 kB
SwapFree:            0 kB
Dirty:          242908 kB
Writeback:           0 kB
AnonPages:         404 kB
Mapped:            984 kB
Slab:             6388 kB
SReclaimable:     4452 kB
SUnreclaim:       1936 kB
PageTables:         68 kB
NFS_Unstable:        0 kB
Bounce:              0 kB
CommitLimit:    256956 kB
Committed_AS:     2848 kB
VmallocTotal:   516056 kB
VmallocUsed:        72 kB
VmallocChunk:   515984 kB
Sun Nov 15 20:37:34 EST 2009
MemTotal:       513916 kB
MemFree:        251820 kB
Buffers:           604 kB
Cached:         254076 kB
SwapCached:          0 kB
Active:         248444 kB
Inactive:         6604 kB
SwapTotal:           0 kB
SwapFree:            0 kB
Dirty:          246056 kB
Writeback:           0 kB
AnonPages:         404 kB
Mapped:            984 kB
Slab:             6424 kB
SReclaimable:     4500 kB
SUnreclaim:       1924 kB
PageTables:         68 kB
NFS_Unstable:        0 kB
Bounce:              0 kB
CommitLimit:    256956 kB
Committed_AS:     2848 kB
VmallocTotal:   516056 kB
VmallocUsed:        72 kB
VmallocChunk:   515984 kB
Sun Nov 15 20:37:35 EST 2009
MemTotal:       513916 kB
MemFree:        246488 kB
Buffers:           612 kB
Cached:         259320 kB
SwapCached:          0 kB
Active:         253692 kB
Inactive:         6608 kB
SwapTotal:           0 kB
SwapFree:            0 kB
Dirty:          251300 kB
Writeback:           0 kB
AnonPages:         404 kB
Mapped:            984 kB
Slab:             6508 kB
SReclaimable:     4576 kB
SUnreclaim:       1932 kB
PageTables:         68 kB
NFS_Unstable:        0 kB
Bounce:              0 kB
CommitLimit:    256956 kB
Committed_AS:     2848 kB
VmallocTotal:   516056 kB
VmallocUsed:        72 kB
VmallocChunk:   515984 kB
Sun Nov 15 20:37:36 EST 2009
MemTotal:       513916 kB
MemFree:        241652 kB
Buffers:           616 kB
Cached:         264024 kB
SwapCached:          0 kB
Active:         258404 kB
Inactive:         6604 kB
SwapTotal:           0 kB
SwapFree:            0 kB
Dirty:          256004 kB
Writeback:           0 kB
AnonPages:         404 kB
Mapped:            984 kB
Slab:             6584 kB
SReclaimable:     4648 kB
SUnreclaim:       1936 kB
PageTables:         68 kB
NFS_Unstable:        0 kB
Bounce:              0 kB
CommitLimit:    256956 kB
Committed_AS:     2848 kB
VmallocTotal:   516056 kB
VmallocUsed:        72 kB
VmallocChunk:   515984 kB
Sun Nov 15 20:37:37 EST 2009
MemTotal:       513916 kB
MemFree:        238180 kB
Buffers:           620 kB
Cached:         267456 kB
SwapCached:          0 kB
Active:         261836 kB
Inactive:         6608 kB
SwapTotal:           0 kB
SwapFree:            0 kB
Dirty:          259436 kB
Writeback:           0 kB
AnonPages:         404 kB
Mapped:            984 kB
Slab:             6676 kB
SReclaimable:     4700 kB
SUnreclaim:       1976 kB
PageTables:         68 kB
NFS_Unstable:        0 kB
Bounce:              0 kB
CommitLimit:    256956 kB
Committed_AS:     2848 kB
VmallocTotal:   516056 kB
VmallocUsed:        72 kB
VmallocChunk:   515984 kB
Sun Nov 15 20:37:38 EST 2009
MemTotal:       513916 kB
MemFree:        234584 kB
Buffers:           624 kB
Cached:         270936 kB
SwapCached:          0 kB
Active:         265324 kB
Inactive:         6604 kB
SwapTotal:           0 kB
SwapFree:            0 kB
Dirty:          262916 kB
Writeback:           0 kB
AnonPages:         404 kB
Mapped:            984 kB
Slab:             6780 kB
SReclaimable:     4752 kB
SUnreclaim:       2028 kB
PageTables:         68 kB
NFS_Unstable:        0 kB
Bounce:              0 kB
CommitLimit:    256956 kB
Committed_AS:     2848 kB
VmallocTotal:   516056 kB
VmallocUsed:        72 kB
VmallocChunk:   515984 kB
Sun Nov 15 20:37:40 EST 2009
MemTotal:       513916 kB
MemFree:        231732 kB
Buffers:           632 kB
Cached:         273720 kB
SwapCached:          0 kB
Active:         268108 kB
Inactive:         6612 kB
SwapTotal:           0 kB
SwapFree:            0 kB
Dirty:          265720 kB
Writeback:           0 kB
AnonPages:         404 kB
Mapped:            984 kB
Slab:             6768 kB
SReclaimable:     4792 kB
SUnreclaim:       1976 kB
PageTables:         68 kB
NFS_Unstable:        0 kB
Bounce:              0 kB
CommitLimit:    256956 kB
Committed_AS:     2848 kB
VmallocTotal:   516056 kB
VmallocUsed:        72 kB
VmallocChunk:   515984 kB
Sun Nov 15 20:37:41 EST 2009
MemTotal:       513916 kB
MemFree:        226524 kB
Buffers:           640 kB
Cached:         278872 kB
SwapCached:          0 kB
Active:         273256 kB
Inactive:         6624 kB
SwapTotal:           0 kB
SwapFree:            0 kB
Dirty:          270872 kB
Writeback:           0 kB
AnonPages:         404 kB
Mapped:            984 kB
Slab:             6848 kB
SReclaimable:     4868 kB
SUnreclaim:       1980 kB
PageTables:         68 kB
NFS_Unstable:        0 kB
Bounce:              0 kB
CommitLimit:    256956 kB
Committed_AS:     2848 kB
VmallocTotal:   516056 kB
VmallocUsed:        72 kB
VmallocChunk:   515984 kB
Sun Nov 15 20:37:42 EST 2009
MemTotal:       513916 kB
MemFree:        221440 kB
Buffers:           644 kB
Cached:         283916 kB
SwapCached:          0 kB
Active:         278308 kB
Inactive:         6620 kB
SwapTotal:           0 kB
SwapFree:            0 kB
Dirty:          275916 kB
Writeback:           0 kB
AnonPages:         404 kB
Mapped:            984 kB
Slab:             6932 kB
SReclaimable:     4944 kB
SUnreclaim:       1988 kB
PageTables:         68 kB
NFS_Unstable:        0 kB
Bounce:              0 kB
CommitLimit:    256956 kB
Committed_AS:     2848 kB
VmallocTotal:   516056 kB
VmallocUsed:        72 kB
VmallocChunk:   515984 kB
Sun Nov 15 20:37:43 EST 2009
MemTotal:       513916 kB
MemFree:        217720 kB
Buffers:           648 kB
Cached:         287504 kB
SwapCached:          0 kB
Active:         281904 kB
Inactive:         6616 kB
SwapTotal:           0 kB
SwapFree:            0 kB
Dirty:          279504 kB
Writeback:           0 kB
AnonPages:         404 kB
Mapped:            984 kB
Slab:             7024 kB
SReclaimable:     5000 kB
SUnreclaim:       2024 kB
PageTables:         68 kB
NFS_Unstable:        0 kB
Bounce:              0 kB
CommitLimit:    256956 kB
Committed_AS:     2848 kB
VmallocTotal:   516056 kB
VmallocUsed:        72 kB
VmallocChunk:   515984 kB
Sun Nov 15 20:37:44 EST 2009
MemTotal:       513916 kB
MemFree:        214496 kB
Buffers:           652 kB
Cached:         290684 kB
SwapCached:          0 kB
Active:         285088 kB
Inactive:         6616 kB
SwapTotal:           0 kB
SwapFree:            0 kB
Dirty:          282684 kB
Writeback:           0 kB
AnonPages:         404 kB
Mapped:            984 kB
Slab:             7128 kB
SReclaimable:     5048 kB
SUnreclaim:       2080 kB
PageTables:         68 kB
NFS_Unstable:        0 kB
Bounce:              0 kB
CommitLimit:    256956 kB
Committed_AS:     2848 kB
VmallocTotal:   516056 kB
VmallocUsed:        72 kB
VmallocChunk:   515984 kB
Sun Nov 15 20:37:46 EST 2009
MemTotal:       513916 kB
MemFree:        210032 kB
Buffers:           664 kB
Cached:         295072 kB
SwapCached:          0 kB
Active:         289480 kB
Inactive:         6624 kB
SwapTotal:           0 kB
SwapFree:            0 kB
Dirty:          287096 kB
Writeback:           0 kB
AnonPages:         404 kB
Mapped:            984 kB
Slab:             7132 kB
SReclaimable:     5112 kB
SUnreclaim:       2020 kB
PageTables:         68 kB
NFS_Unstable:        0 kB
Bounce:              0 kB
CommitLimit:    256956 kB
Committed_AS:     2848 kB
VmallocTotal:   516056 kB
VmallocUsed:        72 kB
VmallocChunk:   515984 kB
Sun Nov 15 20:37:47 EST 2009
MemTotal:       513916 kB
MemFree:        204824 kB
Buffers:           672 kB
Cached:         300276 kB
SwapCached:          0 kB
Active:         294684 kB
Inactive:         6632 kB
SwapTotal:           0 kB
SwapFree:            0 kB
Dirty:          292300 kB
Writeback:           0 kB
AnonPages:         404 kB
Mapped:            984 kB
Slab:             7216 kB
SReclaimable:     5188 kB
SUnreclaim:       2028 kB
PageTables:         68 kB
NFS_Unstable:        0 kB
Bounce:              0 kB
CommitLimit:    256956 kB
Committed_AS:     2848 kB
VmallocTotal:   516056 kB
VmallocUsed:        72 kB
VmallocChunk:   515984 kB
Sun Nov 15 20:37:48 EST 2009
MemTotal:       513916 kB
MemFree:        199988 kB
Buffers:           676 kB
Cached:         305020 kB
SwapCached:          0 kB
Active:         299432 kB
Inactive:         6632 kB
SwapTotal:           0 kB
SwapFree:            0 kB
Dirty:          297044 kB
Writeback:           0 kB
AnonPages:         404 kB
Mapped:            984 kB
Slab:             7284 kB
SReclaimable:     5260 kB
SUnreclaim:       2024 kB
PageTables:         68 kB
NFS_Unstable:        0 kB
Bounce:              0 kB
CommitLimit:    256956 kB
Committed_AS:     2848 kB
VmallocTotal:   516056 kB
VmallocUsed:        72 kB
VmallocChunk:   515984 kB
Sun Nov 15 20:37:49 EST 2009
MemTotal:       513916 kB
MemFree:        195648 kB
Buffers:           680 kB
Cached:         309204 kB
SwapCached:          0 kB
Active:         303624 kB
Inactive:         6628 kB
SwapTotal:           0 kB
SwapFree:            0 kB
Dirty:          301228 kB
Writeback:           0 kB
AnonPages:         404 kB
Mapped:            984 kB
Slab:             7380 kB
SReclaimable:     5324 kB
SUnreclaim:       2056 kB
PageTables:         68 kB
NFS_Unstable:        0 kB
Bounce:              0 kB
CommitLimit:    256956 kB
Committed_AS:     2848 kB
VmallocTotal:   516056 kB
VmallocUsed:        72 kB
VmallocChunk:   515984 kB
Sun Nov 15 20:37:50 EST 2009
MemTotal:       513916 kB
MemFree:        191928 kB
Buffers:           684 kB
Cached:         312824 kB
SwapCached:          0 kB
Active:         307244 kB
Inactive:         6632 kB
SwapTotal:           0 kB
SwapFree:            0 kB
Dirty:          304848 kB
Writeback:           0 kB
AnonPages:         404 kB
Mapped:            984 kB
Slab:             7488 kB
SReclaimable:     5376 kB
SUnreclaim:       2112 kB
PageTables:         68 kB
NFS_Unstable:        0 kB
Bounce:              0 kB
CommitLimit:    256956 kB
Committed_AS:     2848 kB
VmallocTotal:   516056 kB
VmallocUsed:        72 kB
VmallocChunk:   515984 kB
Sun Nov 15 20:37:52 EST 2009
MemTotal:       513916 kB
MemFree:        190192 kB
Buffers:           692 kB
Cached:         314564 kB
SwapCached:          0 kB
Active:         308988 kB
Inactive:         6636 kB
SwapTotal:           0 kB
SwapFree:            0 kB
Dirty:          306608 kB
Writeback:           0 kB
AnonPages:         404 kB
Mapped:            984 kB
Slab:             7456 kB
SReclaimable:     5404 kB
SUnreclaim:       2052 kB
PageTables:         68 kB
NFS_Unstable:        0 kB
Bounce:              0 kB
CommitLimit:    256956 kB
Committed_AS:     2848 kB
VmallocTotal:   516056 kB
VmallocUsed:        72 kB
VmallocChunk:   515984 kB
Sun Nov 15 20:37:53 EST 2009
MemTotal:       513916 kB
MemFree:        185728 kB
Buffers:           696 kB
Cached:         318980 kB
SwapCached:          0 kB
Active:         313400 kB
Inactive:         6644 kB
SwapTotal:           0 kB
SwapFree:            0 kB
Dirty:          311024 kB
Writeback:           0 kB
AnonPages:         404 kB
Mapped:            984 kB
Slab:             7528 kB
SReclaimable:     5468 kB
SUnreclaim:       2060 kB
PageTables:         68 kB
NFS_Unstable:        0 kB
Bounce:              0 kB
CommitLimit:    256956 kB
Committed_AS:     2848 kB
VmallocTotal:   516056 kB
VmallocUsed:        72 kB
VmallocChunk:   515984 kB
Sun Nov 15 20:37:54 EST 2009
MemTotal:       513916 kB
MemFree:        182504 kB
Buffers:           700 kB
Cached:         322132 kB
SwapCached:          0 kB
Active:         316556 kB
Inactive:         6644 kB
SwapTotal:           0 kB
SwapFree:            0 kB
Dirty:          314176 kB
Writeback:           0 kB
AnonPages:         404 kB
Mapped:            984 kB
Slab:             7580 kB
SReclaimable:     5516 kB
SUnreclaim:       2064 kB
PageTables:         68 kB
NFS_Unstable:        0 kB
Bounce:              0 kB
CommitLimit:    256956 kB
Committed_AS:     2848 kB
VmallocTotal:   516056 kB
VmallocUsed:        72 kB
VmallocChunk:   515984 kB
Sun Nov 15 20:37:55 EST 2009
MemTotal:       513916 kB
MemFree:        179156 kB
Buffers:           704 kB
Cached:         325384 kB
SwapCached:          0 kB
Active:         319812 kB
Inactive:         6644 kB
SwapTotal:           0 kB
SwapFree:            0 kB
Dirty:          317428 kB
Writeback:           0 kB
AnonPages:         404 kB
Mapped:            984 kB
Slab:             7624 kB
SReclaimable:     5564 kB
SUnreclaim:       2060 kB
PageTables:         68 kB
NFS_Unstable:        0 kB
Bounce:              0 kB
CommitLimit:    256956 kB
Committed_AS:     2848 kB
VmallocTotal:   516056 kB
VmallocUsed:        72 kB
VmallocChunk:   515984 kB
Sun Nov 15 20:37:56 EST 2009
MemTotal:       513916 kB
MemFree:        175684 kB
Buffers:           708 kB
Cached:         328824 kB
SwapCached:          0 kB
Active:         323260 kB
Inactive:         6640 kB
SwapTotal:           0 kB
SwapFree:            0 kB
Dirty:          320868 kB
Writeback:           0 kB
AnonPages:         404 kB
Mapped:            984 kB
Slab:             7676 kB
SReclaimable:     5616 kB
SUnreclaim:       2060 kB
PageTables:         68 kB
NFS_Unstable:        0 kB
Bounce:              0 kB
CommitLimit:    256956 kB
Committed_AS:     2848 kB
VmallocTotal:   516056 kB
VmallocUsed:        72 kB
VmallocChunk:   515984 kB
Sun Nov 15 20:37:58 EST 2009
MemTotal:       513916 kB
MemFree:        172584 kB
Buffers:           716 kB
Cached:         331840 kB
SwapCached:          0 kB
Active:         326280 kB
Inactive:         6644 kB
SwapTotal:           0 kB
SwapFree:            0 kB
Dirty:          323900 kB
Writeback:           0 kB
AnonPages:         404 kB
Mapped:            984 kB
Slab:             7728 kB
SReclaimable:     5660 kB
SUnreclaim:       2068 kB
PageTables:         68 kB
NFS_Unstable:        0 kB
Bounce:              0 kB
CommitLimit:    256956 kB
Committed_AS:     2848 kB
VmallocTotal:   516056 kB
VmallocUsed:        72 kB
VmallocChunk:   515984 kB
Sun Nov 15 20:37:59 EST 2009
MemTotal:       513916 kB
MemFree:        167376 kB
Buffers:           724 kB
Cached:         337000 kB
SwapCached:          0 kB
Active:         331440 kB
Inactive:         6652 kB
SwapTotal:           0 kB
SwapFree:            0 kB
Dirty:          329060 kB
Writeback:           0 kB
AnonPages:         404 kB
Mapped:            984 kB
Slab:             7820 kB
SReclaimable:     5740 kB
SUnreclaim:       2080 kB
PageTables:         68 kB
NFS_Unstable:        0 kB
Bounce:              0 kB
CommitLimit:    256956 kB
Committed_AS:     2848 kB
VmallocTotal:   516056 kB
VmallocUsed:        72 kB
VmallocChunk:   515984 kB
Sun Nov 15 20:38:00 EST 2009
MemTotal:       513916 kB
MemFree:        164028 kB
Buffers:           728 kB
Cached:         340280 kB
SwapCached:          0 kB
Active:         334720 kB
Inactive:         6656 kB
SwapTotal:           0 kB
SwapFree:            0 kB
Dirty:          332340 kB
Writeback:           0 kB
AnonPages:         404 kB
Mapped:            984 kB
Slab:             7872 kB
SReclaimable:     5788 kB
SUnreclaim:       2084 kB
PageTables:         68 kB
NFS_Unstable:        0 kB
Bounce:              0 kB
CommitLimit:    256956 kB
Committed_AS:     2848 kB
VmallocTotal:   516056 kB
VmallocUsed:        72 kB
VmallocChunk:   515984 kB
Sun Nov 15 20:38:01 EST 2009
MemTotal:       513916 kB
MemFree:        160680 kB
