Sun Nov 15 20:24:03 EST 2009
MemTotal:       513916 kB
MemFree:        498656 kB
Buffers:          5144 kB
Cached:           6932 kB
SwapCached:          0 kB
Active:           6200 kB
Inactive:         6104 kB
SwapTotal:           0 kB
SwapFree:            0 kB
Dirty:               0 kB
Writeback:           0 kB
AnonPages:         268 kB
Mapped:            452 kB
Slab:             2168 kB
SReclaimable:      892 kB
SUnreclaim:       1276 kB
PageTables:         56 kB
NFS_Unstable:        0 kB
Bounce:              0 kB
CommitLimit:    256956 kB
Committed_AS:     1484 kB
VmallocTotal:   516056 kB
VmallocUsed:        72 kB
VmallocChunk:   515984 kB
Sun Nov 15 20:24:04 EST 2009
MemTotal:       513916 kB
MemFree:        498656 kB
Buffers:          5144 kB
Cached:           6932 kB
SwapCached:          0 kB
Active:           6204 kB
Inactive:         6100 kB
SwapTotal:           0 kB
SwapFree:            0 kB
Dirty:               0 kB
Writeback:           0 kB
AnonPages:         268 kB
Mapped:            452 kB
Slab:             2168 kB
SReclaimable:      892 kB
SUnreclaim:       1276 kB
PageTables:         56 kB
NFS_Unstable:        0 kB
Bounce:              0 kB
CommitLimit:    256956 kB
Committed_AS:     1484 kB
VmallocTotal:   516056 kB
VmallocUsed:        72 kB
VmallocChunk:   515984 kB
Sun Nov 15 20:24:05 EST 2009
MemTotal:       513916 kB
MemFree:        498656 kB
Buffers:          5144 kB
Cached:           6932 kB
SwapCached:          0 kB
Active:           6204 kB
Inactive:         6100 kB
SwapTotal:           0 kB
SwapFree:            0 kB
Dirty:               0 kB
Writeback:           0 kB
AnonPages:         268 kB
Mapped:            452 kB
Slab:             2168 kB
SReclaimable:      892 kB
SUnreclaim:       1276 kB
PageTables:         56 kB
NFS_Unstable:        0 kB
Bounce:              0 kB
CommitLimit:    256956 kB
Committed_AS:     1484 kB
VmallocTotal:   516056 kB
VmallocUsed:        72 kB
VmallocChunk:   515984 kB
Sun Nov 15 20:24:06 EST 2009
MemTotal:       513916 kB
MemFree:        498656 kB
Buffers:          5144 kB
Cached:           6932 kB
SwapCached:          0 kB
Active:           6204 kB
Inactive:         6100 kB
SwapTotal:           0 kB
SwapFree:            0 kB
Dirty:               0 kB
Writeback:           0 kB
AnonPages:         268 kB
Mapped:            452 kB
Slab:             2168 kB
SReclaimable:      892 kB
SUnreclaim:       1276 kB
PageTables:         56 kB
NFS_Unstable:        0 kB
Bounce:              0 kB
CommitLimit:    256956 kB
Committed_AS:     1484 kB
VmallocTotal:   516056 kB
VmallocUsed:        72 kB
VmallocChunk:   515984 kB
Sun Nov 15 20:24:07 EST 2009
MemTotal:       513916 kB
MemFree:        498656 kB
Buffers:          5144 kB
Cached:           6932 kB
SwapCached:          0 kB
Active:           6204 kB
Inactive:         6100 kB
SwapTotal:           0 kB
SwapFree:            0 kB
Dirty:               0 kB
Writeback:           0 kB
AnonPages:         268 kB
Mapped:            452 kB
Slab:             2168 kB
SReclaimable:      892 kB
SUnreclaim:       1276 kB
PageTables:         56 kB
NFS_Unstable:        0 kB
Bounce:              0 kB
CommitLimit:    256956 kB
Committed_AS:     1484 kB
VmallocTotal:   516056 kB
VmallocUsed:        72 kB
VmallocChunk:   515984 kB
Sun Nov 15 20:24:08 EST 2009
MemTotal:       513916 kB
MemFree:        498656 kB
Buffers:          5144 kB
Cached:           6932 kB
SwapCached:          0 kB
Active:           6204 kB
Inactive:         6100 kB
SwapTotal:           0 kB
SwapFree:            0 kB
Dirty:               0 kB
Writeback:           0 kB
AnonPages:         268 kB
Mapped:            452 kB
Slab:             2168 kB
SReclaimable:      892 kB
SUnreclaim:       1276 kB
PageTables:         56 kB
NFS_Unstable:        0 kB
Bounce:              0 kB
CommitLimit:    256956 kB
Committed_AS:     1484 kB
VmallocTotal:   516056 kB
VmallocUsed:        72 kB
VmallocChunk:   515984 kB
Sun Nov 15 20:24:09 EST 2009
MemTotal:       513916 kB
MemFree:        498656 kB
Buffers:          5144 kB
Cached:           6932 kB
SwapCached:          0 kB
Active:           6204 kB
Inactive:         6100 kB
SwapTotal:           0 kB
SwapFree:            0 kB
Dirty:               0 kB
Writeback:           0 kB
AnonPages:         268 kB
Mapped:            452 kB
Slab:             2168 kB
SReclaimable:      892 kB
SUnreclaim:       1276 kB
PageTables:         56 kB
NFS_Unstable:        0 kB
Bounce:              0 kB
CommitLimit:    256956 kB
Committed_AS:     1484 kB
VmallocTotal:   516056 kB
VmallocUsed:        72 kB
VmallocChunk:   515984 kB
Sun Nov 15 20:24:10 EST 2009
MemTotal:       513916 kB
MemFree:        498656 kB
Buffers:          5144 kB
Cached:           6936 kB
SwapCached:          0 kB
Active:           6208 kB
Inactive:         6100 kB
SwapTotal:           0 kB
SwapFree:            0 kB
Dirty:               0 kB
Writeback:           0 kB
AnonPages:         268 kB
Mapped:            452 kB
Slab:             2168 kB
SReclaimable:      892 kB
SUnreclaim:       1276 kB
PageTables:         56 kB
NFS_Unstable:        0 kB
Bounce:              0 kB
CommitLimit:    256956 kB
Committed_AS:     1484 kB
VmallocTotal:   516056 kB
VmallocUsed:        72 kB
VmallocChunk:   515984 kB
Sun Nov 15 20:24:11 EST 2009
MemTotal:       513916 kB
MemFree:        498656 kB
Buffers:          5144 kB
Cached:           6936 kB
SwapCached:          0 kB
Active:           6208 kB
Inactive:         6100 kB
SwapTotal:           0 kB
SwapFree:            0 kB
Dirty:               0 kB
Writeback:           0 kB
AnonPages:         268 kB
Mapped:            452 kB
Slab:             2168 kB
SReclaimable:      892 kB
SUnreclaim:       1276 kB
PageTables:         56 kB
NFS_Unstable:        0 kB
Bounce:              0 kB
CommitLimit:    256956 kB
Committed_AS:     1484 kB
VmallocTotal:   516056 kB
VmallocUsed:        72 kB
VmallocChunk:   515984 kB
Sun Nov 15 20:24:12 EST 2009
MemTotal:       513916 kB
MemFree:        498656 kB
Buffers:          5144 kB
Cached:           6936 kB
SwapCached:          0 kB
Active:           6208 kB
Inactive:         6100 kB
SwapTotal:           0 kB
SwapFree:            0 kB
Dirty:               0 kB
Writeback:           0 kB
AnonPages:         268 kB
Mapped:            452 kB
Slab:             2168 kB
SReclaimable:      892 kB
SUnreclaim:       1276 kB
PageTables:         56 kB
NFS_Unstable:        0 kB
Bounce:              0 kB
CommitLimit:    256956 kB
Committed_AS:     1484 kB
VmallocTotal:   516056 kB
VmallocUsed:        72 kB
VmallocChunk:   515984 kB
Sun Nov 15 20:24:13 EST 2009
MemTotal:       513916 kB
MemFree:        498656 kB
Buffers:          5144 kB
Cached:           6936 kB
SwapCached:          0 kB
Active:           6208 kB
Inactive:         6100 kB
SwapTotal:           0 kB
SwapFree:            0 kB
Dirty:               0 kB
Writeback:           0 kB
AnonPages:         268 kB
Mapped:            452 kB
Slab:             2168 kB
SReclaimable:      892 kB
SUnreclaim:       1276 kB
PageTables:         56 kB
NFS_Unstable:        0 kB
Bounce:              0 kB
CommitLimit:    256956 kB
Committed_AS:     1484 kB
VmallocTotal:   516056 kB
VmallocUsed:        72 kB
VmallocChunk:   515984 kB
Sun Nov 15 20:24:14 EST 2009
MemTotal:       513916 kB
MemFree:        498656 kB
Buffers:          5144 kB
Cached:           6936 kB
SwapCached:          0 kB
Active:           6208 kB
Inactive:         6100 kB
SwapTotal:           0 kB
SwapFree:            0 kB
Dirty:               0 kB
Writeback:           0 kB
AnonPages:         268 kB
Mapped:            452 kB
Slab:             2168 kB
SReclaimable:      892 kB
SUnreclaim:       1276 kB
PageTables:         56 kB
NFS_Unstable:        0 kB
Bounce:              0 kB
CommitLimit:    256956 kB
Committed_AS:     1484 kB
VmallocTotal:   516056 kB
VmallocUsed:        72 kB
VmallocChunk:   515984 kB
Sun Nov 15 20:24:15 EST 2009
MemTotal:       513916 kB
MemFree:        498656 kB
Buffers:          5144 kB
Cached:           6936 kB
SwapCached:          0 kB
Active:           6208 kB
Inactive:         6100 kB
SwapTotal:           0 kB
SwapFree:            0 kB
Dirty:               0 kB
Writeback:           0 kB
AnonPages:         268 kB
Mapped:            452 kB
Slab:             2168 kB
SReclaimable:      892 kB
SUnreclaim:       1276 kB
PageTables:         56 kB
NFS_Unstable:        0 kB
Bounce:              0 kB
CommitLimit:    256956 kB
Committed_AS:     1484 kB
VmallocTotal:   516056 kB
VmallocUsed:        72 kB
VmallocChunk:   515984 kB
Sun Nov 15 20:24:16 EST 2009
MemTotal:       513916 kB
MemFree:        498656 kB
Buffers:          5144 kB
Cached:           6940 kB
SwapCached:          0 kB
Active:           6212 kB
Inactive:         6100 kB
SwapTotal:           0 kB
SwapFree:            0 kB
Dirty:               0 kB
Writeback:           0 kB
AnonPages:         268 kB
Mapped:            452 kB
Slab:             2168 kB
SReclaimable:      892 kB
SUnreclaim:       1276 kB
PageTables:         56 kB
NFS_Unstable:        0 kB
Bounce:              0 kB
CommitLimit:    256956 kB
Committed_AS:     1484 kB
VmallocTotal:   516056 kB
VmallocUsed:        72 kB
VmallocChunk:   515984 kB
Sun Nov 15 20:24:17 EST 2009
MemTotal:       513916 kB
MemFree:        498656 kB
Buffers:          5144 kB
Cached:           6940 kB
SwapCached:          0 kB
Active:           6212 kB
Inactive:         6100 kB
SwapTotal:           0 kB
SwapFree:            0 kB
Dirty:               0 kB
Writeback:           0 kB
AnonPages:         268 kB
Mapped:            452 kB
Slab:             2168 kB
SReclaimable:      892 kB
SUnreclaim:       1276 kB
PageTables:         56 kB
NFS_Unstable:        0 kB
Bounce:              0 kB
CommitLimit:    256956 kB
Committed_AS:     1484 kB
VmallocTotal:   516056 kB
VmallocUsed:        72 kB
VmallocChunk:   515984 kB
Sun Nov 15 20:24:18 EST 2009
MemTotal:       513916 kB
MemFree:        498656 kB
Buffers:          5144 kB
Cached:           6940 kB
SwapCached:          0 kB
Active:           6212 kB
Inactive:         6100 kB
SwapTotal:           0 kB
SwapFree:            0 kB
Dirty:               0 kB
Writeback:           0 kB
AnonPages:         268 kB
Mapped:            452 kB
Slab:             2168 kB
SReclaimable:      892 kB
SUnreclaim:       1276 kB
PageTables:         56 kB
NFS_Unstable:        0 kB
Bounce:              0 kB
CommitLimit:    256956 kB
Committed_AS:     1484 kB
VmallocTotal:   516056 kB
VmallocUsed:        72 kB
VmallocChunk:   515984 kB
Sun Nov 15 20:24:19 EST 2009
MemTotal:       513916 kB
MemFree:        498656 kB
Buffers:          5144 kB
Cached:           6940 kB
SwapCached:          0 kB
Active:           6212 kB
Inactive:         6100 kB
SwapTotal:           0 kB
SwapFree:            0 kB
Dirty:               0 kB
Writeback:           0 kB
AnonPages:         268 kB
Mapped:            452 kB
Slab:             2168 kB
SReclaimable:      892 kB
SUnreclaim:       1276 kB
PageTables:         56 kB
NFS_Unstable:        0 kB
Bounce:              0 kB
CommitLimit:    256956 kB
Committed_AS:     1484 kB
VmallocTotal:   516056 kB
VmallocUsed:        72 kB
VmallocChunk:   515984 kB
Sun Nov 15 20:24:20 EST 2009
MemTotal:       513916 kB
MemFree:        498656 kB
Buffers:          5144 kB
Cached:           6940 kB
SwapCached:          0 kB
Active:           6212 kB
Inactive:         6100 kB
SwapTotal:           0 kB
SwapFree:            0 kB
Dirty:               0 kB
Writeback:           0 kB
AnonPages:         268 kB
Mapped:            452 kB
Slab:             2168 kB
SReclaimable:      892 kB
SUnreclaim:       1276 kB
PageTables:         56 kB
NFS_Unstable:        0 kB
Bounce:              0 kB
CommitLimit:    256956 kB
Committed_AS:     1484 kB
VmallocTotal:   516056 kB
VmallocUsed:        72 kB
VmallocChunk:   515984 kB
Sun Nov 15 20:24:21 EST 2009
MemTotal:       513916 kB
MemFree:        498656 kB
Buffers:          5144 kB
Cached:           6940 kB
SwapCached:          0 kB
Active:           6212 kB
Inactive:         6100 kB
SwapTotal:           0 kB
SwapFree:            0 kB
Dirty:               0 kB
Writeback:           0 kB
AnonPages:         268 kB
Mapped:            452 kB
Slab:             2168 kB
SReclaimable:      892 kB
SUnreclaim:       1276 kB
PageTables:         56 kB
NFS_Unstable:        0 kB
Bounce:              0 kB
CommitLimit:    256956 kB
Committed_AS:     1484 kB
VmallocTotal:   516056 kB
VmallocUsed:        72 kB
VmallocChunk:   515984 kB
Sun Nov 15 20:24:22 EST 2009
MemTotal:       513916 kB
MemFree:        498656 kB
Buffers:          5144 kB
Cached:           6944 kB
SwapCached:          0 kB
Active:           6216 kB
Inactive:         6100 kB
SwapTotal:           0 kB
SwapFree:            0 kB
Dirty:               0 kB
Writeback:           0 kB
AnonPages:         268 kB
Mapped:            452 kB
Slab:             2168 kB
SReclaimable:      892 kB
SUnreclaim:       1276 kB
PageTables:         56 kB
NFS_Unstable:        0 kB
Bounce:              0 kB
CommitLimit:    256956 kB
Committed_AS:     1484 kB
VmallocTotal:   516056 kB
VmallocUsed:        72 kB
VmallocChunk:   515984 kB
Sun Nov 15 20:24:23 EST 2009
MemTotal:       513916 kB
MemFree:        498656 kB
Buffers:          5144 kB
Cached:           6944 kB
SwapCached:          0 kB
Active:           6216 kB
Inactive:         6100 kB
SwapTotal:           0 kB
SwapFree:            0 kB
Dirty:               0 kB
Writeback:           0 kB
AnonPages:         268 kB
Mapped:            452 kB
Slab:             2168 kB
SReclaimable:      892 kB
SUnreclaim:       1276 kB
PageTables:         56 kB
NFS_Unstable:        0 kB
Bounce:              0 kB
CommitLimit:    256956 kB
Committed_AS:     1484 kB
VmallocTotal:   516056 kB
VmallocUsed:        72 kB
VmallocChunk:   515984 kB
Sun Nov 15 20:24:24 EST 2009
MemTotal:       513916 kB
MemFree:        498656 kB
Buffers:          5144 kB
Cached:           6944 kB
SwapCached:          0 kB
Active:           6216 kB
Inactive:         6100 kB
SwapTotal:           0 kB
SwapFree:            0 kB
Dirty:               0 kB
Writeback:           0 kB
AnonPages:         268 kB
Mapped:            452 kB
Slab:             2168 kB
SReclaimable:      892 kB
SUnreclaim:       1276 kB
PageTables:         56 kB
NFS_Unstable:        0 kB
Bounce:              0 kB
CommitLimit:    256956 kB
Committed_AS:     1484 kB
VmallocTotal:   516056 kB
VmallocUsed:        72 kB
VmallocChunk:   515984 kB
Sun Nov 15 20:24:25 EST 2009
MemTotal:       513916 kB
MemFree:        498656 kB
Buffers:          5144 kB
Cached:           6944 kB
SwapCached:          0 kB
Active:           6216 kB
Inactive:         6100 kB
SwapTotal:           0 kB
SwapFree:            0 kB
Dirty:               0 kB
Writeback:           0 kB
AnonPages:         268 kB
Mapped:            452 kB
Slab:             2168 kB
SReclaimable:      892 kB
SUnreclaim:       1276 kB
PageTables:         56 kB
NFS_Unstable:        0 kB
Bounce:              0 kB
CommitLimit:    256956 kB
Committed_AS:     1484 kB
VmallocTotal:   516056 kB
VmallocUsed:        72 kB
VmallocChunk:   515984 kB
Sun Nov 15 20:24:26 EST 2009
MemTotal:       513916 kB
MemFree:        498656 kB
Buffers:          5144 kB
Cached:           6944 kB
SwapCached:          0 kB
Active:           6216 kB
Inactive:         6100 kB
SwapTotal:           0 kB
SwapFree:            0 kB
Dirty:               0 kB
Writeback:           0 kB
AnonPages:         268 kB
Mapped:            452 kB
Slab:             2168 kB
SReclaimable:      892 kB
SUnreclaim:       1276 kB
PageTables:         56 kB
NFS_Unstable:        0 kB
Bounce:              0 kB
CommitLimit:    256956 kB
Committed_AS:     1484 kB
VmallocTotal:   516056 kB
VmallocUsed:        72 kB
VmallocChunk:   515984 kB
Sun Nov 15 20:24:27 EST 2009
MemTotal:       513916 kB
MemFree:        498656 kB
Buffers:          5144 kB
Cached:           6944 kB
SwapCached:          0 kB
Active:           6216 kB
Inactive:         6100 kB
SwapTotal:           0 kB
SwapFree:            0 kB
Dirty:               0 kB
Writeback:           0 kB
AnonPages:         268 kB
Mapped:            452 kB
Slab:             2168 kB
SReclaimable:      892 kB
SUnreclaim:       1276 kB
PageTables:         56 kB
NFS_Unstable:        0 kB
Bounce:              0 kB
CommitLimit:    256956 kB
Committed_AS:     1484 kB
VmallocTotal:   516056 kB
VmallocUsed:        72 kB
VmallocChunk:   515984 kB
Sun Nov 15 20:24:28 EST 2009
MemTotal:       513916 kB
MemFree:        498656 kB
Buffers:          5144 kB
Cached:           6944 kB
SwapCached:          0 kB
Active:           6216 kB
Inactive:         6100 kB
SwapTotal:           0 kB
SwapFree:            0 kB
Dirty:               0 kB
Writeback:           0 kB
AnonPages:         268 kB
Mapped:            452 kB
Slab:             2168 kB
SReclaimable:      892 kB
SUnreclaim:       1276 kB
PageTables:         56 kB
NFS_Unstable:        0 kB
Bounce:              0 kB
CommitLimit:    256956 kB
Committed_AS:     1484 kB
VmallocTotal:   516056 kB
VmallocUsed:        72 kB
VmallocChunk:   515984 kB
Sun Nov 15 20:24:29 EST 2009
MemTotal:       513916 kB
MemFree:        498656 kB
Buffers:          5144 kB
Cached:           6948 kB
SwapCached:          0 kB
Active:           6220 kB
Inactive:         6100 kB
SwapTotal:           0 kB
SwapFree:            0 kB
Dirty:               0 kB
Writeback:           0 kB
AnonPages:         268 kB
Mapped:            452 kB
Slab:             2168 kB
SReclaimable:      892 kB
SUnreclaim:       1276 kB
PageTables:         56 kB
NFS_Unstable:        0 kB
Bounce:              0 kB
CommitLimit:    256956 kB
Committed_AS:     1484 kB
VmallocTotal:   516056 kB
VmallocUsed:        72 kB
VmallocChunk:   515984 kB
Sun Nov 15 20:24:30 EST 2009
MemTotal:       513916 kB
MemFree:        498656 kB
Buffers:          5144 kB
Cached:           6948 kB
SwapCached:          0 kB
Active:           6220 kB
Inactive:         6100 kB
SwapTotal:           0 kB
SwapFree:            0 kB
Dirty:               0 kB
Writeback:           0 kB
AnonPages:         268 kB
Mapped:            452 kB
Slab:             2168 kB
SReclaimable:      892 kB
SUnreclaim:       1276 kB
PageTables:         56 kB
NFS_Unstable:        0 kB
Bounce:              0 kB
CommitLimit:    256956 kB
Committed_AS:     1484 kB
VmallocTotal:   516056 kB
VmallocUsed:        72 kB
VmallocChunk:   515984 kB
Sun Nov 15 20:24:31 EST 2009
MemTotal:       513916 kB
MemFree:        498656 kB
Buffers:          5144 kB
Cached:           6948 kB
SwapCached:          0 kB
Active:           6220 kB
Inactive:         6100 kB
SwapTotal:           0 kB
SwapFree:            0 kB
Dirty:               0 kB
Writeback:           0 kB
AnonPages:         268 kB
Mapped:            452 kB
Slab:             2168 kB
SReclaimable:      892 kB
SUnreclaim:       1276 kB
PageTables:         56 kB
NFS_Unstable:        0 kB
Bounce:              0 kB
CommitLimit:    256956 kB
Committed_AS:     1484 kB
VmallocTotal:   516056 kB
VmallocUsed:        72 kB
VmallocChunk:   515984 kB
Sun Nov 15 20:24:32 EST 2009
MemTotal:       513916 kB
MemFree:        498656 kB
Buffers:          5144 kB
Cached:           6948 kB
SwapCached:          0 kB
Active:           6220 kB
Inactive:         6100 kB
SwapTotal:           0 kB
SwapFree:            0 kB
Dirty:               0 kB
Writeback:           0 kB
AnonPages:         268 kB
Mapped:            452 kB
Slab:             2168 kB
SReclaimable:      892 kB
SUnreclaim:       1276 kB
PageTables:         56 kB
NFS_Unstable:        0 kB
Bounce:              0 kB
CommitLimit:    256956 kB
Committed_AS:     1484 kB
VmallocTotal:   516056 kB
VmallocUsed:        72 kB
VmallocChunk:   515984 kB
Sun Nov 15 20:24:33 EST 2009
MemTotal:       513916 kB
MemFree:        497216 kB
Buffers:          5172 kB
Cached:           8372 kB
SwapCached:          0 kB
Active:           6520 kB
Inactive:         7384 kB
SwapTotal:           0 kB
SwapFree:            0 kB
Dirty:               0 kB
Writeback:           0 kB
AnonPages:         400 kB
Mapped:            944 kB
Slab:             2216 kB
SReclaimable:      896 kB
SUnreclaim:       1320 kB
PageTables:         68 kB
NFS_Unstable:        0 kB
Bounce:              0 kB
CommitLimit:    256956 kB
Committed_AS:     2844 kB
VmallocTotal:   516056 kB
VmallocUsed:        72 kB
VmallocChunk:   515984 kB
Sun Nov 15 20:24:34 EST 2009
MemTotal:       513916 kB
MemFree:        493868 kB
Buffers:          5172 kB
Cached:          11580 kB
SwapCached:          0 kB
Active:           9752 kB
Inactive:         7364 kB
SwapTotal:           0 kB
SwapFree:            0 kB
Dirty:               0 kB
Writeback:           0 kB
AnonPages:         404 kB
Mapped:            980 kB
Slab:             2260 kB
SReclaimable:      896 kB
SUnreclaim:       1364 kB
PageTables:         68 kB
NFS_Unstable:        0 kB
Bounce:              0 kB
CommitLimit:    256956 kB
Committed_AS:     2848 kB
VmallocTotal:   516056 kB
VmallocUsed:        72 kB
VmallocChunk:   515984 kB
Sun Nov 15 20:24:35 EST 2009
MemTotal:       513916 kB
MemFree:        490520 kB
Buffers:          5172 kB
Cached:          14952 kB
SwapCached:          0 kB
Active:          13124 kB
Inactive:         7364 kB
SwapTotal:           0 kB
SwapFree:            0 kB
Dirty:               0 kB
Writeback:           0 kB
AnonPages:         404 kB
Mapped:            984 kB
Slab:             2268 kB
SReclaimable:      896 kB
SUnreclaim:       1372 kB
PageTables:         68 kB
NFS_Unstable:        0 kB
Bounce:              0 kB
CommitLimit:    256956 kB
Committed_AS:     2848 kB
VmallocTotal:   516056 kB
VmallocUsed:        72 kB
VmallocChunk:   515984 kB
Sun Nov 15 20:24:36 EST 2009
MemTotal:       513916 kB
MemFree:        487420 kB
Buffers:          5172 kB
Cached:          18024 kB
SwapCached:          0 kB
Active:          16196 kB
Inactive:         7364 kB
SwapTotal:           0 kB
SwapFree:            0 kB
Dirty:               0 kB
Writeback:           0 kB
AnonPages:         404 kB
Mapped:            984 kB
Slab:             2284 kB
SReclaimable:      896 kB
SUnreclaim:       1388 kB
PageTables:         68 kB
NFS_Unstable:        0 kB
Bounce:              0 kB
CommitLimit:    256956 kB
Committed_AS:     2848 kB
VmallocTotal:   516056 kB
VmallocUsed:        72 kB
VmallocChunk:   515984 kB
Sun Nov 15 20:24:37 EST 2009
MemTotal:       513916 kB
MemFree:        484444 kB
Buffers:          5172 kB
Cached:          21028 kB
SwapCached:          0 kB
Active:          19196 kB
Inactive:         7368 kB
SwapTotal:           0 kB
SwapFree:            0 kB
Dirty:               0 kB
Writeback:           0 kB
AnonPages:         404 kB
Mapped:            984 kB
Slab:             2280 kB
SReclaimable:      896 kB
SUnreclaim:       1384 kB
PageTables:         68 kB
NFS_Unstable:        0 kB
Bounce:              0 kB
CommitLimit:    256956 kB
Committed_AS:     2848 kB
VmallocTotal:   516056 kB
VmallocUsed:        72 kB
VmallocChunk:   515984 kB
Sun Nov 15 20:24:38 EST 2009
MemTotal:       513916 kB
MemFree:        481468 kB
Buffers:          5172 kB
Cached:          23976 kB
SwapCached:          0 kB
Active:          22148 kB
Inactive:         7364 kB
SwapTotal:           0 kB
SwapFree:            0 kB
Dirty:               0 kB
Writeback:           0 kB
AnonPages:         404 kB
Mapped:            984 kB
Slab:             2284 kB
SReclaimable:      896 kB
SUnreclaim:       1388 kB
PageTables:         68 kB
NFS_Unstable:        0 kB
Bounce:              0 kB
CommitLimit:    256956 kB
Committed_AS:     2848 kB
VmallocTotal:   516056 kB
VmallocUsed:        72 kB
VmallocChunk:   515984 kB
Sun Nov 15 20:24:39 EST 2009
MemTotal:       513916 kB
MemFree:        478244 kB
Buffers:          5172 kB
Cached:          27228 kB
SwapCached:          0 kB
Active:          25396 kB
Inactive:         7368 kB
SwapTotal:           0 kB
SwapFree:            0 kB
Dirty:               0 kB
Writeback:           0 kB
AnonPages:         404 kB
Mapped:            984 kB
Slab:             2284 kB
SReclaimable:      896 kB
SUnreclaim:       1388 kB
PageTables:         68 kB
NFS_Unstable:        0 kB
Bounce:              0 kB
CommitLimit:    256956 kB
Committed_AS:     2848 kB
VmallocTotal:   516056 kB
VmallocUsed:        72 kB
VmallocChunk:   515984 kB
Sun Nov 15 20:24:40 EST 2009
MemTotal:       513916 kB
MemFree:        475144 kB
Buffers:          5172 kB
Cached:          30272 kB
SwapCached:          0 kB
Active:          28444 kB
Inactive:         7364 kB
SwapTotal:           0 kB
SwapFree:            0 kB
Dirty:               0 kB
Writeback:           0 kB
AnonPages:         404 kB
Mapped:            984 kB
Slab:             2288 kB
SReclaimable:      896 kB
SUnreclaim:       1392 kB
PageTables:         68 kB
NFS_Unstable:        0 kB
Bounce:              0 kB
CommitLimit:    256956 kB
Committed_AS:     2848 kB
VmallocTotal:   516056 kB
VmallocUsed:        72 kB
VmallocChunk:   515984 kB
Sun Nov 15 20:24:41 EST 2009
MemTotal:       513916 kB
MemFree:        472168 kB
Buffers:          5172 kB
Cached:          33248 kB
SwapCached:          0 kB
Active:          31420 kB
Inactive:         7364 kB
SwapTotal:           0 kB
SwapFree:            0 kB
Dirty:               0 kB
Writeback:           0 kB
AnonPages:         404 kB
Mapped:            984 kB
Slab:             2284 kB
SReclaimable:      896 kB
SUnreclaim:       1388 kB
PageTables:         68 kB
NFS_Unstable:        0 kB
Bounce:              0 kB
CommitLimit:    256956 kB
Committed_AS:     2848 kB
VmallocTotal:   516056 kB
VmallocUsed:        72 kB
VmallocChunk:   515984 kB
Sun Nov 15 20:24:42 EST 2009
MemTotal:       513916 kB
MemFree:        469316 kB
Buffers:          5172 kB
Cached:          36144 kB
SwapCached:          0 kB
Active:          34316 kB
Inactive:         7364 kB
SwapTotal:           0 kB
SwapFree:            0 kB
Dirty:               0 kB
Writeback:           0 kB
AnonPages:         404 kB
Mapped:            984 kB
Slab:             2288 kB
SReclaimable:      896 kB
SUnreclaim:       1392 kB
PageTables:         68 kB
NFS_Unstable:        0 kB
Bounce:              0 kB
CommitLimit:    256956 kB
Committed_AS:     2848 kB
VmallocTotal:   516056 kB
VmallocUsed:        72 kB
VmallocChunk:   515984 kB
Sun Nov 15 20:24:43 EST 2009
MemTotal:       513916 kB
MemFree:        466836 kB
Buffers:          5172 kB
Cached:          38660 kB
SwapCached:          0 kB
Active:          36832 kB
Inactive:         7364 kB
SwapTotal:           0 kB
SwapFree:            0 kB
Dirty:               0 kB
Writeback:           0 kB
AnonPages:         404 kB
Mapped:            984 kB
Slab:             2288 kB
SReclaimable:      896 kB
SUnreclaim:       1392 kB
PageTables:         68 kB
NFS_Unstable:        0 kB
Bounce:              0 kB
CommitLimit:    256956 kB
Committed_AS:     2848 kB
VmallocTotal:   516056 kB
VmallocUsed:        72 kB
VmallocChunk:   515984 kB
Sun Nov 15 20:24:44 EST 2009
MemTotal:       513916 kB
MemFree:        463488 kB
Buffers:          5172 kB
Cached:          42024 kB
SwapCached:          0 kB
Active:          40192 kB
Inactive:         7368 kB
SwapTotal:           0 kB
SwapFree:            0 kB
Dirty:               0 kB
Writeback:           0 kB
AnonPages:         404 kB
Mapped:            984 kB
Slab:             2292 kB
SReclaimable:      896 kB
SUnreclaim:       1396 kB
PageTables:         68 kB
NFS_Unstable:        0 kB
Bounce:              0 kB
CommitLimit:    256956 kB
Committed_AS:     2848 kB
VmallocTotal:   516056 kB
VmallocUsed:        72 kB
VmallocChunk:   515984 kB
Sun Nov 15 20:24:46 EST 2009
MemTotal:       513916 kB
MemFree:        460388 kB
Buffers:          5172 kB
Cached:          45088 kB
SwapCached:          0 kB
Active:          43260 kB
Inactive:         7364 kB
SwapTotal:           0 kB
SwapFree:            0 kB
Dirty:               0 kB
Writeback:           0 kB
AnonPages:         404 kB
Mapped:            984 kB
Slab:             2296 kB
SReclaimable:      896 kB
SUnreclaim:       1400 kB
PageTables:         68 kB
NFS_Unstable:        0 kB
Bounce:              0 kB
CommitLimit:    256956 kB
Committed_AS:     2848 kB
VmallocTotal:   516056 kB
VmallocUsed:        72 kB
VmallocChunk:   515984 kB
Sun Nov 15 20:24:47 EST 2009
MemTotal:       513916 kB
MemFree:        457536 kB
Buffers:          5172 kB
Cached:          47948 kB
SwapCached:          0 kB
Active:          46120 kB
Inactive:         7364 kB
SwapTotal:           0 kB
SwapFree:            0 kB
Dirty:               0 kB
Writeback:           0 kB
AnonPages:         404 kB
Mapped:            984 kB
Slab:             2296 kB
SReclaimable:      896 kB
SUnreclaim:       1400 kB
PageTables:         68 kB
NFS_Unstable:        0 kB
Bounce:              0 kB
CommitLimit:    256956 kB
Committed_AS:     2848 kB
VmallocTotal:   516056 kB
VmallocUsed:        72 kB
VmallocChunk:   515984 kB
Sun Nov 15 20:24:48 EST 2009
MemTotal:       513916 kB
MemFree:        455056 kB
Buffers:          5172 kB
Cached:          50400 kB
SwapCached:          0 kB
Active:          48572 kB
Inactive:         7364 kB
SwapTotal:           0 kB
SwapFree:            0 kB
Dirty:               0 kB
Writeback:           0 kB
AnonPages:         404 kB
Mapped:            984 kB
Slab:             2300 kB
SReclaimable:      896 kB
SUnreclaim:       1404 kB
PageTables:         68 kB
NFS_Unstable:        0 kB
Bounce:              0 kB
CommitLimit:    256956 kB
Committed_AS:     2848 kB
VmallocTotal:   516056 kB
VmallocUsed:        72 kB
VmallocChunk:   515984 kB
Sun Nov 15 20:24:49 EST 2009
MemTotal:       513916 kB
MemFree:        452204 kB
Buffers:          5172 kB
Cached:          53216 kB
SwapCached:          0 kB
Active:          51388 kB
Inactive:         7364 kB
SwapTotal:           0 kB
SwapFree:            0 kB
Dirty:               0 kB
Writeback:           0 kB
AnonPages:         404 kB
Mapped:            984 kB
Slab:             2304 kB
SReclaimable:      896 kB
SUnreclaim:       1408 kB
PageTables:         68 kB
NFS_Unstable:        0 kB
Bounce:              0 kB
CommitLimit:    256956 kB
Committed_AS:     2848 kB
VmallocTotal:   516056 kB
VmallocUsed:        72 kB
VmallocChunk:   515984 kB
Sun Nov 15 20:24:50 EST 2009
MemTotal:       513916 kB
MemFree:        448980 kB
Buffers:          5172 kB
Cached:          56508 kB
SwapCached:          0 kB
Active:          54680 kB
Inactive:         7364 kB
SwapTotal:           0 kB
SwapFree:            0 kB
Dirty:               0 kB
Writeback:           0 kB
AnonPages:         404 kB
Mapped:            984 kB
Slab:             2308 kB
SReclaimable:      896 kB
SUnreclaim:       1412 kB
PageTables:         68 kB
NFS_Unstable:        0 kB
Bounce:              0 kB
CommitLimit:    256956 kB
Committed_AS:     2848 kB
VmallocTotal:   516056 kB
VmallocUsed:        72 kB
VmallocChunk:   515984 kB
Sun Nov 15 20:24:51 EST 2009
MemTotal:       513916 kB
MemFree:        445880 kB
Buffers:          5172 kB
Cached:          59532 kB
SwapCached:          0 kB
Active:          57704 kB
Inactive:         7364 kB
SwapTotal:           0 kB
SwapFree:            0 kB
Dirty:               0 kB
Writeback:           0 kB
AnonPages:         404 kB
Mapped:            984 kB
Slab:             2312 kB
SReclaimable:      896 kB
SUnreclaim:       1416 kB
PageTables:         68 kB
NFS_Unstable:        0 kB
Bounce:              0 kB
CommitLimit:    256956 kB
Committed_AS:     2848 kB
VmallocTotal:   516056 kB
VmallocUsed:        72 kB
VmallocChunk:   515984 kB
Sun Nov 15 20:24:52 EST 2009
MemTotal:       513916 kB
MemFree:        443028 kB
Buffers:          5172 kB
Cached:          62384 kB
SwapCached:          0 kB
Active:          60556 kB
Inactive:         7364 kB
SwapTotal:           0 kB
SwapFree:            0 kB
Dirty:               0 kB
Writeback:           0 kB
AnonPages:         404 kB
Mapped:            984 kB
Slab:             2316 kB
SReclaimable:      896 kB
SUnreclaim:       1420 kB
PageTables:         68 kB
NFS_Unstable:        0 kB
Bounce:              0 kB
CommitLimit:    256956 kB
Committed_AS:     2848 kB
VmallocTotal:   516056 kB
VmallocUsed:        72 kB
VmallocChunk:   515984 kB
Sun Nov 15 20:24:53 EST 2009
MemTotal:       513916 kB
MemFree:        440052 kB
Buffers:          5172 kB
Cached:          65400 kB
SwapCached:          0 kB
Active:          63572 kB
Inactive:         7364 kB
SwapTotal:           0 kB
SwapFree:            0 kB
Dirty:               0 kB
Writeback:           0 kB
AnonPages:         404 kB
Mapped:            984 kB
Slab:             2320 kB
SReclaimable:      896 kB
SUnreclaim:       1424 kB
PageTables:         68 kB
NFS_Unstable:        0 kB
Bounce:              0 kB
CommitLimit:    256956 kB
Committed_AS:     2848 kB
VmallocTotal:   516056 kB
VmallocUsed:        72 kB
VmallocChunk:   515984 kB
Sun Nov 15 20:24:54 EST 2009
MemTotal:       513916 kB
MemFree:        437324 kB
Buffers:          5172 kB
Cached:          68056 kB
SwapCached:          0 kB
Active:          66228 kB
Inactive:         7364 kB
SwapTotal:           0 kB
SwapFree:            0 kB
Dirty:               0 kB
Writeback:           0 kB
AnonPages:         404 kB
Mapped:            984 kB
Slab:             2324 kB
SReclaimable:      896 kB
SUnreclaim:       1428 kB
PageTables:         68 kB
NFS_Unstable:        0 kB
Bounce:              0 kB
CommitLimit:    256956 kB
Committed_AS:     2848 kB
VmallocTotal:   516056 kB
VmallocUsed:        72 kB
VmallocChunk:   515984 kB
Sun Nov 15 20:24:55 EST 2009
MemTotal:       513916 kB
MemFree:        434348 kB
Buffers:          5172 kB
Cached:          71128 kB
SwapCached:          0 kB
Active:          69300 kB
Inactive:         7364 kB
SwapTotal:           0 kB
SwapFree:            0 kB
Dirty:               0 kB
Writeback:           0 kB
AnonPages:         404 kB
Mapped:            984 kB
Slab:             2324 kB
SReclaimable:      896 kB
SUnreclaim:       1428 kB
PageTables:         68 kB
NFS_Unstable:        0 kB
Bounce:              0 kB
CommitLimit:    256956 kB
Committed_AS:     2848 kB
VmallocTotal:   516056 kB
VmallocUsed:        72 kB
VmallocChunk:   515984 kB
Sun Nov 15 20:24:56 EST 2009
MemTotal:       513916 kB
MemFree:        431124 kB
Buffers:          5172 kB
Cached:          74292 kB
SwapCached:          0 kB
Active:          72460 kB
Inactive:         7368 kB
SwapTotal:           0 kB
SwapFree:            0 kB
Dirty:               0 kB
Writeback:           0 kB
AnonPages:         404 kB
Mapped:            984 kB
Slab:             2328 kB
SReclaimable:      896 kB
SUnreclaim:       1432 kB
PageTables:         68 kB
NFS_Unstable:        0 kB
Bounce:              0 kB
CommitLimit:    256956 kB
Committed_AS:     2848 kB
VmallocTotal:   516056 kB
VmallocUsed:        72 kB
VmallocChunk:   515984 kB
Sun Nov 15 20:24:57 EST 2009
MemTotal:       513916 kB
MemFree:        428272 kB
Buffers:          5172 kB
Cached:          77200 kB
SwapCached:          0 kB
Active:          75368 kB
Inactive:         7368 kB
SwapTotal:           0 kB
SwapFree:            0 kB
Dirty:               0 kB
Writeback:           0 kB
AnonPages:         404 kB
Mapped:            984 kB
Slab:             2332 kB
SReclaimable:      896 kB
SUnreclaim:       1436 kB
PageTables:         68 kB
NFS_Unstable:        0 kB
Bounce:              0 kB
CommitLimit:    256956 kB
Committed_AS:     2848 kB
VmallocTotal:   516056 kB
VmallocUsed:        72 kB
VmallocChunk:   515984 kB
Sun Nov 15 20:24:58 EST 2009
MemTotal:       513916 kB
MemFree:        425296 kB
Buffers:          5172 kB
Cached:          80160 kB
SwapCached:          0 kB
Active:          78332 kB
Inactive:         7364 kB
SwapTotal:           0 kB
SwapFree:            0 kB
Dirty:               0 kB
Writeback:           0 kB
AnonPages:         404 kB
Mapped:            984 kB
Slab:             2336 kB
SReclaimable:      896 kB
SUnreclaim:       1440 kB
PageTables:         68 kB
NFS_Unstable:        0 kB
Bounce:              0 kB
CommitLimit:    256956 kB
Committed_AS:     2848 kB
VmallocTotal:   516056 kB
VmallocUsed:        72 kB
VmallocChunk:   515984 kB
Sun Nov 15 20:24:59 EST 2009
MemTotal:       513916 kB
MemFree:        422940 kB
Buffers:          5172 kB
Cached:          82488 kB
SwapCached:          0 kB
Active:          80656 kB
Inactive:         7368 kB
SwapTotal:           0 kB
SwapFree:            0 kB
Dirty:               0 kB
Writeback:           0 kB
AnonPages:         404 kB
Mapped:            984 kB
Slab:             2340 kB
SReclaimable:      896 kB
SUnreclaim:       1444 kB
PageTables:         68 kB
NFS_Unstable:        0 kB
Bounce:              0 kB
CommitLimit:    256956 kB
Committed_AS:     2848 kB
VmallocTotal:   516056 kB
VmallocUsed:        72 kB
VmallocChunk:   515984 kB
Sun Nov 15 20:25:00 EST 2009
MemTotal:       513916 kB
MemFree:        420584 kB
Buffers:          5172 kB
Cached:          84836 kB
SwapCached:          0 kB
Active:          83008 kB
Inactive:         7364 kB
SwapTotal:           0 kB
SwapFree:            0 kB
Dirty:               0 kB
Writeback:           0 kB
AnonPages:         404 kB
Mapped:            984 kB
Slab:             2344 kB
SReclaimable:      896 kB
SUnreclaim:       1448 kB
PageTables:         68 kB
NFS_Unstable:        0 kB
Bounce:              0 kB
CommitLimit:    256956 kB
Committed_AS:     2848 kB
VmallocTotal:   516056 kB
VmallocUsed:        72 kB
VmallocChunk:   515984 kB
Sun Nov 15 20:25:01 EST 2009
MemTotal:       513916 kB
MemFree:        417856 kB
Buffers:          5172 kB
Cached:          87556 kB
SwapCached:          0 kB
Active:          85728 kB
Inactive:         7364 kB
SwapTotal:           0 kB
SwapFree:            0 kB
Dirty:               0 kB
Writeback:           0 kB
AnonPages:         404 kB
Mapped:            984 kB
Slab:             2344 kB
SReclaimable:      896 kB
SUnreclaim:       1448 kB
PageTables:         68 kB
NFS_Unstable:        0 kB
Bounce:              0 kB
CommitLimit:    256956 kB
Committed_AS:     2848 kB
VmallocTotal:   516056 kB
VmallocUsed:        72 kB
VmallocChunk:   515984 kB
Sun Nov 15 20:25:02 EST 2009
MemTotal:       513916 kB
MemFree:        414632 kB
Buffers:          5172 kB
Cached:          90812 kB
SwapCached:          0 kB
Active:          88984 kB
Inactive:         7364 kB
SwapTotal:           0 kB
SwapFree:            0 kB
Dirty:               0 kB
Writeback:           0 kB
AnonPages:         404 kB
Mapped:            984 kB
Slab:             2348 kB
SReclaimable:      896 kB
SUnreclaim:       1452 kB
PageTables:         68 kB
NFS_Unstable:        0 kB
Bounce:              0 kB
CommitLimit:    256956 kB
Committed_AS:     2848 kB
VmallocTotal:   516056 kB
VmallocUsed:        72 kB
VmallocChunk:   515984 kB
Sun Nov 15 20:25:03 EST 2009
MemTotal:       513916 kB
MemFree:        411284 kB
Buffers:          5172 kB
Cached:          94136 kB
SwapCached:          0 kB
Active:          92308 kB
Inactive:         7364 kB
SwapTotal:           0 kB
SwapFree:            0 kB
Dirty:               0 kB
Writeback:           0 kB
AnonPages:         404 kB
Mapped:            984 kB
Slab:             2352 kB
SReclaimable:      896 kB
SUnreclaim:       1456 kB
PageTables:         68 kB
NFS_Unstable:        0 kB
Bounce:              0 kB
CommitLimit:    256956 kB
Committed_AS:     2848 kB
VmallocTotal:   516056 kB
VmallocUsed:        72 kB
VmallocChunk:   515984 kB
Sun Nov 15 20:25:04 EST 2009
MemTotal:       513916 kB
MemFree:        407936 kB
Buffers:          5172 kB
Cached:          97464 kB
SwapCached:          0 kB
Active:          95632 kB
Inactive:         7368 kB
SwapTotal:           0 kB
SwapFree:            0 kB
Dirty:               0 kB
Writeback:           0 kB
AnonPages:         404 kB
Mapped:            984 kB
Slab:             2356 kB
SReclaimable:      896 kB
SUnreclaim:       1460 kB
PageTables:         68 kB
NFS_Unstable:        0 kB
Bounce:              0 kB
CommitLimit:    256956 kB
Committed_AS:     2848 kB
VmallocTotal:   516056 kB
VmallocUsed:        72 kB
VmallocChunk:   515984 kB
Sun Nov 15 20:25:05 EST 2009
MemTotal:       513916 kB
MemFree:        405208 kB
Buffers:          5172 kB
Cached:         100132 kB
SwapCached:          0 kB
Active:          98304 kB
Inactive:         7364 kB
SwapTotal:           0 kB
SwapFree:            0 kB
Dirty:               0 kB
Writeback:           0 kB
AnonPages:         404 kB
Mapped:            984 kB
Slab:             2360 kB
SReclaimable:      896 kB
SUnreclaim:       1464 kB
PageTables:         68 kB
NFS_Unstable:        0 kB
Bounce:              0 kB
CommitLimit:    256956 kB
Committed_AS:     2848 kB
VmallocTotal:   516056 kB
VmallocUsed:        72 kB
VmallocChunk:   515984 kB
Sun Nov 15 20:25:06 EST 2009
MemTotal:       513916 kB
MemFree:        402976 kB
Buffers:          5172 kB
Cached:         102452 kB
SwapCached:          0 kB
Active:         100624 kB
Inactive:         7364 kB
SwapTotal:           0 kB
SwapFree:            0 kB
Dirty:               0 kB
Writeback:           0 kB
AnonPages:         404 kB
Mapped:            984 kB
Slab:             2364 kB
SReclaimable:      896 kB
SUnreclaim:       1468 kB
PageTables:         68 kB
NFS_Unstable:        0 kB
Bounce:              0 kB
CommitLimit:    256956 kB
Committed_AS:     2848 kB
VmallocTotal:   516056 kB
VmallocUsed:        72 kB
VmallocChunk:   515984 kB
Sun Nov 15 20:25:07 EST 2009
MemTotal:       513916 kB
MemFree:        401612 kB
Buffers:          5172 kB
Cached:         103736 kB
SwapCached:          0 kB
Active:         101908 kB
Inactive:         7364 kB
SwapTotal:           0 kB
SwapFree:            0 kB
Dirty:               0 kB
Writeback:           0 kB
AnonPages:         404 kB
Mapped:            984 kB
Slab:             2364 kB
SReclaimable:      896 kB
SUnreclaim:       1468 kB
PageTables:         68 kB
NFS_Unstable:        0 kB
Bounce:              0 kB
CommitLimit:    256956 kB
Committed_AS:     2848 kB
VmallocTotal:   516056 kB
VmallocUsed:        72 kB
VmallocChunk:   515984 kB
Sun Nov 15 20:25:08 EST 2009
MemTotal:       513916 kB
MemFree:        400496 kB
Buffers:          5172 kB
Cached:         104928 kB
SwapCached:          0 kB
Active:         103100 kB
Inactive:         7364 kB
SwapTotal:           0 kB
SwapFree:            0 kB
Dirty:               0 kB
Writeback:           0 kB
AnonPages:         404 kB
Mapped:            984 kB
Slab:             2368 kB
SReclaimable:      896 kB
SUnreclaim:       1472 kB
PageTables:         68 kB
NFS_Unstable:        0 kB
Bounce:              0 kB
CommitLimit:    256956 kB
Committed_AS:     2848 kB
VmallocTotal:   516056 kB
VmallocUsed:        72 kB
VmallocChunk:   515984 kB
Sun Nov 15 20:25:09 EST 2009
MemTotal:       513916 kB
MemFree:        399380 kB
Buffers:          5172 kB
Cached:         105948 kB
SwapCached:          0 kB
Active:         104120 kB
Inactive:         7364 kB
SwapTotal:           0 kB
SwapFree:            0 kB
Dirty:               0 kB
Writeback:           0 kB
AnonPages:         404 kB
Mapped:            984 kB
Slab:             2368 kB
SReclaimable:      896 kB
SUnreclaim:       1472 kB
PageTables:         68 kB
NFS_Unstable:        0 kB
Bounce:              0 kB
CommitLimit:    256956 kB
Committed_AS:     2848 kB
VmallocTotal:   516056 kB
VmallocUsed:        72 kB
VmallocChunk:   515984 kB
Sun Nov 15 20:25:10 EST 2009
MemTotal:       513916 kB
MemFree:        398264 kB
Buffers:          5172 kB
Cached:         107152 kB
SwapCached:          0 kB
Active:         105324 kB
Inactive:         7364 kB
SwapTotal:           0 kB
SwapFree:            0 kB
Dirty:               0 kB
Writeback:           0 kB
AnonPages:         404 kB
Mapped:            984 kB
Slab:             2368 kB
SReclaimable:      896 kB
SUnreclaim:       1472 kB
PageTables:         68 kB
NFS_Unstable:        0 kB
Bounce:              0 kB
CommitLimit:    256956 kB
Committed_AS:     2848 kB
VmallocTotal:   516056 kB
VmallocUsed:        72 kB
VmallocChunk:   515984 kB
Sun Nov 15 20:25:11 EST 2009
MemTotal:       513916 kB
MemFree:        396900 kB
Buffers:          5172 kB
Cached:         108464 kB
SwapCached:          0 kB
Active:         106632 kB
Inactive:         7368 kB
SwapTotal:           0 kB
SwapFree:            0 kB
Dirty:               0 kB
Writeback:           0 kB
AnonPages:         404 kB
Mapped:            984 kB
Slab:             2372 kB
SReclaimable:      896 kB
SUnreclaim:       1476 kB
PageTables:         68 kB
NFS_Unstable:        0 kB
Bounce:              0 kB
CommitLimit:    256956 kB
Committed_AS:     2848 kB
VmallocTotal:   516056 kB
VmallocUsed:        72 kB
VmallocChunk:   515984 kB
Sun Nov 15 20:25:12 EST 2009
MemTotal:       513916 kB
MemFree:        395040 kB
Buffers:          5172 kB
Cached:         110296 kB
SwapCached:          0 kB
Active:         108468 kB
Inactive:         7364 kB
SwapTotal:           0 kB
SwapFree:            0 kB
Dirty:               0 kB
Writeback:           0 kB
AnonPages:         404 kB
Mapped:            984 kB
Slab:             2372 kB
SReclaimable:      896 kB
SUnreclaim:       1476 kB
PageTables:         68 kB
NFS_Unstable:        0 kB
Bounce:              0 kB
CommitLimit:    256956 kB
Committed_AS:     2848 kB
VmallocTotal:   516056 kB
VmallocUsed:        72 kB
VmallocChunk:   515984 kB
Sun Nov 15 20:25:13 EST 2009
MemTotal:       513916 kB
MemFree:        393304 kB
Buffers:          5172 kB
Cached:         112120 kB
SwapCached:          0 kB
Active:         110292 kB
Inactive:         7364 kB
SwapTotal:           0 kB
SwapFree:            0 kB
Dirty:               0 kB
Writeback:           0 kB
AnonPages:         404 kB
Mapped:            984 kB
Slab:             2376 kB
SReclaimable:      896 kB
SUnreclaim:       1480 kB
PageTables:         68 kB
NFS_Unstable:        0 kB
Bounce:              0 kB
CommitLimit:    256956 kB
Committed_AS:     2848 kB
VmallocTotal:   516056 kB
VmallocUsed:        72 kB
VmallocChunk:   515984 kB
Sun Nov 15 20:25:14 EST 2009
MemTotal:       513916 kB
MemFree:        391816 kB
Buffers:          5172 kB
Cached:         113584 kB
SwapCached:          0 kB
Active:         111756 kB
Inactive:         7364 kB
SwapTotal:           0 kB
SwapFree:            0 kB
Dirty:               0 kB
Writeback:           0 kB
AnonPages:         404 kB
Mapped:            984 kB
Slab:             2376 kB
SReclaimable:      896 kB
SUnreclaim:       1480 kB
PageTables:         68 kB
NFS_Unstable:        0 kB
Bounce:              0 kB
CommitLimit:    256956 kB
Committed_AS:     2848 kB
VmallocTotal:   516056 kB
VmallocUsed:        72 kB
VmallocChunk:   515984 kB
Sun Nov 15 20:25:15 EST 2009
MemTotal:       513916 kB
MemFree:        390948 kB
Buffers:          5172 kB
Cached:         114476 kB
SwapCached:          0 kB
Active:         112648 kB
Inactive:         7364 kB
SwapTotal:           0 kB
SwapFree:            0 kB
Dirty:               0 kB
Writeback:           0 kB
AnonPages:         404 kB
Mapped:            984 kB
Slab:             2380 kB
SReclaimable:      896 kB
SUnreclaim:       1484 kB
PageTables:         68 kB
NFS_Unstable:        0 kB
Bounce:              0 kB
CommitLimit:    256956 kB
Committed_AS:     2848 kB
VmallocTotal:   516056 kB
VmallocUsed:        72 kB
VmallocChunk:   515984 kB
Sun Nov 15 20:25:16 EST 2009
MemTotal:       513916 kB
MemFree:        389832 kB
Buffers:          5172 kB
Cached:         115544 kB
SwapCached:          0 kB
Active:         113716 kB
Inactive:         7364 kB
SwapTotal:           0 kB
SwapFree:            0 kB
Dirty:               0 kB
Writeback:           0 kB
AnonPages:         404 kB
Mapped:            984 kB
Slab:             2380 kB
SReclaimable:      896 kB
SUnreclaim:       1484 kB
PageTables:         68 kB
NFS_Unstable:        0 kB
Bounce:              0 kB
CommitLimit:    256956 kB
Committed_AS:     2848 kB
VmallocTotal:   516056 kB
VmallocUsed:        72 kB
VmallocChunk:   515984 kB
Sun Nov 15 20:25:17 EST 2009
MemTotal:       513916 kB
MemFree:        388716 kB
Buffers:          5172 kB
Cached:         116676 kB
SwapCached:          0 kB
Active:         114848 kB
Inactive:         7364 kB
SwapTotal:           0 kB
SwapFree:            0 kB
Dirty:               0 kB
Writeback:           0 kB
AnonPages:         404 kB
Mapped:            984 kB
Slab:             2380 kB
SReclaimable:      896 kB
SUnreclaim:       1484 kB
PageTables:         68 kB
NFS_Unstable:        0 kB
Bounce:              0 kB
CommitLimit:    256956 kB
Committed_AS:     2848 kB
VmallocTotal:   516056 kB
VmallocUsed:        72 kB
VmallocChunk:   515984 kB
Sun Nov 15 20:25:18 EST 2009
MemTotal:       513916 kB
MemFree:        387724 kB
Buffers:          5172 kB
Cached:         117664 kB
SwapCached:          0 kB
Active:         115832 kB
Inactive:         7368 kB
SwapTotal:           0 kB
SwapFree:            0 kB
Dirty:               0 kB
Writeback:           0 kB
AnonPages:         404 kB
Mapped:            984 kB
Slab:             2384 kB
SReclaimable:      896 kB
SUnreclaim:       1488 kB
PageTables:         68 kB
NFS_Unstable:        0 kB
Bounce:              0 kB
CommitLimit:    256956 kB
Committed_AS:     2848 kB
VmallocTotal:   516056 kB
VmallocUsed:        72 kB
VmallocChunk:   515984 kB
Sun Nov 15 20:25:19 EST 2009
MemTotal:       513916 kB
MemFree:        386360 kB
Buffers:          5172 kB
Cached:         119012 kB
SwapCached:          0 kB
Active:         117184 kB
Inactive:         7364 kB
SwapTotal:           0 kB
SwapFree:            0 kB
Dirty:               0 kB
Writeback:           0 kB
AnonPages:         404 kB
Mapped:            984 kB
Slab:             2384 kB
SReclaimable:      896 kB
SUnreclaim:       1488 kB
PageTables:         68 kB
NFS_Unstable:        0 kB
Bounce:              0 kB
CommitLimit:    256956 kB
Committed_AS:     2848 kB
VmallocTotal:   516056 kB
VmallocUsed:        72 kB
VmallocChunk:   515984 kB
Sun Nov 15 20:25:20 EST 2009
MemTotal:       513916 kB
MemFree:        385120 kB
Buffers:          5172 kB
Cached:         120244 kB
SwapCached:          0 kB
Active:         118416 kB
Inactive:         7364 kB
SwapTotal:           0 kB
SwapFree:            0 kB
Dirty:               0 kB
Writeback:           0 kB
AnonPages:         404 kB
Mapped:            984 kB
Slab:             2384 kB
SReclaimable:      896 kB
SUnreclaim:       1488 kB
PageTables:         68 kB
NFS_Unstable:        0 kB
Bounce:              0 kB
CommitLimit:    256956 kB
Committed_AS:     2848 kB
VmallocTotal:   516056 kB
VmallocUsed:        72 kB
VmallocChunk:   515984 kB
Sun Nov 15 20:25:21 EST 2009
MemTotal:       513916 kB
MemFree:        383384 kB
Buffers:          5172 kB
Cached:         121976 kB
SwapCached:          0 kB
Active:         120148 kB
Inactive:         7364 kB
SwapTotal:           0 kB
SwapFree:            0 kB
Dirty:               0 kB
Writeback:           0 kB
AnonPages:         404 kB
Mapped:            984 kB
Slab:             2388 kB
SReclaimable:      896 kB
SUnreclaim:       1492 kB
PageTables:         68 kB
NFS_Unstable:        0 kB
Bounce:              0 kB
CommitLimit:    256956 kB
Committed_AS:     2848 kB
VmallocTotal:   516056 kB
VmallocUsed:        72 kB
VmallocChunk:   515984 kB
Sun Nov 15 20:25:22 EST 2009
MemTotal:       513916 kB
MemFree:        382392 kB
Buffers:          5172 kB
Cached:         123016 kB
SwapCached:          0 kB
Active:         121184 kB
Inactive:         7368 kB
SwapTotal:           0 kB
SwapFree:            0 kB
Dirty:               0 kB
Writeback:           0 kB
AnonPages:         404 kB
Mapped:            984 kB
Slab:             2388 kB
SReclaimable:      896 kB
SUnreclaim:       1492 kB
PageTables:         68 kB
NFS_Unstable:        0 kB
Bounce:              0 kB
CommitLimit:    256956 kB
Committed_AS:     2848 kB
VmallocTotal:   516056 kB
VmallocUsed:        72 kB
VmallocChunk:   515984 kB
Sun Nov 15 20:25:23 EST 2009
MemTotal:       513916 kB
MemFree:        381400 kB
Buffers:          5172 kB
Cached:         123908 kB
SwapCached:          0 kB
Active:         122080 kB
Inactive:         7364 kB
SwapTotal:           0 kB
SwapFree:            0 kB
Dirty:               0 kB
Writeback:           0 kB
AnonPages:         404 kB
Mapped:            984 kB
Slab:             2392 kB
SReclaimable:      896 kB
SUnreclaim:       1496 kB
PageTables:         68 kB
NFS_Unstable:        0 kB
Bounce:              0 kB
CommitLimit:    256956 kB
Committed_AS:     2848 kB
VmallocTotal:   516056 kB
VmallocUsed:        72 kB
VmallocChunk:   515984 kB
Sun Nov 15 20:25:24 EST 2009
MemTotal:       513916 kB
MemFree:        377928 kB
Buffers:          5172 kB
Cached:         127440 kB
SwapCached:          0 kB
Active:         125612 kB
Inactive:         7364 kB
SwapTotal:           0 kB
SwapFree:            0 kB
Dirty:               0 kB
Writeback:           0 kB
AnonPages:         404 kB
Mapped:            984 kB
Slab:             2396 kB
SReclaimable:      896 kB
SUnreclaim:       1500 kB
PageTables:         68 kB
NFS_Unstable:        0 kB
Bounce:              0 kB
CommitLimit:    256956 kB
Committed_AS:     2848 kB
VmallocTotal:   516056 kB
VmallocUsed:        72 kB
VmallocChunk:   515984 kB
Sun Nov 15 20:25:25 EST 2009
MemTotal:       513916 kB
MemFree:        374332 kB
Buffers:          5172 kB
Cached:         131072 kB
SwapCached:          0 kB
Active:         129244 kB
Inactive:         7364 kB
SwapTotal:           0 kB
SwapFree:            0 kB
Dirty:               0 kB
Writeback:           0 kB
AnonPages:         404 kB
Mapped:            984 kB
Slab:             2400 kB
SReclaimable:      896 kB
SUnreclaim:       1504 kB
PageTables:         68 kB
NFS_Unstable:        0 kB
Bounce:              0 kB
CommitLimit:    256956 kB
Committed_AS:     2848 kB
VmallocTotal:   516056 kB
VmallocUsed:        72 kB
VmallocChunk:   515984 kB
Sun Nov 15 20:25:26 EST 2009
MemTotal:       513916 kB
MemFree:        370612 kB
Buffers:          5172 kB
Cached:         134772 kB
SwapCached:          0 kB
Active:         132940 kB
Inactive:         7368 kB
SwapTotal:           0 kB
SwapFree:            0 kB
Dirty:               0 kB
Writeback:           0 kB
AnonPages:         404 kB
Mapped:            984 kB
Slab:             2404 kB
SReclaimable:      896 kB
SUnreclaim:       1508 kB
PageTables:         68 kB
NFS_Unstable:        0 kB
Bounce:              0 kB
CommitLimit:    256956 kB
Committed_AS:     2848 kB
VmallocTotal:   516056 kB
VmallocUsed:        72 kB
VmallocChunk:   515984 kB
Sun Nov 15 20:25:27 EST 2009
MemTotal:       513916 kB
MemFree:        366768 kB
Buffers:          5172 kB
Cached:         138636 kB
SwapCached:          0 kB
Active:         136808 kB
Inactive:         7364 kB
SwapTotal:           0 kB
SwapFree:            0 kB
Dirty:               0 kB
Writeback:           0 kB
AnonPages:         404 kB
Mapped:            984 kB
Slab:             2408 kB
SReclaimable:      896 kB
SUnreclaim:       1512 kB
PageTables:         68 kB
NFS_Unstable:        0 kB
Bounce:              0 kB
CommitLimit:    256956 kB
Committed_AS:     2848 kB
VmallocTotal:   516056 kB
VmallocUsed:        72 kB
VmallocChunk:   515984 kB
Sun Nov 15 20:25:28 EST 2009
MemTotal:       513916 kB
MemFree:        363048 kB
Buffers:          5172 kB
Cached:         142312 kB
SwapCached:          0 kB
Active:         140480 kB
Inactive:         7368 kB
SwapTotal:           0 kB
SwapFree:            0 kB
Dirty:               0 kB
Writeback:           0 kB
AnonPages:         404 kB
Mapped:            984 kB
Slab:             2412 kB
SReclaimable:      896 kB
SUnreclaim:       1516 kB
PageTables:         68 kB
NFS_Unstable:        0 kB
Bounce:              0 kB
CommitLimit:    256956 kB
Committed_AS:     2848 kB
VmallocTotal:   516056 kB
VmallocUsed:        72 kB
VmallocChunk:   515984 kB
Sun Nov 15 20:25:29 EST 2009
MemTotal:       513916 kB
MemFree:        359948 kB
Buffers:          5172 kB
Cached:         145444 kB
SwapCached:          0 kB
Active:         143616 kB
Inactive:         7364 kB
SwapTotal:           0 kB
SwapFree:            0 kB
Dirty:               0 kB
Writeback:           0 kB
AnonPages:         404 kB
Mapped:            984 kB
Slab:             2416 kB
SReclaimable:      896 kB
SUnreclaim:       1520 kB
PageTables:         68 kB
NFS_Unstable:        0 kB
Bounce:              0 kB
CommitLimit:    256956 kB
Committed_AS:     2848 kB
VmallocTotal:   516056 kB
VmallocUsed:        72 kB
VmallocChunk:   515984 kB
Sun Nov 15 20:25:30 EST 2009
MemTotal:       513916 kB
MemFree:        356724 kB
Buffers:          5172 kB
Cached:         148648 kB
SwapCached:          0 kB
Active:         146820 kB
Inactive:         7364 kB
SwapTotal:           0 kB
SwapFree:            0 kB
Dirty:               0 kB
Writeback:           0 kB
AnonPages:         404 kB
Mapped:            984 kB
Slab:             2420 kB
SReclaimable:      896 kB
SUnreclaim:       1524 kB
PageTables:         68 kB
NFS_Unstable:        0 kB
Bounce:              0 kB
CommitLimit:    256956 kB
Committed_AS:     2848 kB
VmallocTotal:   516056 kB
VmallocUsed:        72 kB
VmallocChunk:   515984 kB
Sun Nov 15 20:25:31 EST 2009
MemTotal:       513916 kB
MemFree:        353500 kB
Buffers:          5172 kB
Cached:         151872 kB
SwapCached:          0 kB
Active:         150044 kB
Inactive:         7364 kB
SwapTotal:           0 kB
SwapFree:            0 kB
Dirty:               0 kB
Writeback:           0 kB
AnonPages:         404 kB
Mapped:            984 kB
Slab:             2424 kB
SReclaimable:      896 kB
SUnreclaim:       1528 kB
PageTables:         68 kB
NFS_Unstable:        0 kB
Bounce:              0 kB
CommitLimit:    256956 kB
Committed_AS:     2848 kB
VmallocTotal:   516056 kB
VmallocUsed:        72 kB
VmallocChunk:   515984 kB
Sun Nov 15 20:25:32 EST 2009
MemTotal:       513916 kB
MemFree:        350152 kB
Buffers:          5172 kB
Cached:         155208 kB
SwapCached:          0 kB
Active:         153380 kB
Inactive:         7364 kB
SwapTotal:           0 kB
SwapFree:            0 kB
Dirty:               0 kB
Writeback:           0 kB
AnonPages:         404 kB
Mapped:            984 kB
Slab:             2428 kB
SReclaimable:      896 kB
SUnreclaim:       1532 kB
PageTables:         68 kB
NFS_Unstable:        0 kB
Bounce:              0 kB
CommitLimit:    256956 kB
Committed_AS:     2848 kB
VmallocTotal:   516056 kB
VmallocUsed:        72 kB
VmallocChunk:   515984 kB
Sun Nov 15 20:25:33 EST 2009
MemTotal:       513916 kB
MemFree:        347300 kB
Buffers:          5172 kB
Cached:         158076 kB
SwapCached:          0 kB
Active:         156248 kB
Inactive:         7364 kB
SwapTotal:           0 kB
SwapFree:            0 kB
Dirty:               0 kB
Writeback:           0 kB
AnonPages:         404 kB
Mapped:            984 kB
Slab:             2432 kB
SReclaimable:      896 kB
SUnreclaim:       1536 kB
PageTables:         68 kB
NFS_Unstable:        0 kB
Bounce:              0 kB
CommitLimit:    256956 kB
Committed_AS:     2848 kB
VmallocTotal:   516056 kB
VmallocUsed:        72 kB
VmallocChunk:   515984 kB
Sun Nov 15 20:25:34 EST 2009
MemTotal:       513916 kB
MemFree:        343952 kB
Buffers:          5172 kB
Cached:         161308 kB
SwapCached:          0 kB
Active:         159480 kB
Inactive:         7364 kB
SwapTotal:           0 kB
SwapFree:            0 kB
Dirty:               0 kB
Writeback:           0 kB
AnonPages:         404 kB
Mapped:            984 kB
Slab:             2436 kB
SReclaimable:      896 kB
SUnreclaim:       1540 kB
PageTables:         68 kB
NFS_Unstable:        0 kB
Bounce:              0 kB
CommitLimit:    256956 kB
Committed_AS:     2848 kB
VmallocTotal:   516056 kB
VmallocUsed:        72 kB
VmallocChunk:   515984 kB
Sun Nov 15 20:25:35 EST 2009
MemTotal:       513916 kB
MemFree:        340728 kB
Buffers:          5172 kB
Cached:         164564 kB
SwapCached:          0 kB
Active:         162736 kB
Inactive:         7364 kB
SwapTotal:           0 kB
SwapFree:            0 kB
Dirty:               0 kB
Writeback:           0 kB
AnonPages:         404 kB
Mapped:            984 kB
Slab:             2440 kB
SReclaimable:      896 kB
SUnreclaim:       1544 kB
PageTables:         68 kB
NFS_Unstable:        0 kB
Bounce:              0 kB
CommitLimit:    256956 kB
Committed_AS:     2848 kB
VmallocTotal:   516056 kB
VmallocUsed:        72 kB
VmallocChunk:   515984 kB
Sun Nov 15 20:25:37 EST 2009
MemTotal:       513916 kB
MemFree:        337256 kB
Buffers:          5172 kB
Cached:         168032 kB
SwapCached:          0 kB
Active:         166204 kB
Inactive:         7364 kB
SwapTotal:           0 kB
SwapFree:            0 kB
Dirty:               0 kB
Writeback:           0 kB
AnonPages:         404 kB
Mapped:            984 kB
Slab:             2444 kB
SReclaimable:      896 kB
SUnreclaim:       1548 kB
PageTables:         68 kB
NFS_Unstable:        0 kB
Bounce:              0 kB
CommitLimit:    256956 kB
Committed_AS:     2848 kB
VmallocTotal:   516056 kB
VmallocUsed:        72 kB
VmallocChunk:   515984 kB
Sun Nov 15 20:25:38 EST 2009
MemTotal:       513916 kB
MemFree:        333784 kB
Buffers:          5172 kB
Cached:         171488 kB
SwapCached:          0 kB
Active:         169660 kB
Inactive:         7364 kB
SwapTotal:           0 kB
SwapFree:            0 kB
Dirty:               0 kB
Writeback:           0 kB
AnonPages:         404 kB
Mapped:            984 kB
Slab:             2448 kB
SReclaimable:      896 kB
SUnreclaim:       1552 kB
PageTables:         68 kB
NFS_Unstable:        0 kB
Bounce:              0 kB
CommitLimit:    256956 kB
Committed_AS:     2848 kB
VmallocTotal:   516056 kB
VmallocUsed:        72 kB
VmallocChunk:   515984 kB
Sun Nov 15 20:25:39 EST 2009
MemTotal:       513916 kB
MemFree:        330436 kB
Buffers:          5172 kB
Cached:         174812 kB
SwapCached:          0 kB
Active:         172984 kB
Inactive:         7364 kB
SwapTotal:           0 kB
SwapFree:            0 kB
Dirty:               0 kB
Writeback:           0 kB
AnonPages:         404 kB
Mapped:            984 kB
Slab:             2452 kB
SReclaimable:      896 kB
SUnreclaim:       1556 kB
PageTables:         68 kB
NFS_Unstable:        0 kB
Bounce:              0 kB
CommitLimit:    256956 kB
Committed_AS:     2848 kB
VmallocTotal:   516056 kB
VmallocUsed:        72 kB
VmallocChunk:   515984 kB
Sun Nov 15 20:25:40 EST 2009
MemTotal:       513916 kB
MemFree:        326964 kB
Buffers:          5172 kB
Cached:         178336 kB
SwapCached:          0 kB
Active:         176508 kB
Inactive:         7364 kB
SwapTotal:           0 kB
SwapFree:            0 kB
Dirty:               0 kB
Writeback:           0 kB
AnonPages:         404 kB
Mapped:            984 kB
Slab:             2456 kB
SReclaimable:      896 kB
SUnreclaim:       1560 kB
PageTables:         68 kB
NFS_Unstable:        0 kB
Bounce:              0 kB
CommitLimit:    256956 kB
Committed_AS:     2848 kB
VmallocTotal:   516056 kB
VmallocUsed:        72 kB
VmallocChunk:   515984 kB
Sun Nov 15 20:25:41 EST 2009
MemTotal:       513916 kB
MemFree:        323740 kB
Buffers:          5172 kB
Cached:         181604 kB
SwapCached:          0 kB
Active:         179776 kB
Inactive:         7364 kB
SwapTotal:           0 kB
SwapFree:            0 kB
Dirty:               0 kB
Writeback:           0 kB
AnonPages:         404 kB
Mapped:            984 kB
Slab:             2460 kB
SReclaimable:      896 kB
SUnreclaim:       1564 kB
PageTables:         68 kB
NFS_Unstable:        0 kB
Bounce:              0 kB
CommitLimit:    256956 kB
Committed_AS:     2848 kB
VmallocTotal:   516056 kB
VmallocUsed:        72 kB
VmallocChunk:   515984 kB
Sun Nov 15 20:25:42 EST 2009
MemTotal:       513916 kB
MemFree:        320392 kB
Buffers:          5172 kB
Cached:         184924 kB
SwapCached:          0 kB
Active:         183096 kB
Inactive:         7364 kB
SwapTotal:           0 kB
SwapFree:            0 kB
Dirty:               0 kB
Writeback:           0 kB
AnonPages:         404 kB
Mapped:            984 kB
Slab:             2464 kB
SReclaimable:      896 kB
SUnreclaim:       1568 kB
PageTables:         68 kB
NFS_Unstable:        0 kB
Bounce:              0 kB
CommitLimit:    256956 kB
Committed_AS:     2848 kB
VmallocTotal:   516056 kB
VmallocUsed:        72 kB
VmallocChunk:   515984 kB
Sun Nov 15 20:25:43 EST 2009
MemTotal:       513916 kB
MemFree:        317168 kB
Buffers:          5172 kB
Cached:         188124 kB
SwapCached:          0 kB
Active:         186296 kB
Inactive:         7364 kB
SwapTotal:           0 kB
SwapFree:            0 kB
Dirty:               0 kB
Writeback:           0 kB
AnonPages:         404 kB
Mapped:            984 kB
Slab:             2468 kB
SReclaimable:      896 kB
SUnreclaim:       1572 kB
PageTables:         68 kB
NFS_Unstable:        0 kB
Bounce:              0 kB
CommitLimit:    256956 kB
Committed_AS:     2848 kB
VmallocTotal:   516056 kB
VmallocUsed:        72 kB
VmallocChunk:   515984 kB
Sun Nov 15 20:25:44 EST 2009
MemTotal:       513916 kB
MemFree:        313820 kB
Buffers:          5172 kB
Cached:         191504 kB
SwapCached:          0 kB
Active:         189676 kB
Inactive:         7364 kB
SwapTotal:           0 kB
SwapFree:            0 kB
Dirty:               0 kB
Writeback:           0 kB
AnonPages:         404 kB
Mapped:            984 kB
Slab:             2472 kB
SReclaimable:      896 kB
SUnreclaim:       1576 kB
PageTables:         68 kB
NFS_Unstable:        0 kB
Bounce:              0 kB
CommitLimit:    256956 kB
Committed_AS:     2848 kB
VmallocTotal:   516056 kB
VmallocUsed:        72 kB
VmallocChunk:   515984 kB
Sun Nov 15 20:25:45 EST 2009
MemTotal:       513916 kB
MemFree:        312332 kB
Buffers:          5172 kB
Cached:         192960 kB
SwapCached:          0 kB
Active:         191132 kB
Inactive:         7364 kB
SwapTotal:           0 kB
SwapFree:            0 kB
Dirty:               0 kB
Writeback:           0 kB
AnonPages:         404 kB
Mapped:            984 kB
Slab:             2476 kB
SReclaimable:      896 kB
SUnreclaim:       1580 kB
PageTables:         68 kB
NFS_Unstable:        0 kB
Bounce:              0 kB
CommitLimit:    256956 kB
Committed_AS:     2848 kB
VmallocTotal:   516056 kB
VmallocUsed:        72 kB
VmallocChunk:   515984 kB
Sun Nov 15 20:25:46 EST 2009
MemTotal:       513916 kB
MemFree:        309480 kB
Buffers:          5172 kB
Cached:         195844 kB
SwapCached:          0 kB
Active:         194016 kB
Inactive:         7364 kB
SwapTotal:           0 kB
SwapFree:            0 kB
Dirty:               0 kB
Writeback:           0 kB
AnonPages:         404 kB
Mapped:            984 kB
Slab:             2480 kB
SReclaimable:      896 kB
SUnreclaim:       1584 kB
PageTables:         68 kB
NFS_Unstable:        0 kB
Bounce:              0 kB
CommitLimit:    256956 kB
Committed_AS:     2848 kB
VmallocTotal:   516056 kB
VmallocUsed:        72 kB
VmallocChunk:   515984 kB
Sun Nov 15 20:25:47 EST 2009
MemTotal:       513916 kB
MemFree:        306628 kB
Buffers:          5172 kB
Cached:         198708 kB
SwapCached:          0 kB
Active:         196880 kB
Inactive:         7364 kB
SwapTotal:           0 kB
SwapFree:            0 kB
Dirty:               0 kB
Writeback:           0 kB
AnonPages:         404 kB
Mapped:            984 kB
Slab:             2480 kB
SReclaimable:      896 kB
SUnreclaim:       1584 kB
PageTables:         68 kB
NFS_Unstable:        0 kB
Bounce:              0 kB
CommitLimit:    256956 kB
Committed_AS:     2848 kB
VmallocTotal:   516056 kB
VmallocUsed:        72 kB
VmallocChunk:   515984 kB
Sun Nov 15 20:25:48 EST 2009
MemTotal:       513916 kB
MemFree:        303404 kB
Buffers:          5172 kB
Cached:         201912 kB
SwapCached:          0 kB
Active:         200084 kB
Inactive:         7364 kB
SwapTotal:           0 kB
SwapFree:            0 kB
Dirty:               0 kB
Writeback:           0 kB
AnonPages:         404 kB
Mapped:            984 kB
Slab:             2484 kB
SReclaimable:      896 kB
SUnreclaim:       1588 kB
PageTables:         68 kB
NFS_Unstable:        0 kB
Bounce:              0 kB
CommitLimit:    256956 kB
Committed_AS:     2848 kB
VmallocTotal:   516056 kB
VmallocUsed:        72 kB
VmallocChunk:   515984 kB
Sun Nov 15 20:25:49 EST 2009
MemTotal:       513916 kB
MemFree:        300180 kB
Buffers:          5172 kB
Cached:         205044 kB
SwapCached:          0 kB
Active:         203216 kB
Inactive:         7364 kB
SwapTotal:           0 kB
SwapFree:            0 kB
Dirty:               0 kB
Writeback:           0 kB
AnonPages:         404 kB
Mapped:            984 kB
Slab:             2488 kB
SReclaimable:      896 kB
SUnreclaim:       1592 kB
PageTables:         68 kB
NFS_Unstable:        0 kB
Bounce:              0 kB
CommitLimit:    256956 kB
Committed_AS:     2848 kB
VmallocTotal:   516056 kB
VmallocUsed:        72 kB
VmallocChunk:   515984 kB
Sun Nov 15 20:25:50 EST 2009
MemTotal:       513916 kB
MemFree:        297452 kB
Buffers:          5172 kB
Cached:         207852 kB
SwapCached:          0 kB
Active:         206024 kB
Inactive:         7364 kB
SwapTotal:           0 kB
SwapFree:            0 kB
Dirty:               0 kB
Writeback:           0 kB
AnonPages:         404 kB
Mapped:            984 kB
Slab:             2492 kB
SReclaimable:      896 kB
SUnreclaim:       1596 kB
PageTables:         68 kB
NFS_Unstable:        0 kB
Bounce:              0 kB
CommitLimit:    256956 kB
Committed_AS:     2848 kB
VmallocTotal:   516056 kB
VmallocUsed:        72 kB
VmallocChunk:   515984 kB
Sun Nov 15 20:25:51 EST 2009
MemTotal:       513916 kB
MemFree:        294352 kB
Buffers:          5172 kB
Cached:         210852 kB
SwapCached:          0 kB
Active:         209024 kB
Inactive:         7364 kB
SwapTotal:           0 kB
SwapFree:            0 kB
Dirty:               0 kB
Writeback:           0 kB
AnonPages:         404 kB
Mapped:            984 kB
Slab:             2496 kB
SReclaimable:      896 kB
SUnreclaim:       1600 kB
PageTables:         68 kB
NFS_Unstable:        0 kB
Bounce:              0 kB
CommitLimit:    256956 kB
Committed_AS:     2848 kB
VmallocTotal:   516056 kB
VmallocUsed:        72 kB
VmallocChunk:   515984 kB
Sun Nov 15 20:25:52 EST 2009
MemTotal:       513916 kB
MemFree:        293484 kB
Buffers:          5172 kB
Cached:         211808 kB
SwapCached:          0 kB
Active:         209980 kB
Inactive:         7364 kB
SwapTotal:           0 kB
SwapFree:            0 kB
Dirty:               0 kB
Writeback:           0 kB
AnonPages:         404 kB
Mapped:            984 kB
Slab:             2496 kB
SReclaimable:      896 kB
SUnreclaim:       1600 kB
PageTables:         68 kB
NFS_Unstable:        0 kB
Bounce:              0 kB
CommitLimit:    256956 kB
Committed_AS:     2848 kB
VmallocTotal:   516056 kB
VmallocUsed:        72 kB
VmallocChunk:   515984 kB
Sun Nov 15 20:25:53 EST 2009
MemTotal:       513916 kB
MemFree:        292616 kB
Buffers:          5172 kB
Cached:         212624 kB
SwapCached:          0 kB
Active:         210796 kB
Inactive:         7364 kB
SwapTotal:           0 kB
SwapFree:            0 kB
Dirty:               0 kB
Writeback:           0 kB
AnonPages:         404 kB
Mapped:            984 kB
Slab:             2500 kB
SReclaimable:      896 kB
SUnreclaim:       1604 kB
PageTables:         68 kB
NFS_Unstable:        0 kB
Bounce:              0 kB
CommitLimit:    256956 kB
Committed_AS:     2848 kB
VmallocTotal:   516056 kB
VmallocUsed:        72 kB
VmallocChunk:   515984 kB
Sun Nov 15 20:25:54 EST 2009
MemTotal:       513916 kB
MemFree:        291748 kB
Buffers:          5172 kB
Cached:         213484 kB
SwapCached:          0 kB
Active:         211656 kB
Inactive:         7364 kB
SwapTotal:           0 kB
SwapFree:            0 kB
Dirty:               0 kB
Writeback:           0 kB
AnonPages:         404 kB
Mapped:            984 kB
Slab:             2500 kB
SReclaimable:      896 kB
SUnreclaim:       1604 kB
PageTables:         68 kB
NFS_Unstable:        0 kB
Bounce:              0 kB
CommitLimit:    256956 kB
Committed_AS:     2848 kB
VmallocTotal:   516056 kB
VmallocUsed:        72 kB
VmallocChunk:   515984 kB
Sun Nov 15 20:25:55 EST 2009
MemTotal:       513916 kB
MemFree:        291128 kB
Buffers:          5172 kB
Cached:         214136 kB
SwapCached:          0 kB
Active:         212308 kB
Inactive:         7364 kB
SwapTotal:           0 kB
SwapFree:            0 kB
Dirty:               0 kB
Writeback:           0 kB
AnonPages:         404 kB
Mapped:            984 kB
Slab:             2500 kB
SReclaimable:      896 kB
SUnreclaim:       1604 kB
PageTables:         68 kB
NFS_Unstable:        0 kB
Bounce:              0 kB
CommitLimit:    256956 kB
Committed_AS:     2848 kB
VmallocTotal:   516056 kB
VmallocUsed:        72 kB
VmallocChunk:   515984 kB
Sun Nov 15 20:25:56 EST 2009
MemTotal:       513916 kB
MemFree:        289020 kB
Buffers:          5172 kB
Cached:         216212 kB
SwapCached:          0 kB
Active:         214384 kB
Inactive:         7364 kB
SwapTotal:           0 kB
SwapFree:            0 kB
Dirty:               0 kB
Writeback:           0 kB
AnonPages:         404 kB
Mapped:            984 kB
Slab:             2504 kB
SReclaimable:      896 kB
SUnreclaim:       1608 kB
PageTables:         68 kB
NFS_Unstable:        0 kB
Bounce:              0 kB
CommitLimit:    256956 kB
Committed_AS:     2848 kB
VmallocTotal:   516056 kB
VmallocUsed:        72 kB
VmallocChunk:   515984 kB
Sun Nov 15 20:25:57 EST 2009
MemTotal:       513916 kB
MemFree:        285796 kB
Buffers:          5172 kB
Cached:         219476 kB
SwapCached:          0 kB
Active:         217648 kB
Inactive:         7364 kB
SwapTotal:           0 kB
SwapFree:            0 kB
Dirty:               0 kB
Writeback:           0 kB
AnonPages:         404 kB
Mapped:            984 kB
Slab:             2508 kB
SReclaimable:      896 kB
SUnreclaim:       1612 kB
PageTables:         68 kB
NFS_Unstable:        0 kB
Bounce:              0 kB
CommitLimit:    256956 kB
Committed_AS:     2848 kB
VmallocTotal:   516056 kB
VmallocUsed:        72 kB
VmallocChunk:   515984 kB
Sun Nov 15 20:25:58 EST 2009
MemTotal:       513916 kB
MemFree:        282324 kB
Buffers:          5172 kB
Cached:         222912 kB
SwapCached:          0 kB
Active:         221084 kB
Inactive:         7364 kB
SwapTotal:           0 kB
SwapFree:            0 kB
Dirty:               0 kB
Writeback:           0 kB
AnonPages:         404 kB
Mapped:            984 kB
Slab:             2512 kB
SReclaimable:      896 kB
SUnreclaim:       1616 kB
PageTables:         68 kB
NFS_Unstable:        0 kB
Bounce:              0 kB
CommitLimit:    256956 kB
Committed_AS:     2848 kB
VmallocTotal:   516056 kB
VmallocUsed:        72 kB
VmallocChunk:   515984 kB
Sun Nov 15 20:25:59 EST 2009
MemTotal:       513916 kB
MemFree:        278852 kB
Buffers:          5172 kB
Cached:         226364 kB
SwapCached:          0 kB
Active:         224536 kB
Inactive:         7364 kB
SwapTotal:           0 kB
SwapFree:            0 kB
Dirty:               0 kB
Writeback:           0 kB
AnonPages:         404 kB
Mapped:            984 kB
Slab:             2516 kB
SReclaimable:      896 kB
SUnreclaim:       1620 kB
PageTables:         68 kB
NFS_Unstable:        0 kB
Bounce:              0 kB
CommitLimit:    256956 kB
Committed_AS:     2848 kB
VmallocTotal:   516056 kB
VmallocUsed:        72 kB
VmallocChunk:   515984 kB
Sun Nov 15 20:26:00 EST 2009
MemTotal:       513916 kB
MemFree:        276496 kB
Buffers:          5172 kB
Cached:         228748 kB
SwapCached:          0 kB
Active:         226920 kB
Inactive:         7364 kB
SwapTotal:           0 kB
SwapFree:            0 kB
Dirty:               0 kB
Writeback:           0 kB
AnonPages:         404 kB
Mapped:            984 kB
Slab:             2520 kB
SReclaimable:      896 kB
SUnreclaim:       1624 kB
PageTables:         68 kB
NFS_Unstable:        0 kB
Bounce:              0 kB
CommitLimit:    256956 kB
Committed_AS:     2848 kB
VmallocTotal:   516056 kB
VmallocUsed:        72 kB
VmallocChunk:   515984 kB
Sun Nov 15 20:26:01 EST 2009
MemTotal:       513916 kB
MemFree:        273024 kB
Buffers:          5172 kB
Cached:         232248 kB
SwapCached:          0 kB
Active:         230420 kB
Inactive:         7364 kB
SwapTotal:           0 kB
SwapFree:            0 kB
Dirty:               0 kB
Writeback:           0 kB
AnonPages:         404 kB
Mapped:            984 kB
Slab:             2524 kB
SReclaimable:      896 kB
SUnreclaim:       1628 kB
PageTables:         68 kB
NFS_Unstable:        0 kB
Bounce:              0 kB
CommitLimit:    256956 kB
Committed_AS:     2848 kB
VmallocTotal:   516056 kB
VmallocUsed:        72 kB
VmallocChunk:   515984 kB
Sun Nov 15 20:26:02 EST 2009
MemTotal:       513916 kB
MemFree:        269552 kB
Buffers:          5172 kB
Cached:         235660 kB
SwapCached:          0 kB
Active:         233832 kB
Inactive:         7364 kB
SwapTotal:           0 kB
SwapFree:            0 kB
Dirty:               0 kB
Writeback:           0 kB
AnonPages:         404 kB
Mapped:            984 kB
Slab:             2528 kB
SReclaimable:      896 kB
SUnreclaim:       1632 kB
PageTables:         68 kB
NFS_Unstable:        0 kB
Bounce:              0 kB
CommitLimit:    256956 kB
Committed_AS:     2848 kB
VmallocTotal:   516056 kB
VmallocUsed:        72 kB
VmallocChunk:   515984 kB
Sun Nov 15 20:26:03 EST 2009
MemTotal:       513916 kB
MemFree:        266328 kB
Buffers:          5172 kB
Cached:         238840 kB
SwapCached:          0 kB
Active:         237012 kB
Inactive:         7364 kB
SwapTotal:           0 kB
SwapFree:            0 kB
Dirty:               0 kB
Writeback:           0 kB
AnonPages:         404 kB
Mapped:            984 kB
Slab:             2532 kB
SReclaimable:      896 kB
SUnreclaim:       1636 kB
PageTables:         68 kB
NFS_Unstable:        0 kB
Bounce:              0 kB
CommitLimit:    256956 kB
Committed_AS:     2848 kB
VmallocTotal:   516056 kB
VmallocUsed:        72 kB
VmallocChunk:   515984 kB
Sun Nov 15 20:26:04 EST 2009
MemTotal:       513916 kB
MemFree:        262980 kB
Buffers:          5172 kB
Cached:         242196 kB
SwapCached:          0 kB
Active:         240368 kB
Inactive:         7364 kB
SwapTotal:           0 kB
SwapFree:            0 kB
Dirty:               0 kB
Writeback:           0 kB
AnonPages:         404 kB
Mapped:            984 kB
Slab:             2536 kB
SReclaimable:      896 kB
SUnreclaim:       1640 kB
PageTables:         68 kB
NFS_Unstable:        0 kB
Bounce:              0 kB
CommitLimit:    256956 kB
Committed_AS:     2848 kB
VmallocTotal:   516056 kB
VmallocUsed:        72 kB
VmallocChunk:   515984 kB
Sun Nov 15 20:26:05 EST 2009
MemTotal:       513916 kB
MemFree:        259756 kB
Buffers:          5172 kB
Cached:         245496 kB
SwapCached:          0 kB
Active:         243668 kB
Inactive:         7364 kB
SwapTotal:           0 kB
SwapFree:            0 kB
Dirty:               0 kB
Writeback:           0 kB
AnonPages:         404 kB
Mapped:            984 kB
Slab:             2540 kB
SReclaimable:      896 kB
SUnreclaim:       1644 kB
PageTables:         68 kB
NFS_Unstable:        0 kB
Bounce:              0 kB
CommitLimit:    256956 kB
Committed_AS:     2848 kB
VmallocTotal:   516056 kB
VmallocUsed:        72 kB
VmallocChunk:   515984 kB
Sun Nov 15 20:26:06 EST 2009
MemTotal:       513916 kB
MemFree:        256656 kB
Buffers:          5172 kB
Cached:         248612 kB
SwapCached:          0 kB
Active:         246784 kB
Inactive:         7364 kB
SwapTotal:           0 kB
SwapFree:            0 kB
Dirty:               0 kB
Writeback:           0 kB
AnonPages:         404 kB
Mapped:            984 kB
Slab:             2544 kB
SReclaimable:      896 kB
SUnreclaim:       1648 kB
PageTables:         68 kB
NFS_Unstable:        0 kB
Bounce:              0 kB
CommitLimit:    256956 kB
Committed_AS:     2848 kB
VmallocTotal:   516056 kB
VmallocUsed:        72 kB
VmallocChunk:   515984 kB
Sun Nov 15 20:26:07 EST 2009
MemTotal:       513916 kB
MemFree:        253556 kB
Buffers:          5172 kB
Cached:         251680 kB
SwapCached:          0 kB
Active:         249852 kB
Inactive:         7364 kB
SwapTotal:           0 kB
SwapFree:            0 kB
Dirty:               0 kB
Writeback:           0 kB
AnonPages:         404 kB
Mapped:            984 kB
Slab:             2548 kB
SReclaimable:      896 kB
SUnreclaim:       1652 kB
PageTables:         68 kB
NFS_Unstable:        0 kB
Bounce:              0 kB
CommitLimit:    256956 kB
Committed_AS:     2848 kB
VmallocTotal:   516056 kB
VmallocUsed:        72 kB
VmallocChunk:   515984 kB
Sun Nov 15 20:26:08 EST 2009
MemTotal:       513916 kB
MemFree:        250580 kB
Buffers:          5172 kB
Cached:         254652 kB
SwapCached:          0 kB
Active:         252824 kB
Inactive:         7364 kB
SwapTotal:           0 kB
SwapFree:            0 kB
Dirty:               0 kB
Writeback:           0 kB
AnonPages:         404 kB
Mapped:            984 kB
Slab:             2548 kB
SReclaimable:      896 kB
SUnreclaim:       1652 kB
PageTables:         68 kB
NFS_Unstable:        0 kB
Bounce:              0 kB
CommitLimit:    256956 kB
Committed_AS:     2848 kB
VmallocTotal:   516056 kB
VmallocUsed:        72 kB
VmallocChunk:   515984 kB
Sun Nov 15 20:26:09 EST 2009
MemTotal:       513916 kB
MemFree:        247604 kB
Buffers:          5172 kB
Cached:         257588 kB
SwapCached:          0 kB
Active:         255760 kB
Inactive:         7364 kB
SwapTotal:           0 kB
SwapFree:            0 kB
Dirty:               0 kB
Writeback:           0 kB
AnonPages:         404 kB
Mapped:            984 kB
Slab:             2552 kB
SReclaimable:      896 kB
SUnreclaim:       1656 kB
PageTables:         68 kB
NFS_Unstable:        0 kB
Bounce:              0 kB
CommitLimit:    256956 kB
Committed_AS:     2848 kB
VmallocTotal:   516056 kB
VmallocUsed:        72 kB
VmallocChunk:   515984 kB
Sun Nov 15 20:26:10 EST 2009
MemTotal:       513916 kB
MemFree:        244008 kB
Buffers:          5172 kB
Cached:         261188 kB
SwapCached:          0 kB
Active:         259360 kB
Inactive:         7364 kB
SwapTotal:           0 kB
SwapFree:            0 kB
Dirty:               0 kB
Writeback:           0 kB
AnonPages:         404 kB
Mapped:            984 kB
Slab:             2556 kB
SReclaimable:      896 kB
SUnreclaim:       1660 kB
PageTables:         68 kB
NFS_Unstable:        0 kB
Bounce:              0 kB
CommitLimit:    256956 kB
Committed_AS:     2848 kB
VmallocTotal:   516056 kB
VmallocUsed:        72 kB
VmallocChunk:   515984 kB
Sun Nov 15 20:26:11 EST 2009
MemTotal:       513916 kB
MemFree:        240660 kB
Buffers:          5172 kB
Cached:         264568 kB
SwapCached:          0 kB
Active:         262740 kB
Inactive:         7364 kB
SwapTotal:           0 kB
SwapFree:            0 kB
Dirty:               0 kB
Writeback:           0 kB
AnonPages:         404 kB
Mapped:            984 kB
Slab:             2560 kB
SReclaimable:      896 kB
SUnreclaim:       1664 kB
PageTables:         68 kB
NFS_Unstable:        0 kB
Bounce:              0 kB
CommitLimit:    256956 kB
Committed_AS:     2848 kB
VmallocTotal:   516056 kB
VmallocUsed:        72 kB
VmallocChunk:   515984 kB
Sun Nov 15 20:26:12 EST 2009
MemTotal:       513916 kB
MemFree:        237560 kB
Buffers:          5172 kB
Cached:         267620 kB
SwapCached:          0 kB
Active:         265792 kB
Inactive:         7364 kB
SwapTotal:           0 kB
SwapFree:            0 kB
Dirty:               0 kB
Writeback:           0 kB
AnonPages:         404 kB
Mapped:            984 kB
Slab:             2564 kB
SReclaimable:      896 kB
SUnreclaim:       1668 kB
PageTables:         68 kB
NFS_Unstable:        0 kB
Bounce:              0 kB
CommitLimit:    256956 kB
Committed_AS:     2848 kB
VmallocTotal:   516056 kB
VmallocUsed:        72 kB
VmallocChunk:   515984 kB
Sun Nov 15 20:26:13 EST 2009
MemTotal:       513916 kB
MemFree:        234832 kB
Buffers:          5172 kB
Cached:         270384 kB
SwapCached:          0 kB
Active:         268552 kB
Inactive:         7368 kB
SwapTotal:           0 kB
SwapFree:            0 kB
Dirty:               0 kB
Writeback:           0 kB
AnonPages:         404 kB
Mapped:            984 kB
Slab:             2568 kB
SReclaimable:      896 kB
SUnreclaim:       1672 kB
PageTables:         68 kB
NFS_Unstable:        0 kB
Bounce:              0 kB
CommitLimit:    256956 kB
Committed_AS:     2848 kB
VmallocTotal:   516056 kB
VmallocUsed:        72 kB
VmallocChunk:   515984 kB
Sun Nov 15 20:26:14 EST 2009
MemTotal:       513916 kB
MemFree:        233468 kB
Buffers:          5172 kB
Cached:         271748 kB
SwapCached:          0 kB
Active:         269920 kB
Inactive:         7364 kB
SwapTotal:           0 kB
SwapFree:            0 kB
Dirty:               0 kB
Writeback:           0 kB
AnonPages:         404 kB
Mapped:            984 kB
Slab:             2572 kB
SReclaimable:      896 kB
SUnreclaim:       1676 kB
PageTables:         68 kB
NFS_Unstable:        0 kB
Bounce:              0 kB
CommitLimit:    256956 kB
Committed_AS:     2848 kB
VmallocTotal:   516056 kB
VmallocUsed:        72 kB
VmallocChunk:   515984 kB
Sun Nov 15 20:26:15 EST 2009
MemTotal:       513916 kB
MemFree:        232228 kB
Buffers:          5172 kB
Cached:         272932 kB
SwapCached:          0 kB
Active:         271104 kB
Inactive:         7364 kB
SwapTotal:           0 kB
SwapFree:            0 kB
Dirty:               0 kB
Writeback:           0 kB
AnonPages:         404 kB
Mapped:            984 kB
Slab:             2572 kB
SReclaimable:      896 kB
SUnreclaim:       1676 kB
PageTables:         68 kB
NFS_Unstable:        0 kB
Bounce:              0 kB
CommitLimit:    256956 kB
Committed_AS:     2848 kB
VmallocTotal:   516056 kB
VmallocUsed:        72 kB
VmallocChunk:   515984 kB
Sun Nov 15 20:26:16 EST 2009
MemTotal:       513916 kB
MemFree:        231484 kB
Buffers:          5172 kB
Cached:         273712 kB
SwapCached:          0 kB
Active:         271884 kB
Inactive:         7364 kB
SwapTotal:           0 kB
SwapFree:            0 kB
Dirty:               0 kB
Writeback:           0 kB
AnonPages:         404 kB
Mapped:            984 kB
Slab:             2572 kB
SReclaimable:      896 kB
SUnreclaim:       1676 kB
PageTables:         68 kB
NFS_Unstable:        0 kB
Bounce:              0 kB
CommitLimit:    256956 kB
Committed_AS:     2848 kB
VmallocTotal:   516056 kB
VmallocUsed:        72 kB
VmallocChunk:   515984 kB
Sun Nov 15 20:26:17 EST 2009
MemTotal:       513916 kB
MemFree:        230368 kB
Buffers:          5172 kB
Cached:         274828 kB
SwapCached:          0 kB
Active:         273000 kB
Inactive:         7364 kB
SwapTotal:           0 kB
SwapFree:            0 kB
Dirty:               0 kB
Writeback:           0 kB
AnonPages:         404 kB
Mapped:            984 kB
Slab:             2576 kB
SReclaimable:      896 kB
SUnreclaim:       1680 kB
PageTables:         68 kB
NFS_Unstable:        0 kB
Bounce:              0 kB
CommitLimit:    256956 kB
Committed_AS:     2848 kB
VmallocTotal:   516056 kB
VmallocUsed:        72 kB
VmallocChunk:   515984 kB
Sun Nov 15 20:26:18 EST 2009
MemTotal:       513916 kB
MemFree:        229004 kB
Buffers:          5172 kB
Cached:         276164 kB
SwapCached:          0 kB
Active:         274336 kB
Inactive:         7364 kB
SwapTotal:           0 kB
SwapFree:            0 kB
Dirty:               0 kB
Writeback:           0 kB
AnonPages:         404 kB
Mapped:            984 kB
Slab:             2576 kB
SReclaimable:      896 kB
SUnreclaim:       1680 kB
PageTables:         68 kB
NFS_Unstable:        0 kB
Bounce:              0 kB
CommitLimit:    256956 kB
Committed_AS:     2848 kB
VmallocTotal:   516056 kB
VmallocUsed:        72 kB
VmallocChunk:   515984 kB
Sun Nov 15 20:26:19 EST 2009
MemTotal:       513916 kB
MemFree:        227888 kB
Buffers:          5172 kB
Cached:         277236 kB
SwapCached:          0 kB
Active:         275408 kB
Inactive:         7364 kB
SwapTotal:           0 kB
SwapFree:            0 kB
Dirty:               0 kB
Writeback:           0 kB
AnonPages:         404 kB
Mapped:            984 kB
Slab:             2576 kB
SReclaimable:      896 kB
SUnreclaim:       1680 kB
PageTables:         68 kB
NFS_Unstable:        0 kB
Bounce:              0 kB
CommitLimit:    256956 kB
Committed_AS:     2848 kB
VmallocTotal:   516056 kB
VmallocUsed:        72 kB
VmallocChunk:   515984 kB
Sun Nov 15 20:26:20 EST 2009
MemTotal:       513916 kB
MemFree:        227268 kB
Buffers:          5172 kB
Cached:         277932 kB
SwapCached:          0 kB
Active:         276104 kB
Inactive:         7364 kB
SwapTotal:           0 kB
SwapFree:            0 kB
Dirty:               0 kB
Writeback:           0 kB
AnonPages:         404 kB
Mapped:            984 kB
Slab:             2580 kB
SReclaimable:      896 kB
SUnreclaim:       1684 kB
PageTables:         68 kB
NFS_Unstable:        0 kB
Bounce:              0 kB
CommitLimit:    256956 kB
Committed_AS:     2848 kB
VmallocTotal:   516056 kB
VmallocUsed:        72 kB
VmallocChunk:   515984 kB
Sun Nov 15 20:26:21 EST 2009
MemTotal:       513916 kB
MemFree:        226028 kB
Buffers:          5172 kB
Cached:         279108 kB
SwapCached:          0 kB
Active:         277280 kB
Inactive:         7364 kB
SwapTotal:           0 kB
SwapFree:            0 kB
Dirty:               0 kB
Writeback:           0 kB
AnonPages:         404 kB
Mapped:            984 kB
Slab:             2580 kB
SReclaimable:      896 kB
SUnreclaim:       1684 kB
PageTables:         68 kB
NFS_Unstable:        0 kB
Bounce:              0 kB
CommitLimit:    256956 kB
Committed_AS:     2848 kB
VmallocTotal:   516056 kB
VmallocUsed:        72 kB
VmallocChunk:   515984 kB
Sun Nov 15 20:26:22 EST 2009
MemTotal:       513916 kB
MemFree:        224788 kB
Buffers:          5172 kB
Cached:         280436 kB
SwapCached:          0 kB
Active:         278608 kB
Inactive:         7364 kB
SwapTotal:           0 kB
SwapFree:            0 kB
Dirty:               0 kB
Writeback:           0 kB
AnonPages:         404 kB
Mapped:            984 kB
Slab:             2580 kB
SReclaimable:      896 kB
SUnreclaim:       1684 kB
PageTables:         68 kB
NFS_Unstable:        0 kB
Bounce:              0 kB
CommitLimit:    256956 kB
Committed_AS:     2848 kB
VmallocTotal:   516056 kB
VmallocUsed:        72 kB
VmallocChunk:   515984 kB
Sun Nov 15 20:26:23 EST 2009
MemTotal:       513916 kB
MemFree:        223548 kB
Buffers:          5172 kB
Cached:         281592 kB
SwapCached:          0 kB
Active:         279764 kB
Inactive:         7364 kB
SwapTotal:           0 kB
SwapFree:            0 kB
Dirty:               0 kB
Writeback:           0 kB
AnonPages:         404 kB
Mapped:            984 kB
Slab:             2584 kB
SReclaimable:      896 kB
SUnreclaim:       1688 kB
PageTables:         68 kB
NFS_Unstable:        0 kB
Bounce:              0 kB
CommitLimit:    256956 kB
Committed_AS:     2848 kB
VmallocTotal:   516056 kB
VmallocUsed:        72 kB
VmallocChunk:   515984 kB
Sun Nov 15 20:26:24 EST 2009
MemTotal:       513916 kB
MemFree:        222432 kB
Buffers:          5172 kB
Cached:         282712 kB
SwapCached:          0 kB
Active:         280884 kB
Inactive:         7364 kB
SwapTotal:           0 kB
SwapFree:            0 kB
Dirty:               0 kB
Writeback:           0 kB
AnonPages:         404 kB
Mapped:            984 kB
Slab:             2584 kB
SReclaimable:      896 kB
SUnreclaim:       1688 kB
PageTables:         68 kB
NFS_Unstable:        0 kB
Bounce:              0 kB
CommitLimit:    256956 kB
Committed_AS:     2848 kB
VmallocTotal:   516056 kB
VmallocUsed:        72 kB
VmallocChunk:   515984 kB
Sun Nov 15 20:26:25 EST 2009
MemTotal:       513916 kB
MemFree:        221440 kB
Buffers:          5172 kB
Cached:         283712 kB
SwapCached:          0 kB
Active:         281884 kB
Inactive:         7364 kB
SwapTotal:           0 kB
SwapFree:            0 kB
Dirty:               0 kB
Writeback:           0 kB
AnonPages:         404 kB
Mapped:            984 kB
Slab:             2584 kB
SReclaimable:      896 kB
SUnreclaim:       1688 kB
PageTables:         68 kB
NFS_Unstable:        0 kB
Bounce:              0 kB
CommitLimit:    256956 kB
Committed_AS:     2848 kB
VmallocTotal:   516056 kB
VmallocUsed:        72 kB
VmallocChunk:   515984 kB
Sun Nov 15 20:26:27 EST 2009
MemTotal:       513916 kB
MemFree:        220200 kB
Buffers:          5172 kB
Cached:         285020 kB
SwapCached:          0 kB
Active:         283192 kB
Inactive:         7364 kB
SwapTotal:           0 kB
SwapFree:            0 kB
Dirty:               0 kB
Writeback:           0 kB
AnonPages:         404 kB
Mapped:            984 kB
Slab:             2588 kB
SReclaimable:      896 kB
SUnreclaim:       1692 kB
PageTables:         68 kB
NFS_Unstable:        0 kB
Bounce:              0 kB
CommitLimit:    256956 kB
Committed_AS:     2848 kB
VmallocTotal:   516056 kB
VmallocUsed:        72 kB
VmallocChunk:   515984 kB
Sun Nov 15 20:26:28 EST 2009
MemTotal:       513916 kB
MemFree:        219084 kB
Buffers:          5172 kB
Cached:         286068 kB
SwapCached:          0 kB
Active:         284240 kB
Inactive:         7364 kB
SwapTotal:           0 kB
SwapFree:            0 kB
Dirty:               0 kB
Writeback:           0 kB
AnonPages:         404 kB
Mapped:            984 kB
Slab:             2588 kB
SReclaimable:      896 kB
SUnreclaim:       1692 kB
PageTables:         68 kB
NFS_Unstable:        0 kB
Bounce:              0 kB
CommitLimit:    256956 kB
Committed_AS:     2848 kB
VmallocTotal:   516056 kB
VmallocUsed:        72 kB
VmallocChunk:   515984 kB
Sun Nov 15 20:26:29 EST 2009
MemTotal:       513916 kB
MemFree:        217968 kB
Buffers:          5172 kB
Cached:         287140 kB
SwapCached:          0 kB
Active:         285312 kB
Inactive:         7364 kB
SwapTotal:           0 kB
SwapFree:            0 kB
Dirty:               0 kB
Writeback:           0 kB
AnonPages:         404 kB
Mapped:            984 kB
Slab:             2588 kB
SReclaimable:      896 kB
SUnreclaim:       1692 kB
PageTables:         68 kB
NFS_Unstable:        0 kB
Bounce:              0 kB
CommitLimit:    256956 kB
Committed_AS:     2848 kB
VmallocTotal:   516056 kB
VmallocUsed:        72 kB
VmallocChunk:   515984 kB
Sun Nov 15 20:26:30 EST 2009
MemTotal:       513916 kB
MemFree:        217100 kB
Buffers:          5172 kB
Cached:         288052 kB
SwapCached:          0 kB
Active:         286224 kB
Inactive:         7364 kB
SwapTotal:           0 kB
SwapFree:            0 kB
Dirty:               0 kB
Writeback:           0 kB
AnonPages:         404 kB
Mapped:            984 kB
Slab:             2592 kB
SReclaimable:      896 kB
SUnreclaim:       1696 kB
PageTables:         68 kB
NFS_Unstable:        0 kB
Bounce:              0 kB
CommitLimit:    256956 kB
Committed_AS:     2848 kB
VmallocTotal:   516056 kB
VmallocUsed:        72 kB
VmallocChunk:   515984 kB
Sun Nov 15 20:26:31 EST 2009
MemTotal:       513916 kB
MemFree:        216232 kB
Buffers:          5172 kB
Cached:         288892 kB
SwapCached:          0 kB
Active:         287060 kB
Inactive:         7368 kB
SwapTotal:           0 kB
SwapFree:            0 kB
Dirty:               0 kB
Writeback:           0 kB
AnonPages:         404 kB
Mapped:            984 kB
Slab:             2592 kB
SReclaimable:      896 kB
SUnreclaim:       1696 kB
PageTables:         68 kB
NFS_Unstable:        0 kB
Bounce:              0 kB
CommitLimit:    256956 kB
Committed_AS:     2848 kB
VmallocTotal:   516056 kB
VmallocUsed:        72 kB
VmallocChunk:   515984 kB
Sun Nov 15 20:26:32 EST 2009
MemTotal:       513916 kB
MemFree:        213380 kB
Buffers:          5172 kB
Cached:         291840 kB
SwapCached:          0 kB
Active:         290012 kB
Inactive:         7364 kB
SwapTotal:           0 kB
SwapFree:            0 kB
Dirty:               0 kB
Writeback:           0 kB
AnonPages:         404 kB
Mapped:            984 kB
Slab:             2596 kB
SReclaimable:      896 kB
SUnreclaim:       1700 kB
PageTables:         68 kB
NFS_Unstable:        0 kB
Bounce:              0 kB
CommitLimit:    256956 kB
Committed_AS:     2848 kB
VmallocTotal:   516056 kB
VmallocUsed:        72 kB
VmallocChunk:   515984 kB
Sun Nov 15 20:26:33 EST 2009
MemTotal:       513916 kB
MemFree:        210280 kB
Buffers:          5172 kB
Cached:         294920 kB
SwapCached:          0 kB
Active:         293092 kB
Inactive:         7364 kB
SwapTotal:           0 kB
SwapFree:            0 kB
Dirty:               0 kB
Writeback:           0 kB
AnonPages:         404 kB
Mapped:            984 kB
Slab:             2600 kB
SReclaimable:      896 kB
SUnreclaim:       1704 kB
PageTables:         68 kB
NFS_Unstable:        0 kB
Bounce:              0 kB
CommitLimit:    256956 kB
Committed_AS:     2848 kB
VmallocTotal:   516056 kB
VmallocUsed:        72 kB
VmallocChunk:   515984 kB
Sun Nov 15 20:26:34 EST 2009
MemTotal:       513916 kB
MemFree:        207180 kB
Buffers:          5172 kB
Cached:         297948 kB
SwapCached:          0 kB
Active:         296120 kB
Inactive:         7364 kB
SwapTotal:           0 kB
SwapFree:            0 kB
Dirty:               0 kB
Writeback:           0 kB
AnonPages:         404 kB
Mapped:            984 kB
Slab:             2604 kB
SReclaimable:      896 kB
SUnreclaim:       1708 kB
PageTables:         68 kB
NFS_Unstable:        0 kB
Bounce:              0 kB
CommitLimit:    256956 kB
Committed_AS:     2848 kB
VmallocTotal:   516056 kB
VmallocUsed:        72 kB
VmallocChunk:   515984 kB
Sun Nov 15 20:26:35 EST 2009
MemTotal:       513916 kB
MemFree:        204080 kB
Buffers:          5172 kB
Cached:         301052 kB
SwapCached:          0 kB
Active:         299224 kB
Inactive:         7364 kB
SwapTotal:           0 kB
SwapFree:            0 kB
Dirty:               0 kB
Writeback:           0 kB
AnonPages:         404 kB
Mapped:            984 kB
Slab:             2608 kB
SReclaimable:      896 kB
SUnreclaim:       1712 kB
PageTables:         68 kB
NFS_Unstable:        0 kB
Bounce:              0 kB
CommitLimit:    256956 kB
Committed_AS:     2848 kB
VmallocTotal:   516056 kB
VmallocUsed:        72 kB
VmallocChunk:   515984 kB
Sun Nov 15 20:26:36 EST 2009
MemTotal:       513916 kB
MemFree:        200980 kB
Buffers:          5172 kB
Cached:         304220 kB
SwapCached:          0 kB
Active:         302392 kB
Inactive:         7364 kB
SwapTotal:           0 kB
SwapFree:            0 kB
Dirty:               0 kB
Writeback:           0 kB
AnonPages:         404 kB
Mapped:            984 kB
Slab:             2612 kB
SReclaimable:      896 kB
SUnreclaim:       1716 kB
PageTables:         68 kB
NFS_Unstable:        0 kB
Bounce:              0 kB
CommitLimit:    256956 kB
Committed_AS:     2848 kB
VmallocTotal:   516056 kB
VmallocUsed:        72 kB
VmallocChunk:   515984 kB
Sun Nov 15 20:26:37 EST 2009
MemTotal:       513916 kB
MemFree:        197632 kB
Buffers:          5172 kB
Cached:         307484 kB
SwapCached:          0 kB
Active:         305656 kB
Inactive:         7364 kB
SwapTotal:           0 kB
SwapFree:            0 kB
Dirty:               0 kB
Writeback:           0 kB
AnonPages:         404 kB
Mapped:            984 kB
Slab:             2616 kB
SReclaimable:      896 kB
SUnreclaim:       1720 kB
PageTables:         68 kB
NFS_Unstable:        0 kB
Bounce:              0 kB
CommitLimit:    256956 kB
Committed_AS:     2848 kB
VmallocTotal:   516056 kB
VmallocUsed:        72 kB
VmallocChunk:   515984 kB
Sun Nov 15 20:26:38 EST 2009
MemTotal:       513916 kB
MemFree:        195648 kB
Buffers:          5172 kB
Cached:         309544 kB
SwapCached:          0 kB
Active:         307716 kB
Inactive:         7364 kB
SwapTotal:           0 kB
SwapFree:            0 kB
Dirty:               0 kB
Writeback:           0 kB
AnonPages:         404 kB
Mapped:            984 kB
Slab:             2616 kB
SReclaimable:      896 kB
SUnreclaim:       1720 kB
PageTables:         68 kB
NFS_Unstable:        0 kB
Bounce:              0 kB
CommitLimit:    256956 kB
Committed_AS:     2848 kB
VmallocTotal:   516056 kB
VmallocUsed:        72 kB
VmallocChunk:   515984 kB
Sun Nov 15 20:26:39 EST 2009
MemTotal:       513916 kB
MemFree:        193540 kB
