Sun Nov 15 20:00:12 EST 2009
MemTotal:       513916 kB
MemFree:        503740 kB
Buffers:            44 kB
Cached:           6932 kB
SwapCached:          0 kB
Active:           1680 kB
Inactive:         5532 kB
SwapTotal:           0 kB
SwapFree:            0 kB
Dirty:               0 kB
Writeback:           0 kB
AnonPages:         272 kB
Mapped:            452 kB
Slab:             2056 kB
SReclaimable:      804 kB
SUnreclaim:       1252 kB
PageTables:         56 kB
NFS_Unstable:        0 kB
Bounce:              0 kB
CommitLimit:    256956 kB
Committed_AS:     1488 kB
VmallocTotal:   516056 kB
VmallocUsed:        72 kB
VmallocChunk:   515984 kB
Sun Nov 15 20:00:13 EST 2009
MemTotal:       513916 kB
MemFree:        503740 kB
Buffers:            44 kB
Cached:           6932 kB
SwapCached:          0 kB
Active:           1684 kB
Inactive:         5528 kB
SwapTotal:           0 kB
SwapFree:            0 kB
Dirty:               0 kB
Writeback:           0 kB
AnonPages:         272 kB
Mapped:            452 kB
Slab:             2056 kB
SReclaimable:      804 kB
SUnreclaim:       1252 kB
PageTables:         56 kB
NFS_Unstable:        0 kB
Bounce:              0 kB
CommitLimit:    256956 kB
Committed_AS:     1488 kB
VmallocTotal:   516056 kB
VmallocUsed:        72 kB
VmallocChunk:   515984 kB
Sun Nov 15 20:00:14 EST 2009
MemTotal:       513916 kB
MemFree:        503740 kB
Buffers:            44 kB
Cached:           6932 kB
SwapCached:          0 kB
Active:           1684 kB
Inactive:         5528 kB
SwapTotal:           0 kB
SwapFree:            0 kB
Dirty:               0 kB
Writeback:           0 kB
AnonPages:         272 kB
Mapped:            452 kB
Slab:             2056 kB
SReclaimable:      804 kB
SUnreclaim:       1252 kB
PageTables:         56 kB
NFS_Unstable:        0 kB
Bounce:              0 kB
CommitLimit:    256956 kB
Committed_AS:     1488 kB
VmallocTotal:   516056 kB
VmallocUsed:        72 kB
VmallocChunk:   515984 kB
Sun Nov 15 20:00:15 EST 2009
MemTotal:       513916 kB
MemFree:        503740 kB
Buffers:            44 kB
Cached:           6932 kB
SwapCached:          0 kB
Active:           1684 kB
Inactive:         5528 kB
SwapTotal:           0 kB
SwapFree:            0 kB
Dirty:               0 kB
Writeback:           0 kB
AnonPages:         272 kB
Mapped:            452 kB
Slab:             2056 kB
SReclaimable:      804 kB
SUnreclaim:       1252 kB
PageTables:         56 kB
NFS_Unstable:        0 kB
Bounce:              0 kB
CommitLimit:    256956 kB
Committed_AS:     1488 kB
VmallocTotal:   516056 kB
VmallocUsed:        72 kB
VmallocChunk:   515984 kB
Sun Nov 15 20:00:16 EST 2009
MemTotal:       513916 kB
MemFree:        503740 kB
Buffers:            44 kB
Cached:           6932 kB
SwapCached:          0 kB
Active:           1684 kB
Inactive:         5528 kB
SwapTotal:           0 kB
SwapFree:            0 kB
Dirty:               0 kB
Writeback:           0 kB
AnonPages:         272 kB
Mapped:            452 kB
Slab:             2056 kB
SReclaimable:      804 kB
SUnreclaim:       1252 kB
PageTables:         56 kB
NFS_Unstable:        0 kB
Bounce:              0 kB
CommitLimit:    256956 kB
Committed_AS:     1488 kB
VmallocTotal:   516056 kB
VmallocUsed:        72 kB
VmallocChunk:   515984 kB
Sun Nov 15 20:00:17 EST 2009
MemTotal:       513916 kB
MemFree:        503740 kB
Buffers:            44 kB
Cached:           6932 kB
SwapCached:          0 kB
Active:           1684 kB
Inactive:         5528 kB
SwapTotal:           0 kB
SwapFree:            0 kB
Dirty:               0 kB
Writeback:           0 kB
AnonPages:         272 kB
Mapped:            452 kB
Slab:             2056 kB
SReclaimable:      804 kB
SUnreclaim:       1252 kB
PageTables:         56 kB
NFS_Unstable:        0 kB
Bounce:              0 kB
CommitLimit:    256956 kB
Committed_AS:     1488 kB
VmallocTotal:   516056 kB
VmallocUsed:        72 kB
VmallocChunk:   515984 kB
Sun Nov 15 20:00:18 EST 2009
MemTotal:       513916 kB
MemFree:        503740 kB
Buffers:            44 kB
Cached:           6932 kB
SwapCached:          0 kB
Active:           1684 kB
Inactive:         5528 kB
SwapTotal:           0 kB
SwapFree:            0 kB
Dirty:               0 kB
Writeback:           0 kB
AnonPages:         272 kB
Mapped:            452 kB
Slab:             2056 kB
SReclaimable:      804 kB
SUnreclaim:       1252 kB
PageTables:         56 kB
NFS_Unstable:        0 kB
Bounce:              0 kB
CommitLimit:    256956 kB
Committed_AS:     1488 kB
VmallocTotal:   516056 kB
VmallocUsed:        72 kB
VmallocChunk:   515984 kB
Sun Nov 15 20:00:19 EST 2009
MemTotal:       513916 kB
MemFree:        503740 kB
Buffers:            44 kB
Cached:           6936 kB
SwapCached:          0 kB
Active:           1688 kB
Inactive:         5528 kB
SwapTotal:           0 kB
SwapFree:            0 kB
Dirty:               0 kB
Writeback:           0 kB
AnonPages:         272 kB
Mapped:            452 kB
Slab:             2056 kB
SReclaimable:      804 kB
SUnreclaim:       1252 kB
PageTables:         56 kB
NFS_Unstable:        0 kB
Bounce:              0 kB
CommitLimit:    256956 kB
Committed_AS:     1488 kB
VmallocTotal:   516056 kB
VmallocUsed:        72 kB
VmallocChunk:   515984 kB
Sun Nov 15 20:00:20 EST 2009
MemTotal:       513916 kB
MemFree:        503740 kB
Buffers:            44 kB
Cached:           6936 kB
SwapCached:          0 kB
Active:           1688 kB
Inactive:         5528 kB
SwapTotal:           0 kB
SwapFree:            0 kB
Dirty:               0 kB
Writeback:           0 kB
AnonPages:         272 kB
Mapped:            452 kB
Slab:             2056 kB
SReclaimable:      804 kB
SUnreclaim:       1252 kB
PageTables:         56 kB
NFS_Unstable:        0 kB
Bounce:              0 kB
CommitLimit:    256956 kB
Committed_AS:     1488 kB
VmallocTotal:   516056 kB
VmallocUsed:        72 kB
VmallocChunk:   515984 kB
Sun Nov 15 20:00:21 EST 2009
MemTotal:       513916 kB
MemFree:        503740 kB
Buffers:            44 kB
Cached:           6936 kB
SwapCached:          0 kB
Active:           1688 kB
Inactive:         5528 kB
SwapTotal:           0 kB
SwapFree:            0 kB
Dirty:               0 kB
Writeback:           0 kB
AnonPages:         272 kB
Mapped:            452 kB
Slab:             2056 kB
SReclaimable:      804 kB
SUnreclaim:       1252 kB
PageTables:         56 kB
NFS_Unstable:        0 kB
Bounce:              0 kB
CommitLimit:    256956 kB
Committed_AS:     1488 kB
VmallocTotal:   516056 kB
VmallocUsed:        72 kB
VmallocChunk:   515984 kB
Sun Nov 15 20:00:22 EST 2009
MemTotal:       513916 kB
MemFree:        503740 kB
Buffers:            44 kB
Cached:           6936 kB
SwapCached:          0 kB
Active:           1688 kB
Inactive:         5528 kB
SwapTotal:           0 kB
SwapFree:            0 kB
Dirty:               0 kB
Writeback:           0 kB
AnonPages:         272 kB
Mapped:            452 kB
Slab:             2056 kB
SReclaimable:      804 kB
SUnreclaim:       1252 kB
PageTables:         56 kB
NFS_Unstable:        0 kB
Bounce:              0 kB
CommitLimit:    256956 kB
Committed_AS:     1488 kB
VmallocTotal:   516056 kB
VmallocUsed:        72 kB
VmallocChunk:   515984 kB
Sun Nov 15 20:00:23 EST 2009
MemTotal:       513916 kB
MemFree:        503740 kB
Buffers:            44 kB
Cached:           6936 kB
SwapCached:          0 kB
Active:           1688 kB
Inactive:         5528 kB
SwapTotal:           0 kB
SwapFree:            0 kB
Dirty:               0 kB
Writeback:           0 kB
AnonPages:         272 kB
Mapped:            452 kB
Slab:             2056 kB
SReclaimable:      804 kB
SUnreclaim:       1252 kB
PageTables:         56 kB
NFS_Unstable:        0 kB
Bounce:              0 kB
CommitLimit:    256956 kB
Committed_AS:     1488 kB
VmallocTotal:   516056 kB
VmallocUsed:        72 kB
VmallocChunk:   515984 kB
Sun Nov 15 20:00:24 EST 2009
MemTotal:       513916 kB
MemFree:        503740 kB
Buffers:            44 kB
Cached:           6936 kB
SwapCached:          0 kB
Active:           1688 kB
Inactive:         5528 kB
SwapTotal:           0 kB
SwapFree:            0 kB
Dirty:               0 kB
Writeback:           0 kB
AnonPages:         272 kB
Mapped:            452 kB
Slab:             2056 kB
SReclaimable:      804 kB
SUnreclaim:       1252 kB
PageTables:         56 kB
NFS_Unstable:        0 kB
Bounce:              0 kB
CommitLimit:    256956 kB
Committed_AS:     1488 kB
VmallocTotal:   516056 kB
VmallocUsed:        72 kB
VmallocChunk:   515984 kB
Sun Nov 15 20:00:25 EST 2009
MemTotal:       513916 kB
MemFree:        503740 kB
Buffers:            44 kB
Cached:           6940 kB
SwapCached:          0 kB
Active:           1692 kB
Inactive:         5528 kB
SwapTotal:           0 kB
SwapFree:            0 kB
Dirty:               0 kB
Writeback:           0 kB
AnonPages:         272 kB
Mapped:            452 kB
Slab:             2056 kB
SReclaimable:      804 kB
SUnreclaim:       1252 kB
PageTables:         56 kB
NFS_Unstable:        0 kB
Bounce:              0 kB
CommitLimit:    256956 kB
Committed_AS:     1488 kB
VmallocTotal:   516056 kB
VmallocUsed:        72 kB
VmallocChunk:   515984 kB
Sun Nov 15 20:00:27 EST 2009
MemTotal:       513916 kB
MemFree:        498636 kB
Buffers:           424 kB
Cached:           8180 kB
SwapCached:          0 kB
Active:           5428 kB
Inactive:         7016 kB
SwapTotal:           0 kB
SwapFree:            0 kB
Dirty:               0 kB
Writeback:           0 kB
AnonPages:        3876 kB
Mapped:            492 kB
Slab:             2160 kB
SReclaimable:      880 kB
SUnreclaim:       1280 kB
PageTables:         84 kB
NFS_Unstable:        0 kB
Bounce:              0 kB
CommitLimit:    256956 kB
Committed_AS:     9276 kB
VmallocTotal:   516056 kB
VmallocUsed:        72 kB
VmallocChunk:   515984 kB
Sun Nov 15 20:00:28 EST 2009
MemTotal:       513916 kB
MemFree:        495476 kB
Buffers:           460 kB
Cached:           8284 kB
SwapCached:          0 kB
Active:           8456 kB
Inactive:         7144 kB
SwapTotal:           0 kB
SwapFree:            0 kB
Dirty:               0 kB
Writeback:           0 kB
AnonPages:        6892 kB
Mapped:            496 kB
Slab:             2180 kB
SReclaimable:      896 kB
SUnreclaim:       1284 kB
PageTables:         84 kB
NFS_Unstable:        0 kB
Bounce:              0 kB
CommitLimit:    256956 kB
Committed_AS:     9276 kB
VmallocTotal:   516056 kB
VmallocUsed:        72 kB
VmallocChunk:   515984 kB
Sun Nov 15 20:00:29 EST 2009
MemTotal:       513916 kB
MemFree:        495476 kB
Buffers:           460 kB
Cached:           8284 kB
SwapCached:          0 kB
Active:           8456 kB
Inactive:         7144 kB
SwapTotal:           0 kB
SwapFree:            0 kB
Dirty:               0 kB
Writeback:           0 kB
AnonPages:        6892 kB
Mapped:            496 kB
Slab:             2180 kB
SReclaimable:      896 kB
SUnreclaim:       1284 kB
PageTables:         84 kB
NFS_Unstable:        0 kB
Bounce:              0 kB
CommitLimit:    256956 kB
Committed_AS:     9276 kB
VmallocTotal:   516056 kB
VmallocUsed:        72 kB
VmallocChunk:   515984 kB
Sun Nov 15 20:00:30 EST 2009
MemTotal:       513916 kB
MemFree:        494272 kB
Buffers:           464 kB
Cached:           9536 kB
SwapCached:          0 kB
Active:           8460 kB
Inactive:         8400 kB
SwapTotal:           0 kB
SwapFree:            0 kB
Dirty:               0 kB
Writeback:           0 kB
AnonPages:        6896 kB
Mapped:            496 kB
Slab:             2180 kB
SReclaimable:      896 kB
SUnreclaim:       1284 kB
PageTables:         84 kB
NFS_Unstable:        0 kB
Bounce:              0 kB
CommitLimit:    256956 kB
Committed_AS:     9276 kB
VmallocTotal:   516056 kB
VmallocUsed:        72 kB
VmallocChunk:   515984 kB
Sun Nov 15 20:00:31 EST 2009
MemTotal:       513916 kB
MemFree:        494272 kB
Buffers:           464 kB
Cached:           9536 kB
SwapCached:          0 kB
Active:           8460 kB
Inactive:         8400 kB
SwapTotal:           0 kB
SwapFree:            0 kB
Dirty:               0 kB
Writeback:           0 kB
AnonPages:        6896 kB
Mapped:            496 kB
Slab:             2180 kB
SReclaimable:      896 kB
SUnreclaim:       1284 kB
PageTables:         84 kB
NFS_Unstable:        0 kB
Bounce:              0 kB
CommitLimit:    256956 kB
Committed_AS:     9276 kB
VmallocTotal:   516056 kB
VmallocUsed:        72 kB
VmallocChunk:   515984 kB
Sun Nov 15 20:00:32 EST 2009
MemTotal:       513916 kB
MemFree:        494272 kB
Buffers:           464 kB
Cached:           9540 kB
SwapCached:          0 kB
Active:           8464 kB
Inactive:         8400 kB
SwapTotal:           0 kB
SwapFree:            0 kB
Dirty:               0 kB
Writeback:           0 kB
AnonPages:        6896 kB
Mapped:            496 kB
Slab:             2180 kB
SReclaimable:      896 kB
SUnreclaim:       1284 kB
PageTables:         84 kB
NFS_Unstable:        0 kB
Bounce:              0 kB
CommitLimit:    256956 kB
Committed_AS:     9276 kB
VmallocTotal:   516056 kB
VmallocUsed:        72 kB
VmallocChunk:   515984 kB
Sun Nov 15 20:00:33 EST 2009
MemTotal:       513916 kB
MemFree:        493652 kB
Buffers:           464 kB
Cached:          10136 kB
SwapCached:          0 kB
Active:           8764 kB
Inactive:         8692 kB
SwapTotal:           0 kB
SwapFree:            0 kB
Dirty:               0 kB
Writeback:           0 kB
AnonPages:        6896 kB
Mapped:            496 kB
Slab:             2180 kB
SReclaimable:      896 kB
SUnreclaim:       1284 kB
PageTables:         84 kB
NFS_Unstable:        0 kB
Bounce:              0 kB
CommitLimit:    256956 kB
Committed_AS:     9276 kB
VmallocTotal:   516056 kB
VmallocUsed:        72 kB
VmallocChunk:   515984 kB
Sun Nov 15 20:00:34 EST 2009
MemTotal:       513916 kB
MemFree:        492440 kB
Buffers:           472 kB
Cached:          11216 kB
SwapCached:          0 kB
Active:           8904 kB
Inactive:         9644 kB
SwapTotal:           0 kB
SwapFree:            0 kB
Dirty:               0 kB
Writeback:           0 kB
AnonPages:        6896 kB
Mapped:            496 kB
Slab:             2184 kB
SReclaimable:      896 kB
SUnreclaim:       1288 kB
PageTables:         84 kB
NFS_Unstable:        0 kB
Bounce:              0 kB
CommitLimit:    256956 kB
Committed_AS:     9276 kB
VmallocTotal:   516056 kB
VmallocUsed:        72 kB
VmallocChunk:   515984 kB
Sun Nov 15 20:00:35 EST 2009
MemTotal:       513916 kB
MemFree:        492440 kB
Buffers:           472 kB
Cached:          11216 kB
SwapCached:          0 kB
Active:           8904 kB
Inactive:         9644 kB
SwapTotal:           0 kB
SwapFree:            0 kB
Dirty:               0 kB
Writeback:           0 kB
AnonPages:        6896 kB
Mapped:            496 kB
Slab:             2184 kB
SReclaimable:      896 kB
SUnreclaim:       1288 kB
PageTables:         84 kB
NFS_Unstable:        0 kB
Bounce:              0 kB
CommitLimit:    256956 kB
Committed_AS:     9276 kB
VmallocTotal:   516056 kB
VmallocUsed:        72 kB
VmallocChunk:   515984 kB
Sun Nov 15 20:00:36 EST 2009
MemTotal:       513916 kB
MemFree:        492440 kB
Buffers:           472 kB
Cached:          11216 kB
SwapCached:          0 kB
Active:           8904 kB
Inactive:         9644 kB
SwapTotal:           0 kB
SwapFree:            0 kB
Dirty:               0 kB
Writeback:           0 kB
AnonPages:        6896 kB
Mapped:            496 kB
Slab:             2184 kB
SReclaimable:      896 kB
SUnreclaim:       1288 kB
PageTables:         84 kB
NFS_Unstable:        0 kB
Bounce:              0 kB
CommitLimit:    256956 kB
Committed_AS:     9276 kB
VmallocTotal:   516056 kB
VmallocUsed:        72 kB
VmallocChunk:   515984 kB
Sun Nov 15 20:00:37 EST 2009
MemTotal:       513916 kB
MemFree:        490312 kB
Buffers:           508 kB
Cached:          13340 kB
SwapCached:          0 kB
Active:           9336 kB
Inactive:        11372 kB
SwapTotal:           0 kB
SwapFree:            0 kB
Dirty:               0 kB
Writeback:           0 kB
AnonPages:        6896 kB
Mapped:            496 kB
Slab:             2204 kB
SReclaimable:      912 kB
SUnreclaim:       1292 kB
PageTables:         84 kB
NFS_Unstable:        0 kB
Bounce:              0 kB
CommitLimit:    256956 kB
Committed_AS:     9276 kB
VmallocTotal:   516056 kB
VmallocUsed:        72 kB
VmallocChunk:   515984 kB
Sun Nov 15 20:00:38 EST 2009
MemTotal:       513916 kB
MemFree:        486472 kB
Buffers:           516 kB
Cached:          17180 kB
SwapCached:          0 kB
Active:           9344 kB
Inactive:        15212 kB
SwapTotal:           0 kB
SwapFree:            0 kB
Dirty:               0 kB
Writeback:           0 kB
AnonPages:        6896 kB
Mapped:            496 kB
Slab:             2208 kB
SReclaimable:      912 kB
SUnreclaim:       1296 kB
PageTables:         84 kB
NFS_Unstable:        0 kB
Bounce:              0 kB
CommitLimit:    256956 kB
Committed_AS:     9276 kB
VmallocTotal:   516056 kB
VmallocUsed:        72 kB
VmallocChunk:   515984 kB
Sun Nov 15 20:00:39 EST 2009
MemTotal:       513916 kB
MemFree:        483588 kB
Buffers:           600 kB
Cached:          19952 kB
SwapCached:          0 kB
Active:           9364 kB
Inactive:        18048 kB
SwapTotal:           0 kB
SwapFree:            0 kB
Dirty:               0 kB
Writeback:           0 kB
AnonPages:        6896 kB
Mapped:            496 kB
Slab:             2260 kB
SReclaimable:      956 kB
SUnreclaim:       1304 kB
PageTables:         84 kB
NFS_Unstable:        0 kB
Bounce:              0 kB
CommitLimit:    256956 kB
Committed_AS:     9276 kB
VmallocTotal:   516056 kB
VmallocUsed:        72 kB
VmallocChunk:   515984 kB
Sun Nov 15 20:00:40 EST 2009
MemTotal:       513916 kB
MemFree:        483588 kB
Buffers:           600 kB
Cached:          19952 kB
SwapCached:          0 kB
Active:           9364 kB
Inactive:        18048 kB
SwapTotal:           0 kB
SwapFree:            0 kB
Dirty:               0 kB
Writeback:           0 kB
AnonPages:        6896 kB
Mapped:            496 kB
Slab:             2260 kB
SReclaimable:      956 kB
SUnreclaim:       1304 kB
PageTables:         84 kB
NFS_Unstable:        0 kB
Bounce:              0 kB
CommitLimit:    256956 kB
Committed_AS:     9276 kB
VmallocTotal:   516056 kB
VmallocUsed:        72 kB
VmallocChunk:   515984 kB
Sun Nov 15 20:00:41 EST 2009
MemTotal:       513916 kB
MemFree:        483588 kB
Buffers:           600 kB
Cached:          19952 kB
SwapCached:          0 kB
Active:           9364 kB
Inactive:        18048 kB
SwapTotal:           0 kB
SwapFree:            0 kB
Dirty:               0 kB
Writeback:           0 kB
AnonPages:        6896 kB
Mapped:            496 kB
Slab:             2260 kB
SReclaimable:      956 kB
SUnreclaim:       1304 kB
PageTables:         84 kB
NFS_Unstable:        0 kB
Bounce:              0 kB
CommitLimit:    256956 kB
Committed_AS:     9276 kB
VmallocTotal:   516056 kB
VmallocUsed:        72 kB
VmallocChunk:   515984 kB
Sun Nov 15 20:00:42 EST 2009
MemTotal:       513916 kB
MemFree:        482720 kB
Buffers:           600 kB
Cached:          19952 kB
SwapCached:          0 kB
Active:          10240 kB
Inactive:        18048 kB
SwapTotal:           0 kB
SwapFree:            0 kB
Dirty:               0 kB
Writeback:           0 kB
AnonPages:        7772 kB
Mapped:            496 kB
Slab:             2260 kB
SReclaimable:      956 kB
SUnreclaim:       1304 kB
PageTables:         84 kB
NFS_Unstable:        0 kB
Bounce:              0 kB
CommitLimit:    256956 kB
Committed_AS:     9276 kB
VmallocTotal:   516056 kB
VmallocUsed:        72 kB
VmallocChunk:   515984 kB
Sun Nov 15 20:00:43 EST 2009
MemTotal:       513916 kB
MemFree:        482720 kB
Buffers:           600 kB
Cached:          19952 kB
SwapCached:          0 kB
Active:          10240 kB
Inactive:        18048 kB
SwapTotal:           0 kB
SwapFree:            0 kB
Dirty:               0 kB
Writeback:           0 kB
AnonPages:        7772 kB
Mapped:            496 kB
Slab:             2260 kB
SReclaimable:      956 kB
SUnreclaim:       1304 kB
PageTables:         84 kB
NFS_Unstable:        0 kB
Bounce:              0 kB
CommitLimit:    256956 kB
Committed_AS:     9276 kB
VmallocTotal:   516056 kB
VmallocUsed:        72 kB
VmallocChunk:   515984 kB
Sun Nov 15 20:00:44 EST 2009
MemTotal:       513916 kB
MemFree:        482720 kB
Buffers:           600 kB
Cached:          19952 kB
SwapCached:          0 kB
Active:          10240 kB
Inactive:        18048 kB
SwapTotal:           0 kB
SwapFree:            0 kB
Dirty:               0 kB
Writeback:           0 kB
AnonPages:        7772 kB
Mapped:            496 kB
Slab:             2260 kB
SReclaimable:      956 kB
SUnreclaim:       1304 kB
PageTables:         84 kB
NFS_Unstable:        0 kB
Bounce:              0 kB
CommitLimit:    256956 kB
Committed_AS:     9276 kB
VmallocTotal:   516056 kB
VmallocUsed:        72 kB
VmallocChunk:   515984 kB
Sun Nov 15 20:00:45 EST 2009
MemTotal:       513916 kB
MemFree:        482720 kB
Buffers:           600 kB
Cached:          19956 kB
SwapCached:          0 kB
Active:          10244 kB
Inactive:        18048 kB
SwapTotal:           0 kB
SwapFree:            0 kB
Dirty:               0 kB
Writeback:           0 kB
AnonPages:        7772 kB
Mapped:            496 kB
Slab:             2260 kB
SReclaimable:      956 kB
SUnreclaim:       1304 kB
PageTables:         84 kB
NFS_Unstable:        0 kB
Bounce:              0 kB
CommitLimit:    256956 kB
Committed_AS:     9276 kB
VmallocTotal:   516056 kB
VmallocUsed:        72 kB
VmallocChunk:   515984 kB
Sun Nov 15 20:00:46 EST 2009
MemTotal:       513916 kB
MemFree:        482720 kB
Buffers:           600 kB
Cached:          19956 kB
SwapCached:          0 kB
Active:          10244 kB
Inactive:        18048 kB
SwapTotal:           0 kB
SwapFree:            0 kB
Dirty:               0 kB
Writeback:           0 kB
AnonPages:        7772 kB
Mapped:            496 kB
Slab:             2260 kB
SReclaimable:      956 kB
SUnreclaim:       1304 kB
PageTables:         84 kB
NFS_Unstable:        0 kB
Bounce:              0 kB
CommitLimit:    256956 kB
Committed_AS:     9276 kB
VmallocTotal:   516056 kB
VmallocUsed:        72 kB
VmallocChunk:   515984 kB
Sun Nov 15 20:00:47 EST 2009
MemTotal:       513916 kB
MemFree:        481208 kB
Buffers:           712 kB
Cached:          21264 kB
SwapCached:          0 kB
Active:          10344 kB
Inactive:        19368 kB
SwapTotal:           0 kB
SwapFree:            0 kB
Dirty:               0 kB
Writeback:           0 kB
AnonPages:        7772 kB
Mapped:            496 kB
Slab:             2324 kB
SReclaimable:     1004 kB
SUnreclaim:       1320 kB
PageTables:         84 kB
NFS_Unstable:        0 kB
Bounce:              0 kB
CommitLimit:    256956 kB
Committed_AS:     9276 kB
VmallocTotal:   516056 kB
VmallocUsed:        72 kB
VmallocChunk:   515984 kB
Sun Nov 15 20:00:48 EST 2009
MemTotal:       513916 kB
MemFree:        481208 kB
Buffers:           712 kB
Cached:          21264 kB
SwapCached:          0 kB
Active:          10344 kB
Inactive:        19368 kB
SwapTotal:           0 kB
SwapFree:            0 kB
Dirty:               0 kB
Writeback:           0 kB
AnonPages:        7772 kB
Mapped:            496 kB
Slab:             2324 kB
SReclaimable:     1004 kB
SUnreclaim:       1320 kB
PageTables:         84 kB
NFS_Unstable:        0 kB
Bounce:              0 kB
CommitLimit:    256956 kB
Committed_AS:     9276 kB
VmallocTotal:   516056 kB
VmallocUsed:        72 kB
VmallocChunk:   515984 kB
Sun Nov 15 20:00:49 EST 2009
MemTotal:       513916 kB
MemFree:        480964 kB
Buffers:           712 kB
Cached:          21564 kB
SwapCached:          0 kB
Active:          10436 kB
Inactive:        19576 kB
SwapTotal:           0 kB
SwapFree:            0 kB
Dirty:               0 kB
Writeback:           0 kB
AnonPages:        7772 kB
Mapped:            496 kB
Slab:             2324 kB
SReclaimable:     1004 kB
SUnreclaim:       1320 kB
PageTables:         84 kB
NFS_Unstable:        0 kB
Bounce:              0 kB
CommitLimit:    256956 kB
Committed_AS:     9276 kB
VmallocTotal:   516056 kB
VmallocUsed:        72 kB
VmallocChunk:   515984 kB
Sun Nov 15 20:00:50 EST 2009
MemTotal:       513916 kB
MemFree:        480000 kB
Buffers:           752 kB
Cached:          22380 kB
SwapCached:          0 kB
Active:          10448 kB
Inactive:        20420 kB
SwapTotal:           0 kB
SwapFree:            0 kB
Dirty:               0 kB
Writeback:           0 kB
AnonPages:        7772 kB
Mapped:            496 kB
Slab:             2372 kB
SReclaimable:     1040 kB
SUnreclaim:       1332 kB
PageTables:         84 kB
NFS_Unstable:        0 kB
Bounce:              0 kB
CommitLimit:    256956 kB
Committed_AS:     9276 kB
VmallocTotal:   516056 kB
VmallocUsed:        72 kB
VmallocChunk:   515984 kB
Sun Nov 15 20:00:51 EST 2009
MemTotal:       513916 kB
MemFree:        480000 kB
Buffers:           752 kB
Cached:          22384 kB
SwapCached:          0 kB
Active:          10452 kB
Inactive:        20420 kB
SwapTotal:           0 kB
SwapFree:            0 kB
Dirty:               0 kB
Writeback:           0 kB
AnonPages:        7772 kB
Mapped:            496 kB
Slab:             2372 kB
SReclaimable:     1040 kB
SUnreclaim:       1332 kB
PageTables:         84 kB
NFS_Unstable:        0 kB
Bounce:              0 kB
CommitLimit:    256956 kB
Committed_AS:     9276 kB
VmallocTotal:   516056 kB
VmallocUsed:        72 kB
VmallocChunk:   515984 kB
Sun Nov 15 20:00:52 EST 2009
MemTotal:       513916 kB
MemFree:        478364 kB
Buffers:           784 kB
Cached:          23852 kB
SwapCached:          0 kB
Active:          10640 kB
Inactive:        21732 kB
SwapTotal:           0 kB
SwapFree:            0 kB
Dirty:               0 kB
Writeback:           0 kB
AnonPages:        7772 kB
Mapped:            496 kB
Slab:             2464 kB
SReclaimable:     1112 kB
SUnreclaim:       1352 kB
PageTables:         84 kB
NFS_Unstable:        0 kB
Bounce:              0 kB
CommitLimit:    256956 kB
Committed_AS:     9276 kB
VmallocTotal:   516056 kB
VmallocUsed:        72 kB
VmallocChunk:   515984 kB
Sun Nov 15 20:00:53 EST 2009
MemTotal:       513916 kB
MemFree:        478364 kB
Buffers:           784 kB
Cached:          23852 kB
SwapCached:          0 kB
Active:          10640 kB
Inactive:        21732 kB
SwapTotal:           0 kB
SwapFree:            0 kB
Dirty:               0 kB
Writeback:           0 kB
AnonPages:        7772 kB
Mapped:            496 kB
Slab:             2464 kB
SReclaimable:     1112 kB
SUnreclaim:       1352 kB
PageTables:         84 kB
NFS_Unstable:        0 kB
Bounce:              0 kB
CommitLimit:    256956 kB
Committed_AS:     9276 kB
VmallocTotal:   516056 kB
VmallocUsed:        72 kB
VmallocChunk:   515984 kB
Sun Nov 15 20:00:54 EST 2009
MemTotal:       513916 kB
MemFree:        477876 kB
Buffers:           828 kB
Cached:          24260 kB
SwapCached:          0 kB
Active:          10744 kB
Inactive:        22080 kB
SwapTotal:           0 kB
SwapFree:            0 kB
Dirty:               0 kB
Writeback:           0 kB
AnonPages:        7772 kB
Mapped:            496 kB
Slab:             2488 kB
SReclaimable:     1136 kB
SUnreclaim:       1352 kB
PageTables:         84 kB
NFS_Unstable:        0 kB
Bounce:              0 kB
CommitLimit:    256956 kB
Committed_AS:     9276 kB
VmallocTotal:   516056 kB
VmallocUsed:        72 kB
VmallocChunk:   515984 kB
Sun Nov 15 20:00:55 EST 2009
MemTotal:       513916 kB
MemFree:        476732 kB
Buffers:           840 kB
Cached:          25272 kB
SwapCached:          0 kB
Active:          10772 kB
Inactive:        23076 kB
SwapTotal:           0 kB
SwapFree:            0 kB
Dirty:               0 kB
Writeback:           0 kB
AnonPages:        7772 kB
Mapped:            496 kB
Slab:             2604 kB
SReclaimable:     1244 kB
SUnreclaim:       1360 kB
PageTables:         84 kB
NFS_Unstable:        0 kB
Bounce:              0 kB
CommitLimit:    256956 kB
Committed_AS:     9276 kB
VmallocTotal:   516056 kB
VmallocUsed:        72 kB
VmallocChunk:   515984 kB
Sun Nov 15 20:00:56 EST 2009
MemTotal:       513916 kB
MemFree:        476312 kB
Buffers:           868 kB
Cached:          25724 kB
SwapCached:          0 kB
Active:          10788 kB
Inactive:        23540 kB
SwapTotal:           0 kB
SwapFree:            0 kB
Dirty:               0 kB
Writeback:           0 kB
AnonPages:        7772 kB
Mapped:            496 kB
Slab:             2640 kB
SReclaimable:     1276 kB
SUnreclaim:       1364 kB
PageTables:         84 kB
NFS_Unstable:        0 kB
Bounce:              0 kB
CommitLimit:    256956 kB
Committed_AS:     9276 kB
VmallocTotal:   516056 kB
VmallocUsed:        72 kB
VmallocChunk:   515984 kB
Sun Nov 15 20:00:57 EST 2009
MemTotal:       513916 kB
MemFree:        476312 kB
Buffers:           868 kB
Cached:          25728 kB
SwapCached:          0 kB
Active:          10792 kB
Inactive:        23540 kB
SwapTotal:           0 kB
SwapFree:            0 kB
Dirty:               0 kB
Writeback:           0 kB
AnonPages:        7772 kB
Mapped:            496 kB
Slab:             2640 kB
SReclaimable:     1276 kB
SUnreclaim:       1364 kB
PageTables:         84 kB
NFS_Unstable:        0 kB
Bounce:              0 kB
CommitLimit:    256956 kB
Committed_AS:     9276 kB
VmallocTotal:   516056 kB
VmallocUsed:        72 kB
VmallocChunk:   515984 kB
Sun Nov 15 20:00:58 EST 2009
MemTotal:       513916 kB
MemFree:        474984 kB
Buffers:           916 kB
Cached:          26940 kB
SwapCached:          0 kB
Active:          10884 kB
Inactive:        24708 kB
SwapTotal:           0 kB
SwapFree:            0 kB
Dirty:               0 kB
Writeback:           0 kB
AnonPages:        7772 kB
Mapped:            496 kB
Slab:             2680 kB
SReclaimable:     1308 kB
SUnreclaim:       1372 kB
PageTables:         84 kB
NFS_Unstable:        0 kB
Bounce:              0 kB
CommitLimit:    256956 kB
Committed_AS:     9276 kB
VmallocTotal:   516056 kB
VmallocUsed:        72 kB
VmallocChunk:   515984 kB
Sun Nov 15 20:00:59 EST 2009
MemTotal:       513916 kB
MemFree:        474984 kB
Buffers:           916 kB
Cached:          26940 kB
SwapCached:          0 kB
Active:          10884 kB
Inactive:        24708 kB
SwapTotal:           0 kB
SwapFree:            0 kB
Dirty:               0 kB
Writeback:           0 kB
AnonPages:        7772 kB
Mapped:            496 kB
Slab:             2676 kB
SReclaimable:     1308 kB
SUnreclaim:       1368 kB
PageTables:         84 kB
NFS_Unstable:        0 kB
Bounce:              0 kB
CommitLimit:    256956 kB
Committed_AS:     9276 kB
VmallocTotal:   516056 kB
VmallocUsed:        72 kB
VmallocChunk:   515984 kB
Sun Nov 15 20:01:00 EST 2009
MemTotal:       513916 kB
MemFree:        474984 kB
Buffers:           916 kB
Cached:          26940 kB
SwapCached:          0 kB
Active:          10884 kB
Inactive:        24708 kB
SwapTotal:           0 kB
SwapFree:            0 kB
Dirty:               0 kB
Writeback:           0 kB
AnonPages:        7772 kB
Mapped:            496 kB
Slab:             2676 kB
SReclaimable:     1308 kB
SUnreclaim:       1368 kB
PageTables:         84 kB
NFS_Unstable:        0 kB
Bounce:              0 kB
CommitLimit:    256956 kB
Committed_AS:     9276 kB
VmallocTotal:   516056 kB
VmallocUsed:        72 kB
VmallocChunk:   515984 kB
Sun Nov 15 20:01:01 EST 2009
MemTotal:       513916 kB
MemFree:        473712 kB
Buffers:           960 kB
Cached:          28112 kB
SwapCached:          0 kB
Active:          11032 kB
Inactive:        25776 kB
SwapTotal:           0 kB
SwapFree:            0 kB
Dirty:               0 kB
Writeback:           0 kB
AnonPages:        7772 kB
Mapped:            496 kB
Slab:             2704 kB
SReclaimable:     1328 kB
SUnreclaim:       1376 kB
PageTables:         84 kB
NFS_Unstable:        0 kB
Bounce:              0 kB
CommitLimit:    256956 kB
Committed_AS:     9276 kB
VmallocTotal:   516056 kB
VmallocUsed:        72 kB
VmallocChunk:   515984 kB
Sun Nov 15 20:01:02 EST 2009
MemTotal:       513916 kB
MemFree:        473712 kB
Buffers:           960 kB
Cached:          28112 kB
SwapCached:          0 kB
Active:          11032 kB
Inactive:        25776 kB
SwapTotal:           0 kB
SwapFree:            0 kB
Dirty:               0 kB
Writeback:           0 kB
AnonPages:        7772 kB
Mapped:            496 kB
Slab:             2704 kB
SReclaimable:     1328 kB
SUnreclaim:       1376 kB
PageTables:         84 kB
NFS_Unstable:        0 kB
Bounce:              0 kB
CommitLimit:    256956 kB
Committed_AS:     9276 kB
VmallocTotal:   516056 kB
VmallocUsed:        72 kB
VmallocChunk:   515984 kB
Sun Nov 15 20:01:03 EST 2009
MemTotal:       513916 kB
MemFree:        473104 kB
Buffers:           964 kB
Cached:          28728 kB
SwapCached:          0 kB
Active:          11164 kB
Inactive:        26264 kB
SwapTotal:           0 kB
SwapFree:            0 kB
Dirty:               0 kB
Writeback:           0 kB
AnonPages:        7772 kB
Mapped:            496 kB
Slab:             2720 kB
SReclaimable:     1340 kB
SUnreclaim:       1380 kB
PageTables:         84 kB
NFS_Unstable:        0 kB
Bounce:              0 kB
CommitLimit:    256956 kB
Committed_AS:     9276 kB
VmallocTotal:   516056 kB
VmallocUsed:        72 kB
VmallocChunk:   515984 kB
Sun Nov 15 20:01:04 EST 2009
MemTotal:       513916 kB
MemFree:        472200 kB
Buffers:          1004 kB
Cached:          29488 kB
SwapCached:          0 kB
Active:          11172 kB
Inactive:        27056 kB
SwapTotal:           0 kB
SwapFree:            0 kB
Dirty:               0 kB
Writeback:           0 kB
AnonPages:        7772 kB
Mapped:            496 kB
Slab:             2780 kB
SReclaimable:     1388 kB
SUnreclaim:       1392 kB
PageTables:         84 kB
NFS_Unstable:        0 kB
Bounce:              0 kB
CommitLimit:    256956 kB
Committed_AS:     9276 kB
VmallocTotal:   516056 kB
VmallocUsed:        72 kB
VmallocChunk:   515984 kB
Sun Nov 15 20:01:05 EST 2009
MemTotal:       513916 kB
MemFree:        472200 kB
Buffers:          1004 kB
Cached:          29488 kB
SwapCached:          0 kB
Active:          11172 kB
Inactive:        27056 kB
SwapTotal:           0 kB
SwapFree:            0 kB
Dirty:               0 kB
Writeback:           0 kB
AnonPages:        7772 kB
Mapped:            496 kB
Slab:             2780 kB
SReclaimable:     1388 kB
SUnreclaim:       1392 kB
PageTables:         84 kB
NFS_Unstable:        0 kB
Bounce:              0 kB
CommitLimit:    256956 kB
Committed_AS:     9276 kB
VmallocTotal:   516056 kB
VmallocUsed:        72 kB
VmallocChunk:   515984 kB
Sun Nov 15 20:01:06 EST 2009
MemTotal:       513916 kB
MemFree:        470812 kB
Buffers:          1032 kB
Cached:          30800 kB
SwapCached:          0 kB
Active:          11296 kB
Inactive:        28272 kB
SwapTotal:           0 kB
SwapFree:            0 kB
Dirty:               0 kB
Writeback:           0 kB
AnonPages:        7772 kB
Mapped:            496 kB
Slab:             2856 kB
SReclaimable:     1448 kB
SUnreclaim:       1408 kB
PageTables:         84 kB
NFS_Unstable:        0 kB
Bounce:              0 kB
CommitLimit:    256956 kB
Committed_AS:     9276 kB
VmallocTotal:   516056 kB
VmallocUsed:        72 kB
VmallocChunk:   515984 kB
Sun Nov 15 20:01:07 EST 2009
MemTotal:       513916 kB
MemFree:        470812 kB
Buffers:          1032 kB
Cached:          30800 kB
SwapCached:          0 kB
Active:          11296 kB
Inactive:        28272 kB
SwapTotal:           0 kB
SwapFree:            0 kB
Dirty:               0 kB
Writeback:           0 kB
AnonPages:        7772 kB
Mapped:            496 kB
Slab:             2856 kB
SReclaimable:     1448 kB
SUnreclaim:       1408 kB
PageTables:         84 kB
NFS_Unstable:        0 kB
Bounce:              0 kB
CommitLimit:    256956 kB
Committed_AS:     9276 kB
VmallocTotal:   516056 kB
VmallocUsed:        72 kB
VmallocChunk:   515984 kB
Sun Nov 15 20:01:08 EST 2009
MemTotal:       513916 kB
MemFree:        469420 kB
Buffers:          1052 kB
Cached:          32048 kB
SwapCached:          0 kB
Active:          11412 kB
Inactive:        29424 kB
SwapTotal:           0 kB
SwapFree:            0 kB
Dirty:               0 kB
Writeback:           0 kB
AnonPages:        7772 kB
Mapped:            496 kB
Slab:             2912 kB
SReclaimable:     1496 kB
SUnreclaim:       1416 kB
PageTables:         84 kB
NFS_Unstable:        0 kB
Bounce:              0 kB
CommitLimit:    256956 kB
Committed_AS:     9276 kB
VmallocTotal:   516056 kB
VmallocUsed:        72 kB
VmallocChunk:   515984 kB
Sun Nov 15 20:01:09 EST 2009
MemTotal:       513916 kB
MemFree:        469300 kB
Buffers:          1052 kB
Cached:          32184 kB
SwapCached:          0 kB
Active:          11416 kB
Inactive:        29556 kB
SwapTotal:           0 kB
SwapFree:            0 kB
Dirty:               0 kB
Writeback:           0 kB
AnonPages:        7772 kB
Mapped:            496 kB
Slab:             2916 kB
SReclaimable:     1496 kB
SUnreclaim:       1420 kB
PageTables:         84 kB
NFS_Unstable:        0 kB
Bounce:              0 kB
CommitLimit:    256956 kB
Committed_AS:     9276 kB
VmallocTotal:   516056 kB
VmallocUsed:        72 kB
VmallocChunk:   515984 kB
Sun Nov 15 20:01:10 EST 2009
MemTotal:       513916 kB
MemFree:        468932 kB
Buffers:          1068 kB
Cached:          32604 kB
SwapCached:          0 kB
Active:          11584 kB
Inactive:        29824 kB
SwapTotal:           0 kB
SwapFree:            0 kB
Dirty:               0 kB
Writeback:           0 kB
AnonPages:        7772 kB
Mapped:            496 kB
Slab:             2924 kB
SReclaimable:     1500 kB
SUnreclaim:       1424 kB
PageTables:         84 kB
NFS_Unstable:        0 kB
Bounce:              0 kB
CommitLimit:    256956 kB
Committed_AS:     9276 kB
VmallocTotal:   516056 kB
VmallocUsed:        72 kB
VmallocChunk:   515984 kB
Sun Nov 15 20:01:11 EST 2009
MemTotal:       513916 kB
MemFree:        467848 kB
Buffers:          1108 kB
Cached:          33600 kB
SwapCached:          0 kB
Active:          11604 kB
Inactive:        30840 kB
SwapTotal:           0 kB
SwapFree:            0 kB
Dirty:               0 kB
Writeback:           0 kB
AnonPages:        7772 kB
Mapped:            496 kB
Slab:             2984 kB
SReclaimable:     1548 kB
SUnreclaim:       1436 kB
PageTables:         84 kB
NFS_Unstable:        0 kB
Bounce:              0 kB
CommitLimit:    256956 kB
Committed_AS:     9276 kB
VmallocTotal:   516056 kB
VmallocUsed:        72 kB
VmallocChunk:   515984 kB
Sun Nov 15 20:01:12 EST 2009
MemTotal:       513916 kB
MemFree:        467848 kB
Buffers:          1108 kB
Cached:          33600 kB
SwapCached:          0 kB
Active:          11604 kB
Inactive:        30840 kB
SwapTotal:           0 kB
SwapFree:            0 kB
Dirty:               0 kB
Writeback:           0 kB
AnonPages:        7772 kB
Mapped:            496 kB
Slab:             2984 kB
SReclaimable:     1548 kB
SUnreclaim:       1436 kB
PageTables:         84 kB
NFS_Unstable:        0 kB
Bounce:              0 kB
CommitLimit:    256956 kB
Committed_AS:     9276 kB
VmallocTotal:   516056 kB
VmallocUsed:        72 kB
VmallocChunk:   515984 kB
Sun Nov 15 20:01:14 EST 2009
MemTotal:       513916 kB
MemFree:        467848 kB
Buffers:          1108 kB
Cached:          33600 kB
SwapCached:          0 kB
Active:          11604 kB
Inactive:        30840 kB
SwapTotal:           0 kB
SwapFree:            0 kB
Dirty:               0 kB
Writeback:           0 kB
AnonPages:        7772 kB
Mapped:            496 kB
Slab:             2984 kB
SReclaimable:     1548 kB
SUnreclaim:       1436 kB
PageTables:         84 kB
NFS_Unstable:        0 kB
Bounce:              0 kB
CommitLimit:    256956 kB
Committed_AS:     9276 kB
VmallocTotal:   516056 kB
VmallocUsed:        72 kB
VmallocChunk:   515984 kB
Sun Nov 15 20:01:15 EST 2009
MemTotal:       513916 kB
MemFree:        466276 kB
Buffers:          1132 kB
Cached:          34964 kB
SwapCached:          0 kB
Active:          11724 kB
Inactive:        32108 kB
SwapTotal:           0 kB
SwapFree:            0 kB
Dirty:               0 kB
Writeback:           0 kB
AnonPages:        7772 kB
Mapped:            496 kB
Slab:             3080 kB
SReclaimable:     1632 kB
SUnreclaim:       1448 kB
PageTables:         84 kB
NFS_Unstable:        0 kB
Bounce:              0 kB
CommitLimit:    256956 kB
Committed_AS:     9276 kB
VmallocTotal:   516056 kB
VmallocUsed:        72 kB
VmallocChunk:   515984 kB
Sun Nov 15 20:01:16 EST 2009
MemTotal:       513916 kB
MemFree:        466276 kB
Buffers:          1132 kB
Cached:          34964 kB
SwapCached:          0 kB
Active:          11724 kB
Inactive:        32108 kB
SwapTotal:           0 kB
SwapFree:            0 kB
Dirty:               0 kB
Writeback:           0 kB
AnonPages:        7772 kB
Mapped:            496 kB
Slab:             3080 kB
SReclaimable:     1632 kB
SUnreclaim:       1448 kB
PageTables:         84 kB
NFS_Unstable:        0 kB
Bounce:              0 kB
CommitLimit:    256956 kB
Committed_AS:     9276 kB
VmallocTotal:   516056 kB
VmallocUsed:        72 kB
VmallocChunk:   515984 kB
Sun Nov 15 20:01:17 EST 2009
MemTotal:       513916 kB
MemFree:        465000 kB
Buffers:          1336 kB
Cached:          35960 kB
SwapCached:          0 kB
Active:          11876 kB
Inactive:        33160 kB
SwapTotal:           0 kB
SwapFree:            0 kB
Dirty:               0 kB
Writeback:           0 kB
AnonPages:        7776 kB
Mapped:            496 kB
Slab:             3220 kB
SReclaimable:     1764 kB
SUnreclaim:       1456 kB
PageTables:         84 kB
NFS_Unstable:        0 kB
Bounce:              0 kB
CommitLimit:    256956 kB
Committed_AS:     9276 kB
VmallocTotal:   516056 kB
VmallocUsed:        72 kB
VmallocChunk:   515984 kB
Sun Nov 15 20:01:18 EST 2009
MemTotal:       513916 kB
MemFree:        463124 kB
Buffers:          1664 kB
Cached:          37340 kB
SwapCached:          0 kB
Active:          12024 kB
Inactive:        34740 kB
SwapTotal:           0 kB
SwapFree:            0 kB
Dirty:               0 kB
Writeback:           0 kB
AnonPages:        7796 kB
Mapped:            496 kB
Slab:             3428 kB
SReclaimable:     1964 kB
SUnreclaim:       1464 kB
PageTables:         84 kB
NFS_Unstable:        0 kB
Bounce:              0 kB
CommitLimit:    256956 kB
Committed_AS:     9276 kB
VmallocTotal:   516056 kB
VmallocUsed:        72 kB
VmallocChunk:   515984 kB
Sun Nov 15 20:01:19 EST 2009
MemTotal:       513916 kB
MemFree:        460928 kB
Buffers:          2444 kB
Cached:          38440 kB
SwapCached:          0 kB
Active:          12144 kB
Inactive:        36524 kB
SwapTotal:           0 kB
SwapFree:            0 kB
Dirty:               0 kB
Writeback:           0 kB
AnonPages:        7820 kB
Mapped:            496 kB
Slab:             3712 kB
SReclaimable:     2248 kB
SUnreclaim:       1464 kB
PageTables:         84 kB
NFS_Unstable:        0 kB
Bounce:              0 kB
CommitLimit:    256956 kB
Committed_AS:     9276 kB
VmallocTotal:   516056 kB
VmallocUsed:        72 kB
VmallocChunk:   515984 kB
Sun Nov 15 20:01:20 EST 2009
MemTotal:       513916 kB
MemFree:        460324 kB
Buffers:          2476 kB
Cached:          38916 kB
SwapCached:          0 kB
Active:          12144 kB
Inactive:        37032 kB
SwapTotal:           0 kB
SwapFree:            0 kB
Dirty:               0 kB
Writeback:           0 kB
AnonPages:        7820 kB
Mapped:            496 kB
Slab:             3756 kB
SReclaimable:     2284 kB
SUnreclaim:       1472 kB
PageTables:         84 kB
NFS_Unstable:        0 kB
Bounce:              0 kB
CommitLimit:    256956 kB
Committed_AS:     9276 kB
VmallocTotal:   516056 kB
VmallocUsed:        72 kB
VmallocChunk:   515984 kB
Sun Nov 15 20:01:21 EST 2009
MemTotal:       513916 kB
MemFree:        459596 kB
Buffers:          2476 kB
Cached:          39608 kB
SwapCached:          0 kB
Active:          12236 kB
Inactive:        37632 kB
SwapTotal:           0 kB
SwapFree:            0 kB
Dirty:               0 kB
Writeback:           0 kB
AnonPages:        7820 kB
Mapped:            496 kB
Slab:             3756 kB
SReclaimable:     2284 kB
SUnreclaim:       1472 kB
PageTables:         84 kB
NFS_Unstable:        0 kB
Bounce:              0 kB
CommitLimit:    256956 kB
Committed_AS:     9276 kB
VmallocTotal:   516056 kB
VmallocUsed:        72 kB
VmallocChunk:   515984 kB
Sun Nov 15 20:01:22 EST 2009
MemTotal:       513916 kB
MemFree:        458936 kB
Buffers:          2476 kB
Cached:          40248 kB
SwapCached:          0 kB
Active:          12236 kB
Inactive:        38272 kB
SwapTotal:           0 kB
SwapFree:            0 kB
Dirty:               0 kB
Writeback:           0 kB
AnonPages:        7820 kB
Mapped:            496 kB
Slab:             3756 kB
SReclaimable:     2284 kB
SUnreclaim:       1472 kB
PageTables:         84 kB
NFS_Unstable:        0 kB
Bounce:              0 kB
CommitLimit:    256956 kB
Committed_AS:     9276 kB
VmallocTotal:   516056 kB
VmallocUsed:        72 kB
VmallocChunk:   515984 kB
Sun Nov 15 20:01:23 EST 2009
MemTotal:       513916 kB
MemFree:        458936 kB
Buffers:          2476 kB
Cached:          40252 kB
SwapCached:          0 kB
Active:          12240 kB
Inactive:        38272 kB
SwapTotal:           0 kB
SwapFree:            0 kB
Dirty:               0 kB
Writeback:           0 kB
AnonPages:        7820 kB
Mapped:            496 kB
Slab:             3752 kB
SReclaimable:     2284 kB
SUnreclaim:       1468 kB
PageTables:         84 kB
NFS_Unstable:        0 kB
Bounce:              0 kB
CommitLimit:    256956 kB
Committed_AS:     9276 kB
VmallocTotal:   516056 kB
VmallocUsed:        72 kB
VmallocChunk:   515984 kB
Sun Nov 15 20:01:24 EST 2009
MemTotal:       513916 kB
MemFree:        457664 kB
Buffers:          2476 kB
Cached:          41552 kB
SwapCached:          0 kB
Active:          12444 kB
Inactive:        39368 kB
SwapTotal:           0 kB
SwapFree:            0 kB
Dirty:               0 kB
Writeback:           0 kB
AnonPages:        7820 kB
Mapped:            496 kB
Slab:             3756 kB
SReclaimable:     2284 kB
SUnreclaim:       1472 kB
PageTables:         84 kB
NFS_Unstable:        0 kB
Bounce:              0 kB
CommitLimit:    256956 kB
Committed_AS:     9276 kB
VmallocTotal:   516056 kB
VmallocUsed:        72 kB
VmallocChunk:   515984 kB
Sun Nov 15 20:01:25 EST 2009
MemTotal:       513916 kB
MemFree:        457664 kB
Buffers:          2476 kB
Cached:          41552 kB
SwapCached:          0 kB
Active:          12444 kB
Inactive:        39368 kB
SwapTotal:           0 kB
SwapFree:            0 kB
Dirty:               0 kB
Writeback:           0 kB
AnonPages:        7820 kB
Mapped:            496 kB
Slab:             3752 kB
SReclaimable:     2284 kB
SUnreclaim:       1468 kB
PageTables:         84 kB
NFS_Unstable:        0 kB
Bounce:              0 kB
CommitLimit:    256956 kB
Committed_AS:     9276 kB
VmallocTotal:   516056 kB
VmallocUsed:        72 kB
VmallocChunk:   515984 kB
Sun Nov 15 20:01:26 EST 2009
MemTotal:       513916 kB
MemFree:        457664 kB
Buffers:          2476 kB
Cached:          41552 kB
SwapCached:          0 kB
Active:          12444 kB
Inactive:        39368 kB
SwapTotal:           0 kB
SwapFree:            0 kB
Dirty:               0 kB
Writeback:           0 kB
AnonPages:        7820 kB
Mapped:            496 kB
Slab:             3752 kB
SReclaimable:     2284 kB
SUnreclaim:       1468 kB
PageTables:         84 kB
NFS_Unstable:        0 kB
Bounce:              0 kB
CommitLimit:    256956 kB
Committed_AS:     9276 kB
VmallocTotal:   516056 kB
VmallocUsed:        72 kB
VmallocChunk:   515984 kB
Sun Nov 15 20:01:27 EST 2009
MemTotal:       513916 kB
MemFree:        456272 kB
Buffers:          2476 kB
Cached:          42964 kB
SwapCached:          0 kB
Active:          12640 kB
Inactive:        40584 kB
SwapTotal:           0 kB
SwapFree:            0 kB
Dirty:               0 kB
Writeback:           0 kB
AnonPages:        7820 kB
Mapped:            496 kB
Slab:             3752 kB
SReclaimable:     2284 kB
SUnreclaim:       1468 kB
PageTables:         84 kB
NFS_Unstable:        0 kB
Bounce:              0 kB
CommitLimit:    256956 kB
Committed_AS:     9276 kB
VmallocTotal:   516056 kB
VmallocUsed:        72 kB
VmallocChunk:   515984 kB
Sun Nov 15 20:01:28 EST 2009
MemTotal:       513916 kB
MemFree:        456272 kB
Buffers:          2476 kB
Cached:          42964 kB
SwapCached:          0 kB
Active:          12640 kB
Inactive:        40584 kB
SwapTotal:           0 kB
SwapFree:            0 kB
Dirty:               0 kB
Writeback:           0 kB
AnonPages:        7820 kB
Mapped:            496 kB
Slab:             3752 kB
SReclaimable:     2284 kB
SUnreclaim:       1468 kB
PageTables:         84 kB
NFS_Unstable:        0 kB
Bounce:              0 kB
CommitLimit:    256956 kB
Committed_AS:     9276 kB
VmallocTotal:   516056 kB
VmallocUsed:        72 kB
VmallocChunk:   515984 kB
Sun Nov 15 20:01:29 EST 2009
MemTotal:       513916 kB
MemFree:        455660 kB
Buffers:          2476 kB
Cached:          43612 kB
SwapCached:          0 kB
Active:          12840 kB
Inactive:        41032 kB
SwapTotal:           0 kB
SwapFree:            0 kB
Dirty:               0 kB
Writeback:           0 kB
AnonPages:        7820 kB
Mapped:            496 kB
Slab:             3748 kB
SReclaimable:     2284 kB
SUnreclaim:       1464 kB
PageTables:         84 kB
NFS_Unstable:        0 kB
Bounce:              0 kB
CommitLimit:    256956 kB
Committed_AS:     9276 kB
VmallocTotal:   516056 kB
VmallocUsed:        72 kB
VmallocChunk:   515984 kB
Sun Nov 15 20:01:30 EST 2009
MemTotal:       513916 kB
MemFree:        454880 kB
Buffers:          2484 kB
Cached:          44384 kB
SwapCached:          0 kB
Active:          12844 kB
Inactive:        41808 kB
SwapTotal:           0 kB
SwapFree:            0 kB
Dirty:               0 kB
Writeback:           0 kB
AnonPages:        7820 kB
Mapped:            496 kB
Slab:             3764 kB
SReclaimable:     2284 kB
SUnreclaim:       1480 kB
PageTables:         84 kB
NFS_Unstable:        0 kB
Bounce:              0 kB
CommitLimit:    256956 kB
Committed_AS:     9276 kB
VmallocTotal:   516056 kB
VmallocUsed:        72 kB
VmallocChunk:   515984 kB
Sun Nov 15 20:01:31 EST 2009
MemTotal:       513916 kB
MemFree:        454880 kB
Buffers:          2484 kB
Cached:          44384 kB
SwapCached:          0 kB
Active:          12844 kB
Inactive:        41808 kB
SwapTotal:           0 kB
SwapFree:            0 kB
Dirty:               0 kB
Writeback:           0 kB
AnonPages:        7820 kB
Mapped:            496 kB
Slab:             3764 kB
SReclaimable:     2284 kB
SUnreclaim:       1480 kB
PageTables:         84 kB
NFS_Unstable:        0 kB
Bounce:              0 kB
CommitLimit:    256956 kB
Committed_AS:     9276 kB
VmallocTotal:   516056 kB
VmallocUsed:        72 kB
VmallocChunk:   515984 kB
Sun Nov 15 20:01:32 EST 2009
MemTotal:       513916 kB
MemFree:        453484 kB
Buffers:          2484 kB
Cached:          45688 kB
SwapCached:          0 kB
Active:          13052 kB
Inactive:        42904 kB
SwapTotal:           0 kB
SwapFree:            0 kB
Dirty:               0 kB
Writeback:           0 kB
AnonPages:        7820 kB
Mapped:            496 kB
Slab:             3764 kB
SReclaimable:     2284 kB
SUnreclaim:       1480 kB
PageTables:         84 kB
NFS_Unstable:        0 kB
Bounce:              0 kB
CommitLimit:    256956 kB
Committed_AS:     9276 kB
VmallocTotal:   516056 kB
VmallocUsed:        72 kB
VmallocChunk:   515984 kB
Sun Nov 15 20:01:33 EST 2009
MemTotal:       513916 kB
MemFree:        453484 kB
Buffers:          2484 kB
Cached:          45688 kB
SwapCached:          0 kB
Active:          13052 kB
Inactive:        42904 kB
SwapTotal:           0 kB
SwapFree:            0 kB
Dirty:               0 kB
Writeback:           0 kB
AnonPages:        7820 kB
Mapped:            496 kB
Slab:             3764 kB
SReclaimable:     2284 kB
SUnreclaim:       1480 kB
PageTables:         84 kB
NFS_Unstable:        0 kB
Bounce:              0 kB
CommitLimit:    256956 kB
Committed_AS:     9276 kB
VmallocTotal:   516056 kB
VmallocUsed:        72 kB
VmallocChunk:   515984 kB
Sun Nov 15 20:01:34 EST 2009
MemTotal:       513916 kB
MemFree:        452992 kB
Buffers:          2484 kB
Cached:          46224 kB
SwapCached:          0 kB
Active:          13260 kB
Inactive:        43232 kB
SwapTotal:           0 kB
SwapFree:            0 kB
Dirty:               0 kB
Writeback:           0 kB
AnonPages:        7820 kB
Mapped:            496 kB
Slab:             3764 kB
SReclaimable:     2284 kB
SUnreclaim:       1480 kB
PageTables:         84 kB
NFS_Unstable:        0 kB
Bounce:              0 kB
CommitLimit:    256956 kB
Committed_AS:     9276 kB
VmallocTotal:   516056 kB
VmallocUsed:        72 kB
VmallocChunk:   515984 kB
Sun Nov 15 20:01:35 EST 2009
MemTotal:       513916 kB
MemFree:        452092 kB
Buffers:          2484 kB
Cached:          47120 kB
SwapCached:          0 kB
Active:          13260 kB
Inactive:        44128 kB
SwapTotal:           0 kB
SwapFree:            0 kB
Dirty:               0 kB
Writeback:           0 kB
AnonPages:        7820 kB
Mapped:            496 kB
Slab:             3764 kB
SReclaimable:     2284 kB
SUnreclaim:       1480 kB
PageTables:         84 kB
NFS_Unstable:        0 kB
Bounce:              0 kB
CommitLimit:    256956 kB
Committed_AS:     9276 kB
VmallocTotal:   516056 kB
VmallocUsed:        72 kB
VmallocChunk:   515984 kB
Sun Nov 15 20:01:36 EST 2009
MemTotal:       513916 kB
MemFree:        452092 kB
Buffers:          2484 kB
Cached:          47124 kB
SwapCached:          0 kB
Active:          13264 kB
Inactive:        44128 kB
SwapTotal:           0 kB
SwapFree:            0 kB
Dirty:               0 kB
Writeback:           0 kB
AnonPages:        7820 kB
Mapped:            496 kB
Slab:             3764 kB
SReclaimable:     2284 kB
SUnreclaim:       1480 kB
PageTables:         84 kB
NFS_Unstable:        0 kB
Bounce:              0 kB
CommitLimit:    256956 kB
Committed_AS:     9276 kB
VmallocTotal:   516056 kB
VmallocUsed:        72 kB
VmallocChunk:   515984 kB
Sun Nov 15 20:01:37 EST 2009
MemTotal:       513916 kB
MemFree:        450820 kB
Buffers:          2484 kB
Cached:          48432 kB
SwapCached:          0 kB
Active:          13468 kB
Inactive:        45232 kB
SwapTotal:           0 kB
SwapFree:            0 kB
Dirty:               0 kB
Writeback:           0 kB
AnonPages:        7820 kB
Mapped:            496 kB
Slab:             3764 kB
SReclaimable:     2284 kB
SUnreclaim:       1480 kB
PageTables:         84 kB
NFS_Unstable:        0 kB
Bounce:              0 kB
CommitLimit:    256956 kB
Committed_AS:     9276 kB
VmallocTotal:   516056 kB
VmallocUsed:        72 kB
VmallocChunk:   515984 kB
Sun Nov 15 20:01:38 EST 2009
MemTotal:       513916 kB
MemFree:        450820 kB
Buffers:          2484 kB
Cached:          48432 kB
SwapCached:          0 kB
Active:          13468 kB
Inactive:        45232 kB
SwapTotal:           0 kB
SwapFree:            0 kB
Dirty:               0 kB
Writeback:           0 kB
AnonPages:        7820 kB
Mapped:            496 kB
Slab:             3764 kB
SReclaimable:     2284 kB
SUnreclaim:       1480 kB
PageTables:         84 kB
NFS_Unstable:        0 kB
Bounce:              0 kB
CommitLimit:    256956 kB
Committed_AS:     9276 kB
VmallocTotal:   516056 kB
VmallocUsed:        72 kB
VmallocChunk:   515984 kB
Sun Nov 15 20:01:39 EST 2009
MemTotal:       513916 kB
MemFree:        449544 kB
Buffers:          2484 kB
Cached:          49604 kB
SwapCached:          0 kB
Active:          13672 kB
Inactive:        46200 kB
SwapTotal:           0 kB
SwapFree:            0 kB
Dirty:               0 kB
Writeback:           0 kB
AnonPages:        7820 kB
Mapped:            496 kB
Slab:             3764 kB
SReclaimable:     2284 kB
SUnreclaim:       1480 kB
PageTables:         84 kB
NFS_Unstable:        0 kB
Bounce:              0 kB
CommitLimit:    256956 kB
Committed_AS:     9276 kB
VmallocTotal:   516056 kB
VmallocUsed:        72 kB
VmallocChunk:   515984 kB
Sun Nov 15 20:01:41 EST 2009
MemTotal:       513916 kB
MemFree:        449424 kB
Buffers:          2484 kB
Cached:          49732 kB
SwapCached:          0 kB
Active:          13672 kB
Inactive:        46328 kB
SwapTotal:           0 kB
SwapFree:            0 kB
Dirty:               0 kB
Writeback:           0 kB
AnonPages:        7820 kB
Mapped:            496 kB
Slab:             3764 kB
SReclaimable:     2284 kB
SUnreclaim:       1480 kB
PageTables:         84 kB
NFS_Unstable:        0 kB
Bounce:              0 kB
CommitLimit:    256956 kB
Committed_AS:     9276 kB
VmallocTotal:   516056 kB
VmallocUsed:        72 kB
VmallocChunk:   515984 kB
Sun Nov 15 20:01:42 EST 2009
MemTotal:       513916 kB
MemFree:        448932 kB
Buffers:          2484 kB
Cached:          50256 kB
SwapCached:          0 kB
Active:          13872 kB
Inactive:        46652 kB
SwapTotal:           0 kB
SwapFree:            0 kB
Dirty:               0 kB
Writeback:           0 kB
AnonPages:        7820 kB
Mapped:            496 kB
Slab:             3764 kB
SReclaimable:     2284 kB
SUnreclaim:       1480 kB
PageTables:         84 kB
NFS_Unstable:        0 kB
Bounce:              0 kB
CommitLimit:    256956 kB
Committed_AS:     9276 kB
VmallocTotal:   516056 kB
VmallocUsed:        72 kB
VmallocChunk:   515984 kB
Sun Nov 15 20:01:43 EST 2009
MemTotal:       513916 kB
MemFree:        448272 kB
Buffers:          2488 kB
Cached:          50900 kB
SwapCached:          0 kB
Active:          13876 kB
Inactive:        47296 kB
SwapTotal:           0 kB
SwapFree:            0 kB
Dirty:               0 kB
Writeback:           0 kB
AnonPages:        7820 kB
Mapped:            496 kB
Slab:             3772 kB
SReclaimable:     2284 kB
SUnreclaim:       1488 kB
PageTables:         84 kB
NFS_Unstable:        0 kB
Bounce:              0 kB
CommitLimit:    256956 kB
Committed_AS:     9276 kB
VmallocTotal:   516056 kB
VmallocUsed:        72 kB
VmallocChunk:   515984 kB
Sun Nov 15 20:01:44 EST 2009
MemTotal:       513916 kB
MemFree:        448272 kB
Buffers:          2488 kB
Cached:          50900 kB
SwapCached:          0 kB
Active:          13876 kB
Inactive:        47296 kB
SwapTotal:           0 kB
SwapFree:            0 kB
Dirty:               0 kB
Writeback:           0 kB
AnonPages:        7820 kB
Mapped:            496 kB
Slab:             3772 kB
SReclaimable:     2284 kB
SUnreclaim:       1488 kB
PageTables:         84 kB
NFS_Unstable:        0 kB
Bounce:              0 kB
CommitLimit:    256956 kB
Committed_AS:     9276 kB
VmallocTotal:   516056 kB
VmallocUsed:        72 kB
VmallocChunk:   515984 kB
Sun Nov 15 20:01:45 EST 2009
MemTotal:       513916 kB
MemFree:        447000 kB
Buffers:          2488 kB
Cached:          52168 kB
SwapCached:          0 kB
Active:          14068 kB
Inactive:        48372 kB
SwapTotal:           0 kB
SwapFree:            0 kB
Dirty:               0 kB
Writeback:           0 kB
AnonPages:        7820 kB
Mapped:            496 kB
Slab:             3772 kB
SReclaimable:     2284 kB
SUnreclaim:       1488 kB
PageTables:         84 kB
NFS_Unstable:        0 kB
Bounce:              0 kB
CommitLimit:    256956 kB
Committed_AS:     9276 kB
VmallocTotal:   516056 kB
VmallocUsed:        72 kB
VmallocChunk:   515984 kB
Sun Nov 15 20:01:46 EST 2009
MemTotal:       513916 kB
MemFree:        447000 kB
Buffers:          2488 kB
Cached:          52168 kB
SwapCached:          0 kB
Active:          14068 kB
Inactive:        48372 kB
SwapTotal:           0 kB
SwapFree:            0 kB
Dirty:               0 kB
Writeback:           0 kB
AnonPages:        7820 kB
Mapped:            496 kB
Slab:             3772 kB
SReclaimable:     2284 kB
SUnreclaim:       1488 kB
PageTables:         84 kB
NFS_Unstable:        0 kB
Bounce:              0 kB
CommitLimit:    256956 kB
Committed_AS:     9276 kB
VmallocTotal:   516056 kB
VmallocUsed:        72 kB
VmallocChunk:   515984 kB
Sun Nov 15 20:01:47 EST 2009
MemTotal:       513916 kB
MemFree:        445728 kB
Buffers:          2488 kB
Cached:          53456 kB
SwapCached:          0 kB
Active:          14264 kB
Inactive:        49464 kB
SwapTotal:           0 kB
SwapFree:            0 kB
Dirty:               0 kB
Writeback:           0 kB
AnonPages:        7820 kB
Mapped:            496 kB
Slab:             3772 kB
SReclaimable:     2284 kB
SUnreclaim:       1488 kB
PageTables:         84 kB
NFS_Unstable:        0 kB
Bounce:              0 kB
CommitLimit:    256956 kB
Committed_AS:     9276 kB
VmallocTotal:   516056 kB
VmallocUsed:        72 kB
VmallocChunk:   515984 kB
Sun Nov 15 20:01:48 EST 2009
MemTotal:       513916 kB
MemFree:        445728 kB
Buffers:          2488 kB
Cached:          53456 kB
SwapCached:          0 kB
Active:          14264 kB
Inactive:        49464 kB
SwapTotal:           0 kB
SwapFree:            0 kB
Dirty:               0 kB
Writeback:           0 kB
AnonPages:        7820 kB
Mapped:            496 kB
Slab:             3772 kB
SReclaimable:     2284 kB
SUnreclaim:       1488 kB
PageTables:         84 kB
NFS_Unstable:        0 kB
Bounce:              0 kB
CommitLimit:    256956 kB
Committed_AS:     9276 kB
VmallocTotal:   516056 kB
VmallocUsed:        72 kB
VmallocChunk:   515984 kB
Sun Nov 15 20:01:49 EST 2009
MemTotal:       513916 kB
MemFree:        444456 kB
Buffers:          2488 kB
Cached:          54756 kB
SwapCached:          0 kB
Active:          14468 kB
Inactive:        50560 kB
SwapTotal:           0 kB
SwapFree:            0 kB
Dirty:               0 kB
Writeback:           0 kB
AnonPages:        7820 kB
Mapped:            496 kB
Slab:             3776 kB
SReclaimable:     2284 kB
SUnreclaim:       1492 kB
PageTables:         84 kB
NFS_Unstable:        0 kB
Bounce:              0 kB
CommitLimit:    256956 kB
Committed_AS:     9276 kB
VmallocTotal:   516056 kB
VmallocUsed:        72 kB
VmallocChunk:   515984 kB
Sun Nov 15 20:01:50 EST 2009
MemTotal:       513916 kB
MemFree:        444456 kB
Buffers:          2488 kB
Cached:          54760 kB
SwapCached:          0 kB
Active:          14472 kB
Inactive:        50560 kB
SwapTotal:           0 kB
SwapFree:            0 kB
Dirty:               0 kB
Writeback:           0 kB
AnonPages:        7820 kB
Mapped:            496 kB
Slab:             3776 kB
SReclaimable:     2284 kB
SUnreclaim:       1492 kB
PageTables:         84 kB
NFS_Unstable:        0 kB
Bounce:              0 kB
CommitLimit:    256956 kB
Committed_AS:     9276 kB
VmallocTotal:   516056 kB
VmallocUsed:        72 kB
VmallocChunk:   515984 kB
Sun Nov 15 20:01:51 EST 2009
MemTotal:       513916 kB
MemFree:        442940 kB
Buffers:          2492 kB
Cached:          56176 kB
SwapCached:          0 kB
Active:          14668 kB
Inactive:        51784 kB
SwapTotal:           0 kB
SwapFree:            0 kB
Dirty:               0 kB
Writeback:           0 kB
AnonPages:        7820 kB
Mapped:            496 kB
Slab:             3776 kB
SReclaimable:     2284 kB
SUnreclaim:       1492 kB
PageTables:         84 kB
NFS_Unstable:        0 kB
Bounce:              0 kB
CommitLimit:    256956 kB
Committed_AS:     9276 kB
VmallocTotal:   516056 kB
VmallocUsed:        72 kB
VmallocChunk:   515984 kB
Sun Nov 15 20:01:52 EST 2009
MemTotal:       513916 kB
MemFree:        442940 kB
Buffers:          2492 kB
Cached:          56176 kB
SwapCached:          0 kB
Active:          14668 kB
Inactive:        51784 kB
SwapTotal:           0 kB
SwapFree:            0 kB
Dirty:               0 kB
Writeback:           0 kB
AnonPages:        7820 kB
Mapped:            496 kB
Slab:             3776 kB
SReclaimable:     2284 kB
SUnreclaim:       1492 kB
PageTables:         84 kB
NFS_Unstable:        0 kB
Bounce:              0 kB
CommitLimit:    256956 kB
Committed_AS:     9276 kB
VmallocTotal:   516056 kB
VmallocUsed:        72 kB
VmallocChunk:   515984 kB
Sun Nov 15 20:01:53 EST 2009
MemTotal:       513916 kB
MemFree:        442940 kB
Buffers:          2492 kB
Cached:          56176 kB
SwapCached:          0 kB
Active:          14668 kB
Inactive:        51784 kB
SwapTotal:           0 kB
SwapFree:            0 kB
Dirty:               0 kB
Writeback:           0 kB
AnonPages:        7820 kB
Mapped:            496 kB
Slab:             3776 kB
SReclaimable:     2284 kB
SUnreclaim:       1492 kB
PageTables:         84 kB
NFS_Unstable:        0 kB
Bounce:              0 kB
CommitLimit:    256956 kB
Committed_AS:     9276 kB
VmallocTotal:   516056 kB
VmallocUsed:        72 kB
VmallocChunk:   515984 kB
Sun Nov 15 20:01:54 EST 2009
MemTotal:       513916 kB
MemFree:        441672 kB
Buffers:          2492 kB
Cached:          57528 kB
SwapCached:          0 kB
Active:          14840 kB
Inactive:        52964 kB
SwapTotal:           0 kB
SwapFree:            0 kB
Dirty:               0 kB
Writeback:           0 kB
AnonPages:        7820 kB
Mapped:            496 kB
Slab:             3780 kB
SReclaimable:     2284 kB
SUnreclaim:       1496 kB
PageTables:         84 kB
NFS_Unstable:        0 kB
Bounce:              0 kB
CommitLimit:    256956 kB
Committed_AS:     9276 kB
VmallocTotal:   516056 kB
VmallocUsed:        72 kB
VmallocChunk:   515984 kB
Sun Nov 15 20:01:55 EST 2009
MemTotal:       513916 kB
MemFree:        441672 kB
Buffers:          2492 kB
Cached:          57528 kB
SwapCached:          0 kB
Active:          14840 kB
Inactive:        52964 kB
SwapTotal:           0 kB
SwapFree:            0 kB
Dirty:               0 kB
Writeback:           0 kB
AnonPages:        7820 kB
Mapped:            496 kB
Slab:             3780 kB
SReclaimable:     2284 kB
SUnreclaim:       1496 kB
PageTables:         84 kB
NFS_Unstable:        0 kB
Bounce:              0 kB
CommitLimit:    256956 kB
Committed_AS:     9276 kB
VmallocTotal:   516056 kB
VmallocUsed:        72 kB
VmallocChunk:   515984 kB
Sun Nov 15 20:01:56 EST 2009
MemTotal:       513916 kB
MemFree:        440400 kB
Buffers:          2492 kB
Cached:          58804 kB
SwapCached:          0 kB
Active:          15032 kB
Inactive:        54048 kB
SwapTotal:           0 kB
SwapFree:            0 kB
Dirty:               0 kB
Writeback:           0 kB
AnonPages:        7820 kB
Mapped:            496 kB
Slab:             3780 kB
SReclaimable:     2284 kB
SUnreclaim:       1496 kB
PageTables:         84 kB
NFS_Unstable:        0 kB
Bounce:              0 kB
CommitLimit:    256956 kB
Committed_AS:     9276 kB
VmallocTotal:   516056 kB
VmallocUsed:        72 kB
VmallocChunk:   515984 kB
Sun Nov 15 20:01:57 EST 2009
MemTotal:       513916 kB
MemFree:        440400 kB
Buffers:          2492 kB
Cached:          58804 kB
SwapCached:          0 kB
Active:          15032 kB
Inactive:        54048 kB
SwapTotal:           0 kB
SwapFree:            0 kB
Dirty:               0 kB
Writeback:           0 kB
AnonPages:        7820 kB
Mapped:            496 kB
Slab:             3780 kB
SReclaimable:     2284 kB
SUnreclaim:       1496 kB
PageTables:         84 kB
NFS_Unstable:        0 kB
Bounce:              0 kB
CommitLimit:    256956 kB
Committed_AS:     9276 kB
VmallocTotal:   516056 kB
VmallocUsed:        72 kB
VmallocChunk:   515984 kB
Sun Nov 15 20:01:58 EST 2009
MemTotal:       513916 kB
MemFree:        439364 kB
Buffers:          2496 kB
Cached:          59732 kB
SwapCached:          0 kB
Active:          15224 kB
Inactive:        54788 kB
SwapTotal:           0 kB
SwapFree:            0 kB
Dirty:               0 kB
Writeback:           0 kB
AnonPages:        7820 kB
Mapped:            496 kB
Slab:             3784 kB
SReclaimable:     2284 kB
SUnreclaim:       1500 kB
PageTables:         84 kB
NFS_Unstable:        0 kB
Bounce:              0 kB
CommitLimit:    256956 kB
Committed_AS:     9276 kB
VmallocTotal:   516056 kB
VmallocUsed:        72 kB
VmallocChunk:   515984 kB
Sun Nov 15 20:01:59 EST 2009
MemTotal:       513916 kB
MemFree:        439004 kB
Buffers:          2504 kB
Cached:          60076 kB
SwapCached:          0 kB
Active:          15224 kB
Inactive:        55140 kB
SwapTotal:           0 kB
SwapFree:            0 kB
Dirty:               0 kB
Writeback:           0 kB
AnonPages:        7820 kB
Mapped:            496 kB
Slab:             3788 kB
SReclaimable:     2288 kB
SUnreclaim:       1500 kB
PageTables:         84 kB
NFS_Unstable:        0 kB
Bounce:              0 kB
CommitLimit:    256956 kB
Committed_AS:     9276 kB
VmallocTotal:   516056 kB
VmallocUsed:        72 kB
VmallocChunk:   515984 kB
Sun Nov 15 20:02:00 EST 2009
MemTotal:       513916 kB
MemFree:        439004 kB
Buffers:          2504 kB
Cached:          60076 kB
SwapCached:          0 kB
Active:          15224 kB
Inactive:        55140 kB
SwapTotal:           0 kB
SwapFree:            0 kB
Dirty:               0 kB
Writeback:           0 kB
AnonPages:        7820 kB
Mapped:            496 kB
Slab:             3788 kB
SReclaimable:     2288 kB
SUnreclaim:       1500 kB
PageTables:         84 kB
NFS_Unstable:        0 kB
Bounce:              0 kB
CommitLimit:    256956 kB
Committed_AS:     9276 kB
VmallocTotal:   516056 kB
VmallocUsed:        72 kB
VmallocChunk:   515984 kB
Sun Nov 15 20:02:01 EST 2009
MemTotal:       513916 kB
MemFree:        437732 kB
Buffers:          2544 kB
Cached:          61392 kB
SwapCached:          0 kB
Active:          15408 kB
Inactive:        56312 kB
SwapTotal:           0 kB
SwapFree:            0 kB
Dirty:               0 kB
Writeback:           0 kB
AnonPages:        7820 kB
Mapped:            496 kB
Slab:             3800 kB
SReclaimable:     2296 kB
SUnreclaim:       1504 kB
PageTables:         84 kB
NFS_Unstable:        0 kB
Bounce:              0 kB
CommitLimit:    256956 kB
Committed_AS:     9276 kB
VmallocTotal:   516056 kB
VmallocUsed:        72 kB
VmallocChunk:   515984 kB
Sun Nov 15 20:02:02 EST 2009
MemTotal:       513916 kB
MemFree:        437732 kB
Buffers:          2544 kB
Cached:          61396 kB
SwapCached:          0 kB
Active:          15412 kB
Inactive:        56312 kB
SwapTotal:           0 kB
SwapFree:            0 kB
Dirty:               0 kB
Writeback:           0 kB
AnonPages:        7820 kB
Mapped:            496 kB
Slab:             3800 kB
SReclaimable:     2296 kB
SUnreclaim:       1504 kB
PageTables:         84 kB
NFS_Unstable:        0 kB
Bounce:              0 kB
CommitLimit:    256956 kB
Committed_AS:     9276 kB
VmallocTotal:   516056 kB
VmallocUsed:        72 kB
VmallocChunk:   515984 kB
Sun Nov 15 20:02:03 EST 2009
MemTotal:       513916 kB
MemFree:        437732 kB
Buffers:          2544 kB
Cached:          61396 kB
SwapCached:          0 kB
Active:          15412 kB
Inactive:        56312 kB
SwapTotal:           0 kB
SwapFree:            0 kB
Dirty:               0 kB
Writeback:           0 kB
AnonPages:        7820 kB
Mapped:            496 kB
Slab:             3800 kB
SReclaimable:     2296 kB
SUnreclaim:       1504 kB
PageTables:         84 kB
NFS_Unstable:        0 kB
Bounce:              0 kB
CommitLimit:    256956 kB
Committed_AS:     9276 kB
VmallocTotal:   516056 kB
VmallocUsed:        72 kB
VmallocChunk:   515984 kB
Sun Nov 15 20:02:04 EST 2009
MemTotal:       513916 kB
MemFree:        435848 kB
Buffers:          2576 kB
Cached:          63248 kB
SwapCached:          0 kB
Active:          15776 kB
Inactive:        57832 kB
SwapTotal:           0 kB
SwapFree:            0 kB
Dirty:               0 kB
Writeback:           0 kB
AnonPages:        7820 kB
Mapped:            496 kB
Slab:             3820 kB
SReclaimable:     2308 kB
SUnreclaim:       1512 kB
PageTables:         84 kB
NFS_Unstable:        0 kB
Bounce:              0 kB
CommitLimit:    256956 kB
Committed_AS:     9276 kB
VmallocTotal:   516056 kB
VmallocUsed:        72 kB
VmallocChunk:   515984 kB
Sun Nov 15 20:02:05 EST 2009
MemTotal:       513916 kB
MemFree:        435848 kB
Buffers:          2576 kB
Cached:          63248 kB
SwapCached:          0 kB
Active:          15776 kB
Inactive:        57832 kB
SwapTotal:           0 kB
SwapFree:            0 kB
Dirty:               0 kB
Writeback:           0 kB
AnonPages:        7820 kB
Mapped:            496 kB
Slab:             3820 kB
SReclaimable:     2308 kB
SUnreclaim:       1512 kB
PageTables:         84 kB
NFS_Unstable:        0 kB
Bounce:              0 kB
CommitLimit:    256956 kB
Committed_AS:     9276 kB
VmallocTotal:   516056 kB
VmallocUsed:        72 kB
VmallocChunk:   515984 kB
Sun Nov 15 20:02:06 EST 2009
MemTotal:       513916 kB
MemFree:        435848 kB
Buffers:          2576 kB
Cached:          63248 kB
SwapCached:          0 kB
Active:          15776 kB
Inactive:        57832 kB
SwapTotal:           0 kB
SwapFree:            0 kB
Dirty:               0 kB
Writeback:           0 kB
AnonPages:        7820 kB
Mapped:            496 kB
Slab:             3816 kB
SReclaimable:     2308 kB
SUnreclaim:       1508 kB
PageTables:         84 kB
NFS_Unstable:        0 kB
Bounce:              0 kB
CommitLimit:    256956 kB
Committed_AS:     9276 kB
VmallocTotal:   516056 kB
VmallocUsed:        72 kB
VmallocChunk:   515984 kB
Sun Nov 15 20:02:07 EST 2009
MemTotal:       513916 kB
MemFree:        434148 kB
Buffers:          2608 kB
Cached:          64888 kB
SwapCached:          0 kB
Active:          16080 kB
Inactive:        59200 kB
SwapTotal:           0 kB
SwapFree:            0 kB
Dirty:               0 kB
Writeback:           0 kB
AnonPages:        7820 kB
Mapped:            496 kB
Slab:             3828 kB
SReclaimable:     2316 kB
SUnreclaim:       1512 kB
PageTables:         84 kB
NFS_Unstable:        0 kB
Bounce:              0 kB
CommitLimit:    256956 kB
Committed_AS:     9276 kB
VmallocTotal:   516056 kB
VmallocUsed:        72 kB
VmallocChunk:   515984 kB
Sun Nov 15 20:02:08 EST 2009
MemTotal:       513916 kB
MemFree:        434148 kB
Buffers:          2608 kB
Cached:          64892 kB
SwapCached:          0 kB
Active:          16084 kB
Inactive:        59200 kB
SwapTotal:           0 kB
SwapFree:            0 kB
Dirty:               0 kB
Writeback:           0 kB
AnonPages:        7820 kB
Mapped:            496 kB
Slab:             3828 kB
SReclaimable:     2316 kB
SUnreclaim:       1512 kB
PageTables:         84 kB
NFS_Unstable:        0 kB
Bounce:              0 kB
CommitLimit:    256956 kB
Committed_AS:     9276 kB
VmallocTotal:   516056 kB
VmallocUsed:        72 kB
VmallocChunk:   515984 kB
Sun Nov 15 20:02:09 EST 2009
MemTotal:       513916 kB
MemFree:        434148 kB
Buffers:          2608 kB
Cached:          64892 kB
SwapCached:          0 kB
Active:          16084 kB
Inactive:        59200 kB
SwapTotal:           0 kB
SwapFree:            0 kB
Dirty:               0 kB
Writeback:           0 kB
AnonPages:        7820 kB
Mapped:            496 kB
Slab:             3828 kB
SReclaimable:     2316 kB
SUnreclaim:       1512 kB
PageTables:         84 kB
NFS_Unstable:        0 kB
Bounce:              0 kB
CommitLimit:    256956 kB
Committed_AS:     9276 kB
VmallocTotal:   516056 kB
VmallocUsed:        72 kB
VmallocChunk:   515984 kB
Sun Nov 15 20:02:10 EST 2009
MemTotal:       513916 kB
MemFree:        432752 kB
Buffers:          2608 kB
Cached:          66280 kB
SwapCached:          0 kB
Active:          16336 kB
Inactive:        60336 kB
SwapTotal:           0 kB
SwapFree:            0 kB
Dirty:               0 kB
Writeback:           0 kB
AnonPages:        7820 kB
Mapped:            496 kB
Slab:             3832 kB
SReclaimable:     2316 kB
SUnreclaim:       1516 kB
PageTables:         84 kB
NFS_Unstable:        0 kB
Bounce:              0 kB
CommitLimit:    256956 kB
Committed_AS:     9276 kB
VmallocTotal:   516056 kB
VmallocUsed:        72 kB
VmallocChunk:   515984 kB
Sun Nov 15 20:02:11 EST 2009
MemTotal:       513916 kB
MemFree:        432752 kB
Buffers:          2608 kB
Cached:          66280 kB
SwapCached:          0 kB
Active:          16336 kB
Inactive:        60336 kB
SwapTotal:           0 kB
SwapFree:            0 kB
Dirty:               0 kB
Writeback:           0 kB
AnonPages:        7820 kB
Mapped:            496 kB
Slab:             3832 kB
SReclaimable:     2316 kB
SUnreclaim:       1516 kB
PageTables:         84 kB
NFS_Unstable:        0 kB
Bounce:              0 kB
CommitLimit:    256956 kB
Committed_AS:     9276 kB
VmallocTotal:   516056 kB
VmallocUsed:        72 kB
VmallocChunk:   515984 kB
Sun Nov 15 20:02:12 EST 2009
MemTotal:       513916 kB
MemFree:        431664 kB
Buffers:          2608 kB
Cached:          67324 kB
SwapCached:          0 kB
Active:          16412 kB
Inactive:        61304 kB
SwapTotal:           0 kB
SwapFree:            0 kB
Dirty:               0 kB
Writeback:           0 kB
AnonPages:        7820 kB
Mapped:            496 kB
Slab:             3832 kB
SReclaimable:     2316 kB
SUnreclaim:       1516 kB
PageTables:         84 kB
NFS_Unstable:        0 kB
Bounce:              0 kB
CommitLimit:    256956 kB
Committed_AS:     9276 kB
VmallocTotal:   516056 kB
VmallocUsed:        72 kB
VmallocChunk:   515984 kB
Sun Nov 15 20:02:13 EST 2009
MemTotal:       513916 kB
MemFree:        431664 kB
Buffers:          2608 kB
Cached:          67324 kB
SwapCached:          0 kB
Active:          16412 kB
Inactive:        61304 kB
SwapTotal:           0 kB
SwapFree:            0 kB
Dirty:               0 kB
Writeback:           0 kB
AnonPages:        7820 kB
Mapped:            496 kB
Slab:             3832 kB
SReclaimable:     2316 kB
SUnreclaim:       1516 kB
PageTables:         84 kB
NFS_Unstable:        0 kB
Bounce:              0 kB
CommitLimit:    256956 kB
Committed_AS:     9276 kB
VmallocTotal:   516056 kB
VmallocUsed:        72 kB
VmallocChunk:   515984 kB
Sun Nov 15 20:02:14 EST 2009
MemTotal:       513916 kB
MemFree:        430520 kB
Buffers:          2616 kB
Cached:          68480 kB
SwapCached:          0 kB
Active:          16484 kB
Inactive:        62396 kB
SwapTotal:           0 kB
SwapFree:            0 kB
Dirty:               0 kB
Writeback:           0 kB
AnonPages:        7820 kB
Mapped:            496 kB
Slab:             3840 kB
SReclaimable:     2320 kB
SUnreclaim:       1520 kB
PageTables:         84 kB
NFS_Unstable:        0 kB
Bounce:              0 kB
CommitLimit:    256956 kB
Committed_AS:     9276 kB
VmallocTotal:   516056 kB
VmallocUsed:        72 kB
VmallocChunk:   515984 kB
Sun Nov 15 20:02:15 EST 2009
MemTotal:       513916 kB
MemFree:        430520 kB
Buffers:          2616 kB
Cached:          68484 kB
SwapCached:          0 kB
Active:          16488 kB
Inactive:        62396 kB
SwapTotal:           0 kB
SwapFree:            0 kB
Dirty:               0 kB
Writeback:           0 kB
AnonPages:        7820 kB
Mapped:            496 kB
Slab:             3840 kB
SReclaimable:     2320 kB
SUnreclaim:       1520 kB
PageTables:         84 kB
NFS_Unstable:        0 kB
Bounce:              0 kB
CommitLimit:    256956 kB
Committed_AS:     9276 kB
VmallocTotal:   516056 kB
VmallocUsed:        72 kB
VmallocChunk:   515984 kB
Sun Nov 15 20:02:16 EST 2009
MemTotal:       513916 kB
MemFree:        429552 kB
Buffers:          2668 kB
Cached:          69328 kB
SwapCached:          0 kB
Active:          16588 kB
Inactive:        63192 kB
SwapTotal:           0 kB
SwapFree:            0 kB
Dirty:               0 kB
Writeback:           0 kB
AnonPages:        7820 kB
Mapped:            496 kB
Slab:             3864 kB
SReclaimable:     2336 kB
SUnreclaim:       1528 kB
PageTables:         84 kB
NFS_Unstable:        0 kB
Bounce:              0 kB
CommitLimit:    256956 kB
Committed_AS:     9276 kB
VmallocTotal:   516056 kB
VmallocUsed:        72 kB
VmallocChunk:   515984 kB
Sun Nov 15 20:02:17 EST 2009
MemTotal:       513916 kB
MemFree:        429552 kB
Buffers:          2668 kB
Cached:          69328 kB
SwapCached:          0 kB
Active:          16588 kB
Inactive:        63192 kB
SwapTotal:           0 kB
SwapFree:            0 kB
Dirty:               0 kB
Writeback:           0 kB
AnonPages:        7820 kB
Mapped:            496 kB
Slab:             3864 kB
SReclaimable:     2336 kB
SUnreclaim:       1528 kB
PageTables:         84 kB
NFS_Unstable:        0 kB
Bounce:              0 kB
CommitLimit:    256956 kB
Committed_AS:     9276 kB
VmallocTotal:   516056 kB
VmallocUsed:        72 kB
VmallocChunk:   515984 kB
Sun Nov 15 20:02:18 EST 2009
MemTotal:       513916 kB
MemFree:        428408 kB
Buffers:          2676 kB
Cached:          70532 kB
SwapCached:          0 kB
Active:          16676 kB
Inactive:        64316 kB
SwapTotal:           0 kB
SwapFree:            0 kB
Dirty:               0 kB
Writeback:           0 kB
AnonPages:        7820 kB
Mapped:            496 kB
Slab:             3876 kB
SReclaimable:     2340 kB
SUnreclaim:       1536 kB
PageTables:         84 kB
NFS_Unstable:        0 kB
Bounce:              0 kB
CommitLimit:    256956 kB
Committed_AS:     9276 kB
VmallocTotal:   516056 kB
VmallocUsed:        72 kB
VmallocChunk:   515984 kB
Sun Nov 15 20:02:19 EST 2009
MemTotal:       513916 kB
MemFree:        428408 kB
Buffers:          2676 kB
Cached:          70532 kB
SwapCached:          0 kB
Active:          16676 kB
Inactive:        64316 kB
SwapTotal:           0 kB
SwapFree:            0 kB
Dirty:               0 kB
Writeback:           0 kB
AnonPages:        7820 kB
Mapped:            496 kB
Slab:             3876 kB
SReclaimable:     2340 kB
SUnreclaim:       1536 kB
PageTables:         84 kB
NFS_Unstable:        0 kB
Bounce:              0 kB
CommitLimit:    256956 kB
Committed_AS:     9276 kB
VmallocTotal:   516056 kB
VmallocUsed:        72 kB
VmallocChunk:   515984 kB
Sun Nov 15 20:02:20 EST 2009
MemTotal:       513916 kB
MemFree:        428408 kB
Buffers:          2676 kB
Cached:          70532 kB
SwapCached:          0 kB
Active:          16676 kB
Inactive:        64316 kB
SwapTotal:           0 kB
SwapFree:            0 kB
Dirty:               0 kB
Writeback:           0 kB
AnonPages:        7820 kB
Mapped:            496 kB
Slab:             3876 kB
SReclaimable:     2340 kB
SUnreclaim:       1536 kB
PageTables:         84 kB
NFS_Unstable:        0 kB
Bounce:              0 kB
CommitLimit:    256956 kB
Committed_AS:     9276 kB
VmallocTotal:   516056 kB
VmallocUsed:        72 kB
VmallocChunk:   515984 kB
Sun Nov 15 20:02:21 EST 2009
MemTotal:       513916 kB
MemFree:        427000 kB
Buffers:          2676 kB
Cached:          71824 kB
SwapCached:          0 kB
Active:          17072 kB
Inactive:        65212 kB
SwapTotal:           0 kB
SwapFree:            0 kB
Dirty:               0 kB
Writeback:           0 kB
AnonPages:        7820 kB
Mapped:            496 kB
Slab:             3876 kB
SReclaimable:     2340 kB
SUnreclaim:       1536 kB
PageTables:         84 kB
NFS_Unstable:        0 kB
Bounce:              0 kB
CommitLimit:    256956 kB
Committed_AS:     9276 kB
VmallocTotal:   516056 kB
VmallocUsed:        72 kB
VmallocChunk:   515984 kB
Sun Nov 15 20:02:22 EST 2009
MemTotal:       513916 kB
MemFree:        426640 kB
Buffers:          2676 kB
Cached:          72208 kB
SwapCached:          0 kB
Active:          17072 kB
Inactive:        65596 kB
SwapTotal:           0 kB
SwapFree:            0 kB
Dirty:               0 kB
Writeback:           0 kB
AnonPages:        7820 kB
Mapped:            496 kB
Slab:             3876 kB
SReclaimable:     2340 kB
SUnreclaim:       1536 kB
PageTables:         84 kB
NFS_Unstable:        0 kB
Bounce:              0 kB
CommitLimit:    256956 kB
Committed_AS:     9276 kB
VmallocTotal:   516056 kB
VmallocUsed:        72 kB
VmallocChunk:   515984 kB
Sun Nov 15 20:02:23 EST 2009
MemTotal:       513916 kB
MemFree:        426640 kB
Buffers:          2676 kB
Cached:          72208 kB
SwapCached:          0 kB
Active:          17072 kB
Inactive:        65596 kB
SwapTotal:           0 kB
SwapFree:            0 kB
Dirty:               0 kB
Writeback:           0 kB
AnonPages:        7820 kB
Mapped:            496 kB
Slab:             3876 kB
SReclaimable:     2340 kB
SUnreclaim:       1536 kB
PageTables:         84 kB
NFS_Unstable:        0 kB
Bounce:              0 kB
CommitLimit:    256956 kB
Committed_AS:     9276 kB
VmallocTotal:   516056 kB
VmallocUsed:        72 kB
VmallocChunk:   515984 kB
Sun Nov 15 20:02:24 EST 2009
MemTotal:       513916 kB
MemFree:        426640 kB
Buffers:          2676 kB
Cached:          72208 kB
SwapCached:          0 kB
Active:          17072 kB
Inactive:        65596 kB
SwapTotal:           0 kB
SwapFree:            0 kB
Dirty:               0 kB
Writeback:           0 kB
AnonPages:        7820 kB
Mapped:            496 kB
Slab:             3876 kB
SReclaimable:     2340 kB
SUnreclaim:       1536 kB
PageTables:         84 kB
NFS_Unstable:        0 kB
Bounce:              0 kB
CommitLimit:    256956 kB
Committed_AS:     9276 kB
VmallocTotal:   516056 kB
VmallocUsed:        72 kB
VmallocChunk:   515984 kB
Sun Nov 15 20:02:25 EST 2009
MemTotal:       513916 kB
MemFree:        424872 kB
Buffers:          2676 kB
Cached:          73988 kB
SwapCached:          0 kB
Active:          17512 kB
Inactive:        66936 kB
SwapTotal:           0 kB
SwapFree:            0 kB
Dirty:               0 kB
Writeback:           0 kB
AnonPages:        7820 kB
Mapped:            496 kB
Slab:             3880 kB
SReclaimable:     2340 kB
SUnreclaim:       1540 kB
PageTables:         84 kB
NFS_Unstable:        0 kB
Bounce:              0 kB
CommitLimit:    256956 kB
Committed_AS:     9276 kB
VmallocTotal:   516056 kB
VmallocUsed:        72 kB
VmallocChunk:   515984 kB
Sun Nov 15 20:02:26 EST 2009
MemTotal:       513916 kB
MemFree:        424872 kB
Buffers:          2676 kB
Cached:          73988 kB
SwapCached:          0 kB
Active:          17512 kB
Inactive:        66936 kB
SwapTotal:           0 kB
SwapFree:            0 kB
Dirty:               0 kB
Writeback:           0 kB
AnonPages:        7820 kB
Mapped:            496 kB
Slab:             3880 kB
SReclaimable:     2340 kB
SUnreclaim:       1540 kB
PageTables:         84 kB
NFS_Unstable:        0 kB
Bounce:              0 kB
CommitLimit:    256956 kB
Committed_AS:     9276 kB
VmallocTotal:   516056 kB
VmallocUsed:        72 kB
VmallocChunk:   515984 kB
Sun Nov 15 20:02:27 EST 2009
MemTotal:       513916 kB
MemFree:        424872 kB
Buffers:          2676 kB
Cached:          73992 kB
SwapCached:          0 kB
Active:          17516 kB
Inactive:        66936 kB
SwapTotal:           0 kB
SwapFree:            0 kB
Dirty:               0 kB
Writeback:           0 kB
AnonPages:        7820 kB
Mapped:            496 kB
Slab:             3880 kB
SReclaimable:     2340 kB
SUnreclaim:       1540 kB
PageTables:         84 kB
NFS_Unstable:        0 kB
Bounce:              0 kB
CommitLimit:    256956 kB
Committed_AS:     9276 kB
VmallocTotal:   516056 kB
VmallocUsed:        72 kB
VmallocChunk:   515984 kB
Sun Nov 15 20:02:28 EST 2009
MemTotal:       513916 kB
MemFree:        424872 kB
Buffers:          2676 kB
Cached:          73992 kB
SwapCached:          0 kB
Active:          17516 kB
Inactive:        66936 kB
SwapTotal:           0 kB
SwapFree:            0 kB
Dirty:               0 kB
Writeback:           0 kB
AnonPages:        7820 kB
Mapped:            496 kB
Slab:             3880 kB
SReclaimable:     2340 kB
SUnreclaim:       1540 kB
PageTables:         84 kB
NFS_Unstable:        0 kB
Bounce:              0 kB
CommitLimit:    256956 kB
Committed_AS:     9276 kB
VmallocTotal:   516056 kB
VmallocUsed:        72 kB
VmallocChunk:   515984 kB
Sun Nov 15 20:02:29 EST 2009
MemTotal:       513916 kB
MemFree:        423104 kB
Buffers:          2676 kB
Cached:          75768 kB
SwapCached:          0 kB
Active:          17960 kB
Inactive:        68268 kB
SwapTotal:           0 kB
SwapFree:            0 kB
Dirty:               0 kB
Writeback:           0 kB
AnonPages:        7820 kB
Mapped:            496 kB
Slab:             3876 kB
SReclaimable:     2340 kB
SUnreclaim:       1536 kB
PageTables:         84 kB
NFS_Unstable:        0 kB
Bounce:              0 kB
CommitLimit:    256956 kB
Committed_AS:     9276 kB
VmallocTotal:   516056 kB
VmallocUsed:        72 kB
VmallocChunk:   515984 kB
Sun Nov 15 20:02:30 EST 2009
MemTotal:       513916 kB
MemFree:        423104 kB
Buffers:          2676 kB
Cached:          75768 kB
SwapCached:          0 kB
Active:          17960 kB
Inactive:        68268 kB
SwapTotal:           0 kB
SwapFree:            0 kB
Dirty:               0 kB
Writeback:           0 kB
AnonPages:        7820 kB
Mapped:            496 kB
Slab:             3876 kB
SReclaimable:     2340 kB
SUnreclaim:       1536 kB
PageTables:         84 kB
NFS_Unstable:        0 kB
Bounce:              0 kB
CommitLimit:    256956 kB
Committed_AS:     9276 kB
VmallocTotal:   516056 kB
VmallocUsed:        72 kB
VmallocChunk:   515984 kB
Sun Nov 15 20:02:31 EST 2009
MemTotal:       513916 kB
MemFree:        423104 kB
Buffers:          2676 kB
Cached:          75768 kB
SwapCached:          0 kB
Active:          17960 kB
Inactive:        68268 kB
SwapTotal:           0 kB
SwapFree:            0 kB
Dirty:               0 kB
Writeback:           0 kB
AnonPages:        7820 kB
Mapped:            496 kB
Slab:             3876 kB
SReclaimable:     2340 kB
SUnreclaim:       1536 kB
PageTables:         84 kB
NFS_Unstable:        0 kB
Bounce:              0 kB
CommitLimit:    256956 kB
Committed_AS:     9276 kB
VmallocTotal:   516056 kB
VmallocUsed:        72 kB
VmallocChunk:   515984 kB
Sun Nov 15 20:02:32 EST 2009
MemTotal:       513916 kB
MemFree:        423104 kB
Buffers:          2676 kB
Cached:          75768 kB
SwapCached:          0 kB
Active:          17960 kB
Inactive:        68268 kB
SwapTotal:           0 kB
SwapFree:            0 kB
Dirty:               0 kB
Writeback:           0 kB
AnonPages:        7820 kB
Mapped:            496 kB
Slab:             3876 kB
SReclaimable:     2340 kB
SUnreclaim:       1536 kB
PageTables:         84 kB
NFS_Unstable:        0 kB
Bounce:              0 kB
CommitLimit:    256956 kB
Committed_AS:     9276 kB
VmallocTotal:   516056 kB
VmallocUsed:        72 kB
VmallocChunk:   515984 kB
Sun Nov 15 20:02:33 EST 2009
MemTotal:       513916 kB
MemFree:        421336 kB
Buffers:          2684 kB
Cached:          77552 kB
SwapCached:          0 kB
Active:          18404 kB
Inactive:        69616 kB
SwapTotal:           0 kB
SwapFree:            0 kB
Dirty:               0 kB
Writeback:           0 kB
AnonPages:        7820 kB
Mapped:            496 kB
Slab:             3888 kB
SReclaimable:     2340 kB
SUnreclaim:       1548 kB
PageTables:         84 kB
NFS_Unstable:        0 kB
Bounce:              0 kB
CommitLimit:    256956 kB
Committed_AS:     9276 kB
VmallocTotal:   516056 kB
VmallocUsed:        72 kB
VmallocChunk:   515984 kB
Sun Nov 15 20:02:34 EST 2009
MemTotal:       513916 kB
MemFree:        421336 kB
Buffers:          2684 kB
Cached:          77552 kB
SwapCached:          0 kB
Active:          18404 kB
Inactive:        69616 kB
SwapTotal:           0 kB
SwapFree:            0 kB
Dirty:               0 kB
Writeback:           0 kB
AnonPages:        7820 kB
Mapped:            496 kB
Slab:             3888 kB
SReclaimable:     2340 kB
SUnreclaim:       1548 kB
PageTables:         84 kB
NFS_Unstable:        0 kB
Bounce:              0 kB
CommitLimit:    256956 kB
Committed_AS:     9276 kB
VmallocTotal:   516056 kB
VmallocUsed:        72 kB
VmallocChunk:   515984 kB
Sun Nov 15 20:02:35 EST 2009
MemTotal:       513916 kB
MemFree:        421336 kB
Buffers:          2684 kB
Cached:          77552 kB
SwapCached:          0 kB
Active:          18404 kB
Inactive:        69616 kB
SwapTotal:           0 kB
SwapFree:            0 kB
Dirty:               0 kB
Writeback:           0 kB
AnonPages:        7820 kB
Mapped:            496 kB
Slab:             3888 kB
SReclaimable:     2340 kB
SUnreclaim:       1548 kB
PageTables:         84 kB
NFS_Unstable:        0 kB
Bounce:              0 kB
CommitLimit:    256956 kB
Committed_AS:     9276 kB
VmallocTotal:   516056 kB
VmallocUsed:        72 kB
VmallocChunk:   515984 kB
Sun Nov 15 20:02:36 EST 2009
MemTotal:       513916 kB
MemFree:        420840 kB
Buffers:          2684 kB
Cached:          78016 kB
SwapCached:          0 kB
Active:          18636 kB
Inactive:        69848 kB
SwapTotal:           0 kB
SwapFree:            0 kB
Dirty:               0 kB
Writeback:           0 kB
AnonPages:        7820 kB
Mapped:            496 kB
Slab:             3888 kB
SReclaimable:     2340 kB
SUnreclaim:       1548 kB
PageTables:         84 kB
NFS_Unstable:        0 kB
Bounce:              0 kB
CommitLimit:    256956 kB
Committed_AS:     9276 kB
VmallocTotal:   516056 kB
VmallocUsed:        72 kB
VmallocChunk:   515984 kB
Sun Nov 15 20:02:37 EST 2009
MemTotal:       513916 kB
MemFree:        419568 kB
Buffers:          2684 kB
Cached:          79332 kB
SwapCached:          0 kB
Active:          18856 kB
Inactive:        70944 kB
SwapTotal:           0 kB
SwapFree:            0 kB
Dirty:               0 kB
Writeback:           0 kB
AnonPages:        7820 kB
Mapped:            496 kB
Slab:             3884 kB
SReclaimable:     2340 kB
SUnreclaim:       1544 kB
PageTables:         84 kB
NFS_Unstable:        0 kB
Bounce:              0 kB
CommitLimit:    256956 kB
Committed_AS:     9276 kB
VmallocTotal:   516056 kB
VmallocUsed:        72 kB
VmallocChunk:   515984 kB
Sun Nov 15 20:02:38 EST 2009
MemTotal:       513916 kB
MemFree:        419568 kB
Buffers:          2684 kB
Cached:          79332 kB
SwapCached:          0 kB
Active:          18856 kB
Inactive:        70944 kB
SwapTotal:           0 kB
SwapFree:            0 kB
Dirty:               0 kB
Writeback:           0 kB
AnonPages:        7820 kB
Mapped:            496 kB
Slab:             3884 kB
SReclaimable:     2340 kB
SUnreclaim:       1544 kB
PageTables:         84 kB
NFS_Unstable:        0 kB
Bounce:              0 kB
CommitLimit:    256956 kB
Committed_AS:     9276 kB
VmallocTotal:   516056 kB
VmallocUsed:        72 kB
VmallocChunk:   515984 kB
Sun Nov 15 20:02:39 EST 2009
MemTotal:       513916 kB
MemFree:        419568 kB
Buffers:          2684 kB
Cached:          79332 kB
SwapCached:          0 kB
Active:          18856 kB
Inactive:        70944 kB
SwapTotal:           0 kB
SwapFree:            0 kB
Dirty:               0 kB
Writeback:           0 kB
AnonPages:        7820 kB
Mapped:            496 kB
Slab:             3884 kB
SReclaimable:     2340 kB
SUnreclaim:       1544 kB
PageTables:         84 kB
NFS_Unstable:        0 kB
Bounce:              0 kB
CommitLimit:    256956 kB
Committed_AS:     9276 kB
VmallocTotal:   516056 kB
VmallocUsed:        72 kB
VmallocChunk:   515984 kB
Sun Nov 15 20:02:41 EST 2009
MemTotal:       513916 kB
MemFree:        417920 kB
Buffers:          2684 kB
Cached:          80984 kB
SwapCached:          0 kB
Active:          19304 kB
Inactive:        72148 kB
SwapTotal:           0 kB
SwapFree:            0 kB
Dirty:               0 kB
Writeback:           0 kB
AnonPages:        7820 kB
Mapped:            496 kB
Slab:             3888 kB
SReclaimable:     2340 kB
SUnreclaim:       1548 kB
PageTables:         84 kB
NFS_Unstable:        0 kB
Bounce:              0 kB
CommitLimit:    256956 kB
Committed_AS:     9276 kB
VmallocTotal:   516056 kB
VmallocUsed:        72 kB
VmallocChunk:   515984 kB
Sun Nov 15 20:02:42 EST 2009
MemTotal:       513916 kB
MemFree:        417800 kB
Buffers:          2684 kB
Cached:          81112 kB
SwapCached:          0 kB
Active:          19304 kB
Inactive:        72276 kB
SwapTotal:           0 kB
SwapFree:            0 kB
Dirty:               0 kB
Writeback:           0 kB
AnonPages:        7820 kB
Mapped:            496 kB
Slab:             3884 kB
SReclaimable:     2340 kB
SUnreclaim:       1544 kB
PageTables:         84 kB
NFS_Unstable:        0 kB
Bounce:              0 kB
CommitLimit:    256956 kB
Committed_AS:     9276 kB
VmallocTotal:   516056 kB
VmallocUsed:        72 kB
VmallocChunk:   515984 kB
Sun Nov 15 20:02:43 EST 2009
MemTotal:       513916 kB
MemFree:        417800 kB
Buffers:          2684 kB
Cached:          81112 kB
SwapCached:          0 kB
Active:          19304 kB
Inactive:        72276 kB
SwapTotal:           0 kB
SwapFree:            0 kB
Dirty:               0 kB
Writeback:           0 kB
AnonPages:        7820 kB
Mapped:            496 kB
Slab:             3884 kB
SReclaimable:     2340 kB
SUnreclaim:       1544 kB
PageTables:         84 kB
NFS_Unstable:        0 kB
Bounce:              0 kB
CommitLimit:    256956 kB
Committed_AS:     9276 kB
VmallocTotal:   516056 kB
VmallocUsed:        72 kB
VmallocChunk:   515984 kB
Sun Nov 15 20:02:44 EST 2009
MemTotal:       513916 kB
MemFree:        417800 kB
Buffers:          2684 kB
Cached:          81112 kB
SwapCached:          0 kB
Active:          19304 kB
Inactive:        72276 kB
SwapTotal:           0 kB
SwapFree:            0 kB
Dirty:               0 kB
Writeback:           0 kB
AnonPages:        7820 kB
Mapped:            496 kB
Slab:             3884 kB
SReclaimable:     2340 kB
SUnreclaim:       1544 kB
PageTables:         84 kB
NFS_Unstable:        0 kB
Bounce:              0 kB
CommitLimit:    256956 kB
Committed_AS:     9276 kB
VmallocTotal:   516056 kB
VmallocUsed:        72 kB
VmallocChunk:   515984 kB
Sun Nov 15 20:02:45 EST 2009
MemTotal:       513916 kB
MemFree:        416028 kB
Buffers:          2684 kB
Cached:          82760 kB
SwapCached:          0 kB
Active:          19744 kB
Inactive:        73484 kB
SwapTotal:           0 kB
SwapFree:            0 kB
Dirty:               0 kB
Writeback:           0 kB
AnonPages:        7820 kB
Mapped:            496 kB
Slab:             3884 kB
SReclaimable:     2340 kB
SUnreclaim:       1544 kB
PageTables:         84 kB
NFS_Unstable:        0 kB
Bounce:              0 kB
CommitLimit:    256956 kB
Committed_AS:     9276 kB
VmallocTotal:   516056 kB
VmallocUsed:        72 kB
VmallocChunk:   515984 kB
Sun Nov 15 20:02:46 EST 2009
MemTotal:       513916 kB
MemFree:        416028 kB
Buffers:          2684 kB
Cached:          82760 kB
SwapCached:          0 kB
Active:          19744 kB
Inactive:        73484 kB
SwapTotal:           0 kB
SwapFree:            0 kB
Dirty:               0 kB
Writeback:           0 kB
AnonPages:        7820 kB
Mapped:            496 kB
Slab:             3884 kB
SReclaimable:     2340 kB
SUnreclaim:       1544 kB
PageTables:         84 kB
NFS_Unstable:        0 kB
Bounce:              0 kB
CommitLimit:    256956 kB
Committed_AS:     9276 kB
VmallocTotal:   516056 kB
VmallocUsed:        72 kB
VmallocChunk:   515984 kB
Sun Nov 15 20:02:47 EST 2009
MemTotal:       513916 kB
MemFree:        416028 kB
Buffers:          2684 kB
Cached:          82764 kB
SwapCached:          0 kB
Active:          19748 kB
Inactive:        73484 kB
SwapTotal:           0 kB
SwapFree:            0 kB
Dirty:               0 kB
Writeback:           0 kB
AnonPages:        7820 kB
Mapped:            496 kB
Slab:             3884 kB
SReclaimable:     2340 kB
SUnreclaim:       1544 kB
PageTables:         84 kB
NFS_Unstable:        0 kB
Bounce:              0 kB
CommitLimit:    256956 kB
Committed_AS:     9276 kB
VmallocTotal:   516056 kB
VmallocUsed:        72 kB
VmallocChunk:   515984 kB
Sun Nov 15 20:02:48 EST 2009
MemTotal:       513916 kB
MemFree:        416028 kB
Buffers:          2684 kB
Cached:          82764 kB
SwapCached:          0 kB
Active:          19748 kB
Inactive:        73484 kB
SwapTotal:           0 kB
SwapFree:            0 kB
Dirty:               0 kB
Writeback:           0 kB
AnonPages:        7820 kB
Mapped:            496 kB
Slab:             3884 kB
SReclaimable:     2340 kB
SUnreclaim:       1544 kB
PageTables:         84 kB
NFS_Unstable:        0 kB
Bounce:              0 kB
CommitLimit:    256956 kB
Committed_AS:     9276 kB
VmallocTotal:   516056 kB
VmallocUsed:        72 kB
VmallocChunk:   515984 kB
Sun Nov 15 20:02:49 EST 2009
MemTotal:       513916 kB
MemFree:        414260 kB
