Sun Nov 15 20:13:00 EST 2009
MemTotal:       513916 kB
MemFree:        503864 kB
Buffers:           136 kB
Cached:           6932 kB
SwapCached:          0 kB
Active:           1720 kB
Inactive:         5584 kB
SwapTotal:           0 kB
SwapFree:            0 kB
Dirty:              16 kB
Writeback:           0 kB
AnonPages:         276 kB
Mapped:            452 kB
Slab:             2108 kB
SReclaimable:      820 kB
SUnreclaim:       1288 kB
PageTables:         56 kB
NFS_Unstable:        0 kB
Bounce:              0 kB
CommitLimit:    256956 kB
Committed_AS:     1484 kB
VmallocTotal:   516056 kB
VmallocUsed:        72 kB
VmallocChunk:   515984 kB
Sun Nov 15 20:13:01 EST 2009
MemTotal:       513916 kB
MemFree:        503864 kB
Buffers:           136 kB
Cached:           6932 kB
SwapCached:          0 kB
Active:           1724 kB
Inactive:         5580 kB
SwapTotal:           0 kB
SwapFree:            0 kB
Dirty:              16 kB
Writeback:           0 kB
AnonPages:         276 kB
Mapped:            452 kB
Slab:             2108 kB
SReclaimable:      820 kB
SUnreclaim:       1288 kB
PageTables:         56 kB
NFS_Unstable:        0 kB
Bounce:              0 kB
CommitLimit:    256956 kB
Committed_AS:     1484 kB
VmallocTotal:   516056 kB
VmallocUsed:        72 kB
VmallocChunk:   515984 kB
Sun Nov 15 20:13:02 EST 2009
MemTotal:       513916 kB
MemFree:        503864 kB
Buffers:           136 kB
Cached:           6932 kB
SwapCached:          0 kB
Active:           1724 kB
Inactive:         5580 kB
SwapTotal:           0 kB
SwapFree:            0 kB
Dirty:              16 kB
Writeback:           0 kB
AnonPages:         276 kB
Mapped:            452 kB
Slab:             2108 kB
SReclaimable:      820 kB
SUnreclaim:       1288 kB
PageTables:         56 kB
NFS_Unstable:        0 kB
Bounce:              0 kB
CommitLimit:    256956 kB
Committed_AS:     1484 kB
VmallocTotal:   516056 kB
VmallocUsed:        72 kB
VmallocChunk:   515984 kB
Sun Nov 15 20:13:03 EST 2009
MemTotal:       513916 kB
MemFree:        503864 kB
Buffers:           136 kB
Cached:           6932 kB
SwapCached:          0 kB
Active:           1724 kB
Inactive:         5580 kB
SwapTotal:           0 kB
SwapFree:            0 kB
Dirty:              16 kB
Writeback:           0 kB
AnonPages:         276 kB
Mapped:            452 kB
Slab:             2108 kB
SReclaimable:      820 kB
SUnreclaim:       1288 kB
PageTables:         56 kB
NFS_Unstable:        0 kB
Bounce:              0 kB
CommitLimit:    256956 kB
Committed_AS:     1484 kB
VmallocTotal:   516056 kB
VmallocUsed:        72 kB
VmallocChunk:   515984 kB
Sun Nov 15 20:13:04 EST 2009
MemTotal:       513916 kB
MemFree:        503864 kB
Buffers:           136 kB
Cached:           6932 kB
SwapCached:          0 kB
Active:           1724 kB
Inactive:         5580 kB
SwapTotal:           0 kB
SwapFree:            0 kB
Dirty:              16 kB
Writeback:           0 kB
AnonPages:         276 kB
Mapped:            452 kB
Slab:             2108 kB
SReclaimable:      820 kB
SUnreclaim:       1288 kB
PageTables:         56 kB
NFS_Unstable:        0 kB
Bounce:              0 kB
CommitLimit:    256956 kB
Committed_AS:     1484 kB
VmallocTotal:   516056 kB
VmallocUsed:        72 kB
VmallocChunk:   515984 kB
Sun Nov 15 20:13:05 EST 2009
MemTotal:       513916 kB
MemFree:        503864 kB
Buffers:           144 kB
Cached:           6932 kB
SwapCached:          0 kB
Active:           1724 kB
Inactive:         5588 kB
SwapTotal:           0 kB
SwapFree:            0 kB
Dirty:              32 kB
Writeback:           0 kB
AnonPages:         276 kB
Mapped:            452 kB
Slab:             2108 kB
SReclaimable:      820 kB
SUnreclaim:       1288 kB
PageTables:         56 kB
NFS_Unstable:        0 kB
Bounce:              0 kB
CommitLimit:    256956 kB
Committed_AS:     1484 kB
VmallocTotal:   516056 kB
VmallocUsed:        72 kB
VmallocChunk:   515984 kB
Sun Nov 15 20:13:06 EST 2009
MemTotal:       513916 kB
MemFree:        503864 kB
Buffers:           144 kB
Cached:           6932 kB
SwapCached:          0 kB
Active:           1724 kB
Inactive:         5588 kB
SwapTotal:           0 kB
SwapFree:            0 kB
Dirty:              32 kB
Writeback:           0 kB
AnonPages:         276 kB
Mapped:            452 kB
Slab:             2108 kB
SReclaimable:      820 kB
SUnreclaim:       1288 kB
PageTables:         56 kB
NFS_Unstable:        0 kB
Bounce:              0 kB
CommitLimit:    256956 kB
Committed_AS:     1484 kB
VmallocTotal:   516056 kB
VmallocUsed:        72 kB
VmallocChunk:   515984 kB
Sun Nov 15 20:13:07 EST 2009
MemTotal:       513916 kB
MemFree:        503864 kB
Buffers:           144 kB
Cached:           6936 kB
SwapCached:          0 kB
Active:           1732 kB
Inactive:         5584 kB
SwapTotal:           0 kB
SwapFree:            0 kB
Dirty:              36 kB
Writeback:           0 kB
AnonPages:         276 kB
Mapped:            452 kB
Slab:             2108 kB
SReclaimable:      820 kB
SUnreclaim:       1288 kB
PageTables:         56 kB
NFS_Unstable:        0 kB
Bounce:              0 kB
CommitLimit:    256956 kB
Committed_AS:     1484 kB
VmallocTotal:   516056 kB
VmallocUsed:        72 kB
VmallocChunk:   515984 kB
Sun Nov 15 20:13:08 EST 2009
MemTotal:       513916 kB
MemFree:        503864 kB
Buffers:           144 kB
Cached:           6936 kB
SwapCached:          0 kB
Active:           1732 kB
Inactive:         5584 kB
SwapTotal:           0 kB
SwapFree:            0 kB
Dirty:              36 kB
Writeback:           0 kB
AnonPages:         276 kB
Mapped:            452 kB
Slab:             2108 kB
SReclaimable:      820 kB
SUnreclaim:       1288 kB
PageTables:         56 kB
NFS_Unstable:        0 kB
Bounce:              0 kB
CommitLimit:    256956 kB
Committed_AS:     1484 kB
VmallocTotal:   516056 kB
VmallocUsed:        72 kB
VmallocChunk:   515984 kB
Sun Nov 15 20:13:09 EST 2009
MemTotal:       513916 kB
MemFree:        503864 kB
Buffers:           144 kB
Cached:           6936 kB
SwapCached:          0 kB
Active:           1732 kB
Inactive:         5584 kB
SwapTotal:           0 kB
SwapFree:            0 kB
Dirty:              36 kB
Writeback:           0 kB
AnonPages:         276 kB
Mapped:            452 kB
Slab:             2108 kB
SReclaimable:      820 kB
SUnreclaim:       1288 kB
PageTables:         56 kB
NFS_Unstable:        0 kB
Bounce:              0 kB
CommitLimit:    256956 kB
Committed_AS:     1484 kB
VmallocTotal:   516056 kB
VmallocUsed:        72 kB
VmallocChunk:   515984 kB
Sun Nov 15 20:13:10 EST 2009
MemTotal:       513916 kB
MemFree:        503864 kB
Buffers:           156 kB
Cached:           6936 kB
SwapCached:          0 kB
Active:           1732 kB
Inactive:         5596 kB
SwapTotal:           0 kB
SwapFree:            0 kB
Dirty:              36 kB
Writeback:           0 kB
AnonPages:         276 kB
Mapped:            452 kB
Slab:             2108 kB
SReclaimable:      820 kB
SUnreclaim:       1288 kB
PageTables:         56 kB
NFS_Unstable:        0 kB
Bounce:              0 kB
CommitLimit:    256956 kB
Committed_AS:     1484 kB
VmallocTotal:   516056 kB
VmallocUsed:        72 kB
VmallocChunk:   515984 kB
Sun Nov 15 20:13:11 EST 2009
MemTotal:       513916 kB
MemFree:        503864 kB
Buffers:           156 kB
Cached:           6936 kB
SwapCached:          0 kB
Active:           1732 kB
Inactive:         5596 kB
SwapTotal:           0 kB
SwapFree:            0 kB
Dirty:              36 kB
Writeback:           0 kB
AnonPages:         276 kB
Mapped:            452 kB
Slab:             2108 kB
SReclaimable:      820 kB
SUnreclaim:       1288 kB
PageTables:         56 kB
NFS_Unstable:        0 kB
Bounce:              0 kB
CommitLimit:    256956 kB
Committed_AS:     1484 kB
VmallocTotal:   516056 kB
VmallocUsed:        72 kB
VmallocChunk:   515984 kB
Sun Nov 15 20:13:12 EST 2009
MemTotal:       513916 kB
MemFree:        503864 kB
Buffers:           156 kB
Cached:           6936 kB
SwapCached:          0 kB
Active:           1732 kB
Inactive:         5596 kB
SwapTotal:           0 kB
SwapFree:            0 kB
Dirty:              36 kB
Writeback:           0 kB
AnonPages:         276 kB
Mapped:            452 kB
Slab:             2108 kB
SReclaimable:      820 kB
SUnreclaim:       1288 kB
PageTables:         56 kB
NFS_Unstable:        0 kB
Bounce:              0 kB
CommitLimit:    256956 kB
Committed_AS:     1484 kB
VmallocTotal:   516056 kB
VmallocUsed:        72 kB
VmallocChunk:   515984 kB
Sun Nov 15 20:13:14 EST 2009
MemTotal:       513916 kB
MemFree:        503864 kB
Buffers:           156 kB
Cached:           6940 kB
SwapCached:          0 kB
Active:           1736 kB
Inactive:         5596 kB
SwapTotal:           0 kB
SwapFree:            0 kB
Dirty:              40 kB
Writeback:           0 kB
AnonPages:         276 kB
Mapped:            452 kB
Slab:             2108 kB
SReclaimable:      820 kB
SUnreclaim:       1288 kB
PageTables:         56 kB
NFS_Unstable:        0 kB
Bounce:              0 kB
CommitLimit:    256956 kB
Committed_AS:     1484 kB
VmallocTotal:   516056 kB
VmallocUsed:        72 kB
VmallocChunk:   515984 kB
Sun Nov 15 20:13:15 EST 2009
MemTotal:       513916 kB
MemFree:        503864 kB
Buffers:           156 kB
Cached:           6940 kB
SwapCached:          0 kB
Active:           1736 kB
Inactive:         5596 kB
SwapTotal:           0 kB
SwapFree:            0 kB
Dirty:              40 kB
Writeback:           0 kB
AnonPages:         276 kB
Mapped:            452 kB
Slab:             2108 kB
SReclaimable:      820 kB
SUnreclaim:       1288 kB
PageTables:         56 kB
NFS_Unstable:        0 kB
Bounce:              0 kB
CommitLimit:    256956 kB
Committed_AS:     1484 kB
VmallocTotal:   516056 kB
VmallocUsed:        72 kB
VmallocChunk:   515984 kB
Sun Nov 15 20:13:16 EST 2009
MemTotal:       513916 kB
MemFree:        503864 kB
Buffers:           164 kB
Cached:           6940 kB
SwapCached:          0 kB
Active:           1740 kB
Inactive:         5600 kB
SwapTotal:           0 kB
SwapFree:            0 kB
Dirty:              40 kB
Writeback:           0 kB
AnonPages:         276 kB
Mapped:            452 kB
Slab:             2108 kB
SReclaimable:      820 kB
SUnreclaim:       1288 kB
PageTables:         56 kB
NFS_Unstable:        0 kB
Bounce:              0 kB
CommitLimit:    256956 kB
Committed_AS:     1484 kB
VmallocTotal:   516056 kB
VmallocUsed:        72 kB
VmallocChunk:   515984 kB
Sun Nov 15 20:13:17 EST 2009
MemTotal:       513916 kB
MemFree:        499196 kB
Buffers:           576 kB
Cached:           8284 kB
SwapCached:          0 kB
Active:           4556 kB
Inactive:         7216 kB
SwapTotal:           0 kB
SwapFree:            0 kB
Dirty:              40 kB
Writeback:           0 kB
AnonPages:        2952 kB
Mapped:            492 kB
Slab:             2220 kB
SReclaimable:      912 kB
SUnreclaim:       1308 kB
PageTables:         80 kB
NFS_Unstable:        0 kB
Bounce:              0 kB
CommitLimit:    256956 kB
Committed_AS:     9272 kB
VmallocTotal:   516056 kB
VmallocUsed:        72 kB
VmallocChunk:   515984 kB
Sun Nov 15 20:13:18 EST 2009
MemTotal:       513916 kB
MemFree:        495352 kB
Buffers:           576 kB
Cached:           8284 kB
SwapCached:          0 kB
Active:           8496 kB
Inactive:         7216 kB
SwapTotal:           0 kB
SwapFree:            0 kB
Dirty:              40 kB
Writeback:           0 kB
AnonPages:        6892 kB
Mapped:            496 kB
Slab:             2220 kB
SReclaimable:      912 kB
SUnreclaim:       1308 kB
PageTables:         84 kB
NFS_Unstable:        0 kB
Bounce:              0 kB
CommitLimit:    256956 kB
Committed_AS:     9272 kB
VmallocTotal:   516056 kB
VmallocUsed:        72 kB
VmallocChunk:   515984 kB
Sun Nov 15 20:13:19 EST 2009
MemTotal:       513916 kB
MemFree:        495352 kB
Buffers:           576 kB
Cached:           8284 kB
SwapCached:          0 kB
Active:           8496 kB
Inactive:         7216 kB
SwapTotal:           0 kB
SwapFree:            0 kB
Dirty:              40 kB
Writeback:           0 kB
AnonPages:        6892 kB
Mapped:            496 kB
Slab:             2220 kB
SReclaimable:      912 kB
SUnreclaim:       1308 kB
PageTables:         84 kB
NFS_Unstable:        0 kB
Bounce:              0 kB
CommitLimit:    256956 kB
Committed_AS:     9272 kB
VmallocTotal:   516056 kB
VmallocUsed:        72 kB
VmallocChunk:   515984 kB
Sun Nov 15 20:13:20 EST 2009
MemTotal:       513916 kB
MemFree:        494024 kB
Buffers:           588 kB
Cached:           9540 kB
SwapCached:          0 kB
Active:           8504 kB
Inactive:         8480 kB
SwapTotal:           0 kB
SwapFree:            0 kB
Dirty:             208 kB
Writeback:           0 kB
AnonPages:        6896 kB
Mapped:            496 kB
Slab:             2228 kB
SReclaimable:      912 kB
SUnreclaim:       1316 kB
PageTables:         84 kB
NFS_Unstable:        0 kB
Bounce:              0 kB
CommitLimit:    256956 kB
Committed_AS:     9272 kB
VmallocTotal:   516056 kB
VmallocUsed:        72 kB
VmallocChunk:   515984 kB
Sun Nov 15 20:13:21 EST 2009
MemTotal:       513916 kB
MemFree:        494024 kB
Buffers:           596 kB
Cached:           9540 kB
SwapCached:          0 kB
Active:           8504 kB
Inactive:         8488 kB
SwapTotal:           0 kB
SwapFree:            0 kB
Dirty:             288 kB
Writeback:           0 kB
AnonPages:        6896 kB
Mapped:            496 kB
Slab:             2236 kB
SReclaimable:      916 kB
SUnreclaim:       1320 kB
PageTables:         84 kB
NFS_Unstable:        0 kB
Bounce:              0 kB
CommitLimit:    256956 kB
Committed_AS:     9272 kB
VmallocTotal:   516056 kB
VmallocUsed:        72 kB
VmallocChunk:   515984 kB
Sun Nov 15 20:13:22 EST 2009
MemTotal:       513916 kB
MemFree:        494024 kB
Buffers:           596 kB
Cached:           9540 kB
SwapCached:          0 kB
Active:           8504 kB
Inactive:         8488 kB
SwapTotal:           0 kB
SwapFree:            0 kB
Dirty:             288 kB
Writeback:           0 kB
AnonPages:        6896 kB
Mapped:            496 kB
Slab:             2236 kB
SReclaimable:      916 kB
SUnreclaim:       1320 kB
PageTables:         84 kB
NFS_Unstable:        0 kB
Bounce:              0 kB
CommitLimit:    256956 kB
Committed_AS:     9272 kB
VmallocTotal:   516056 kB
VmallocUsed:        72 kB
VmallocChunk:   515984 kB
Sun Nov 15 20:13:23 EST 2009
MemTotal:       513916 kB
MemFree:        492316 kB
Buffers:           604 kB
Cached:          11216 kB
SwapCached:          0 kB
Active:           8952 kB
Inactive:         9724 kB
SwapTotal:           0 kB
SwapFree:            0 kB
Dirty:            1156 kB
Writeback:           0 kB
AnonPages:        6896 kB
Mapped:            496 kB
Slab:             2268 kB
SReclaimable:      932 kB
SUnreclaim:       1336 kB
PageTables:         84 kB
NFS_Unstable:        0 kB
Bounce:              0 kB
CommitLimit:    256956 kB
Committed_AS:     9272 kB
VmallocTotal:   516056 kB
VmallocUsed:        72 kB
VmallocChunk:   515984 kB
Sun Nov 15 20:13:24 EST 2009
MemTotal:       513916 kB
MemFree:        492316 kB
Buffers:           604 kB
Cached:          11216 kB
SwapCached:          0 kB
Active:           8952 kB
Inactive:         9724 kB
SwapTotal:           0 kB
SwapFree:            0 kB
Dirty:            1156 kB
Writeback:           0 kB
AnonPages:        6896 kB
Mapped:            496 kB
Slab:             2268 kB
SReclaimable:      932 kB
SUnreclaim:       1336 kB
PageTables:         84 kB
NFS_Unstable:        0 kB
Bounce:              0 kB
CommitLimit:    256956 kB
Committed_AS:     9272 kB
VmallocTotal:   516056 kB
VmallocUsed:        72 kB
VmallocChunk:   515984 kB
Sun Nov 15 20:13:25 EST 2009
MemTotal:       513916 kB
MemFree:        492316 kB
Buffers:           604 kB
Cached:          11216 kB
SwapCached:          0 kB
Active:           8952 kB
Inactive:         9724 kB
SwapTotal:           0 kB
SwapFree:            0 kB
Dirty:            1156 kB
Writeback:           0 kB
AnonPages:        6896 kB
Mapped:            496 kB
Slab:             2268 kB
SReclaimable:      932 kB
SUnreclaim:       1336 kB
PageTables:         84 kB
NFS_Unstable:        0 kB
Bounce:              0 kB
CommitLimit:    256956 kB
Committed_AS:     9272 kB
VmallocTotal:   516056 kB
VmallocUsed:        72 kB
VmallocChunk:   515984 kB
Sun Nov 15 20:13:26 EST 2009
MemTotal:       513916 kB
MemFree:        492316 kB
Buffers:           612 kB
Cached:          11216 kB
SwapCached:          0 kB
Active:           8952 kB
Inactive:         9732 kB
SwapTotal:           0 kB
SwapFree:            0 kB
Dirty:            1156 kB
Writeback:           0 kB
AnonPages:        6896 kB
Mapped:            496 kB
Slab:             2272 kB
SReclaimable:      932 kB
SUnreclaim:       1340 kB
PageTables:         84 kB
NFS_Unstable:        0 kB
Bounce:              0 kB
CommitLimit:    256956 kB
Committed_AS:     9272 kB
VmallocTotal:   516056 kB
VmallocUsed:        72 kB
VmallocChunk:   515984 kB
Sun Nov 15 20:13:27 EST 2009
MemTotal:       513916 kB
MemFree:        488864 kB
Buffers:           652 kB
Cached:          14528 kB
SwapCached:          0 kB
Active:           9388 kB
Inactive:        12648 kB
SwapTotal:           0 kB
SwapFree:            0 kB
Dirty:            2012 kB
Writeback:           0 kB
AnonPages:        6896 kB
Mapped:            496 kB
Slab:             2296 kB
SReclaimable:      948 kB
SUnreclaim:       1348 kB
PageTables:         84 kB
NFS_Unstable:        0 kB
Bounce:              0 kB
CommitLimit:    256956 kB
Committed_AS:     9272 kB
VmallocTotal:   516056 kB
VmallocUsed:        72 kB
VmallocChunk:   515984 kB
Sun Nov 15 20:13:28 EST 2009
MemTotal:       513916 kB
MemFree:        483580 kB
Buffers:           724 kB
Cached:          19672 kB
SwapCached:          0 kB
Active:           9396 kB
Inactive:        17856 kB
SwapTotal:           0 kB
SwapFree:            0 kB
Dirty:            2012 kB
Writeback:           0 kB
AnonPages:        6896 kB
Mapped:            496 kB
Slab:             2344 kB
SReclaimable:      984 kB
SUnreclaim:       1360 kB
PageTables:         84 kB
NFS_Unstable:        0 kB
Bounce:              0 kB
CommitLimit:    256956 kB
Committed_AS:     9272 kB
VmallocTotal:   516056 kB
VmallocUsed:        72 kB
VmallocChunk:   515984 kB
Sun Nov 15 20:13:29 EST 2009
MemTotal:       513916 kB
MemFree:        483340 kB
Buffers:           744 kB
Cached:          19952 kB
SwapCached:          0 kB
Active:           9404 kB
Inactive:        18148 kB
SwapTotal:           0 kB
SwapFree:            0 kB
Dirty:            2012 kB
Writeback:           0 kB
AnonPages:        6896 kB
Mapped:            496 kB
Slab:             2356 kB
SReclaimable:      996 kB
SUnreclaim:       1360 kB
PageTables:         84 kB
NFS_Unstable:        0 kB
Bounce:              0 kB
CommitLimit:    256956 kB
Committed_AS:     9272 kB
VmallocTotal:   516056 kB
VmallocUsed:        72 kB
VmallocChunk:   515984 kB
Sun Nov 15 20:13:30 EST 2009
MemTotal:       513916 kB
MemFree:        483340 kB
Buffers:           744 kB
Cached:          19952 kB
SwapCached:          0 kB
Active:           9404 kB
Inactive:        18148 kB
SwapTotal:           0 kB
SwapFree:            0 kB
Dirty:            2012 kB
Writeback:           0 kB
AnonPages:        6896 kB
Mapped:            496 kB
Slab:             2356 kB
SReclaimable:      996 kB
SUnreclaim:       1360 kB
PageTables:         84 kB
NFS_Unstable:        0 kB
Bounce:              0 kB
CommitLimit:    256956 kB
Committed_AS:     9272 kB
VmallocTotal:   516056 kB
VmallocUsed:        72 kB
VmallocChunk:   515984 kB
Sun Nov 15 20:13:31 EST 2009
MemTotal:       513916 kB
MemFree:        483340 kB
Buffers:           752 kB
Cached:          19952 kB
SwapCached:          0 kB
Active:           9404 kB
Inactive:        18156 kB
SwapTotal:           0 kB
SwapFree:            0 kB
Dirty:            2020 kB
Writeback:           0 kB
AnonPages:        6896 kB
Mapped:            496 kB
Slab:             2364 kB
SReclaimable:     1000 kB
SUnreclaim:       1364 kB
PageTables:         84 kB
NFS_Unstable:        0 kB
Bounce:              0 kB
CommitLimit:    256956 kB
Committed_AS:     9272 kB
VmallocTotal:   516056 kB
VmallocUsed:        72 kB
VmallocChunk:   515984 kB
Sun Nov 15 20:13:32 EST 2009
MemTotal:       513916 kB
MemFree:        482472 kB
Buffers:           752 kB
Cached:          19952 kB
SwapCached:          0 kB
Active:          10284 kB
Inactive:        18156 kB
SwapTotal:           0 kB
SwapFree:            0 kB
Dirty:            2020 kB
Writeback:           0 kB
AnonPages:        7776 kB
Mapped:            496 kB
Slab:             2364 kB
SReclaimable:     1000 kB
SUnreclaim:       1364 kB
PageTables:         84 kB
NFS_Unstable:        0 kB
Bounce:              0 kB
CommitLimit:    256956 kB
Committed_AS:     9272 kB
VmallocTotal:   516056 kB
VmallocUsed:        72 kB
VmallocChunk:   515984 kB
Sun Nov 15 20:13:33 EST 2009
MemTotal:       513916 kB
MemFree:        482472 kB
Buffers:           752 kB
Cached:          19956 kB
SwapCached:          0 kB
Active:          10292 kB
Inactive:        18152 kB
SwapTotal:           0 kB
SwapFree:            0 kB
Dirty:            2024 kB
Writeback:           0 kB
AnonPages:        7776 kB
Mapped:            496 kB
Slab:             2360 kB
SReclaimable:     1000 kB
SUnreclaim:       1360 kB
PageTables:         84 kB
NFS_Unstable:        0 kB
Bounce:              0 kB
CommitLimit:    256956 kB
Committed_AS:     9272 kB
VmallocTotal:   516056 kB
VmallocUsed:        72 kB
VmallocChunk:   515984 kB
Sun Nov 15 20:13:35 EST 2009
MemTotal:       513916 kB
MemFree:        482472 kB
Buffers:           752 kB
Cached:          19956 kB
SwapCached:          0 kB
Active:          10292 kB
Inactive:        18152 kB
SwapTotal:           0 kB
SwapFree:            0 kB
Dirty:            2024 kB
Writeback:           0 kB
AnonPages:        7776 kB
Mapped:            496 kB
Slab:             2360 kB
SReclaimable:     1000 kB
SUnreclaim:       1360 kB
PageTables:         84 kB
NFS_Unstable:        0 kB
Bounce:              0 kB
CommitLimit:    256956 kB
Committed_AS:     9272 kB
VmallocTotal:   516056 kB
VmallocUsed:        72 kB
VmallocChunk:   515984 kB
Sun Nov 15 20:13:36 EST 2009
MemTotal:       513916 kB
MemFree:        482472 kB
Buffers:           752 kB
Cached:          19956 kB
SwapCached:          0 kB
Active:          10292 kB
Inactive:        18152 kB
SwapTotal:           0 kB
SwapFree:            0 kB
Dirty:            2024 kB
Writeback:           0 kB
AnonPages:        7776 kB
Mapped:            496 kB
Slab:             2360 kB
SReclaimable:     1000 kB
SUnreclaim:       1360 kB
PageTables:         84 kB
NFS_Unstable:        0 kB
Bounce:              0 kB
CommitLimit:    256956 kB
Committed_AS:     9272 kB
VmallocTotal:   516056 kB
VmallocUsed:        72 kB
VmallocChunk:   515984 kB
Sun Nov 15 20:13:37 EST 2009
MemTotal:       513916 kB
MemFree:        482472 kB
Buffers:           760 kB
Cached:          19956 kB
SwapCached:          0 kB
Active:          10292 kB
Inactive:        18160 kB
SwapTotal:           0 kB
SwapFree:            0 kB
Dirty:            2024 kB
Writeback:           0 kB
AnonPages:        7776 kB
Mapped:            496 kB
Slab:             2360 kB
SReclaimable:     1000 kB
SUnreclaim:       1360 kB
PageTables:         84 kB
NFS_Unstable:        0 kB
Bounce:              0 kB
CommitLimit:    256956 kB
Committed_AS:     9272 kB
VmallocTotal:   516056 kB
VmallocUsed:        72 kB
VmallocChunk:   515984 kB
Sun Nov 15 20:13:38 EST 2009
MemTotal:       513916 kB
MemFree:        480960 kB
Buffers:           872 kB
Cached:          21264 kB
SwapCached:          0 kB
Active:          10392 kB
Inactive:        19480 kB
SwapTotal:           0 kB
SwapFree:            0 kB
Dirty:            2196 kB
Writeback:           0 kB
AnonPages:        7776 kB
Mapped:            496 kB
Slab:             2424 kB
SReclaimable:     1052 kB
SUnreclaim:       1372 kB
PageTables:         84 kB
NFS_Unstable:        0 kB
Bounce:              0 kB
CommitLimit:    256956 kB
Committed_AS:     9272 kB
VmallocTotal:   516056 kB
VmallocUsed:        72 kB
VmallocChunk:   515984 kB
Sun Nov 15 20:13:39 EST 2009
MemTotal:       513916 kB
MemFree:        480960 kB
Buffers:           872 kB
Cached:          21264 kB
SwapCached:          0 kB
Active:          10392 kB
Inactive:        19480 kB
SwapTotal:           0 kB
SwapFree:            0 kB
Dirty:            2196 kB
Writeback:           0 kB
AnonPages:        7776 kB
Mapped:            496 kB
Slab:             2424 kB
SReclaimable:     1052 kB
SUnreclaim:       1372 kB
PageTables:         84 kB
NFS_Unstable:        0 kB
Bounce:              0 kB
CommitLimit:    256956 kB
Committed_AS:     9272 kB
VmallocTotal:   516056 kB
VmallocUsed:        72 kB
VmallocChunk:   515984 kB
Sun Nov 15 20:13:40 EST 2009
MemTotal:       513916 kB
MemFree:        479752 kB
Buffers:           912 kB
Cached:          22384 kB
SwapCached:          0 kB
Active:          10500 kB
Inactive:        20532 kB
SwapTotal:           0 kB
SwapFree:            0 kB
Dirty:            2372 kB
Writeback:           0 kB
AnonPages:        7776 kB
Mapped:            496 kB
Slab:             2476 kB
SReclaimable:     1092 kB
SUnreclaim:       1384 kB
PageTables:         84 kB
NFS_Unstable:        0 kB
Bounce:              0 kB
CommitLimit:    256956 kB
Committed_AS:     9272 kB
VmallocTotal:   516056 kB
VmallocUsed:        72 kB
VmallocChunk:   515984 kB
Sun Nov 15 20:13:41 EST 2009
MemTotal:       513916 kB
MemFree:        479752 kB
Buffers:           912 kB
Cached:          22384 kB
SwapCached:          0 kB
Active:          10500 kB
Inactive:        20532 kB
SwapTotal:           0 kB
SwapFree:            0 kB
Dirty:            2372 kB
Writeback:           0 kB
AnonPages:        7776 kB
Mapped:            496 kB
Slab:             2476 kB
SReclaimable:     1092 kB
SUnreclaim:       1384 kB
PageTables:         84 kB
NFS_Unstable:        0 kB
Bounce:              0 kB
CommitLimit:    256956 kB
Committed_AS:     9272 kB
VmallocTotal:   516056 kB
VmallocUsed:        72 kB
VmallocChunk:   515984 kB
Sun Nov 15 20:13:42 EST 2009
MemTotal:       513916 kB
MemFree:        478116 kB
Buffers:           952 kB
Cached:          23852 kB
SwapCached:          0 kB
Active:          10688 kB
Inactive:        21852 kB
SwapTotal:           0 kB
SwapFree:            0 kB
Dirty:            2760 kB
Writeback:           0 kB
AnonPages:        7776 kB
Mapped:            496 kB
Slab:             2560 kB
SReclaimable:     1160 kB
SUnreclaim:       1400 kB
PageTables:         84 kB
NFS_Unstable:        0 kB
Bounce:              0 kB
CommitLimit:    256956 kB
Committed_AS:     9272 kB
VmallocTotal:   516056 kB
VmallocUsed:        72 kB
VmallocChunk:   515984 kB
Sun Nov 15 20:13:43 EST 2009
MemTotal:       513916 kB
MemFree:        478116 kB
Buffers:           952 kB
Cached:          23852 kB
SwapCached:          0 kB
Active:          10688 kB
Inactive:        21852 kB
SwapTotal:           0 kB
SwapFree:            0 kB
Dirty:            2760 kB
Writeback:           0 kB
AnonPages:        7776 kB
Mapped:            496 kB
Slab:             2560 kB
SReclaimable:     1160 kB
SUnreclaim:       1400 kB
PageTables:         84 kB
NFS_Unstable:        0 kB
Bounce:              0 kB
CommitLimit:    256956 kB
Committed_AS:     9272 kB
VmallocTotal:   516056 kB
VmallocUsed:        72 kB
VmallocChunk:   515984 kB
Sun Nov 15 20:13:44 EST 2009
MemTotal:       513916 kB
MemFree:        476544 kB
Buffers:          1008 kB
Cached:          25220 kB
SwapCached:          0 kB
Active:          10824 kB
Inactive:        23140 kB
SwapTotal:           0 kB
SwapFree:            0 kB
Dirty:            2916 kB
Writeback:           0 kB
AnonPages:        7776 kB
Mapped:            496 kB
Slab:             2704 kB
SReclaimable:     1296 kB
SUnreclaim:       1408 kB
PageTables:         84 kB
NFS_Unstable:        0 kB
Bounce:              0 kB
CommitLimit:    256956 kB
Committed_AS:     9272 kB
VmallocTotal:   516056 kB
VmallocUsed:        72 kB
VmallocChunk:   515984 kB
Sun Nov 15 20:13:45 EST 2009
MemTotal:       513916 kB
MemFree:        475940 kB
Buffers:          1036 kB
Cached:          25724 kB
SwapCached:          0 kB
Active:          10836 kB
Inactive:        23660 kB
SwapTotal:           0 kB
SwapFree:            0 kB
Dirty:            2916 kB
Writeback:           0 kB
AnonPages:        7776 kB
Mapped:            496 kB
Slab:             2748 kB
SReclaimable:     1336 kB
SUnreclaim:       1412 kB
PageTables:         84 kB
NFS_Unstable:        0 kB
Bounce:              0 kB
CommitLimit:    256956 kB
Committed_AS:     9272 kB
VmallocTotal:   516056 kB
VmallocUsed:        72 kB
VmallocChunk:   515984 kB
Sun Nov 15 20:13:46 EST 2009
MemTotal:       513916 kB
MemFree:        475696 kB
Buffers:          1068 kB
Cached:          25988 kB
SwapCached:          0 kB
Active:          10936 kB
Inactive:        23856 kB
SwapTotal:           0 kB
SwapFree:            0 kB
Dirty:            3084 kB
Writeback:           0 kB
AnonPages:        7776 kB
Mapped:            496 kB
Slab:             2764 kB
SReclaimable:     1344 kB
SUnreclaim:       1420 kB
PageTables:         84 kB
NFS_Unstable:        0 kB
Bounce:              0 kB
CommitLimit:    256956 kB
Committed_AS:     9272 kB
VmallocTotal:   516056 kB
VmallocUsed:        72 kB
VmallocChunk:   515984 kB
Sun Nov 15 20:13:47 EST 2009
MemTotal:       513916 kB
MemFree:        474612 kB
Buffers:          1096 kB
Cached:          26940 kB
SwapCached:          0 kB
Active:          10952 kB
Inactive:        24820 kB
SwapTotal:           0 kB
SwapFree:            0 kB
Dirty:            3152 kB
Writeback:           0 kB
AnonPages:        7776 kB
Mapped:            496 kB
Slab:             2796 kB
SReclaimable:     1368 kB
SUnreclaim:       1428 kB
PageTables:         84 kB
NFS_Unstable:        0 kB
Bounce:              0 kB
CommitLimit:    256956 kB
Committed_AS:     9272 kB
VmallocTotal:   516056 kB
VmallocUsed:        72 kB
VmallocChunk:   515984 kB
Sun Nov 15 20:13:48 EST 2009
MemTotal:       513916 kB
MemFree:        474612 kB
Buffers:          1096 kB
Cached:          26940 kB
SwapCached:          0 kB
Active:          10952 kB
Inactive:        24820 kB
SwapTotal:           0 kB
SwapFree:            0 kB
Dirty:            3152 kB
Writeback:           0 kB
AnonPages:        7776 kB
Mapped:            496 kB
Slab:             2796 kB
SReclaimable:     1368 kB
SUnreclaim:       1428 kB
PageTables:         84 kB
NFS_Unstable:        0 kB
Bounce:              0 kB
CommitLimit:    256956 kB
Committed_AS:     9272 kB
VmallocTotal:   516056 kB
VmallocUsed:        72 kB
VmallocChunk:   515984 kB
Sun Nov 15 20:13:49 EST 2009
MemTotal:       513916 kB
MemFree:        473464 kB
Buffers:          1140 kB
Cached:          28112 kB
SwapCached:          0 kB
Active:          11092 kB
Inactive:        25896 kB
SwapTotal:           0 kB
SwapFree:            0 kB
Dirty:            3404 kB
Writeback:           0 kB
AnonPages:        7776 kB
Mapped:            496 kB
Slab:             2828 kB
SReclaimable:     1392 kB
SUnreclaim:       1436 kB
PageTables:         84 kB
NFS_Unstable:        0 kB
Bounce:              0 kB
CommitLimit:    256956 kB
Committed_AS:     9272 kB
VmallocTotal:   516056 kB
VmallocUsed:        72 kB
VmallocChunk:   515984 kB
Sun Nov 15 20:13:50 EST 2009
MemTotal:       513916 kB
MemFree:        473340 kB
Buffers:          1140 kB
Cached:          28132 kB
SwapCached:          0 kB
Active:          11104 kB
Inactive:        25900 kB
SwapTotal:           0 kB
SwapFree:            0 kB
Dirty:            3424 kB
Writeback:           0 kB
AnonPages:        7776 kB
Mapped:            496 kB
Slab:             2828 kB
SReclaimable:     1392 kB
SUnreclaim:       1436 kB
PageTables:         84 kB
NFS_Unstable:        0 kB
Bounce:              0 kB
CommitLimit:    256956 kB
Committed_AS:     9272 kB
VmallocTotal:   516056 kB
VmallocUsed:        72 kB
VmallocChunk:   515984 kB
Sun Nov 15 20:13:51 EST 2009
MemTotal:       513916 kB
MemFree:        471952 kB
Buffers:          1184 kB
Cached:          29484 kB
SwapCached:          0 kB
Active:          11228 kB
Inactive:        27176 kB
SwapTotal:           0 kB
SwapFree:            0 kB
Dirty:            3644 kB
Writeback:           0 kB
AnonPages:        7776 kB
Mapped:            496 kB
Slab:             2904 kB
SReclaimable:     1456 kB
SUnreclaim:       1448 kB
PageTables:         84 kB
NFS_Unstable:        0 kB
Bounce:              0 kB
CommitLimit:    256956 kB
Committed_AS:     9272 kB
VmallocTotal:   516056 kB
VmallocUsed:        72 kB
VmallocChunk:   515984 kB
Sun Nov 15 20:13:52 EST 2009
MemTotal:       513916 kB
MemFree:        471952 kB
Buffers:          1192 kB
Cached:          29484 kB
SwapCached:          0 kB
Active:          11228 kB
Inactive:        27184 kB
SwapTotal:           0 kB
SwapFree:            0 kB
Dirty:            3676 kB
Writeback:           0 kB
AnonPages:        7776 kB
Mapped:            496 kB
Slab:             2904 kB
SReclaimable:     1456 kB
SUnreclaim:       1448 kB
PageTables:         84 kB
NFS_Unstable:        0 kB
Bounce:              0 kB
CommitLimit:    256956 kB
Committed_AS:     9272 kB
VmallocTotal:   516056 kB
VmallocUsed:        72 kB
VmallocChunk:   515984 kB
Sun Nov 15 20:13:53 EST 2009
MemTotal:       513916 kB
MemFree:        470440 kB
Buffers:          1220 kB
Cached:          30800 kB
SwapCached:          0 kB
Active:          11356 kB
Inactive:        28400 kB
SwapTotal:           0 kB
SwapFree:            0 kB
Dirty:            3876 kB
Writeback:           0 kB
AnonPages:        7776 kB
Mapped:            496 kB
Slab:             2984 kB
SReclaimable:     1516 kB
SUnreclaim:       1468 kB
PageTables:         84 kB
NFS_Unstable:        0 kB
Bounce:              0 kB
CommitLimit:    256956 kB
Committed_AS:     9272 kB
VmallocTotal:   516056 kB
VmallocUsed:        72 kB
VmallocChunk:   515984 kB
Sun Nov 15 20:13:54 EST 2009
MemTotal:       513916 kB
MemFree:        470440 kB
Buffers:          1220 kB
Cached:          30800 kB
SwapCached:          0 kB
Active:          11356 kB
Inactive:        28400 kB
SwapTotal:           0 kB
SwapFree:            0 kB
Dirty:            3876 kB
Writeback:           0 kB
AnonPages:        7776 kB
Mapped:            496 kB
Slab:             2984 kB
SReclaimable:     1516 kB
SUnreclaim:       1468 kB
PageTables:         84 kB
NFS_Unstable:        0 kB
Bounce:              0 kB
CommitLimit:    256956 kB
Committed_AS:     9272 kB
VmallocTotal:   516056 kB
VmallocUsed:        72 kB
VmallocChunk:   515984 kB
Sun Nov 15 20:13:55 EST 2009
MemTotal:       513916 kB
MemFree:        469052 kB
Buffers:          1240 kB
Cached:          32184 kB
SwapCached:          0 kB
Active:          11472 kB
Inactive:        29688 kB
SwapTotal:           0 kB
SwapFree:            0 kB
Dirty:            4084 kB
Writeback:           0 kB
AnonPages:        7776 kB
Mapped:            496 kB
Slab:             3044 kB
SReclaimable:     1568 kB
SUnreclaim:       1476 kB
PageTables:         84 kB
NFS_Unstable:        0 kB
Bounce:              0 kB
CommitLimit:    256956 kB
Committed_AS:     9272 kB
VmallocTotal:   516056 kB
VmallocUsed:        72 kB
VmallocChunk:   515984 kB
Sun Nov 15 20:13:56 EST 2009
MemTotal:       513916 kB
MemFree:        469052 kB
Buffers:          1240 kB
Cached:          32184 kB
SwapCached:          0 kB
Active:          11472 kB
Inactive:        29688 kB
SwapTotal:           0 kB
SwapFree:            0 kB
Dirty:            4084 kB
Writeback:           0 kB
AnonPages:        7776 kB
Mapped:            496 kB
Slab:             3044 kB
SReclaimable:     1568 kB
SUnreclaim:       1476 kB
PageTables:         84 kB
NFS_Unstable:        0 kB
Bounce:              0 kB
CommitLimit:    256956 kB
Committed_AS:     9272 kB
VmallocTotal:   516056 kB
VmallocUsed:        72 kB
VmallocChunk:   515984 kB
Sun Nov 15 20:13:57 EST 2009
MemTotal:       513916 kB
MemFree:        467476 kB
Buffers:          1304 kB
Cached:          33596 kB
SwapCached:          0 kB
Active:          11648 kB
Inactive:        30988 kB
SwapTotal:           0 kB
SwapFree:            0 kB
Dirty:            4436 kB
Writeback:           0 kB
AnonPages:        7776 kB
Mapped:            496 kB
Slab:             3124 kB
SReclaimable:     1624 kB
SUnreclaim:       1500 kB
PageTables:         84 kB
NFS_Unstable:        0 kB
Bounce:              0 kB
CommitLimit:    256956 kB
Committed_AS:     9272 kB
VmallocTotal:   516056 kB
VmallocUsed:        72 kB
VmallocChunk:   515984 kB
Sun Nov 15 20:13:58 EST 2009
MemTotal:       513916 kB
MemFree:        467476 kB
Buffers:          1304 kB
Cached:          33596 kB
SwapCached:          0 kB
Active:          11648 kB
Inactive:        30988 kB
SwapTotal:           0 kB
SwapFree:            0 kB
Dirty:            4436 kB
Writeback:           0 kB
AnonPages:        7776 kB
Mapped:            496 kB
Slab:             3124 kB
SReclaimable:     1624 kB
SUnreclaim:       1500 kB
PageTables:         84 kB
NFS_Unstable:        0 kB
Bounce:              0 kB
CommitLimit:    256956 kB
Committed_AS:     9272 kB
VmallocTotal:   516056 kB
VmallocUsed:        72 kB
VmallocChunk:   515984 kB
Sun Nov 15 20:13:59 EST 2009
MemTotal:       513916 kB
MemFree:        467476 kB
Buffers:          1304 kB
Cached:          33600 kB
SwapCached:          0 kB
Active:          11652 kB
Inactive:        30988 kB
SwapTotal:           0 kB
SwapFree:            0 kB
Dirty:            4440 kB
Writeback:           0 kB
AnonPages:        7776 kB
Mapped:            496 kB
Slab:             3124 kB
SReclaimable:     1624 kB
SUnreclaim:       1500 kB
PageTables:         84 kB
NFS_Unstable:        0 kB
Bounce:              0 kB
CommitLimit:    256956 kB
Committed_AS:     9272 kB
VmallocTotal:   516056 kB
VmallocUsed:        72 kB
VmallocChunk:   515984 kB
Sun Nov 15 20:14:00 EST 2009
MemTotal:       513916 kB
MemFree:        465904 kB
Buffers:          1336 kB
Cached:          34964 kB
SwapCached:          0 kB
Active:          11772 kB
Inactive:        32264 kB
SwapTotal:           0 kB
SwapFree:            0 kB
Dirty:            4644 kB
Writeback:           0 kB
AnonPages:        7776 kB
Mapped:            496 kB
Slab:             3224 kB
SReclaimable:     1712 kB
SUnreclaim:       1512 kB
PageTables:         84 kB
NFS_Unstable:        0 kB
Bounce:              0 kB
CommitLimit:    256956 kB
Committed_AS:     9272 kB
VmallocTotal:   516056 kB
VmallocUsed:        72 kB
VmallocChunk:   515984 kB
Sun Nov 15 20:14:01 EST 2009
MemTotal:       513916 kB
MemFree:        465904 kB
Buffers:          1336 kB
Cached:          34964 kB
SwapCached:          0 kB
Active:          11772 kB
Inactive:        32264 kB
SwapTotal:           0 kB
SwapFree:            0 kB
Dirty:            4644 kB
Writeback:           0 kB
AnonPages:        7776 kB
Mapped:            496 kB
Slab:             3220 kB
SReclaimable:     1712 kB
SUnreclaim:       1508 kB
PageTables:         84 kB
NFS_Unstable:        0 kB
Bounce:              0 kB
CommitLimit:    256956 kB
Committed_AS:     9272 kB
VmallocTotal:   516056 kB
VmallocUsed:        72 kB
VmallocChunk:   515984 kB
Sun Nov 15 20:14:03 EST 2009
MemTotal:       513916 kB
MemFree:        465476 kB
Buffers:          1400 kB
Cached:          35352 kB
SwapCached:          0 kB
Active:          11912 kB
Inactive:        32576 kB
SwapTotal:           0 kB
SwapFree:            0 kB
Dirty:            4872 kB
Writeback:           0 kB
AnonPages:        7776 kB
Mapped:            496 kB
Slab:             3256 kB
SReclaimable:     1744 kB
SUnreclaim:       1512 kB
PageTables:         84 kB
NFS_Unstable:        0 kB
Bounce:              0 kB
CommitLimit:    256956 kB
Committed_AS:     9272 kB
VmallocTotal:   516056 kB
VmallocUsed:        72 kB
VmallocChunk:   515984 kB
Sun Nov 15 20:14:04 EST 2009
MemTotal:       513916 kB
MemFree:        462932 kB
Buffers:          1768 kB
Cached:          37152 kB
SwapCached:          0 kB
Active:          12064 kB
Inactive:        34616 kB
SwapTotal:           0 kB
SwapFree:            0 kB
Dirty:            4872 kB
Writeback:           0 kB
AnonPages:        7800 kB
Mapped:            496 kB
Slab:             3528 kB
SReclaimable:     2004 kB
SUnreclaim:       1524 kB
PageTables:         84 kB
NFS_Unstable:        0 kB
Bounce:              0 kB
CommitLimit:    256956 kB
Committed_AS:     9272 kB
VmallocTotal:   516056 kB
VmallocUsed:        72 kB
VmallocChunk:   515984 kB
Sun Nov 15 20:14:05 EST 2009
MemTotal:       513916 kB
MemFree:        460132 kB
Buffers:          2668 kB
Cached:          38716 kB
SwapCached:          0 kB
Active:          12192 kB
Inactive:        36976 kB
SwapTotal:           0 kB
SwapFree:            0 kB
Dirty:            4872 kB
Writeback:           0 kB
AnonPages:        7824 kB
Mapped:            496 kB
Slab:             3888 kB
SReclaimable:     2356 kB
SUnreclaim:       1532 kB
PageTables:         84 kB
NFS_Unstable:        0 kB
Bounce:              0 kB
CommitLimit:    256956 kB
Committed_AS:     9272 kB
VmallocTotal:   516056 kB
VmallocUsed:        72 kB
VmallocChunk:   515984 kB
Sun Nov 15 20:14:06 EST 2009
MemTotal:       513916 kB
MemFree:        459952 kB
Buffers:          2688 kB
Cached:          38916 kB
SwapCached:          0 kB
Active:          12200 kB
Inactive:        37188 kB
SwapTotal:           0 kB
SwapFree:            0 kB
Dirty:            4876 kB
Writeback:           0 kB
AnonPages:        7824 kB
Mapped:            496 kB
Slab:             3900 kB
SReclaimable:     2368 kB
SUnreclaim:       1532 kB
PageTables:         84 kB
NFS_Unstable:        0 kB
Bounce:              0 kB
CommitLimit:    256956 kB
Committed_AS:     9272 kB
VmallocTotal:   516056 kB
VmallocUsed:        72 kB
VmallocChunk:   515984 kB
Sun Nov 15 20:14:07 EST 2009
MemTotal:       513916 kB
MemFree:        459584 kB
Buffers:          2688 kB
Cached:          39224 kB
SwapCached:          0 kB
Active:          12292 kB
Inactive:        37404 kB
SwapTotal:           0 kB
SwapFree:            0 kB
Dirty:            5056 kB
Writeback:           0 kB
AnonPages:        7824 kB
Mapped:            496 kB
Slab:             3900 kB
SReclaimable:     2368 kB
SUnreclaim:       1532 kB
PageTables:         84 kB
NFS_Unstable:        0 kB
Bounce:              0 kB
CommitLimit:    256956 kB
Committed_AS:     9272 kB
VmallocTotal:   516056 kB
VmallocUsed:        72 kB
VmallocChunk:   515984 kB
Sun Nov 15 20:14:08 EST 2009
MemTotal:       513916 kB
MemFree:        458564 kB
Buffers:          2696 kB
Cached:          40248 kB
SwapCached:          0 kB
Active:          12292 kB
Inactive:        38436 kB
SwapTotal:           0 kB
SwapFree:            0 kB
Dirty:            5156 kB
Writeback:           0 kB
AnonPages:        7824 kB
Mapped:            496 kB
Slab:             3904 kB
SReclaimable:     2372 kB
SUnreclaim:       1532 kB
PageTables:         84 kB
NFS_Unstable:        0 kB
Bounce:              0 kB
CommitLimit:    256956 kB
Committed_AS:     9272 kB
VmallocTotal:   516056 kB
VmallocUsed:        72 kB
VmallocChunk:   515984 kB
Sun Nov 15 20:14:09 EST 2009
MemTotal:       513916 kB
MemFree:        458564 kB
Buffers:          2696 kB
Cached:          40248 kB
SwapCached:          0 kB
Active:          12292 kB
Inactive:        38436 kB
SwapTotal:           0 kB
SwapFree:            0 kB
Dirty:            5156 kB
Writeback:           0 kB
AnonPages:        7824 kB
Mapped:            496 kB
Slab:             3904 kB
SReclaimable:     2372 kB
SUnreclaim:       1532 kB
PageTables:         84 kB
NFS_Unstable:        0 kB
Bounce:              0 kB
CommitLimit:    256956 kB
Committed_AS:     9272 kB
VmallocTotal:   516056 kB
VmallocUsed:        72 kB
VmallocChunk:   515984 kB
Sun Nov 15 20:14:10 EST 2009
MemTotal:       513916 kB
MemFree:        457652 kB
Buffers:          2696 kB
Cached:          41164 kB
SwapCached:          0 kB
Active:          12496 kB
Inactive:        39148 kB
SwapTotal:           0 kB
SwapFree:            0 kB
Dirty:            5560 kB
Writeback:           0 kB
AnonPages:        7824 kB
Mapped:            496 kB
Slab:             3904 kB
SReclaimable:     2376 kB
SUnreclaim:       1528 kB
PageTables:         84 kB
NFS_Unstable:        0 kB
Bounce:              0 kB
CommitLimit:    256956 kB
Committed_AS:     9272 kB
VmallocTotal:   516056 kB
VmallocUsed:        72 kB
VmallocChunk:   515984 kB
Sun Nov 15 20:14:11 EST 2009
MemTotal:       513916 kB
MemFree:        457292 kB
Buffers:          2696 kB
Cached:          41548 kB
SwapCached:          0 kB
Active:          12496 kB
Inactive:        39532 kB
SwapTotal:           0 kB
SwapFree:            0 kB
Dirty:            5560 kB
Writeback:           0 kB
AnonPages:        7824 kB
Mapped:            496 kB
Slab:             3904 kB
SReclaimable:     2376 kB
SUnreclaim:       1528 kB
PageTables:         84 kB
NFS_Unstable:        0 kB
Bounce:              0 kB
CommitLimit:    256956 kB
Committed_AS:     9272 kB
VmallocTotal:   516056 kB
VmallocUsed:        72 kB
VmallocChunk:   515984 kB
Sun Nov 15 20:14:12 EST 2009
MemTotal:       513916 kB
MemFree:        457292 kB
Buffers:          2696 kB
Cached:          41552 kB
SwapCached:          0 kB
Active:          12500 kB
Inactive:        39532 kB
SwapTotal:           0 kB
SwapFree:            0 kB
Dirty:            5564 kB
Writeback:           0 kB
AnonPages:        7824 kB
Mapped:            496 kB
Slab:             3904 kB
SReclaimable:     2376 kB
SUnreclaim:       1528 kB
PageTables:         84 kB
NFS_Unstable:        0 kB
Bounce:              0 kB
CommitLimit:    256956 kB
Committed_AS:     9272 kB
VmallocTotal:   516056 kB
VmallocUsed:        72 kB
VmallocChunk:   515984 kB
Sun Nov 15 20:14:13 EST 2009
MemTotal:       513916 kB
MemFree:        456140 kB
Buffers:          2704 kB
Cached:          42708 kB
SwapCached:          0 kB
Active:          12696 kB
Inactive:        40500 kB
SwapTotal:           0 kB
SwapFree:            0 kB
Dirty:            5952 kB
Writeback:           0 kB
AnonPages:        7824 kB
Mapped:            496 kB
Slab:             3916 kB
SReclaimable:     2380 kB
SUnreclaim:       1536 kB
PageTables:         84 kB
NFS_Unstable:        0 kB
Bounce:              0 kB
CommitLimit:    256956 kB
Committed_AS:     9272 kB
VmallocTotal:   516056 kB
VmallocUsed:        72 kB
VmallocChunk:   515984 kB
Sun Nov 15 20:14:14 EST 2009
MemTotal:       513916 kB
MemFree:        455900 kB
Buffers:          2704 kB
Cached:          42964 kB
SwapCached:          0 kB
Active:          12696 kB
Inactive:        40756 kB
SwapTotal:           0 kB
SwapFree:            0 kB
Dirty:            5952 kB
Writeback:           0 kB
AnonPages:        7824 kB
Mapped:            496 kB
Slab:             3920 kB
SReclaimable:     2380 kB
SUnreclaim:       1540 kB
PageTables:         84 kB
NFS_Unstable:        0 kB
Bounce:              0 kB
CommitLimit:    256956 kB
Committed_AS:     9272 kB
VmallocTotal:   516056 kB
VmallocUsed:        72 kB
VmallocChunk:   515984 kB
Sun Nov 15 20:14:15 EST 2009
MemTotal:       513916 kB
MemFree:        455900 kB
Buffers:          2704 kB
Cached:          42964 kB
SwapCached:          0 kB
Active:          12696 kB
Inactive:        40756 kB
SwapTotal:           0 kB
SwapFree:            0 kB
Dirty:            5952 kB
Writeback:           0 kB
AnonPages:        7824 kB
Mapped:            496 kB
Slab:             3920 kB
SReclaimable:     2380 kB
SUnreclaim:       1540 kB
PageTables:         84 kB
NFS_Unstable:        0 kB
Bounce:              0 kB
CommitLimit:    256956 kB
Committed_AS:     9272 kB
VmallocTotal:   516056 kB
VmallocUsed:        72 kB
VmallocChunk:   515984 kB
Sun Nov 15 20:14:16 EST 2009
MemTotal:       513916 kB
MemFree:        454384 kB
Buffers:          2712 kB
Cached:          44380 kB
SwapCached:          0 kB
Active:          12896 kB
Inactive:        41980 kB
SwapTotal:           0 kB
SwapFree:            0 kB
Dirty:            6344 kB
Writeback:           0 kB
AnonPages:        7824 kB
Mapped:            496 kB
Slab:             3940 kB
SReclaimable:     2388 kB
SUnreclaim:       1552 kB
PageTables:         84 kB
NFS_Unstable:        0 kB
Bounce:              0 kB
CommitLimit:    256956 kB
Committed_AS:     9272 kB
VmallocTotal:   516056 kB
VmallocUsed:        72 kB
VmallocChunk:   515984 kB
Sun Nov 15 20:14:17 EST 2009
MemTotal:       513916 kB
MemFree:        454384 kB
Buffers:          2712 kB
Cached:          44380 kB
SwapCached:          0 kB
Active:          12896 kB
Inactive:        41980 kB
SwapTotal:           0 kB
SwapFree:            0 kB
Dirty:            6344 kB
Writeback:           0 kB
AnonPages:        7824 kB
Mapped:            496 kB
Slab:             3940 kB
SReclaimable:     2388 kB
SUnreclaim:       1552 kB
PageTables:         84 kB
NFS_Unstable:        0 kB
Bounce:              0 kB
CommitLimit:    256956 kB
Committed_AS:     9272 kB
VmallocTotal:   516056 kB
VmallocUsed:        72 kB
VmallocChunk:   515984 kB
Sun Nov 15 20:14:18 EST 2009
MemTotal:       513916 kB
MemFree:        454384 kB
Buffers:          2720 kB
Cached:          44380 kB
SwapCached:          0 kB
Active:          12896 kB
Inactive:        41988 kB
SwapTotal:           0 kB
SwapFree:            0 kB
Dirty:            6344 kB
Writeback:           0 kB
AnonPages:        7824 kB
Mapped:            496 kB
Slab:             3932 kB
SReclaimable:     2388 kB
SUnreclaim:       1544 kB
PageTables:         84 kB
NFS_Unstable:        0 kB
Bounce:              0 kB
CommitLimit:    256956 kB
Committed_AS:     9272 kB
VmallocTotal:   516056 kB
VmallocUsed:        72 kB
VmallocChunk:   515984 kB
Sun Nov 15 20:14:19 EST 2009
MemTotal:       513916 kB
MemFree:        453592 kB
Buffers:          2724 kB
Cached:          45176 kB
SwapCached:          0 kB
Active:          13108 kB
Inactive:        42576 kB
SwapTotal:           0 kB
SwapFree:            0 kB
Dirty:            6756 kB
Writeback:           0 kB
AnonPages:        7824 kB
Mapped:            496 kB
Slab:             3940 kB
SReclaimable:     2392 kB
SUnreclaim:       1548 kB
PageTables:         84 kB
NFS_Unstable:        0 kB
Bounce:              0 kB
CommitLimit:    256956 kB
Committed_AS:     9272 kB
VmallocTotal:   516056 kB
VmallocUsed:        72 kB
VmallocChunk:   515984 kB
Sun Nov 15 20:14:20 EST 2009
MemTotal:       513916 kB
MemFree:        453112 kB
Buffers:          2724 kB
Cached:          45688 kB
SwapCached:          0 kB
Active:          13108 kB
Inactive:        43088 kB
SwapTotal:           0 kB
SwapFree:            0 kB
Dirty:            6756 kB
Writeback:           0 kB
AnonPages:        7824 kB
Mapped:            496 kB
Slab:             3944 kB
SReclaimable:     2392 kB
SUnreclaim:       1552 kB
PageTables:         84 kB
NFS_Unstable:        0 kB
Bounce:              0 kB
CommitLimit:    256956 kB
Committed_AS:     9272 kB
VmallocTotal:   516056 kB
VmallocUsed:        72 kB
VmallocChunk:   515984 kB
Sun Nov 15 20:14:21 EST 2009
MemTotal:       513916 kB
MemFree:        453112 kB
Buffers:          2724 kB
Cached:          45688 kB
SwapCached:          0 kB
Active:          13108 kB
Inactive:        43088 kB
SwapTotal:           0 kB
SwapFree:            0 kB
Dirty:            6756 kB
Writeback:           0 kB
AnonPages:        7824 kB
Mapped:            496 kB
Slab:             3944 kB
SReclaimable:     2392 kB
SUnreclaim:       1552 kB
PageTables:         84 kB
NFS_Unstable:        0 kB
Bounce:              0 kB
CommitLimit:    256956 kB
Committed_AS:     9272 kB
VmallocTotal:   516056 kB
VmallocUsed:        72 kB
VmallocChunk:   515984 kB
Sun Nov 15 20:14:22 EST 2009
MemTotal:       513916 kB
MemFree:        451720 kB
Buffers:          2724 kB
Cached:          47120 kB
SwapCached:          0 kB
Active:          13316 kB
Inactive:        44312 kB
SwapTotal:           0 kB
SwapFree:            0 kB
Dirty:            7164 kB
Writeback:           0 kB
AnonPages:        7824 kB
Mapped:            496 kB
Slab:             3948 kB
SReclaimable:     2400 kB
SUnreclaim:       1548 kB
PageTables:         84 kB
NFS_Unstable:        0 kB
Bounce:              0 kB
CommitLimit:    256956 kB
Committed_AS:     9272 kB
VmallocTotal:   516056 kB
VmallocUsed:        72 kB
VmallocChunk:   515984 kB
Sun Nov 15 20:14:23 EST 2009
MemTotal:       513916 kB
MemFree:        451596 kB
Buffers:          2732 kB
Cached:          47120 kB
SwapCached:          0 kB
Active:          13316 kB
Inactive:        44320 kB
SwapTotal:           0 kB
SwapFree:            0 kB
Dirty:            7168 kB
Writeback:           0 kB
AnonPages:        7824 kB
Mapped:            496 kB
Slab:             3948 kB
SReclaimable:     2400 kB
SUnreclaim:       1548 kB
PageTables:         84 kB
NFS_Unstable:        0 kB
Bounce:              0 kB
CommitLimit:    256956 kB
Committed_AS:     9272 kB
VmallocTotal:   516056 kB
VmallocUsed:        72 kB
VmallocChunk:   515984 kB
Sun Nov 15 20:14:24 EST 2009
MemTotal:       513916 kB
MemFree:        451596 kB
Buffers:          2732 kB
Cached:          47120 kB
SwapCached:          0 kB
Active:          13316 kB
Inactive:        44320 kB
SwapTotal:           0 kB
SwapFree:            0 kB
Dirty:            7168 kB
Writeback:           0 kB
AnonPages:        7824 kB
Mapped:            496 kB
Slab:             3948 kB
SReclaimable:     2400 kB
SUnreclaim:       1548 kB
PageTables:         84 kB
NFS_Unstable:        0 kB
Bounce:              0 kB
CommitLimit:    256956 kB
Committed_AS:     9272 kB
VmallocTotal:   516056 kB
VmallocUsed:        72 kB
VmallocChunk:   515984 kB
Sun Nov 15 20:14:25 EST 2009
MemTotal:       513916 kB
MemFree:        450324 kB
Buffers:          2732 kB
Cached:          48432 kB
SwapCached:          0 kB
Active:          13528 kB
Inactive:        45420 kB
SwapTotal:           0 kB
SwapFree:            0 kB
Dirty:            7584 kB
Writeback:           0 kB
AnonPages:        7824 kB
Mapped:            496 kB
Slab:             3952 kB
SReclaimable:     2408 kB
SUnreclaim:       1544 kB
PageTables:         84 kB
NFS_Unstable:        0 kB
Bounce:              0 kB
CommitLimit:    256956 kB
Committed_AS:     9272 kB
VmallocTotal:   516056 kB
VmallocUsed:        72 kB
VmallocChunk:   515984 kB
Sun Nov 15 20:14:26 EST 2009
MemTotal:       513916 kB
MemFree:        450324 kB
Buffers:          2732 kB
Cached:          48432 kB
SwapCached:          0 kB
Active:          13528 kB
Inactive:        45420 kB
SwapTotal:           0 kB
SwapFree:            0 kB
Dirty:            7584 kB
Writeback:           0 kB
AnonPages:        7824 kB
Mapped:            496 kB
Slab:             3952 kB
SReclaimable:     2408 kB
SUnreclaim:       1544 kB
PageTables:         84 kB
NFS_Unstable:        0 kB
Bounce:              0 kB
CommitLimit:    256956 kB
Committed_AS:     9272 kB
VmallocTotal:   516056 kB
VmallocUsed:        72 kB
VmallocChunk:   515984 kB
Sun Nov 15 20:14:27 EST 2009
MemTotal:       513916 kB
MemFree:        449052 kB
Buffers:          2732 kB
Cached:          49732 kB
SwapCached:          0 kB
Active:          13732 kB
Inactive:        46516 kB
SwapTotal:           0 kB
SwapFree:            0 kB
Dirty:            7988 kB
Writeback:           0 kB
AnonPages:        7824 kB
Mapped:            496 kB
Slab:             3960 kB
SReclaimable:     2412 kB
SUnreclaim:       1548 kB
PageTables:         84 kB
NFS_Unstable:        0 kB
Bounce:              0 kB
CommitLimit:    256956 kB
Committed_AS:     9272 kB
VmallocTotal:   516056 kB
VmallocUsed:        72 kB
VmallocChunk:   515984 kB
Sun Nov 15 20:14:28 EST 2009
MemTotal:       513916 kB
MemFree:        449052 kB
Buffers:          2740 kB
Cached:          49732 kB
SwapCached:          0 kB
Active:          13732 kB
Inactive:        46524 kB
SwapTotal:           0 kB
SwapFree:            0 kB
Dirty:            7988 kB
Writeback:           0 kB
AnonPages:        7824 kB
Mapped:            496 kB
Slab:             3972 kB
SReclaimable:     2412 kB
SUnreclaim:       1560 kB
PageTables:         84 kB
NFS_Unstable:        0 kB
Bounce:              0 kB
CommitLimit:    256956 kB
Committed_AS:     9272 kB
VmallocTotal:   516056 kB
VmallocUsed:        72 kB
VmallocChunk:   515984 kB
Sun Nov 15 20:14:29 EST 2009
MemTotal:       513916 kB
MemFree:        447776 kB
Buffers:          2744 kB
Cached:          50896 kB
SwapCached:          0 kB
Active:          13932 kB
Inactive:        47492 kB
SwapTotal:           0 kB
SwapFree:            0 kB
Dirty:            8384 kB
Writeback:           0 kB
AnonPages:        7824 kB
Mapped:            496 kB
Slab:             3984 kB
SReclaimable:     2420 kB
SUnreclaim:       1564 kB
PageTables:         84 kB
NFS_Unstable:        0 kB
Bounce:              0 kB
CommitLimit:    256956 kB
Committed_AS:     9272 kB
VmallocTotal:   516056 kB
VmallocUsed:        72 kB
VmallocChunk:   515984 kB
Sun Nov 15 20:14:30 EST 2009
MemTotal:       513916 kB
MemFree:        447776 kB
Buffers:          2744 kB
Cached:          50896 kB
SwapCached:          0 kB
Active:          13932 kB
Inactive:        47492 kB
SwapTotal:           0 kB
SwapFree:            0 kB
Dirty:            8384 kB
Writeback:           0 kB
AnonPages:        7824 kB
Mapped:            496 kB
Slab:             3984 kB
SReclaimable:     2420 kB
SUnreclaim:       1564 kB
PageTables:         84 kB
NFS_Unstable:        0 kB
Bounce:              0 kB
CommitLimit:    256956 kB
Committed_AS:     9272 kB
VmallocTotal:   516056 kB
VmallocUsed:        72 kB
VmallocChunk:   515984 kB
Sun Nov 15 20:14:31 EST 2009
MemTotal:       513916 kB
MemFree:        446504 kB
Buffers:          2748 kB
Cached:          52168 kB
SwapCached:          0 kB
Active:          14128 kB
Inactive:        48572 kB
SwapTotal:           0 kB
SwapFree:            0 kB
Dirty:            8760 kB
Writeback:           0 kB
AnonPages:        7824 kB
Mapped:            496 kB
Slab:             3992 kB
SReclaimable:     2424 kB
SUnreclaim:       1568 kB
PageTables:         84 kB
NFS_Unstable:        0 kB
Bounce:              0 kB
CommitLimit:    256956 kB
Committed_AS:     9272 kB
VmallocTotal:   516056 kB
VmallocUsed:        72 kB
VmallocChunk:   515984 kB
Sun Nov 15 20:14:32 EST 2009
MemTotal:       513916 kB
MemFree:        446504 kB
Buffers:          2748 kB
Cached:          52168 kB
SwapCached:          0 kB
Active:          14128 kB
Inactive:        48572 kB
SwapTotal:           0 kB
SwapFree:            0 kB
Dirty:            8760 kB
Writeback:           0 kB
AnonPages:        7824 kB
Mapped:            496 kB
Slab:             3992 kB
SReclaimable:     2424 kB
SUnreclaim:       1568 kB
PageTables:         84 kB
NFS_Unstable:        0 kB
Bounce:              0 kB
CommitLimit:    256956 kB
Committed_AS:     9272 kB
VmallocTotal:   516056 kB
VmallocUsed:        72 kB
VmallocChunk:   515984 kB
Sun Nov 15 20:14:33 EST 2009
MemTotal:       513916 kB
MemFree:        446504 kB
Buffers:          2756 kB
Cached:          52168 kB
SwapCached:          0 kB
Active:          14132 kB
Inactive:        48576 kB
SwapTotal:           0 kB
SwapFree:            0 kB
Dirty:            8764 kB
Writeback:           0 kB
AnonPages:        7824 kB
Mapped:            496 kB
Slab:             3992 kB
SReclaimable:     2424 kB
SUnreclaim:       1568 kB
PageTables:         84 kB
NFS_Unstable:        0 kB
Bounce:              0 kB
CommitLimit:    256956 kB
Committed_AS:     9272 kB
VmallocTotal:   516056 kB
VmallocUsed:        72 kB
VmallocChunk:   515984 kB
Sun Nov 15 20:14:34 EST 2009
MemTotal:       513916 kB
MemFree:        445232 kB
Buffers:          2756 kB
Cached:          53456 kB
SwapCached:          0 kB
Active:          14328 kB
Inactive:        49668 kB
SwapTotal:           0 kB
SwapFree:            0 kB
Dirty:            9156 kB
Writeback:           0 kB
AnonPages:        7824 kB
Mapped:            496 kB
Slab:             4000 kB
SReclaimable:     2432 kB
SUnreclaim:       1568 kB
PageTables:         84 kB
NFS_Unstable:        0 kB
Bounce:              0 kB
CommitLimit:    256956 kB
Committed_AS:     9272 kB
VmallocTotal:   516056 kB
VmallocUsed:        72 kB
VmallocChunk:   515984 kB
Sun Nov 15 20:14:35 EST 2009
MemTotal:       513916 kB
MemFree:        445232 kB
Buffers:          2756 kB
Cached:          53456 kB
SwapCached:          0 kB
Active:          14328 kB
Inactive:        49668 kB
SwapTotal:           0 kB
SwapFree:            0 kB
Dirty:            9156 kB
Writeback:           0 kB
AnonPages:        7824 kB
Mapped:            496 kB
Slab:             4000 kB
SReclaimable:     2432 kB
SUnreclaim:       1568 kB
PageTables:         84 kB
NFS_Unstable:        0 kB
Bounce:              0 kB
CommitLimit:    256956 kB
Committed_AS:     9272 kB
VmallocTotal:   516056 kB
VmallocUsed:        72 kB
VmallocChunk:   515984 kB
Sun Nov 15 20:14:36 EST 2009
MemTotal:       513916 kB
MemFree:        443960 kB
Buffers:          2756 kB
Cached:          54756 kB
SwapCached:          0 kB
Active:          14532 kB
Inactive:        50764 kB
SwapTotal:           0 kB
SwapFree:            0 kB
Dirty:            9560 kB
Writeback:           0 kB
AnonPages:        7824 kB
Mapped:            496 kB
Slab:             4004 kB
SReclaimable:     2436 kB
SUnreclaim:       1568 kB
PageTables:         84 kB
NFS_Unstable:        0 kB
Bounce:              0 kB
CommitLimit:    256956 kB
Committed_AS:     9272 kB
VmallocTotal:   516056 kB
VmallocUsed:        72 kB
VmallocChunk:   515984 kB
Sun Nov 15 20:14:38 EST 2009
MemTotal:       513916 kB
MemFree:        443960 kB
Buffers:          2756 kB
Cached:          54756 kB
SwapCached:          0 kB
Active:          14532 kB
Inactive:        50764 kB
SwapTotal:           0 kB
SwapFree:            0 kB
Dirty:            9560 kB
Writeback:           0 kB
AnonPages:        7824 kB
Mapped:            496 kB
Slab:             3996 kB
SReclaimable:     2436 kB
SUnreclaim:       1560 kB
PageTables:         84 kB
NFS_Unstable:        0 kB
Bounce:              0 kB
CommitLimit:    256956 kB
Committed_AS:     9272 kB
VmallocTotal:   516056 kB
VmallocUsed:        72 kB
VmallocChunk:   515984 kB
Sun Nov 15 20:14:39 EST 2009
MemTotal:       513916 kB
MemFree:        442444 kB
Buffers:          2768 kB
Cached:          56176 kB
SwapCached:          0 kB
Active:          14732 kB
Inactive:        51996 kB
SwapTotal:           0 kB
SwapFree:            0 kB
Dirty:            9956 kB
Writeback:           0 kB
AnonPages:        7824 kB
Mapped:            496 kB
Slab:             4020 kB
SReclaimable:     2444 kB
SUnreclaim:       1576 kB
PageTables:         84 kB
NFS_Unstable:        0 kB
Bounce:              0 kB
CommitLimit:    256956 kB
Committed_AS:     9272 kB
VmallocTotal:   516056 kB
VmallocUsed:        72 kB
VmallocChunk:   515984 kB
Sun Nov 15 20:14:40 EST 2009
MemTotal:       513916 kB
MemFree:        442444 kB
Buffers:          2768 kB
Cached:          56176 kB
SwapCached:          0 kB
Active:          14732 kB
Inactive:        51996 kB
SwapTotal:           0 kB
SwapFree:            0 kB
Dirty:            9956 kB
Writeback:           0 kB
AnonPages:        7824 kB
Mapped:            496 kB
Slab:             4020 kB
SReclaimable:     2444 kB
SUnreclaim:       1576 kB
PageTables:         84 kB
NFS_Unstable:        0 kB
Bounce:              0 kB
CommitLimit:    256956 kB
Committed_AS:     9272 kB
VmallocTotal:   516056 kB
VmallocUsed:        72 kB
VmallocChunk:   515984 kB
Sun Nov 15 20:14:41 EST 2009
MemTotal:       513916 kB
MemFree:        442320 kB
Buffers:          2768 kB
Cached:          56256 kB
SwapCached:          0 kB
Active:          14772 kB
Inactive:        52028 kB
SwapTotal:           0 kB
SwapFree:            0 kB
Dirty:           10036 kB
Writeback:           0 kB
AnonPages:        7824 kB
Mapped:            496 kB
Slab:             4020 kB
SReclaimable:     2444 kB
SUnreclaim:       1576 kB
PageTables:         84 kB
NFS_Unstable:        0 kB
Bounce:              0 kB
CommitLimit:    256956 kB
Committed_AS:     9272 kB
VmallocTotal:   516056 kB
VmallocUsed:        72 kB
VmallocChunk:   515984 kB
Sun Nov 15 20:14:42 EST 2009
MemTotal:       513916 kB
MemFree:        441052 kB
Buffers:          2768 kB
Cached:          57528 kB
SwapCached:          0 kB
Active:          14904 kB
Inactive:        53176 kB
SwapTotal:           0 kB
SwapFree:            0 kB
Dirty:           10284 kB
Writeback:           0 kB
AnonPages:        7824 kB
Mapped:            496 kB
Slab:             4020 kB
SReclaimable:     2448 kB
SUnreclaim:       1572 kB
PageTables:         84 kB
NFS_Unstable:        0 kB
Bounce:              0 kB
CommitLimit:    256956 kB
Committed_AS:     9272 kB
VmallocTotal:   516056 kB
VmallocUsed:        72 kB
VmallocChunk:   515984 kB
Sun Nov 15 20:14:43 EST 2009
MemTotal:       513916 kB
MemFree:        441052 kB
Buffers:          2768 kB
Cached:          57528 kB
SwapCached:          0 kB
Active:          14904 kB
Inactive:        53176 kB
SwapTotal:           0 kB
SwapFree:            0 kB
Dirty:           10284 kB
Writeback:           0 kB
AnonPages:        7824 kB
Mapped:            496 kB
Slab:             4020 kB
SReclaimable:     2448 kB
SUnreclaim:       1572 kB
PageTables:         84 kB
NFS_Unstable:        0 kB
Bounce:              0 kB
CommitLimit:    256956 kB
Committed_AS:     9272 kB
VmallocTotal:   516056 kB
VmallocUsed:        72 kB
VmallocChunk:   515984 kB
Sun Nov 15 20:14:44 EST 2009
MemTotal:       513916 kB
MemFree:        439780 kB
Buffers:          2776 kB
Cached:          58800 kB
SwapCached:          0 kB
Active:          15092 kB
Inactive:        54268 kB
SwapTotal:           0 kB
SwapFree:            0 kB
Dirty:           10660 kB
Writeback:           0 kB
AnonPages:        7824 kB
Mapped:            496 kB
Slab:             4028 kB
SReclaimable:     2452 kB
SUnreclaim:       1576 kB
PageTables:         84 kB
NFS_Unstable:        0 kB
Bounce:              0 kB
CommitLimit:    256956 kB
Committed_AS:     9272 kB
VmallocTotal:   516056 kB
VmallocUsed:        72 kB
VmallocChunk:   515984 kB
Sun Nov 15 20:14:45 EST 2009
MemTotal:       513916 kB
MemFree:        439780 kB
Buffers:          2776 kB
Cached:          58804 kB
SwapCached:          0 kB
Active:          15096 kB
Inactive:        54268 kB
SwapTotal:           0 kB
SwapFree:            0 kB
Dirty:           10664 kB
Writeback:           0 kB
AnonPages:        7824 kB
Mapped:            496 kB
Slab:             4028 kB
SReclaimable:     2452 kB
SUnreclaim:       1576 kB
PageTables:         84 kB
NFS_Unstable:        0 kB
Bounce:              0 kB
CommitLimit:    256956 kB
Committed_AS:     9272 kB
VmallocTotal:   516056 kB
VmallocUsed:        72 kB
VmallocChunk:   515984 kB
Sun Nov 15 20:14:46 EST 2009
MemTotal:       513916 kB
MemFree:        438748 kB
Buffers:          2784 kB
Cached:          59848 kB
SwapCached:          0 kB
Active:          15288 kB
Inactive:        55128 kB
SwapTotal:           0 kB
SwapFree:            0 kB
Dirty:           11048 kB
Writeback:           0 kB
AnonPages:        7824 kB
Mapped:            496 kB
Slab:             4036 kB
SReclaimable:     2464 kB
SUnreclaim:       1572 kB
PageTables:         84 kB
NFS_Unstable:        0 kB
Bounce:              0 kB
CommitLimit:    256956 kB
Committed_AS:     9272 kB
VmallocTotal:   516056 kB
VmallocUsed:        72 kB
VmallocChunk:   515984 kB
Sun Nov 15 20:14:47 EST 2009
MemTotal:       513916 kB
MemFree:        438508 kB
Buffers:          2788 kB
Cached:          60076 kB
SwapCached:          0 kB
Active:          15292 kB
Inactive:        55356 kB
SwapTotal:           0 kB
SwapFree:            0 kB
Dirty:           11048 kB
Writeback:           0 kB
AnonPages:        7824 kB
Mapped:            496 kB
Slab:             4040 kB
SReclaimable:     2464 kB
SUnreclaim:       1576 kB
PageTables:         84 kB
NFS_Unstable:        0 kB
Bounce:              0 kB
CommitLimit:    256956 kB
Committed_AS:     9272 kB
VmallocTotal:   516056 kB
VmallocUsed:        72 kB
VmallocChunk:   515984 kB
Sun Nov 15 20:14:48 EST 2009
MemTotal:       513916 kB
MemFree:        438508 kB
Buffers:          2788 kB
Cached:          60076 kB
SwapCached:          0 kB
Active:          15292 kB
Inactive:        55356 kB
SwapTotal:           0 kB
SwapFree:            0 kB
Dirty:           11048 kB
Writeback:           0 kB
AnonPages:        7824 kB
Mapped:            496 kB
Slab:             4040 kB
SReclaimable:     2464 kB
SUnreclaim:       1576 kB
PageTables:         84 kB
NFS_Unstable:        0 kB
Bounce:              0 kB
CommitLimit:    256956 kB
Committed_AS:     9272 kB
VmallocTotal:   516056 kB
VmallocUsed:        72 kB
VmallocChunk:   515984 kB
Sun Nov 15 20:14:49 EST 2009
MemTotal:       513916 kB
MemFree:        437236 kB
Buffers:          2836 kB
Cached:          61392 kB
SwapCached:          0 kB
Active:          15476 kB
Inactive:        56536 kB
SwapTotal:           0 kB
SwapFree:            0 kB
Dirty:           11408 kB
Writeback:           0 kB
AnonPages:        7824 kB
Mapped:            496 kB
Slab:             4060 kB
SReclaimable:     2480 kB
SUnreclaim:       1580 kB
PageTables:         84 kB
NFS_Unstable:        0 kB
Bounce:              0 kB
CommitLimit:    256956 kB
Committed_AS:     9272 kB
VmallocTotal:   516056 kB
VmallocUsed:        72 kB
VmallocChunk:   515984 kB
Sun Nov 15 20:14:50 EST 2009
MemTotal:       513916 kB
MemFree:        437236 kB
Buffers:          2836 kB
Cached:          61392 kB
SwapCached:          0 kB
Active:          15476 kB
Inactive:        56536 kB
SwapTotal:           0 kB
SwapFree:            0 kB
Dirty:           11408 kB
Writeback:           0 kB
AnonPages:        7824 kB
Mapped:            496 kB
Slab:             4060 kB
SReclaimable:     2480 kB
SUnreclaim:       1580 kB
PageTables:         84 kB
NFS_Unstable:        0 kB
Bounce:              0 kB
CommitLimit:    256956 kB
Committed_AS:     9272 kB
VmallocTotal:   516056 kB
VmallocUsed:        72 kB
VmallocChunk:   515984 kB
Sun Nov 15 20:14:51 EST 2009
MemTotal:       513916 kB
MemFree:        437236 kB
Buffers:          2836 kB
Cached:          61396 kB
SwapCached:          0 kB
Active:          15480 kB
Inactive:        56536 kB
SwapTotal:           0 kB
SwapFree:            0 kB
Dirty:           11412 kB
Writeback:           0 kB
AnonPages:        7824 kB
Mapped:            496 kB
Slab:             4060 kB
SReclaimable:     2480 kB
SUnreclaim:       1580 kB
PageTables:         84 kB
NFS_Unstable:        0 kB
Bounce:              0 kB
CommitLimit:    256956 kB
Committed_AS:     9272 kB
VmallocTotal:   516056 kB
VmallocUsed:        72 kB
VmallocChunk:   515984 kB
Sun Nov 15 20:14:52 EST 2009
MemTotal:       513916 kB
MemFree:        437236 kB
Buffers:          2836 kB
Cached:          61396 kB
SwapCached:          0 kB
Active:          15480 kB
Inactive:        56536 kB
SwapTotal:           0 kB
SwapFree:            0 kB
Dirty:           11412 kB
Writeback:           0 kB
AnonPages:        7824 kB
Mapped:            496 kB
Slab:             4060 kB
SReclaimable:     2480 kB
SUnreclaim:       1580 kB
PageTables:         84 kB
NFS_Unstable:        0 kB
Bounce:              0 kB
CommitLimit:    256956 kB
Committed_AS:     9272 kB
VmallocTotal:   516056 kB
VmallocUsed:        72 kB
VmallocChunk:   515984 kB
Sun Nov 15 20:14:53 EST 2009
MemTotal:       513916 kB
MemFree:        435228 kB
Buffers:          2868 kB
Cached:          63248 kB
SwapCached:          0 kB
Active:          15844 kB
Inactive:        58056 kB
SwapTotal:           0 kB
SwapFree:            0 kB
Dirty:           12124 kB
Writeback:           0 kB
AnonPages:        7824 kB
Mapped:            496 kB
Slab:             4084 kB
SReclaimable:     2496 kB
SUnreclaim:       1588 kB
PageTables:         84 kB
NFS_Unstable:        0 kB
Bounce:              0 kB
CommitLimit:    256956 kB
Committed_AS:     9272 kB
VmallocTotal:   516056 kB
VmallocUsed:        72 kB
VmallocChunk:   515984 kB
Sun Nov 15 20:14:54 EST 2009
MemTotal:       513916 kB
MemFree:        435228 kB
Buffers:          2876 kB
Cached:          63248 kB
SwapCached:          0 kB
Active:          15844 kB
Inactive:        58064 kB
SwapTotal:           0 kB
SwapFree:            0 kB
Dirty:           12124 kB
Writeback:           0 kB
AnonPages:        7824 kB
Mapped:            496 kB
Slab:             4076 kB
SReclaimable:     2496 kB
SUnreclaim:       1580 kB
PageTables:         84 kB
NFS_Unstable:        0 kB
Bounce:              0 kB
CommitLimit:    256956 kB
Committed_AS:     9272 kB
VmallocTotal:   516056 kB
VmallocUsed:        72 kB
VmallocChunk:   515984 kB
Sun Nov 15 20:14:55 EST 2009
MemTotal:       513916 kB
MemFree:        435228 kB
Buffers:          2876 kB
Cached:          63248 kB
SwapCached:          0 kB
Active:          15844 kB
Inactive:        58064 kB
SwapTotal:           0 kB
SwapFree:            0 kB
Dirty:           12124 kB
Writeback:           0 kB
AnonPages:        7824 kB
Mapped:            496 kB
Slab:             4076 kB
SReclaimable:     2496 kB
SUnreclaim:       1580 kB
PageTables:         84 kB
NFS_Unstable:        0 kB
Bounce:              0 kB
CommitLimit:    256956 kB
Committed_AS:     9272 kB
VmallocTotal:   516056 kB
VmallocUsed:        72 kB
VmallocChunk:   515984 kB
Sun Nov 15 20:14:56 EST 2009
MemTotal:       513916 kB
MemFree:        433528 kB
Buffers:          2908 kB
Cached:          64888 kB
SwapCached:          0 kB
Active:          16152 kB
Inactive:        59408 kB
SwapTotal:           0 kB
SwapFree:            0 kB
Dirty:           12736 kB
Writeback:           0 kB
AnonPages:        7824 kB
Mapped:            496 kB
Slab:             4104 kB
SReclaimable:     2520 kB
SUnreclaim:       1584 kB
PageTables:         84 kB
NFS_Unstable:        0 kB
Bounce:              0 kB
CommitLimit:    256956 kB
Committed_AS:     9272 kB
VmallocTotal:   516056 kB
VmallocUsed:        72 kB
VmallocChunk:   515984 kB
Sun Nov 15 20:14:58 EST 2009
MemTotal:       513916 kB
MemFree:        433528 kB
Buffers:          2908 kB
Cached:          64892 kB
SwapCached:          0 kB
Active:          16156 kB
Inactive:        59428 kB
SwapTotal:           0 kB
SwapFree:            0 kB
Dirty:           12740 kB
Writeback:           0 kB
AnonPages:        7824 kB
Mapped:            496 kB
Slab:             4104 kB
SReclaimable:     2520 kB
SUnreclaim:       1584 kB
PageTables:         84 kB
NFS_Unstable:        0 kB
Bounce:              0 kB
CommitLimit:    256956 kB
Committed_AS:     9272 kB
VmallocTotal:   516056 kB
VmallocUsed:        72 kB
VmallocChunk:   515984 kB
Sun Nov 15 20:14:59 EST 2009
MemTotal:       513916 kB
MemFree:        433528 kB
Buffers:          2908 kB
Cached:          64892 kB
SwapCached:          0 kB
Active:          16156 kB
Inactive:        59428 kB
SwapTotal:           0 kB
SwapFree:            0 kB
Dirty:           12740 kB
Writeback:           0 kB
AnonPages:        7824 kB
Mapped:            496 kB
Slab:             4104 kB
SReclaimable:     2520 kB
SUnreclaim:       1584 kB
PageTables:         84 kB
NFS_Unstable:        0 kB
Bounce:              0 kB
CommitLimit:    256956 kB
Committed_AS:     9272 kB
VmallocTotal:   516056 kB
VmallocUsed:        72 kB
VmallocChunk:   515984 kB
Sun Nov 15 20:15:00 EST 2009
MemTotal:       513916 kB
MemFree:        432672 kB
Buffers:          2920 kB
Cached:          65768 kB
SwapCached:          0 kB
Active:          16408 kB
Inactive:        60064 kB
SwapTotal:           0 kB
SwapFree:            0 kB
Dirty:           13232 kB
Writeback:           0 kB
AnonPages:        7824 kB
Mapped:            496 kB
Slab:             4116 kB
SReclaimable:     2528 kB
SUnreclaim:       1588 kB
PageTables:         84 kB
NFS_Unstable:        0 kB
Bounce:              0 kB
CommitLimit:    256956 kB
Committed_AS:     9272 kB
VmallocTotal:   516056 kB
VmallocUsed:        72 kB
VmallocChunk:   515984 kB
Sun Nov 15 20:15:01 EST 2009
MemTotal:       513916 kB
MemFree:        432132 kB
Buffers:          2920 kB
Cached:          66280 kB
SwapCached:          0 kB
Active:          16408 kB
Inactive:        60576 kB
SwapTotal:           0 kB
SwapFree:            0 kB
Dirty:           13232 kB
Writeback:           0 kB
AnonPages:        7824 kB
Mapped:            496 kB
Slab:             4116 kB
SReclaimable:     2528 kB
SUnreclaim:       1588 kB
PageTables:         84 kB
NFS_Unstable:        0 kB
Bounce:              0 kB
CommitLimit:    256956 kB
Committed_AS:     9272 kB
VmallocTotal:   516056 kB
VmallocUsed:        72 kB
VmallocChunk:   515984 kB
Sun Nov 15 20:15:02 EST 2009
MemTotal:       513916 kB
MemFree:        431888 kB
Buffers:          2920 kB
Cached:          66556 kB
SwapCached:          0 kB
Active:          16488 kB
Inactive:        60772 kB
SwapTotal:           0 kB
SwapFree:            0 kB
Dirty:           13380 kB
Writeback:           0 kB
AnonPages:        7824 kB
Mapped:            496 kB
Slab:             4116 kB
SReclaimable:     2532 kB
SUnreclaim:       1584 kB
PageTables:         84 kB
NFS_Unstable:        0 kB
Bounce:              0 kB
CommitLimit:    256956 kB
Committed_AS:     9272 kB
VmallocTotal:   516056 kB
VmallocUsed:        72 kB
VmallocChunk:   515984 kB
Sun Nov 15 20:15:03 EST 2009
MemTotal:       513916 kB
MemFree:        431168 kB
Buffers:          2920 kB
Cached:          67324 kB
SwapCached:          0 kB
Active:          16488 kB
Inactive:        61540 kB
SwapTotal:           0 kB
SwapFree:            0 kB
Dirty:           13380 kB
Writeback:           0 kB
AnonPages:        7824 kB
Mapped:            496 kB
Slab:             4116 kB
SReclaimable:     2532 kB
SUnreclaim:       1584 kB
PageTables:         84 kB
NFS_Unstable:        0 kB
Bounce:              0 kB
CommitLimit:    256956 kB
Committed_AS:     9272 kB
VmallocTotal:   516056 kB
VmallocUsed:        72 kB
VmallocChunk:   515984 kB
Sun Nov 15 20:15:04 EST 2009
MemTotal:       513916 kB
MemFree:        430800 kB
Buffers:          2924 kB
Cached:          67584 kB
SwapCached:          0 kB
Active:          16560 kB
Inactive:        61732 kB
SwapTotal:           0 kB
SwapFree:            0 kB
Dirty:           13520 kB
Writeback:           0 kB
AnonPages:        7824 kB
Mapped:            496 kB
Slab:             4116 kB
SReclaimable:     2532 kB
SUnreclaim:       1584 kB
PageTables:         84 kB
NFS_Unstable:        0 kB
Bounce:              0 kB
CommitLimit:    256956 kB
Committed_AS:     9272 kB
VmallocTotal:   516056 kB
VmallocUsed:        72 kB
VmallocChunk:   515984 kB
Sun Nov 15 20:15:05 EST 2009
MemTotal:       513916 kB
MemFree:        429900 kB
Buffers:          2936 kB
Cached:          68484 kB
SwapCached:          0 kB
Active:          16564 kB
Inactive:        62640 kB
SwapTotal:           0 kB
SwapFree:            0 kB
Dirty:           13528 kB
Writeback:           0 kB
AnonPages:        7824 kB
Mapped:            496 kB
Slab:             4124 kB
SReclaimable:     2536 kB
SUnreclaim:       1588 kB
PageTables:         84 kB
NFS_Unstable:        0 kB
Bounce:              0 kB
CommitLimit:    256956 kB
Committed_AS:     9272 kB
VmallocTotal:   516056 kB
VmallocUsed:        72 kB
VmallocChunk:   515984 kB
Sun Nov 15 20:15:06 EST 2009
MemTotal:       513916 kB
MemFree:        429536 kB
Buffers:          2952 kB
Cached:          68892 kB
SwapCached:          0 kB
Active:          16664 kB
Inactive:        62964 kB
SwapTotal:           0 kB
SwapFree:            0 kB
Dirty:           13704 kB
Writeback:           0 kB
AnonPages:        7824 kB
Mapped:            496 kB
Slab:             4128 kB
SReclaimable:     2540 kB
SUnreclaim:       1588 kB
PageTables:         84 kB
NFS_Unstable:        0 kB
Bounce:              0 kB
CommitLimit:    256956 kB
Committed_AS:     9272 kB
VmallocTotal:   516056 kB
VmallocUsed:        72 kB
VmallocChunk:   515984 kB
Sun Nov 15 20:15:07 EST 2009
MemTotal:       513916 kB
MemFree:        428932 kB
Buffers:          2980 kB
Cached:          69328 kB
SwapCached:          0 kB
Active:          16672 kB
Inactive:        63420 kB
SwapTotal:           0 kB
SwapFree:            0 kB
Dirty:           13704 kB
Writeback:           0 kB
AnonPages:        7824 kB
Mapped:            496 kB
Slab:             4140 kB
SReclaimable:     2548 kB
SUnreclaim:       1592 kB
PageTables:         84 kB
NFS_Unstable:        0 kB
Bounce:              0 kB
CommitLimit:    256956 kB
Committed_AS:     9272 kB
VmallocTotal:   516056 kB
VmallocUsed:        72 kB
VmallocChunk:   515984 kB
Sun Nov 15 20:15:08 EST 2009
MemTotal:       513916 kB
MemFree:        428688 kB
Buffers:          2984 kB
Cached:          69632 kB
SwapCached:          0 kB
Active:          16756 kB
Inactive:        63644 kB
SwapTotal:           0 kB
SwapFree:            0 kB
Dirty:           13848 kB
Writeback:           0 kB
AnonPages:        7824 kB
Mapped:            496 kB
Slab:             4148 kB
SReclaimable:     2556 kB
SUnreclaim:       1592 kB
PageTables:         84 kB
NFS_Unstable:        0 kB
Bounce:              0 kB
CommitLimit:    256956 kB
Committed_AS:     9272 kB
VmallocTotal:   516056 kB
VmallocUsed:        72 kB
VmallocChunk:   515984 kB
Sun Nov 15 20:15:09 EST 2009
MemTotal:       513916 kB
MemFree:        427788 kB
Buffers:          2988 kB
Cached:          70532 kB
SwapCached:          0 kB
Active:          16760 kB
Inactive:        64544 kB
SwapTotal:           0 kB
SwapFree:            0 kB
Dirty:           13848 kB
Writeback:           0 kB
AnonPages:        7824 kB
Mapped:            496 kB
Slab:             4152 kB
SReclaimable:     2556 kB
SUnreclaim:       1596 kB
PageTables:         84 kB
NFS_Unstable:        0 kB
Bounce:              0 kB
CommitLimit:    256956 kB
Committed_AS:     9272 kB
VmallocTotal:   516056 kB
VmallocUsed:        72 kB
VmallocChunk:   515984 kB
Sun Nov 15 20:15:10 EST 2009
MemTotal:       513916 kB
MemFree:        427788 kB
Buffers:          2996 kB
Cached:          70532 kB
SwapCached:          0 kB
Active:          16760 kB
Inactive:        64552 kB
SwapTotal:           0 kB
SwapFree:            0 kB
Dirty:           13864 kB
Writeback:           0 kB
AnonPages:        7824 kB
Mapped:            496 kB
Slab:             4144 kB
SReclaimable:     2556 kB
SUnreclaim:       1588 kB
PageTables:         84 kB
NFS_Unstable:        0 kB
Bounce:              0 kB
CommitLimit:    256956 kB
Committed_AS:     9272 kB
VmallocTotal:   516056 kB
VmallocUsed:        72 kB
VmallocChunk:   515984 kB
Sun Nov 15 20:15:11 EST 2009
MemTotal:       513916 kB
MemFree:        427788 kB
Buffers:          2996 kB
Cached:          70536 kB
SwapCached:          0 kB
Active:          16764 kB
Inactive:        64552 kB
SwapTotal:           0 kB
SwapFree:            0 kB
Dirty:           13868 kB
Writeback:           0 kB
AnonPages:        7824 kB
Mapped:            496 kB
Slab:             4144 kB
SReclaimable:     2556 kB
SUnreclaim:       1588 kB
PageTables:         84 kB
NFS_Unstable:        0 kB
Bounce:              0 kB
CommitLimit:    256956 kB
Committed_AS:     9272 kB
VmallocTotal:   516056 kB
VmallocUsed:        72 kB
VmallocChunk:   515984 kB
Sun Nov 15 20:15:12 EST 2009
MemTotal:       513916 kB
MemFree:        426020 kB
Buffers:          2996 kB
Cached:          72208 kB
SwapCached:          0 kB
Active:          17156 kB
Inactive:        65832 kB
SwapTotal:           0 kB
SwapFree:            0 kB
Dirty:           14644 kB
Writeback:           0 kB
AnonPages:        7824 kB
Mapped:            496 kB
Slab:             4164 kB
SReclaimable:     2568 kB
SUnreclaim:       1596 kB
PageTables:         84 kB
NFS_Unstable:        0 kB
Bounce:              0 kB
CommitLimit:    256956 kB
Committed_AS:     9272 kB
VmallocTotal:   516056 kB
VmallocUsed:        72 kB
VmallocChunk:   515984 kB
Sun Nov 15 20:15:13 EST 2009
MemTotal:       513916 kB
MemFree:        426020 kB
Buffers:          2996 kB
Cached:          72208 kB
SwapCached:          0 kB
Active:          17156 kB
Inactive:        65832 kB
SwapTotal:           0 kB
SwapFree:            0 kB
Dirty:           14644 kB
Writeback:           0 kB
AnonPages:        7824 kB
Mapped:            496 kB
Slab:             4164 kB
SReclaimable:     2568 kB
SUnreclaim:       1596 kB
PageTables:         84 kB
NFS_Unstable:        0 kB
Bounce:              0 kB
CommitLimit:    256956 kB
Committed_AS:     9272 kB
VmallocTotal:   516056 kB
VmallocUsed:        72 kB
VmallocChunk:   515984 kB
Sun Nov 15 20:15:14 EST 2009
MemTotal:       513916 kB
MemFree:        426020 kB
Buffers:          2996 kB
Cached:          72208 kB
SwapCached:          0 kB
Active:          17156 kB
Inactive:        65832 kB
SwapTotal:           0 kB
SwapFree:            0 kB
Dirty:           14644 kB
Writeback:           0 kB
AnonPages:        7824 kB
Mapped:            496 kB
Slab:             4160 kB
SReclaimable:     2568 kB
SUnreclaim:       1592 kB
PageTables:         84 kB
NFS_Unstable:        0 kB
Bounce:              0 kB
CommitLimit:    256956 kB
Committed_AS:     9272 kB
VmallocTotal:   516056 kB
VmallocUsed:        72 kB
VmallocChunk:   515984 kB
Sun Nov 15 20:15:15 EST 2009
MemTotal:       513916 kB
MemFree:        425400 kB
Buffers:          3004 kB
Cached:          72872 kB
SwapCached:          0 kB
Active:          17488 kB
Inactive:        66172 kB
SwapTotal:           0 kB
SwapFree:            0 kB
Dirty:           15308 kB
Writeback:           0 kB
AnonPages:        7824 kB
Mapped:            496 kB
Slab:             4180 kB
SReclaimable:     2576 kB
SUnreclaim:       1604 kB
PageTables:         84 kB
NFS_Unstable:        0 kB
Bounce:              0 kB
CommitLimit:    256956 kB
Committed_AS:     9272 kB
VmallocTotal:   516056 kB
VmallocUsed:        72 kB
VmallocChunk:   515984 kB
Sun Nov 15 20:15:16 EST 2009
MemTotal:       513916 kB
MemFree:        424252 kB
Buffers:          3004 kB
Cached:          73988 kB
SwapCached:          0 kB
Active:          17596 kB
Inactive:        67180 kB
SwapTotal:           0 kB
SwapFree:            0 kB
Dirty:           15528 kB
Writeback:           0 kB
AnonPages:        7824 kB
Mapped:            496 kB
Slab:             4184 kB
SReclaimable:     2580 kB
SUnreclaim:       1604 kB
PageTables:         84 kB
NFS_Unstable:        0 kB
Bounce:              0 kB
CommitLimit:    256956 kB
Committed_AS:     9272 kB
VmallocTotal:   516056 kB
VmallocUsed:        72 kB
VmallocChunk:   515984 kB
Sun Nov 15 20:15:17 EST 2009
MemTotal:       513916 kB
MemFree:        424252 kB
Buffers:          3004 kB
Cached:          73992 kB
SwapCached:          0 kB
Active:          17600 kB
Inactive:        67180 kB
SwapTotal:           0 kB
SwapFree:            0 kB
Dirty:           15532 kB
Writeback:           0 kB
AnonPages:        7824 kB
Mapped:            496 kB
Slab:             4184 kB
SReclaimable:     2580 kB
SUnreclaim:       1604 kB
PageTables:         84 kB
NFS_Unstable:        0 kB
Bounce:              0 kB
CommitLimit:    256956 kB
Committed_AS:     9272 kB
VmallocTotal:   516056 kB
VmallocUsed:        72 kB
VmallocChunk:   515984 kB
Sun Nov 15 20:15:18 EST 2009
MemTotal:       513916 kB
MemFree:        424252 kB
Buffers:          3004 kB
Cached:          73992 kB
SwapCached:          0 kB
Active:          17600 kB
Inactive:        67180 kB
SwapTotal:           0 kB
SwapFree:            0 kB
Dirty:           15532 kB
Writeback:           0 kB
AnonPages:        7824 kB
Mapped:            496 kB
Slab:             4184 kB
SReclaimable:     2580 kB
SUnreclaim:       1604 kB
PageTables:         84 kB
NFS_Unstable:        0 kB
Bounce:              0 kB
CommitLimit:    256956 kB
Committed_AS:     9272 kB
VmallocTotal:   516056 kB
VmallocUsed:        72 kB
VmallocChunk:   515984 kB
Sun Nov 15 20:15:19 EST 2009
MemTotal:       513916 kB
MemFree:        423264 kB
Buffers:          3004 kB
Cached:          75000 kB
SwapCached:          0 kB
Active:          18044 kB
Inactive:        67744 kB
SwapTotal:           0 kB
SwapFree:            0 kB
Dirty:           16412 kB
Writeback:           0 kB
AnonPages:        7824 kB
Mapped:            496 kB
Slab:             4196 kB
SReclaimable:     2592 kB
SUnreclaim:       1604 kB
PageTables:         84 kB
NFS_Unstable:        0 kB
Bounce:              0 kB
CommitLimit:    256956 kB
Committed_AS:     9272 kB
VmallocTotal:   516056 kB
VmallocUsed:        72 kB
VmallocChunk:   515984 kB
Sun Nov 15 20:15:20 EST 2009
MemTotal:       513916 kB
MemFree:        422484 kB
Buffers:          3012 kB
Cached:          75768 kB
SwapCached:          0 kB
Active:          18044 kB
Inactive:        68520 kB
SwapTotal:           0 kB
SwapFree:            0 kB
Dirty:           16412 kB
Writeback:           0 kB
AnonPages:        7824 kB
Mapped:            496 kB
Slab:             4216 kB
SReclaimable:     2596 kB
SUnreclaim:       1620 kB
PageTables:         84 kB
NFS_Unstable:        0 kB
Bounce:              0 kB
CommitLimit:    256956 kB
Committed_AS:     9272 kB
VmallocTotal:   516056 kB
VmallocUsed:        72 kB
VmallocChunk:   515984 kB
Sun Nov 15 20:15:21 EST 2009
MemTotal:       513916 kB
MemFree:        422484 kB
Buffers:          3012 kB
Cached:          75768 kB
SwapCached:          0 kB
Active:          18044 kB
Inactive:        68520 kB
SwapTotal:           0 kB
SwapFree:            0 kB
Dirty:           16412 kB
Writeback:           0 kB
AnonPages:        7824 kB
Mapped:            496 kB
Slab:             4216 kB
SReclaimable:     2596 kB
SUnreclaim:       1620 kB
PageTables:         84 kB
NFS_Unstable:        0 kB
Bounce:              0 kB
CommitLimit:    256956 kB
Committed_AS:     9272 kB
VmallocTotal:   516056 kB
VmallocUsed:        72 kB
VmallocChunk:   515984 kB
Sun Nov 15 20:15:22 EST 2009
MemTotal:       513916 kB
MemFree:        422484 kB
Buffers:          3012 kB
Cached:          75768 kB
SwapCached:          0 kB
Active:          18044 kB
Inactive:        68520 kB
SwapTotal:           0 kB
SwapFree:            0 kB
Dirty:           16412 kB
Writeback:           0 kB
AnonPages:        7824 kB
Mapped:            496 kB
Slab:             4216 kB
SReclaimable:     2596 kB
SUnreclaim:       1620 kB
PageTables:         84 kB
NFS_Unstable:        0 kB
Bounce:              0 kB
CommitLimit:    256956 kB
Committed_AS:     9272 kB
VmallocTotal:   516056 kB
VmallocUsed:        72 kB
VmallocChunk:   515984 kB
Sun Nov 15 20:15:23 EST 2009
MemTotal:       513916 kB
MemFree:        420712 kB
Buffers:          3024 kB
Cached:          77424 kB
SwapCached:          0 kB
Active:          18488 kB
Inactive:        69744 kB
SwapTotal:           0 kB
SwapFree:            0 kB
Dirty:           17300 kB
Writeback:           0 kB
AnonPages:        7824 kB
Mapped:            496 kB
Slab:             4232 kB
SReclaimable:     2608 kB
SUnreclaim:       1624 kB
PageTables:         84 kB
NFS_Unstable:        0 kB
Bounce:              0 kB
CommitLimit:    256956 kB
Committed_AS:     9272 kB
VmallocTotal:   516056 kB
VmallocUsed:        72 kB
VmallocChunk:   515984 kB
Sun Nov 15 20:15:24 EST 2009
MemTotal:       513916 kB
MemFree:        420592 kB
Buffers:          3024 kB
Cached:          77552 kB
SwapCached:          0 kB
Active:          18496 kB
Inactive:        69864 kB
SwapTotal:           0 kB
SwapFree:            0 kB
Dirty:           17300 kB
Writeback:           0 kB
AnonPages:        7824 kB
Mapped:            496 kB
Slab:             4232 kB
SReclaimable:     2608 kB
SUnreclaim:       1624 kB
PageTables:         84 kB
NFS_Unstable:        0 kB
Bounce:              0 kB
CommitLimit:    256956 kB
Committed_AS:     9272 kB
VmallocTotal:   516056 kB
VmallocUsed:        72 kB
VmallocChunk:   515984 kB
Sun Nov 15 20:15:25 EST 2009
MemTotal:       513916 kB
MemFree:        420592 kB
Buffers:          3032 kB
Cached:          77552 kB
SwapCached:          0 kB
Active:          18496 kB
Inactive:        69872 kB
SwapTotal:           0 kB
SwapFree:            0 kB
Dirty:           17304 kB
Writeback:           0 kB
AnonPages:        7824 kB
Mapped:            496 kB
Slab:             4228 kB
SReclaimable:     2608 kB
SUnreclaim:       1620 kB
PageTables:         84 kB
NFS_Unstable:        0 kB
Bounce:              0 kB
CommitLimit:    256956 kB
Committed_AS:     9272 kB
VmallocTotal:   516056 kB
VmallocUsed:        72 kB
VmallocChunk:   515984 kB
Sun Nov 15 20:15:27 EST 2009
MemTotal:       513916 kB
MemFree:        420592 kB
Buffers:          3032 kB
Cached:          77552 kB
SwapCached:          0 kB
Active:          18496 kB
Inactive:        69872 kB
SwapTotal:           0 kB
SwapFree:            0 kB
Dirty:           17304 kB
Writeback:           0 kB
AnonPages:        7824 kB
Mapped:            496 kB
Slab:             4228 kB
SReclaimable:     2608 kB
SUnreclaim:       1620 kB
PageTables:         84 kB
NFS_Unstable:        0 kB
Bounce:              0 kB
CommitLimit:    256956 kB
Committed_AS:     9272 kB
VmallocTotal:   516056 kB
VmallocUsed:        72 kB
VmallocChunk:   515984 kB
Sun Nov 15 20:15:28 EST 2009
MemTotal:       513916 kB
MemFree:        420592 kB
Buffers:          3032 kB
Cached:          77552 kB
SwapCached:          0 kB
Active:          18496 kB
Inactive:        69872 kB
SwapTotal:           0 kB
SwapFree:            0 kB
Dirty:           17304 kB
Writeback:           0 kB
AnonPages:        7824 kB
Mapped:            496 kB
Slab:             4228 kB
SReclaimable:     2608 kB
SUnreclaim:       1620 kB
PageTables:         84 kB
NFS_Unstable:        0 kB
Bounce:              0 kB
CommitLimit:    256956 kB
Committed_AS:     9272 kB
VmallocTotal:   516056 kB
VmallocUsed:        72 kB
VmallocChunk:   515984 kB
Sun Nov 15 20:15:29 EST 2009
MemTotal:       513916 kB
MemFree:        418824 kB
Buffers:          3032 kB
Cached:          79332 kB
SwapCached:          0 kB
Active:          18944 kB
Inactive:        71204 kB
SwapTotal:           0 kB
SwapFree:            0 kB
Dirty:           18188 kB
Writeback:           0 kB
AnonPages:        7824 kB
Mapped:            496 kB
Slab:             4244 kB
SReclaimable:     2620 kB
SUnreclaim:       1624 kB
PageTables:         84 kB
NFS_Unstable:        0 kB
Bounce:              0 kB
CommitLimit:    256956 kB
Committed_AS:     9272 kB
VmallocTotal:   516056 kB
VmallocUsed:        72 kB
VmallocChunk:   515984 kB
Sun Nov 15 20:15:30 EST 2009
MemTotal:       513916 kB
MemFree:        418824 kB
Buffers:          3032 kB
Cached:          79332 kB
SwapCached:          0 kB
Active:          18944 kB
Inactive:        71204 kB
SwapTotal:           0 kB
SwapFree:            0 kB
Dirty:           18188 kB
Writeback:           0 kB
AnonPages:        7824 kB
Mapped:            496 kB
Slab:             4240 kB
SReclaimable:     2620 kB
SUnreclaim:       1620 kB
PageTables:         84 kB
NFS_Unstable:        0 kB
Bounce:              0 kB
CommitLimit:    256956 kB
Committed_AS:     9272 kB
VmallocTotal:   516056 kB
VmallocUsed:        72 kB
VmallocChunk:   515984 kB
Sun Nov 15 20:15:31 EST 2009
MemTotal:       513916 kB
MemFree:        418824 kB
Buffers:          3040 kB
Cached:          79336 kB
SwapCached:          0 kB
Active:          18948 kB
Inactive:        71212 kB
SwapTotal:           0 kB
SwapFree:            0 kB
Dirty:           18192 kB
Writeback:           0 kB
AnonPages:        7824 kB
Mapped:            496 kB
Slab:             4244 kB
SReclaimable:     2620 kB
SUnreclaim:       1624 kB
PageTables:         84 kB
NFS_Unstable:        0 kB
Bounce:              0 kB
CommitLimit:    256956 kB
Committed_AS:     9272 kB
VmallocTotal:   516056 kB
VmallocUsed:        72 kB
VmallocChunk:   515984 kB
Sun Nov 15 20:15:32 EST 2009
MemTotal:       513916 kB
MemFree:        418824 kB
Buffers:          3040 kB
Cached:          79336 kB
SwapCached:          0 kB
Active:          18948 kB
Inactive:        71212 kB
SwapTotal:           0 kB
SwapFree:            0 kB
Dirty:           18192 kB
Writeback:           0 kB
AnonPages:        7824 kB
Mapped:            496 kB
Slab:             4244 kB
SReclaimable:     2620 kB
SUnreclaim:       1624 kB
PageTables:         84 kB
NFS_Unstable:        0 kB
Bounce:              0 kB
CommitLimit:    256956 kB
Committed_AS:     9272 kB
VmallocTotal:   516056 kB
VmallocUsed:        72 kB
VmallocChunk:   515984 kB
Sun Nov 15 20:15:33 EST 2009
MemTotal:       513916 kB
MemFree:        417056 kB
Buffers:          3040 kB
Cached:          81112 kB
SwapCached:          0 kB
Active:          19392 kB
Inactive:        72544 kB
SwapTotal:           0 kB
SwapFree:            0 kB
Dirty:           19072 kB
Writeback:           0 kB
AnonPages:        7824 kB
Mapped:            496 kB
Slab:             4260 kB
SReclaimable:     2632 kB
SUnreclaim:       1628 kB
PageTables:         84 kB
NFS_Unstable:        0 kB
Bounce:              0 kB
CommitLimit:    256956 kB
Committed_AS:     9272 kB
VmallocTotal:   516056 kB
VmallocUsed:        72 kB
VmallocChunk:   515984 kB
Sun Nov 15 20:15:34 EST 2009
MemTotal:       513916 kB
MemFree:        417056 kB
Buffers:          3040 kB
Cached:          81112 kB
SwapCached:          0 kB
Active:          19392 kB
Inactive:        72544 kB
SwapTotal:           0 kB
SwapFree:            0 kB
Dirty:           19072 kB
Writeback:           0 kB
AnonPages:        7824 kB
Mapped:            496 kB
Slab:             4256 kB
SReclaimable:     2632 kB
SUnreclaim:       1624 kB
PageTables:         84 kB
NFS_Unstable:        0 kB
Bounce:              0 kB
CommitLimit:    256956 kB
Committed_AS:     9272 kB
VmallocTotal:   516056 kB
VmallocUsed:        72 kB
VmallocChunk:   515984 kB
Sun Nov 15 20:15:35 EST 2009
MemTotal:       513916 kB
MemFree:        417056 kB
Buffers:          3040 kB
Cached:          81112 kB
SwapCached:          0 kB
Active:          19392 kB
Inactive:        72544 kB
SwapTotal:           0 kB
SwapFree:            0 kB
Dirty:           19072 kB
Writeback:           0 kB
AnonPages:        7824 kB
Mapped:            496 kB
Slab:             4256 kB
SReclaimable:     2632 kB
SUnreclaim:       1624 kB
PageTables:         84 kB
NFS_Unstable:        0 kB
Bounce:              0 kB
CommitLimit:    256956 kB
Committed_AS:     9272 kB
VmallocTotal:   516056 kB
VmallocUsed:        72 kB
VmallocChunk:   515984 kB
Sun Nov 15 20:15:36 EST 2009
MemTotal:       513916 kB
MemFree:        417056 kB
Buffers:          3048 kB
Cached:          81112 kB
SwapCached:          0 kB
Active:          19392 kB
Inactive:        72552 kB
SwapTotal:           0 kB
SwapFree:            0 kB
Dirty:           19072 kB
Writeback:           0 kB
AnonPages:        7824 kB
Mapped:            496 kB
Slab:             4260 kB
SReclaimable:     2636 kB
SUnreclaim:       1624 kB
PageTables:         84 kB
NFS_Unstable:        0 kB
Bounce:              0 kB
CommitLimit:    256956 kB
Committed_AS:     9272 kB
VmallocTotal:   516056 kB
VmallocUsed:        72 kB
VmallocChunk:   515984 kB
Sun Nov 15 20:15:37 EST 2009
MemTotal:       513916 kB
MemFree:        415284 kB
Buffers:          3048 kB
Cached:          82764 kB
SwapCached:          0 kB
Active:          19836 kB
Inactive:        73760 kB
SwapTotal:           0 kB
SwapFree:            0 kB
Dirty:           19956 kB
Writeback:           0 kB
AnonPages:        7824 kB
Mapped:            496 kB
Slab:             4272 kB
SReclaimable:     2648 kB
SUnreclaim:       1624 kB
PageTables:         84 kB
NFS_Unstable:        0 kB
Bounce:              0 kB
CommitLimit:    256956 kB
Committed_AS:     9272 kB
VmallocTotal:   516056 kB
VmallocUsed:        72 kB
VmallocChunk:   515984 kB
Sun Nov 15 20:15:38 EST 2009
MemTotal:       513916 kB
MemFree:        415284 kB
Buffers:          3048 kB
Cached:          82764 kB
SwapCached:          0 kB
Active:          19836 kB
Inactive:        73760 kB
SwapTotal:           0 kB
SwapFree:            0 kB
Dirty:           19956 kB
Writeback:           0 kB
AnonPages:        7824 kB
Mapped:            496 kB
Slab:             4272 kB
SReclaimable:     2648 kB
SUnreclaim:       1624 kB
PageTables:         84 kB
NFS_Unstable:        0 kB
Bounce:              0 kB
CommitLimit:    256956 kB
Committed_AS:     9272 kB
VmallocTotal:   516056 kB
VmallocUsed:        72 kB
VmallocChunk:   515984 kB
Sun Nov 15 20:15:39 EST 2009
MemTotal:       513916 kB
MemFree:        415284 kB
