Sun Nov 15 19:52:24 CST 2009
MemTotal:       513916 kB
MemFree:        486624 kB
Buffers:          2200 kB
Cached:          20436 kB
SwapCached:          0 kB
Active:          12120 kB
Inactive:        11200 kB
SwapTotal:           0 kB
SwapFree:            0 kB
Dirty:            1112 kB
Writeback:           0 kB
AnonPages:         704 kB
Mapped:           1704 kB
Slab:             2836 kB
SReclaimable:     1380 kB
SUnreclaim:       1456 kB
PageTables:         76 kB
NFS_Unstable:        0 kB
Bounce:              0 kB
CommitLimit:    256956 kB
Committed_AS:     2048 kB
VmallocTotal:   516056 kB
VmallocUsed:        72 kB
VmallocChunk:   515984 kB
Sun Nov 15 19:52:25 CST 2009
MemTotal:       513916 kB
MemFree:        486624 kB
Buffers:          2200 kB
Cached:          20436 kB
SwapCached:          0 kB
Active:          12120 kB
Inactive:        11196 kB
SwapTotal:           0 kB
SwapFree:            0 kB
Dirty:            1112 kB
Writeback:           0 kB
AnonPages:         700 kB
Mapped:           1704 kB
Slab:             2836 kB
SReclaimable:     1380 kB
SUnreclaim:       1456 kB
PageTables:         76 kB
NFS_Unstable:        0 kB
Bounce:              0 kB
CommitLimit:    256956 kB
Committed_AS:     2044 kB
VmallocTotal:   516056 kB
VmallocUsed:        72 kB
VmallocChunk:   515984 kB
Sun Nov 15 19:52:26 CST 2009
MemTotal:       513916 kB
MemFree:        486376 kB
Buffers:          2200 kB
Cached:          20436 kB
SwapCached:          0 kB
Active:          12336 kB
Inactive:        11196 kB
SwapTotal:           0 kB
SwapFree:            0 kB
Dirty:            1112 kB
Writeback:           0 kB
AnonPages:         916 kB
Mapped:           1984 kB
Slab:             2860 kB
SReclaimable:     1380 kB
SUnreclaim:       1480 kB
PageTables:        112 kB
NFS_Unstable:        0 kB
Bounce:              0 kB
CommitLimit:    256956 kB
Committed_AS:     2896 kB
VmallocTotal:   516056 kB
VmallocUsed:        72 kB
VmallocChunk:   515984 kB
Sun Nov 15 19:52:27 CST 2009
MemTotal:       513916 kB
MemFree:        485508 kB
Buffers:          2200 kB
Cached:          20436 kB
SwapCached:          0 kB
Active:          13732 kB
Inactive:        11196 kB
SwapTotal:           0 kB
SwapFree:            0 kB
Dirty:            1112 kB
Writeback:           0 kB
AnonPages:        2312 kB
Mapped:           3196 kB
Slab:             2860 kB
SReclaimable:     1380 kB
SUnreclaim:       1480 kB
PageTables:        128 kB
NFS_Unstable:        0 kB
Bounce:              0 kB
CommitLimit:    256956 kB
Committed_AS:     5232 kB
VmallocTotal:   516056 kB
VmallocUsed:        72 kB
VmallocChunk:   515984 kB
Sun Nov 15 19:52:28 CST 2009
MemTotal:       513916 kB
MemFree:        485136 kB
Buffers:          2200 kB
Cached:          20436 kB
SwapCached:          0 kB
Active:          14044 kB
Inactive:        11196 kB
SwapTotal:           0 kB
SwapFree:            0 kB
Dirty:            1112 kB
Writeback:           0 kB
AnonPages:        2624 kB
Mapped:           3284 kB
Slab:             2860 kB
SReclaimable:     1380 kB
SUnreclaim:       1480 kB
PageTables:        144 kB
NFS_Unstable:        0 kB
Bounce:              0 kB
CommitLimit:    256956 kB
Committed_AS:     5536 kB
VmallocTotal:   516056 kB
VmallocUsed:        72 kB
VmallocChunk:   515984 kB
Sun Nov 15 19:52:29 CST 2009
MemTotal:       513916 kB
MemFree:        486128 kB
Buffers:          2212 kB
Cached:          20436 kB
SwapCached:          0 kB
Active:          12792 kB
Inactive:        11104 kB
SwapTotal:           0 kB
SwapFree:            0 kB
Dirty:            1112 kB
Writeback:           0 kB
AnonPages:        1272 kB
Mapped:           1940 kB
Slab:             2860 kB
SReclaimable:     1380 kB
SUnreclaim:       1480 kB
PageTables:        100 kB
NFS_Unstable:        0 kB
Bounce:              0 kB
CommitLimit:    256956 kB
Committed_AS:     2776 kB
VmallocTotal:   516056 kB
VmallocUsed:        72 kB
VmallocChunk:   515984 kB
Sun Nov 15 19:52:31 CST 2009
MemTotal:       513916 kB
MemFree:        482904 kB
Buffers:          2212 kB
Cached:          20436 kB
SwapCached:          0 kB
Active:          16448 kB
Inactive:        11012 kB
SwapTotal:           0 kB
SwapFree:            0 kB
Dirty:            1112 kB
Writeback:           0 kB
AnonPages:        4832 kB
Mapped:           3904 kB
Slab:             2860 kB
SReclaimable:     1380 kB
SUnreclaim:       1480 kB
PageTables:        132 kB
NFS_Unstable:        0 kB
Bounce:              0 kB
CommitLimit:    256956 kB
Committed_AS:     7776 kB
VmallocTotal:   516056 kB
VmallocUsed:        72 kB
VmallocChunk:   515984 kB
Sun Nov 15 19:52:32 CST 2009
MemTotal:       513916 kB
MemFree:        481168 kB
Buffers:          2212 kB
Cached:          20440 kB
SwapCached:          0 kB
Active:          18176 kB
Inactive:        11012 kB
SwapTotal:           0 kB
SwapFree:            0 kB
Dirty:            1116 kB
Writeback:           0 kB
AnonPages:        6556 kB
Mapped:           5872 kB
Slab:             2860 kB
SReclaimable:     1380 kB
SUnreclaim:       1480 kB
PageTables:        132 kB
NFS_Unstable:        0 kB
Bounce:              0 kB
CommitLimit:    256956 kB
Committed_AS:     9512 kB
VmallocTotal:   516056 kB
VmallocUsed:        72 kB
VmallocChunk:   515984 kB
Sun Nov 15 19:52:33 CST 2009
MemTotal:       513916 kB
MemFree:        480920 kB
Buffers:          2212 kB
Cached:          20440 kB
SwapCached:          0 kB
Active:          18464 kB
Inactive:        10980 kB
SwapTotal:           0 kB
SwapFree:            0 kB
Dirty:            1116 kB
Writeback:           0 kB
AnonPages:        6836 kB
Mapped:           6100 kB
Slab:             2860 kB
SReclaimable:     1380 kB
SUnreclaim:       1480 kB
PageTables:        132 kB
NFS_Unstable:        0 kB
Bounce:              0 kB
CommitLimit:    256956 kB
Committed_AS:     9516 kB
VmallocTotal:   516056 kB
VmallocUsed:        72 kB
VmallocChunk:   515984 kB
Sun Nov 15 19:52:35 CST 2009
MemTotal:       513916 kB
MemFree:        480424 kB
Buffers:          2220 kB
Cached:          20460 kB
SwapCached:          0 kB
Active:          18912 kB
Inactive:        10996 kB
SwapTotal:           0 kB
SwapFree:            0 kB
Dirty:            1136 kB
Writeback:           0 kB
AnonPages:        7248 kB
Mapped:           6256 kB
Slab:             2860 kB
SReclaimable:     1380 kB
SUnreclaim:       1480 kB
PageTables:        132 kB
NFS_Unstable:        0 kB
Bounce:              0 kB
CommitLimit:    256956 kB
Committed_AS:     9528 kB
VmallocTotal:   516056 kB
VmallocUsed:        72 kB
VmallocChunk:   515984 kB
Sun Nov 15 19:52:36 CST 2009
MemTotal:       513916 kB
MemFree:        479680 kB
Buffers:          2220 kB
Cached:          20464 kB
SwapCached:          0 kB
Active:          19748 kB
Inactive:        11000 kB
SwapTotal:           0 kB
SwapFree:            0 kB
Dirty:            1140 kB
Writeback:           0 kB
AnonPages:        8084 kB
Mapped:           6260 kB
Slab:             2860 kB
SReclaimable:     1380 kB
SUnreclaim:       1480 kB
PageTables:        132 kB
NFS_Unstable:        0 kB
Bounce:              0 kB
CommitLimit:    256956 kB
Committed_AS:    10552 kB
VmallocTotal:   516056 kB
VmallocUsed:        72 kB
VmallocChunk:   515984 kB
Sun Nov 15 19:52:37 CST 2009
MemTotal:       513916 kB
MemFree:        478316 kB
Buffers:          2220 kB
Cached:          20464 kB
SwapCached:          0 kB
Active:          21100 kB
Inactive:        11000 kB
SwapTotal:           0 kB
SwapFree:            0 kB
Dirty:            1140 kB
Writeback:           0 kB
AnonPages:        9436 kB
Mapped:           6264 kB
Slab:             2860 kB
SReclaimable:     1380 kB
SUnreclaim:       1480 kB
PageTables:        132 kB
NFS_Unstable:        0 kB
Bounce:              0 kB
CommitLimit:    256956 kB
Committed_AS:    11996 kB
VmallocTotal:   516056 kB
VmallocUsed:        72 kB
VmallocChunk:   515984 kB
Sun Nov 15 19:52:39 CST 2009
MemTotal:       513916 kB
MemFree:        478192 kB
Buffers:          2220 kB
Cached:          20464 kB
SwapCached:          0 kB
Active:          21216 kB
Inactive:        11000 kB
SwapTotal:           0 kB
SwapFree:            0 kB
Dirty:            1140 kB
Writeback:           0 kB
AnonPages:        9552 kB
Mapped:           6264 kB
Slab:             2848 kB
SReclaimable:     1380 kB
SUnreclaim:       1468 kB
PageTables:        132 kB
NFS_Unstable:        0 kB
Bounce:              0 kB
CommitLimit:    256956 kB
Committed_AS:    12000 kB
VmallocTotal:   516056 kB
VmallocUsed:        72 kB
VmallocChunk:   515984 kB
Sun Nov 15 19:52:40 CST 2009
MemTotal:       513916 kB
MemFree:        477076 kB
Buffers:          2228 kB
Cached:          20484 kB
SwapCached:          0 kB
Active:          22252 kB
Inactive:        11024 kB
SwapTotal:           0 kB
SwapFree:            0 kB
Dirty:            1160 kB
Writeback:           0 kB
AnonPages:       10584 kB
Mapped:           6268 kB
Slab:             2852 kB
SReclaimable:     1380 kB
SUnreclaim:       1472 kB
PageTables:        136 kB
NFS_Unstable:        0 kB
Bounce:              0 kB
CommitLimit:    256956 kB
Committed_AS:    13280 kB
VmallocTotal:   516056 kB
VmallocUsed:        72 kB
VmallocChunk:   515984 kB
Sun Nov 15 19:52:41 CST 2009
MemTotal:       513916 kB
MemFree:        476084 kB
Buffers:          2228 kB
Cached:          20484 kB
SwapCached:          0 kB
Active:          23328 kB
Inactive:        11024 kB
SwapTotal:           0 kB
SwapFree:            0 kB
Dirty:            1160 kB
Writeback:           0 kB
AnonPages:       11660 kB
Mapped:           6268 kB
Slab:             2852 kB
SReclaimable:     1380 kB
SUnreclaim:       1472 kB
PageTables:        140 kB
NFS_Unstable:        0 kB
Bounce:              0 kB
CommitLimit:    256956 kB
Committed_AS:    14704 kB
VmallocTotal:   516056 kB
VmallocUsed:        72 kB
VmallocChunk:   515984 kB
Sun Nov 15 19:52:42 CST 2009
MemTotal:       513916 kB
MemFree:        474844 kB
Buffers:          2228 kB
Cached:          20488 kB
SwapCached:          0 kB
Active:          24504 kB
Inactive:        11028 kB
SwapTotal:           0 kB
SwapFree:            0 kB
Dirty:            1164 kB
Writeback:           0 kB
AnonPages:       12844 kB
Mapped:           6276 kB
Slab:             2852 kB
SReclaimable:     1380 kB
SUnreclaim:       1472 kB
PageTables:        140 kB
NFS_Unstable:        0 kB
Bounce:              0 kB
CommitLimit:    256956 kB
Committed_AS:    15736 kB
VmallocTotal:   516056 kB
VmallocUsed:        72 kB
VmallocChunk:   515984 kB
Sun Nov 15 19:52:44 CST 2009
MemTotal:       513916 kB
MemFree:        474720 kB
Buffers:          2228 kB
Cached:          20488 kB
SwapCached:          0 kB
Active:          24616 kB
Inactive:        11028 kB
SwapTotal:           0 kB
SwapFree:            0 kB
Dirty:            1164 kB
Writeback:           0 kB
AnonPages:       12948 kB
Mapped:           6280 kB
Slab:             2852 kB
SReclaimable:     1380 kB
SUnreclaim:       1472 kB
PageTables:        140 kB
NFS_Unstable:        0 kB
Bounce:              0 kB
CommitLimit:    256956 kB
Committed_AS:    15736 kB
VmallocTotal:   516056 kB
VmallocUsed:        72 kB
VmallocChunk:   515984 kB
Sun Nov 15 19:52:45 CST 2009
MemTotal:       513916 kB
MemFree:        474596 kB
Buffers:          2236 kB
Cached:          20488 kB
SwapCached:          0 kB
Active:          24804 kB
Inactive:        11036 kB
SwapTotal:           0 kB
SwapFree:            0 kB
Dirty:            1164 kB
Writeback:           0 kB
AnonPages:       13136 kB
Mapped:           6280 kB
Slab:             2852 kB
SReclaimable:     1380 kB
SUnreclaim:       1472 kB
PageTables:        140 kB
NFS_Unstable:        0 kB
Bounce:              0 kB
CommitLimit:    256956 kB
Committed_AS:    15736 kB
VmallocTotal:   516056 kB
VmallocUsed:        72 kB
VmallocChunk:   515984 kB
Sun Nov 15 19:52:46 CST 2009
MemTotal:       513916 kB
MemFree:        483712 kB
Buffers:          2240 kB
Cached:          20560 kB
SwapCached:          0 kB
Active:          15376 kB
Inactive:        11008 kB
SwapTotal:           0 kB
SwapFree:            0 kB
Dirty:            1224 kB
Writeback:           0 kB
AnonPages:        3604 kB
Mapped:           2768 kB
Slab:             2856 kB
SReclaimable:     1384 kB
SUnreclaim:       1472 kB
PageTables:        136 kB
NFS_Unstable:        0 kB
Bounce:              0 kB
CommitLimit:    256956 kB
Committed_AS:     5700 kB
VmallocTotal:   516056 kB
VmallocUsed:        72 kB
VmallocChunk:   515984 kB
Sun Nov 15 19:52:48 CST 2009
MemTotal:       513916 kB
MemFree:        484256 kB
Buffers:          2268 kB
Cached:          21964 kB
SwapCached:          0 kB
Active:          13548 kB
Inactive:        12416 kB
SwapTotal:           0 kB
SwapFree:            0 kB
Dirty:            1196 kB
Writeback:           0 kB
AnonPages:        1752 kB
Mapped:           2044 kB
Slab:             2936 kB
SReclaimable:     1424 kB
SUnreclaim:       1512 kB
PageTables:        124 kB
NFS_Unstable:        0 kB
Bounce:              0 kB
CommitLimit:    256956 kB
Committed_AS:     3716 kB
VmallocTotal:   516056 kB
VmallocUsed:        72 kB
VmallocChunk:   515984 kB
Sun Nov 15 19:52:49 CST 2009
MemTotal:       513916 kB
MemFree:        482216 kB
Buffers:          2292 kB
Cached:          24036 kB
SwapCached:          0 kB
Active:          13560 kB
Inactive:        14504 kB
SwapTotal:           0 kB
SwapFree:            0 kB
Dirty:            1224 kB
Writeback:           0 kB
AnonPages:        1756 kB
Mapped:           2044 kB
Slab:             2968 kB
SReclaimable:     1436 kB
SUnreclaim:       1532 kB
PageTables:        124 kB
NFS_Unstable:        0 kB
Bounce:              0 kB
CommitLimit:    256956 kB
Committed_AS:     3720 kB
VmallocTotal:   516056 kB
VmallocUsed:        72 kB
VmallocChunk:   515984 kB
Sun Nov 15 19:52:50 CST 2009
MemTotal:       513916 kB
MemFree:        479928 kB
Buffers:          2324 kB
Cached:          26132 kB
SwapCached:          0 kB
Active:          13596 kB
Inactive:        16608 kB
SwapTotal:           0 kB
SwapFree:            0 kB
Dirty:            1288 kB
Writeback:           0 kB
AnonPages:        1768 kB
Mapped:           2048 kB
Slab:             3092 kB
SReclaimable:     1536 kB
SUnreclaim:       1556 kB
PageTables:        124 kB
NFS_Unstable:        0 kB
Bounce:              0 kB
CommitLimit:    256956 kB
Committed_AS:     3720 kB
VmallocTotal:   516056 kB
VmallocUsed:        72 kB
VmallocChunk:   515984 kB
Sun Nov 15 19:52:52 CST 2009
MemTotal:       513916 kB
MemFree:        474052 kB
Buffers:          3424 kB
Cached:          28696 kB
SwapCached:          0 kB
Active:          15720 kB
Inactive:        19616 kB
SwapTotal:           0 kB
SwapFree:            0 kB
Dirty:            3448 kB
Writeback:           0 kB
AnonPages:        3236 kB
Mapped:           3556 kB
Slab:             3816 kB
SReclaimable:     2148 kB
SUnreclaim:       1668 kB
PageTables:        140 kB
NFS_Unstable:        0 kB
Bounce:              0 kB
CommitLimit:    256956 kB
Committed_AS:     5916 kB
VmallocTotal:   516056 kB
VmallocUsed:        72 kB
VmallocChunk:   515984 kB
Sun Nov 15 19:52:53 CST 2009
MemTotal:       513916 kB
MemFree:        473872 kB
Buffers:          3448 kB
Cached:          28872 kB
SwapCached:          0 kB
Active:          15828 kB
Inactive:        19612 kB
SwapTotal:           0 kB
SwapFree:            0 kB
Dirty:            3452 kB
Writeback:           0 kB
AnonPages:        3140 kB
Mapped:           2528 kB
Slab:             3844 kB
SReclaimable:     2176 kB
SUnreclaim:       1668 kB
PageTables:        136 kB
NFS_Unstable:        0 kB
Bounce:              0 kB
CommitLimit:    256956 kB
Committed_AS:     5408 kB
VmallocTotal:   516056 kB
VmallocUsed:        72 kB
VmallocChunk:   515984 kB
Sun Nov 15 19:52:54 CST 2009
MemTotal:       513916 kB
MemFree:        472508 kB
Buffers:          3448 kB
Cached:          28872 kB
SwapCached:          0 kB
Active:          17380 kB
Inactive:        19432 kB
SwapTotal:           0 kB
SwapFree:            0 kB
Dirty:            3452 kB
Writeback:           0 kB
AnonPages:        4512 kB
Mapped:           4108 kB
Slab:             3832 kB
SReclaimable:     2176 kB
SUnreclaim:       1656 kB
PageTables:        140 kB
NFS_Unstable:        0 kB
Bounce:              0 kB
CommitLimit:    256956 kB
Committed_AS:     7084 kB
VmallocTotal:   516056 kB
VmallocUsed:        72 kB
VmallocChunk:   515984 kB
Sun Nov 15 19:52:56 CST 2009
MemTotal:       513916 kB
MemFree:        473748 kB
Buffers:          3456 kB
Cached:          28876 kB
SwapCached:          0 kB
Active:          16144 kB
Inactive:        19432 kB
SwapTotal:           0 kB
SwapFree:            0 kB
Dirty:            4568 kB
Writeback:           0 kB
AnonPages:        3292 kB
Mapped:           3520 kB
Slab:             3876 kB
SReclaimable:     2192 kB
SUnreclaim:       1684 kB
PageTables:        140 kB
NFS_Unstable:        0 kB
Bounce:              0 kB
CommitLimit:    256956 kB
Committed_AS:     5912 kB
VmallocTotal:   516056 kB
VmallocUsed:        72 kB
VmallocChunk:   515984 kB
Sun Nov 15 19:52:57 CST 2009
MemTotal:       513916 kB
MemFree:        473564 kB
Buffers:          3460 kB
Cached:          28936 kB
SwapCached:          0 kB
Active:          16244 kB
Inactive:        19476 kB
SwapTotal:           0 kB
SwapFree:            0 kB
Dirty:            4584 kB
Writeback:           0 kB
AnonPages:        3344 kB
Mapped:           3564 kB
Slab:             3880 kB
SReclaimable:     2192 kB
SUnreclaim:       1688 kB
PageTables:        140 kB
NFS_Unstable:        0 kB
Bounce:              0 kB
CommitLimit:    256956 kB
Committed_AS:     5924 kB
VmallocTotal:   516056 kB
VmallocUsed:        72 kB
VmallocChunk:   515984 kB
Sun Nov 15 19:52:58 CST 2009
MemTotal:       513916 kB
MemFree:        473440 kB
Buffers:          3460 kB
Cached:          28940 kB
SwapCached:          0 kB
Active:          16412 kB
Inactive:        19468 kB
SwapTotal:           0 kB
SwapFree:            0 kB
Dirty:            4588 kB
Writeback:           0 kB
AnonPages:        3500 kB
Mapped:           3564 kB
Slab:             3880 kB
SReclaimable:     2192 kB
SUnreclaim:       1688 kB
PageTables:        140 kB
NFS_Unstable:        0 kB
Bounce:              0 kB
CommitLimit:    256956 kB
Committed_AS:     6944 kB
VmallocTotal:   516056 kB
VmallocUsed:        72 kB
VmallocChunk:   515984 kB
Sun Nov 15 19:53:00 CST 2009
MemTotal:       513916 kB
MemFree:        473316 kB
Buffers:          3460 kB
Cached:          28944 kB
SwapCached:          0 kB
Active:          16588 kB
Inactive:        19464 kB
SwapTotal:           0 kB
SwapFree:            0 kB
Dirty:            4592 kB
Writeback:           0 kB
AnonPages:        3668 kB
Mapped:           3568 kB
Slab:             3864 kB
SReclaimable:     2192 kB
SUnreclaim:       1672 kB
PageTables:        140 kB
NFS_Unstable:        0 kB
Bounce:              0 kB
CommitLimit:    256956 kB
Committed_AS:     6928 kB
VmallocTotal:   516056 kB
VmallocUsed:        72 kB
VmallocChunk:   515984 kB
Sun Nov 15 19:53:01 CST 2009
MemTotal:       513916 kB
MemFree:        473192 kB
Buffers:          3468 kB
Cached:          28952 kB
SwapCached:          0 kB
Active:          16584 kB
Inactive:        19468 kB
SwapTotal:           0 kB
SwapFree:            0 kB
Dirty:            4600 kB
Writeback:           0 kB
AnonPages:        3652 kB
Mapped:           3568 kB
Slab:             3868 kB
SReclaimable:     2196 kB
SUnreclaim:       1672 kB
PageTables:        144 kB
NFS_Unstable:        0 kB
Bounce:              0 kB
CommitLimit:    256956 kB
Committed_AS:     6928 kB
VmallocTotal:   516056 kB
VmallocUsed:        72 kB
VmallocChunk:   515984 kB
Sun Nov 15 19:53:02 CST 2009
MemTotal:       513916 kB
MemFree:        475052 kB
Buffers:          3468 kB
Cached:          28956 kB
SwapCached:          0 kB
Active:          14308 kB
Inactive:        19468 kB
SwapTotal:           0 kB
SwapFree:            0 kB
Dirty:            4604 kB
Writeback:           0 kB
AnonPages:        1372 kB
Mapped:           1972 kB
Slab:             3872 kB
SReclaimable:     2200 kB
SUnreclaim:       1672 kB
PageTables:        112 kB
NFS_Unstable:        0 kB
Bounce:              0 kB
CommitLimit:    256956 kB
Committed_AS:     3048 kB
VmallocTotal:   516056 kB
VmallocUsed:        72 kB
VmallocChunk:   515984 kB
Sun Nov 15 19:53:03 CST 2009
MemTotal:       513916 kB
MemFree:        474060 kB
Buffers:          3468 kB
Cached:          28960 kB
SwapCached:          0 kB
Active:          15852 kB
Inactive:        19464 kB
SwapTotal:           0 kB
SwapFree:            0 kB
Dirty:            4608 kB
Writeback:           0 kB
AnonPages:        2908 kB
Mapped:           3376 kB
Slab:             3864 kB
SReclaimable:     2196 kB
SUnreclaim:       1668 kB
PageTables:        140 kB
NFS_Unstable:        0 kB
Bounce:              0 kB
CommitLimit:    256956 kB
Committed_AS:     5784 kB
VmallocTotal:   516056 kB
VmallocUsed:        72 kB
VmallocChunk:   515984 kB
Sun Nov 15 19:53:05 CST 2009
MemTotal:       513916 kB
MemFree:        475052 kB
Buffers:          3468 kB
Cached:          28968 kB
SwapCached:          0 kB
Active:          14356 kB
Inactive:        19460 kB
SwapTotal:           0 kB
SwapFree:            0 kB
Dirty:            4616 kB
Writeback:           0 kB
AnonPages:        1400 kB
Mapped:           2020 kB
Slab:             3864 kB
SReclaimable:     2196 kB
SUnreclaim:       1668 kB
PageTables:        124 kB
NFS_Unstable:        0 kB
Bounce:              0 kB
CommitLimit:    256956 kB
Committed_AS:     3456 kB
VmallocTotal:   516056 kB
VmallocUsed:        72 kB
VmallocChunk:   515984 kB
Sun Nov 15 19:53:06 CST 2009
MemTotal:       513916 kB
MemFree:        474060 kB
Buffers:          3476 kB
Cached:          28972 kB
SwapCached:          0 kB
Active:          15804 kB
Inactive:        19464 kB
SwapTotal:           0 kB
SwapFree:            0 kB
Dirty:            4620 kB
Writeback:           0 kB
AnonPages:        2840 kB
Mapped:           3228 kB
Slab:             3864 kB
SReclaimable:     2196 kB
SUnreclaim:       1668 kB
PageTables:        140 kB
NFS_Unstable:        0 kB
Bounce:              0 kB
CommitLimit:    256956 kB
Committed_AS:     5788 kB
VmallocTotal:   516056 kB
VmallocUsed:        72 kB
VmallocChunk:   515984 kB
Sun Nov 15 19:53:07 CST 2009
MemTotal:       513916 kB
MemFree:        473936 kB
Buffers:          3476 kB
Cached:          28980 kB
SwapCached:          0 kB
Active:          15884 kB
Inactive:        19464 kB
SwapTotal:           0 kB
SwapFree:            0 kB
Dirty:            4624 kB
Writeback:           0 kB
AnonPages:        2912 kB
Mapped:           3376 kB
Slab:             3860 kB
SReclaimable:     2196 kB
SUnreclaim:       1664 kB
PageTables:        140 kB
NFS_Unstable:        0 kB
Bounce:              0 kB
CommitLimit:    256956 kB
Committed_AS:     5784 kB
VmallocTotal:   516056 kB
VmallocUsed:        72 kB
VmallocChunk:   515984 kB
Sun Nov 15 19:53:09 CST 2009
MemTotal:       513916 kB
MemFree:        474928 kB
Buffers:          3476 kB
Cached:          28984 kB
SwapCached:          0 kB
Active:          14380 kB
Inactive:        19456 kB
SwapTotal:           0 kB
SwapFree:            0 kB
Dirty:            4628 kB
Writeback:           0 kB
AnonPages:        1396 kB
Mapped:           1964 kB
Slab:             3860 kB
SReclaimable:     2196 kB
SUnreclaim:       1664 kB
PageTables:        112 kB
NFS_Unstable:        0 kB
Bounce:              0 kB
CommitLimit:    256956 kB
Committed_AS:     3048 kB
VmallocTotal:   516056 kB
VmallocUsed:        72 kB
VmallocChunk:   515984 kB
Sun Nov 15 19:53:10 CST 2009
MemTotal:       513916 kB
MemFree:        473936 kB
Buffers:          3476 kB
Cached:          28988 kB
SwapCached:          0 kB
Active:          15908 kB
Inactive:        19452 kB
SwapTotal:           0 kB
SwapFree:            0 kB
Dirty:            4632 kB
Writeback:           0 kB
AnonPages:        2916 kB
Mapped:           3376 kB
Slab:             3860 kB
SReclaimable:     2196 kB
SUnreclaim:       1664 kB
PageTables:        140 kB
NFS_Unstable:        0 kB
Bounce:              0 kB
CommitLimit:    256956 kB
Committed_AS:     5784 kB
VmallocTotal:   516056 kB
VmallocUsed:        72 kB
VmallocChunk:   515984 kB
Sun Nov 15 19:53:11 CST 2009
MemTotal:       513916 kB
MemFree:        473936 kB
Buffers:          3484 kB
Cached:          28992 kB
SwapCached:          0 kB
Active:          15928 kB
Inactive:        19456 kB
SwapTotal:           0 kB
SwapFree:            0 kB
Dirty:            4636 kB
Writeback:           0 kB
AnonPages:        2928 kB
Mapped:           3376 kB
Slab:             3856 kB
SReclaimable:     2196 kB
SUnreclaim:       1660 kB
PageTables:        140 kB
NFS_Unstable:        0 kB
Bounce:              0 kB
CommitLimit:    256956 kB
Committed_AS:     5788 kB
VmallocTotal:   516056 kB
VmallocUsed:        72 kB
VmallocChunk:   515984 kB
Sun Nov 15 19:53:12 CST 2009
MemTotal:       513916 kB
MemFree:        474308 kB
Buffers:          3484 kB
Cached:          29000 kB
SwapCached:          0 kB
Active:          15532 kB
Inactive:        19452 kB
SwapTotal:           0 kB
SwapFree:            0 kB
Dirty:            4644 kB
Writeback:           0 kB
AnonPages:        2520 kB
Mapped:           3176 kB
Slab:             3864 kB
SReclaimable:     2200 kB
SUnreclaim:       1664 kB
PageTables:        140 kB
NFS_Unstable:        0 kB
Bounce:              0 kB
CommitLimit:    256956 kB
Committed_AS:     5492 kB
VmallocTotal:   516056 kB
VmallocUsed:        72 kB
VmallocChunk:   515984 kB
Sun Nov 15 19:53:14 CST 2009
MemTotal:       513916 kB
MemFree:        474928 kB
Buffers:          3484 kB
Cached:          29004 kB
SwapCached:          0 kB
Active:          14948 kB
Inactive:        19448 kB
SwapTotal:           0 kB
SwapFree:            0 kB
Dirty:            4648 kB
Writeback:           0 kB
AnonPages:        1928 kB
Mapped:           2816 kB
Slab:             3864 kB
SReclaimable:     2200 kB
SUnreclaim:       1664 kB
PageTables:        140 kB
NFS_Unstable:        0 kB
Bounce:              0 kB
CommitLimit:    256956 kB
Committed_AS:     5488 kB
VmallocTotal:   516056 kB
VmallocUsed:        72 kB
VmallocChunk:   515984 kB
Sun Nov 15 19:53:15 CST 2009
MemTotal:       513916 kB
MemFree:        474928 kB
Buffers:          3484 kB
Cached:          29008 kB
SwapCached:          0 kB
Active:          14524 kB
Inactive:        19444 kB
SwapTotal:           0 kB
SwapFree:            0 kB
Dirty:            4652 kB
Writeback:           0 kB
AnonPages:        1496 kB
Mapped:           2120 kB
Slab:             3864 kB
SReclaimable:     2200 kB
SUnreclaim:       1664 kB
PageTables:        124 kB
NFS_Unstable:        0 kB
Bounce:              0 kB
CommitLimit:    256956 kB
Committed_AS:     3448 kB
VmallocTotal:   516056 kB
VmallocUsed:        72 kB
VmallocChunk:   515984 kB
Sun Nov 15 19:53:16 CST 2009
MemTotal:       513916 kB
MemFree:        472324 kB
Buffers:          3492 kB
Cached:          29008 kB
SwapCached:          0 kB
Active:          17524 kB
Inactive:        19448 kB
SwapTotal:           0 kB
SwapFree:            0 kB
Dirty:            4652 kB
Writeback:           0 kB
AnonPages:        4492 kB
Mapped:           4272 kB
Slab:             3864 kB
SReclaimable:     2200 kB
SUnreclaim:       1664 kB
PageTables:        140 kB
NFS_Unstable:        0 kB
Bounce:              0 kB
CommitLimit:    256956 kB
Committed_AS:     7072 kB
VmallocTotal:   516056 kB
VmallocUsed:        72 kB
VmallocChunk:   515984 kB
Sun Nov 15 19:53:17 CST 2009
MemTotal:       513916 kB
MemFree:        472448 kB
Buffers:          3492 kB
Cached:          29012 kB
SwapCached:          0 kB
Active:          17464 kB
Inactive:        19444 kB
SwapTotal:           0 kB
SwapFree:            0 kB
Dirty:            4656 kB
Writeback:           0 kB
AnonPages:        4424 kB
Mapped:           4800 kB
Slab:             3868 kB
SReclaimable:     2204 kB
SUnreclaim:       1664 kB
PageTables:        140 kB
NFS_Unstable:        0 kB
Bounce:              0 kB
CommitLimit:    256956 kB
Committed_AS:     7060 kB
VmallocTotal:   516056 kB
VmallocUsed:        72 kB
VmallocChunk:   515984 kB
Sun Nov 15 19:53:19 CST 2009
MemTotal:       513916 kB
MemFree:        474928 kB
Buffers:          3492 kB
Cached:          29020 kB
SwapCached:          0 kB
Active:          14448 kB
Inactive:        19440 kB
SwapTotal:           0 kB
SwapFree:            0 kB
Dirty:            4664 kB
Writeback:           0 kB
AnonPages:        1396 kB
Mapped:           1972 kB
Slab:             3864 kB
SReclaimable:     2204 kB
SUnreclaim:       1660 kB
PageTables:        116 kB
NFS_Unstable:        0 kB
Bounce:              0 kB
CommitLimit:    256956 kB
Committed_AS:     3044 kB
VmallocTotal:   516056 kB
VmallocUsed:        72 kB
VmallocChunk:   515984 kB
Sun Nov 15 19:53:20 CST 2009
MemTotal:       513916 kB
MemFree:        472324 kB
Buffers:          3492 kB
Cached:          29024 kB
SwapCached:          0 kB
Active:          17496 kB
Inactive:        19436 kB
SwapTotal:           0 kB
SwapFree:            0 kB
Dirty:            4668 kB
Writeback:           0 kB
AnonPages:        4436 kB
Mapped:           4084 kB
Slab:             3864 kB
SReclaimable:     2204 kB
SUnreclaim:       1660 kB
PageTables:        140 kB
NFS_Unstable:        0 kB
Bounce:              0 kB
CommitLimit:    256956 kB
Committed_AS:     7052 kB
VmallocTotal:   516056 kB
VmallocUsed:        72 kB
VmallocChunk:   515984 kB
Sun Nov 15 19:53:21 CST 2009
MemTotal:       513916 kB
MemFree:        472572 kB
Buffers:          3500 kB
Cached:          29056 kB
SwapCached:          0 kB
Active:          17320 kB
Inactive:        19384 kB
SwapTotal:           0 kB
SwapFree:            0 kB
Dirty:            4692 kB
Writeback:           0 kB
AnonPages:        4168 kB
Mapped:           3580 kB
Slab:             3864 kB
SReclaimable:     2204 kB
SUnreclaim:       1660 kB
PageTables:        140 kB
NFS_Unstable:        0 kB
Bounce:              0 kB
CommitLimit:    256956 kB
Committed_AS:     7084 kB
VmallocTotal:   516056 kB
VmallocUsed:        72 kB
VmallocChunk:   515984 kB
Sun Nov 15 19:53:23 CST 2009
MemTotal:       513916 kB
MemFree:        471456 kB
Buffers:          3500 kB
Cached:          29056 kB
SwapCached:          0 kB
Active:          18524 kB
Inactive:        19384 kB
SwapTotal:           0 kB
SwapFree:            0 kB
Dirty:            4692 kB
Writeback:           0 kB
AnonPages:        5372 kB
Mapped:           5728 kB
Slab:             3864 kB
SReclaimable:     2204 kB
SUnreclaim:       1660 kB
PageTables:        144 kB
NFS_Unstable:        0 kB
Bounce:              0 kB
CommitLimit:    256956 kB
Committed_AS:     8216 kB
VmallocTotal:   516056 kB
VmallocUsed:        72 kB
VmallocChunk:   515984 kB
Sun Nov 15 19:53:24 CST 2009
MemTotal:       513916 kB
MemFree:        472448 kB
Buffers:          3500 kB
Cached:          29076 kB
SwapCached:          0 kB
Active:          17536 kB
Inactive:        19384 kB
SwapTotal:           0 kB
SwapFree:            0 kB
Dirty:            4708 kB
Writeback:           0 kB
AnonPages:        4364 kB
Mapped:           3584 kB
Slab:             3876 kB
SReclaimable:     2212 kB
SUnreclaim:       1664 kB
PageTables:        140 kB
NFS_Unstable:        0 kB
Bounce:              0 kB
CommitLimit:    256956 kB
Committed_AS:     7012 kB
VmallocTotal:   516056 kB
VmallocUsed:        72 kB
VmallocChunk:   515984 kB
Sun Nov 15 19:53:25 CST 2009
MemTotal:       513916 kB
MemFree:        472324 kB
Buffers:          3500 kB
Cached:          29080 kB
SwapCached:          0 kB
Active:          17632 kB
Inactive:        19380 kB
SwapTotal:           0 kB
SwapFree:            0 kB
Dirty:            4712 kB
Writeback:           0 kB
AnonPages:        4452 kB
Mapped:           4276 kB
Slab:             3876 kB
SReclaimable:     2212 kB
SUnreclaim:       1664 kB
PageTables:        140 kB
NFS_Unstable:        0 kB
Bounce:              0 kB
CommitLimit:    256956 kB
Committed_AS:     7080 kB
VmallocTotal:   516056 kB
VmallocUsed:        72 kB
VmallocChunk:   515984 kB
Sun Nov 15 19:53:26 CST 2009
MemTotal:       513916 kB
MemFree:        472076 kB
Buffers:          3508 kB
Cached:          29096 kB
SwapCached:          0 kB
Active:          17836 kB
Inactive:        19388 kB
SwapTotal:           0 kB
SwapFree:            0 kB
Dirty:            4728 kB
Writeback:           0 kB
AnonPages:        4640 kB
Mapped:           4572 kB
Slab:             3876 kB
SReclaimable:     2212 kB
SUnreclaim:       1664 kB
PageTables:        140 kB
NFS_Unstable:        0 kB
Bounce:              0 kB
CommitLimit:    256956 kB
Committed_AS:     7140 kB
VmallocTotal:   516056 kB
VmallocUsed:        72 kB
VmallocChunk:   515984 kB
Sun Nov 15 19:53:27 CST 2009
MemTotal:       513916 kB
MemFree:        472448 kB
Buffers:          3512 kB
Cached:          29112 kB
SwapCached:          0 kB
Active:          17520 kB
Inactive:        19392 kB
SwapTotal:           0 kB
SwapFree:            0 kB
Dirty:            4744 kB
Writeback:           0 kB
AnonPages:        4308 kB
Mapped:           4840 kB
Slab:             3880 kB
SReclaimable:     2216 kB
SUnreclaim:       1664 kB
PageTables:        140 kB
NFS_Unstable:        0 kB
Bounce:              0 kB
CommitLimit:    256956 kB
Committed_AS:     7064 kB
VmallocTotal:   516056 kB
VmallocUsed:        72 kB
VmallocChunk:   515984 kB
Sun Nov 15 19:53:28 CST 2009
MemTotal:       513916 kB
MemFree:        471952 kB
Buffers:          3512 kB
Cached:          29120 kB
SwapCached:          0 kB
Active:          17952 kB
Inactive:        19360 kB
SwapTotal:           0 kB
SwapFree:            0 kB
Dirty:            4752 kB
Writeback:           0 kB
AnonPages:        4700 kB
Mapped:           4740 kB
Slab:             3880 kB
SReclaimable:     2216 kB
SUnreclaim:       1664 kB
PageTables:        140 kB
NFS_Unstable:        0 kB
Bounce:              0 kB
CommitLimit:    256956 kB
Committed_AS:     7072 kB
VmallocTotal:   516056 kB
VmallocUsed:        72 kB
VmallocChunk:   515984 kB
Sun Nov 15 19:53:30 CST 2009
MemTotal:       513916 kB
MemFree:        472448 kB
Buffers:          3512 kB
Cached:          29124 kB
SwapCached:          0 kB
Active:          17540 kB
Inactive:        19356 kB
SwapTotal:           0 kB
SwapFree:            0 kB
Dirty:            4756 kB
Writeback:           0 kB
AnonPages:        4300 kB
Mapped:           4968 kB
Slab:             3884 kB
SReclaimable:     2220 kB
SUnreclaim:       1664 kB
PageTables:        140 kB
NFS_Unstable:        0 kB
Bounce:              0 kB
CommitLimit:    256956 kB
Committed_AS:     7068 kB
VmallocTotal:   516056 kB
VmallocUsed:        72 kB
VmallocChunk:   515984 kB
Sun Nov 15 19:53:31 CST 2009
MemTotal:       513916 kB
MemFree:        473440 kB
Buffers:          3512 kB
Cached:          29132 kB
SwapCached:          0 kB
Active:          16508 kB
Inactive:        19340 kB
SwapTotal:           0 kB
SwapFree:            0 kB
Dirty:            4764 kB
Writeback:           0 kB
AnonPages:        3224 kB
Mapped:           3552 kB
Slab:             3884 kB
SReclaimable:     2220 kB
SUnreclaim:       1664 kB
PageTables:        140 kB
NFS_Unstable:        0 kB
Bounce:              0 kB
CommitLimit:    256956 kB
Committed_AS:     5932 kB
VmallocTotal:   516056 kB
VmallocUsed:        72 kB
VmallocChunk:   515984 kB
Sun Nov 15 19:53:32 CST 2009
MemTotal:       513916 kB
MemFree:        473688 kB
Buffers:          3520 kB
Cached:          29136 kB
SwapCached:          0 kB
Active:          16288 kB
Inactive:        19340 kB
SwapTotal:           0 kB
SwapFree:            0 kB
Dirty:            4780 kB
Writeback:           0 kB
AnonPages:        2992 kB
Mapped:           3420 kB
Slab:             3884 kB
SReclaimable:     2220 kB
SUnreclaim:       1664 kB
PageTables:        140 kB
NFS_Unstable:        0 kB
Bounce:              0 kB
CommitLimit:    256956 kB
Committed_AS:     5788 kB
VmallocTotal:   516056 kB
VmallocUsed:        72 kB
VmallocChunk:   515984 kB
Sun Nov 15 19:53:33 CST 2009
MemTotal:       513916 kB
MemFree:        474060 kB
Buffers:          3520 kB
Cached:          29148 kB
SwapCached:          0 kB
Active:          15928 kB
Inactive:        19332 kB
SwapTotal:           0 kB
SwapFree:            0 kB
Dirty:            4788 kB
Writeback:           0 kB
AnonPages:        2612 kB
Mapped:           2408 kB
Slab:             3884 kB
SReclaimable:     2220 kB
SUnreclaim:       1664 kB
PageTables:        136 kB
NFS_Unstable:        0 kB
Bounce:              0 kB
CommitLimit:    256956 kB
Committed_AS:     4752 kB
VmallocTotal:   516056 kB
VmallocUsed:        72 kB
VmallocChunk:   515984 kB
Sun Nov 15 19:53:34 CST 2009
MemTotal:       513916 kB
MemFree:        473688 kB
Buffers:          3520 kB
Cached:          29152 kB
SwapCached:          0 kB
Active:          16288 kB
Inactive:        19324 kB
SwapTotal:           0 kB
SwapFree:            0 kB
Dirty:            4792 kB
Writeback:           0 kB
AnonPages:        2960 kB
Mapped:           3376 kB
Slab:             3892 kB
SReclaimable:     2228 kB
SUnreclaim:       1664 kB
PageTables:        140 kB
NFS_Unstable:        0 kB
Bounce:              0 kB
CommitLimit:    256956 kB
Committed_AS:     5788 kB
VmallocTotal:   516056 kB
VmallocUsed:        72 kB
VmallocChunk:   515984 kB
Sun Nov 15 19:53:36 CST 2009
MemTotal:       513916 kB
MemFree:        472944 kB
Buffers:          3520 kB
Cached:          29160 kB
SwapCached:          0 kB
Active:          17008 kB
Inactive:        19316 kB
SwapTotal:           0 kB
SwapFree:            0 kB
Dirty:            4800 kB
Writeback:           0 kB
AnonPages:        3664 kB
Mapped:           3564 kB
Slab:             3896 kB
SReclaimable:     2228 kB
SUnreclaim:       1668 kB
PageTables:        140 kB
NFS_Unstable:        0 kB
Bounce:              0 kB
CommitLimit:    256956 kB
Committed_AS:     6936 kB
VmallocTotal:   516056 kB
VmallocUsed:        72 kB
VmallocChunk:   515984 kB
Sun Nov 15 19:53:37 CST 2009
MemTotal:       513916 kB
MemFree:        472696 kB
Buffers:          3528 kB
Cached:          29164 kB
SwapCached:          0 kB
Active:          17308 kB
Inactive:        19320 kB
SwapTotal:           0 kB
SwapFree:            0 kB
Dirty:            4804 kB
Writeback:           0 kB
AnonPages:        3976 kB
Mapped:           3568 kB
Slab:             3896 kB
SReclaimable:     2228 kB
SUnreclaim:       1668 kB
PageTables:        140 kB
NFS_Unstable:        0 kB
Bounce:              0 kB
CommitLimit:    256956 kB
Committed_AS:     7124 kB
VmallocTotal:   516056 kB
VmallocUsed:        72 kB
VmallocChunk:   515984 kB
Sun Nov 15 19:53:38 CST 2009
MemTotal:       513916 kB
MemFree:        472324 kB
Buffers:          3528 kB
Cached:          29168 kB
SwapCached:          0 kB
Active:          17700 kB
Inactive:        19308 kB
SwapTotal:           0 kB
SwapFree:            0 kB
Dirty:            4808 kB
Writeback:           0 kB
AnonPages:        4332 kB
Mapped:           3568 kB
Slab:             3896 kB
SReclaimable:     2228 kB
SUnreclaim:       1668 kB
PageTables:        140 kB
NFS_Unstable:        0 kB
Bounce:              0 kB
CommitLimit:    256956 kB
Committed_AS:     7056 kB
VmallocTotal:   516056 kB
VmallocUsed:        72 kB
VmallocChunk:   515984 kB
Sun Nov 15 19:53:39 CST 2009
MemTotal:       513916 kB
MemFree:        473688 kB
Buffers:          3528 kB
Cached:          29176 kB
SwapCached:          0 kB
Active:          16272 kB
Inactive:        19316 kB
SwapTotal:           0 kB
SwapFree:            0 kB
Dirty:            4816 kB
Writeback:           0 kB
AnonPages:        2904 kB
Mapped:           2484 kB
Slab:             3896 kB
SReclaimable:     2228 kB
SUnreclaim:       1668 kB
PageTables:        136 kB
NFS_Unstable:        0 kB
Bounce:              0 kB
CommitLimit:    256956 kB
Committed_AS:     5016 kB
VmallocTotal:   516056 kB
VmallocUsed:        72 kB
VmallocChunk:   515984 kB
Sun Nov 15 19:53:41 CST 2009
MemTotal:       513916 kB
MemFree:        471952 kB
Buffers:          3528 kB
Cached:          29172 kB
SwapCached:          0 kB
Active:          18044 kB
Inactive:        19304 kB
SwapTotal:           0 kB
SwapFree:            0 kB
Dirty:            4812 kB
Writeback:           0 kB
AnonPages:        4668 kB
Mapped:           4956 kB
Slab:             3900 kB
SReclaimable:     2232 kB
SUnreclaim:       1668 kB
PageTables:        140 kB
NFS_Unstable:        0 kB
Bounce:              0 kB
CommitLimit:    256956 kB
Committed_AS:     7124 kB
VmallocTotal:   516056 kB
VmallocUsed:        72 kB
VmallocChunk:   515984 kB
Sun Nov 15 19:53:42 CST 2009
MemTotal:       513916 kB
MemFree:        472572 kB
Buffers:          3536 kB
Cached:          29176 kB
SwapCached:          0 kB
Active:          17400 kB
Inactive:        19308 kB
SwapTotal:           0 kB
SwapFree:            0 kB
Dirty:            4816 kB
Writeback:           0 kB
AnonPages:        4016 kB
Mapped:           3568 kB
Slab:             3900 kB
SReclaimable:     2232 kB
SUnreclaim:       1668 kB
PageTables:        140 kB
NFS_Unstable:        0 kB
Bounce:              0 kB
CommitLimit:    256956 kB
Committed_AS:     6956 kB
VmallocTotal:   516056 kB
VmallocUsed:        72 kB
VmallocChunk:   515984 kB
Sun Nov 15 19:53:43 CST 2009
MemTotal:       513916 kB
MemFree:        472200 kB
Buffers:          3536 kB
Cached:          29184 kB
SwapCached:          0 kB
Active:          17876 kB
Inactive:        19304 kB
SwapTotal:           0 kB
SwapFree:            0 kB
Dirty:            4824 kB
Writeback:           0 kB
AnonPages:        4480 kB
Mapped:           4560 kB
Slab:             3900 kB
SReclaimable:     2232 kB
SUnreclaim:       1668 kB
PageTables:        140 kB
NFS_Unstable:        0 kB
Bounce:              0 kB
CommitLimit:    256956 kB
Committed_AS:     7068 kB
VmallocTotal:   516056 kB
VmallocUsed:        72 kB
VmallocChunk:   515984 kB
Sun Nov 15 19:53:44 CST 2009
MemTotal:       513916 kB
MemFree:        473688 kB
Buffers:          3536 kB
Cached:          29192 kB
SwapCached:          0 kB
Active:          16308 kB
Inactive:        19304 kB
SwapTotal:           0 kB
SwapFree:            0 kB
Dirty:            4832 kB
Writeback:           0 kB
AnonPages:        2904 kB
Mapped:           2496 kB
Slab:             3900 kB
SReclaimable:     2232 kB
SUnreclaim:       1668 kB
PageTables:        136 kB
NFS_Unstable:        0 kB
Bounce:              0 kB
CommitLimit:    256956 kB
Committed_AS:     5012 kB
VmallocTotal:   516056 kB
VmallocUsed:        72 kB
VmallocChunk:   515984 kB
Sun Nov 15 19:53:45 CST 2009
MemTotal:       513916 kB
MemFree:        474680 kB
Buffers:          3536 kB
Cached:          29196 kB
SwapCached:          0 kB
Active:          14836 kB
Inactive:        19296 kB
SwapTotal:           0 kB
SwapFree:            0 kB
Dirty:            4836 kB
Writeback:           0 kB
AnonPages:        1420 kB
Mapped:           1972 kB
Slab:             3904 kB
SReclaimable:     2236 kB
SUnreclaim:       1668 kB
PageTables:        112 kB
NFS_Unstable:        0 kB
Bounce:              0 kB
CommitLimit:    256956 kB
Committed_AS:     3020 kB
VmallocTotal:   516056 kB
VmallocUsed:        72 kB
VmallocChunk:   515984 kB
Sun Nov 15 19:53:46 CST 2009
MemTotal:       513916 kB
MemFree:        471828 kB
Buffers:          3536 kB
Cached:          29196 kB
SwapCached:          0 kB
Active:          18172 kB
Inactive:        19272 kB
SwapTotal:           0 kB
SwapFree:            0 kB
Dirty:            4836 kB
Writeback:           0 kB
AnonPages:        4732 kB
Mapped:           3840 kB
Slab:             3904 kB
SReclaimable:     2236 kB
SUnreclaim:       1668 kB
PageTables:        140 kB
NFS_Unstable:        0 kB
Bounce:              0 kB
CommitLimit:    256956 kB
Committed_AS:     8092 kB
VmallocTotal:   516056 kB
VmallocUsed:        72 kB
VmallocChunk:   515984 kB
Sun Nov 15 19:53:48 CST 2009
MemTotal:       513916 kB
MemFree:        470588 kB
Buffers:          3548 kB
Cached:          29200 kB
SwapCached:          0 kB
Active:          19416 kB
Inactive:        19288 kB
SwapTotal:           0 kB
SwapFree:            0 kB
Dirty:            4840 kB
Writeback:           0 kB
AnonPages:        5976 kB
Mapped:           5716 kB
Slab:             3908 kB
SReclaimable:     2240 kB
SUnreclaim:       1668 kB
PageTables:        144 kB
NFS_Unstable:        0 kB
Bounce:              0 kB
CommitLimit:    256956 kB
Committed_AS:     9300 kB
VmallocTotal:   516056 kB
VmallocUsed:        72 kB
VmallocChunk:   515984 kB
Sun Nov 15 19:53:49 CST 2009
MemTotal:       513916 kB
MemFree:        469968 kB
Buffers:          3548 kB
Cached:          29200 kB
SwapCached:          0 kB
Active:          20092 kB
Inactive:        19288 kB
SwapTotal:           0 kB
SwapFree:            0 kB
Dirty:            4840 kB
Writeback:           0 kB
AnonPages:        6652 kB
Mapped:           5832 kB
Slab:             3908 kB
SReclaimable:     2240 kB
SUnreclaim:       1668 kB
PageTables:        144 kB
NFS_Unstable:        0 kB
Bounce:              0 kB
CommitLimit:    256956 kB
Committed_AS:     9680 kB
VmallocTotal:   516056 kB
VmallocUsed:        72 kB
VmallocChunk:   515984 kB
Sun Nov 15 19:53:50 CST 2009
MemTotal:       513916 kB
MemFree:        474680 kB
Buffers:          3548 kB
Cached:          29208 kB
SwapCached:          0 kB
Active:          14924 kB
Inactive:        19268 kB
SwapTotal:           0 kB
SwapFree:            0 kB
Dirty:            4848 kB
Writeback:           0 kB
AnonPages:        1456 kB
Mapped:           1964 kB
Slab:             3912 kB
SReclaimable:     2244 kB
SUnreclaim:       1668 kB
PageTables:        112 kB
NFS_Unstable:        0 kB
Bounce:              0 kB
CommitLimit:    256956 kB
Committed_AS:     3048 kB
VmallocTotal:   516056 kB
VmallocUsed:        72 kB
VmallocChunk:   515984 kB
Sun Nov 15 19:53:51 CST 2009
MemTotal:       513916 kB
MemFree:        474680 kB
Buffers:          3548 kB
Cached:          29212 kB
SwapCached:          0 kB
Active:          14936 kB
Inactive:        19264 kB
SwapTotal:           0 kB
SwapFree:            0 kB
Dirty:            4852 kB
Writeback:           0 kB
AnonPages:        1460 kB
Mapped:           2020 kB
Slab:             3912 kB
SReclaimable:     2244 kB
SUnreclaim:       1668 kB
PageTables:        124 kB
NFS_Unstable:        0 kB
Bounce:              0 kB
CommitLimit:    256956 kB
Committed_AS:     3452 kB
VmallocTotal:   516056 kB
VmallocUsed:        72 kB
VmallocChunk:   515984 kB
Sun Nov 15 19:53:53 CST 2009
MemTotal:       513916 kB
MemFree:        474680 kB
Buffers:          3556 kB
Cached:          29216 kB
SwapCached:          0 kB
Active:          14980 kB
Inactive:        19264 kB
SwapTotal:           0 kB
SwapFree:            0 kB
Dirty:            4856 kB
Writeback:           0 kB
AnonPages:        1492 kB
Mapped:           2020 kB
Slab:             3912 kB
SReclaimable:     2244 kB
SUnreclaim:       1668 kB
PageTables:        124 kB
NFS_Unstable:        0 kB
Bounce:              0 kB
CommitLimit:    256956 kB
Committed_AS:     3280 kB
VmallocTotal:   516056 kB
VmallocUsed:        72 kB
VmallocChunk:   515984 kB
Sun Nov 15 19:53:54 CST 2009
MemTotal:       513916 kB
MemFree:        473564 kB
Buffers:          3556 kB
Cached:          29220 kB
SwapCached:          0 kB
Active:          16500 kB
Inactive:        19256 kB
SwapTotal:           0 kB
SwapFree:            0 kB
Dirty:            4860 kB
Writeback:           0 kB
AnonPages:        3000 kB
Mapped:           3368 kB
Slab:             3912 kB
SReclaimable:     2244 kB
SUnreclaim:       1668 kB
PageTables:        140 kB
NFS_Unstable:        0 kB
Bounce:              0 kB
CommitLimit:    256956 kB
Committed_AS:     5780 kB
VmallocTotal:   516056 kB
VmallocUsed:        72 kB
VmallocChunk:   515984 kB
Sun Nov 15 19:53:55 CST 2009
MemTotal:       513916 kB
MemFree:        473316 kB
Buffers:          3556 kB
Cached:          29224 kB
SwapCached:          0 kB
Active:          16732 kB
Inactive:        19252 kB
SwapTotal:           0 kB
SwapFree:            0 kB
Dirty:            4864 kB
Writeback:           0 kB
AnonPages:        3224 kB
Mapped:           3520 kB
Slab:             3908 kB
SReclaimable:     2244 kB
SUnreclaim:       1664 kB
PageTables:        140 kB
NFS_Unstable:        0 kB
Bounce:              0 kB
CommitLimit:    256956 kB
Committed_AS:     5920 kB
VmallocTotal:   516056 kB
VmallocUsed:        72 kB
VmallocChunk:   515984 kB
Sun Nov 15 19:53:56 CST 2009
MemTotal:       513916 kB
MemFree:        473316 kB
Buffers:          3556 kB
Cached:          29228 kB
SwapCached:          0 kB
Active:          16736 kB
Inactive:        19248 kB
SwapTotal:           0 kB
SwapFree:            0 kB
Dirty:            4868 kB
Writeback:           0 kB
AnonPages:        3220 kB
Mapped:           3520 kB
Slab:             3908 kB
SReclaimable:     2244 kB
SUnreclaim:       1664 kB
PageTables:        140 kB
NFS_Unstable:        0 kB
Bounce:              0 kB
CommitLimit:    256956 kB
Committed_AS:     5924 kB
VmallocTotal:   516056 kB
VmallocUsed:        72 kB
VmallocChunk:   515984 kB
Sun Nov 15 19:53:58 CST 2009
MemTotal:       513916 kB
MemFree:        474556 kB
Buffers:          3564 kB
Cached:          29240 kB
SwapCached:          0 kB
Active:          15000 kB
Inactive:        19264 kB
SwapTotal:           0 kB
SwapFree:            0 kB
Dirty:            4872 kB
Writeback:           0 kB
AnonPages:        1480 kB
Mapped:           2020 kB
Slab:             3916 kB
SReclaimable:     2252 kB
SUnreclaim:       1664 kB
PageTables:        120 kB
NFS_Unstable:        0 kB
Bounce:              0 kB
CommitLimit:    256956 kB
Committed_AS:     3272 kB
VmallocTotal:   516056 kB
VmallocUsed:        72 kB
VmallocChunk:   515984 kB
Sun Nov 15 19:53:59 CST 2009
MemTotal:       513916 kB
MemFree:        474556 kB
Buffers:          3568 kB
Cached:          29248 kB
SwapCached:          0 kB
Active:          14984 kB
Inactive:        19264 kB
SwapTotal:           0 kB
SwapFree:            0 kB
Dirty:            4880 kB
Writeback:           0 kB
AnonPages:        1444 kB
Mapped:           1972 kB
Slab:             3920 kB
SReclaimable:     2252 kB
SUnreclaim:       1668 kB
PageTables:        112 kB
NFS_Unstable:        0 kB
Bounce:              0 kB
CommitLimit:    256956 kB
Committed_AS:     3040 kB
VmallocTotal:   516056 kB
VmallocUsed:        72 kB
VmallocChunk:   515984 kB
Sun Nov 15 19:54:00 CST 2009
MemTotal:       513916 kB
MemFree:        474308 kB
Buffers:          3568 kB
Cached:          29252 kB
SwapCached:          0 kB
Active:          15764 kB
Inactive:        19260 kB
SwapTotal:           0 kB
SwapFree:            0 kB
Dirty:            4884 kB
Writeback:           0 kB
AnonPages:        2248 kB
Mapped:           3020 kB
Slab:             3920 kB
SReclaimable:     2252 kB
SUnreclaim:       1668 kB
PageTables:        140 kB
NFS_Unstable:        0 kB
Bounce:              0 kB
CommitLimit:    256956 kB
Committed_AS:     5488 kB
VmallocTotal:   516056 kB
VmallocUsed:        72 kB
VmallocChunk:   515984 kB
Sun Nov 15 19:54:01 CST 2009
MemTotal:       513916 kB
MemFree:        474556 kB
Buffers:          3568 kB
Cached:          29256 kB
SwapCached:          0 kB
Active:          15112 kB
Inactive:        19256 kB
SwapTotal:           0 kB
SwapFree:            0 kB
Dirty:            4888 kB
Writeback:           0 kB
AnonPages:        1564 kB
Mapped:           2140 kB
Slab:             3920 kB
SReclaimable:     2252 kB
SUnreclaim:       1668 kB
PageTables:        128 kB
NFS_Unstable:        0 kB
Bounce:              0 kB
CommitLimit:    256956 kB
Committed_AS:     3452 kB
VmallocTotal:   516056 kB
VmallocUsed:        72 kB
VmallocChunk:   515984 kB
Sun Nov 15 19:54:02 CST 2009
MemTotal:       513916 kB
MemFree:        474432 kB
Buffers:          3576 kB
Cached:          29260 kB
SwapCached:          0 kB
Active:          15180 kB
Inactive:        19264 kB
SwapTotal:           0 kB
SwapFree:            0 kB
Dirty:            4896 kB
Writeback:           0 kB
AnonPages:        1628 kB
Mapped:           2228 kB
Slab:             3916 kB
SReclaimable:     2252 kB
SUnreclaim:       1664 kB
PageTables:        136 kB
NFS_Unstable:        0 kB
Bounce:              0 kB
CommitLimit:    256956 kB
Committed_AS:     3840 kB
VmallocTotal:   516056 kB
VmallocUsed:        72 kB
VmallocChunk:   515984 kB
Sun Nov 15 19:54:04 CST 2009
MemTotal:       513916 kB
MemFree:        471952 kB
Buffers:          3576 kB
Cached:          29260 kB
SwapCached:          0 kB
Active:          18096 kB
Inactive:        19256 kB
SwapTotal:           0 kB
SwapFree:            0 kB
Dirty:            4896 kB
Writeback:           0 kB
AnonPages:        4548 kB
Mapped:           4388 kB
Slab:             3920 kB
SReclaimable:     2256 kB
SUnreclaim:       1664 kB
PageTables:        140 kB
NFS_Unstable:        0 kB
Bounce:              0 kB
CommitLimit:    256956 kB
Committed_AS:     7080 kB
VmallocTotal:   516056 kB
VmallocUsed:        72 kB
VmallocChunk:   515984 kB
Sun Nov 15 19:54:05 CST 2009
MemTotal:       513916 kB
MemFree:        474432 kB
Buffers:          3580 kB
Cached:          29268 kB
SwapCached:          0 kB
Active:          15444 kB
Inactive:        19252 kB
SwapTotal:           0 kB
SwapFree:            0 kB
Dirty:            4904 kB
Writeback:           0 kB
AnonPages:        1848 kB
Mapped:           2304 kB
Slab:             3920 kB
SReclaimable:     2256 kB
SUnreclaim:       1664 kB
PageTables:        140 kB
NFS_Unstable:        0 kB
Bounce:              0 kB
CommitLimit:    256956 kB
Committed_AS:     5484 kB
VmallocTotal:   516056 kB
VmallocUsed:        72 kB
VmallocChunk:   515984 kB
Sun Nov 15 19:54:07 CST 2009
MemTotal:       513916 kB
MemFree:        474556 kB
Buffers:          3580 kB
Cached:          29276 kB
SwapCached:          0 kB
Active:          15096 kB
Inactive:        19244 kB
SwapTotal:           0 kB
SwapFree:            0 kB
Dirty:            4912 kB
Writeback:           0 kB
AnonPages:        1504 kB
Mapped:           2040 kB
Slab:             3916 kB
SReclaimable:     2256 kB
SUnreclaim:       1660 kB
PageTables:        124 kB
NFS_Unstable:        0 kB
Bounce:              0 kB
CommitLimit:    256956 kB
Committed_AS:     3416 kB
VmallocTotal:   516056 kB
VmallocUsed:        72 kB
VmallocChunk:   515984 kB
Sun Nov 15 19:54:08 CST 2009
MemTotal:       513916 kB
MemFree:        474432 kB
Buffers:          3588 kB
Cached:          29280 kB
SwapCached:          0 kB
Active:          15132 kB
Inactive:        19244 kB
SwapTotal:           0 kB
SwapFree:            0 kB
Dirty:            4920 kB
Writeback:           0 kB
AnonPages:        1528 kB
Mapped:           2032 kB
Slab:             3916 kB
SReclaimable:     2256 kB
SUnreclaim:       1660 kB
PageTables:        124 kB
NFS_Unstable:        0 kB
Bounce:              0 kB
CommitLimit:    256956 kB
Committed_AS:     3440 kB
VmallocTotal:   516056 kB
VmallocUsed:        72 kB
VmallocChunk:   515984 kB
Sun Nov 15 19:54:09 CST 2009
MemTotal:       513916 kB
MemFree:        471952 kB
Buffers:          3588 kB
Cached:          29280 kB
SwapCached:          0 kB
Active:          18156 kB
Inactive:        19224 kB
SwapTotal:           0 kB
SwapFree:            0 kB
Dirty:            4920 kB
Writeback:           0 kB
AnonPages:        4532 kB
Mapped:           3940 kB
Slab:             3916 kB
SReclaimable:     2256 kB
SUnreclaim:       1660 kB
PageTables:        140 kB
NFS_Unstable:        0 kB
Bounce:              0 kB
CommitLimit:    256956 kB
Committed_AS:     7196 kB
VmallocTotal:   516056 kB
VmallocUsed:        72 kB
VmallocChunk:   515984 kB
Sun Nov 15 19:54:10 CST 2009
MemTotal:       513916 kB
MemFree:        474432 kB
Buffers:          3588 kB
Cached:          29284 kB
SwapCached:          0 kB
Active:          15472 kB
Inactive:        19224 kB
SwapTotal:           0 kB
SwapFree:            0 kB
Dirty:            4924 kB
Writeback:           0 kB
AnonPages:        1844 kB
Mapped:           2352 kB
Slab:             3924 kB
SReclaimable:     2260 kB
SUnreclaim:       1664 kB
PageTables:        140 kB
NFS_Unstable:        0 kB
Bounce:              0 kB
CommitLimit:    256956 kB
Committed_AS:     5484 kB
VmallocTotal:   516056 kB
VmallocUsed:        72 kB
VmallocChunk:   515984 kB
Sun Nov 15 19:54:11 CST 2009
MemTotal:       513916 kB
MemFree:        474556 kB
Buffers:          3588 kB
Cached:          29288 kB
SwapCached:          0 kB
Active:          15124 kB
Inactive:        19220 kB
SwapTotal:           0 kB
SwapFree:            0 kB
Dirty:            4928 kB
Writeback:           0 kB
AnonPages:        1488 kB
Mapped:           2020 kB
Slab:             3928 kB
SReclaimable:     2264 kB
SUnreclaim:       1664 kB
PageTables:        124 kB
NFS_Unstable:        0 kB
Bounce:              0 kB
CommitLimit:    256956 kB
Committed_AS:     3580 kB
VmallocTotal:   516056 kB
VmallocUsed:        72 kB
VmallocChunk:   515984 kB
Sun Nov 15 19:54:13 CST 2009
MemTotal:       513916 kB
MemFree:        474432 kB
Buffers:          3596 kB
Cached:          29292 kB
SwapCached:          0 kB
Active:          15136 kB
Inactive:        19224 kB
SwapTotal:           0 kB
SwapFree:            0 kB
Dirty:            4932 kB
Writeback:           0 kB
AnonPages:        1492 kB
Mapped:           2020 kB
Slab:             3928 kB
SReclaimable:     2264 kB
SUnreclaim:       1664 kB
PageTables:        124 kB
NFS_Unstable:        0 kB
Bounce:              0 kB
CommitLimit:    256956 kB
Committed_AS:     3576 kB
VmallocTotal:   516056 kB
VmallocUsed:        72 kB
VmallocChunk:   515984 kB
Sun Nov 15 19:54:14 CST 2009
MemTotal:       513916 kB
MemFree:        474432 kB
Buffers:          3596 kB
Cached:          29300 kB
SwapCached:          0 kB
Active:          15292 kB
Inactive:        19220 kB
SwapTotal:           0 kB
SwapFree:            0 kB
Dirty:            4940 kB
Writeback:           0 kB
AnonPages:        1636 kB
Mapped:           2192 kB
Slab:             3928 kB
SReclaimable:     2264 kB
SUnreclaim:       1664 kB
PageTables:        140 kB
NFS_Unstable:        0 kB
Bounce:              0 kB
CommitLimit:    256956 kB
Committed_AS:     4320 kB
VmallocTotal:   516056 kB
VmallocUsed:        72 kB
VmallocChunk:   515984 kB
Sun Nov 15 19:54:15 CST 2009
MemTotal:       513916 kB
MemFree:        471828 kB
Buffers:          3596 kB
Cached:          29300 kB
SwapCached:          0 kB
Active:          18288 kB
Inactive:        19208 kB
SwapTotal:           0 kB
SwapFree:            0 kB
Dirty:            4940 kB
Writeback:           0 kB
AnonPages:        4620 kB
Mapped:           4052 kB
Slab:             3928 kB
SReclaimable:     2264 kB
SUnreclaim:       1664 kB
PageTables:        140 kB
NFS_Unstable:        0 kB
Bounce:              0 kB
CommitLimit:    256956 kB
Committed_AS:     7236 kB
VmallocTotal:   516056 kB
VmallocUsed:        72 kB
VmallocChunk:   515984 kB
Sun Nov 15 19:54:16 CST 2009
MemTotal:       513916 kB
MemFree:        473068 kB
Buffers:          3596 kB
Cached:          29304 kB
SwapCached:          0 kB
Active:          16988 kB
Inactive:        19200 kB
SwapTotal:           0 kB
SwapFree:            0 kB
Dirty:            4944 kB
Writeback:           0 kB
AnonPages:        3308 kB
Mapped:           3552 kB
Slab:             3928 kB
SReclaimable:     2264 kB
SUnreclaim:       1664 kB
PageTables:        140 kB
NFS_Unstable:        0 kB
Bounce:              0 kB
CommitLimit:    256956 kB
Committed_AS:     6048 kB
VmallocTotal:   516056 kB
VmallocUsed:        72 kB
VmallocChunk:   515984 kB
Sun Nov 15 19:54:18 CST 2009
MemTotal:       513916 kB
MemFree:        474432 kB
Buffers:          3604 kB
Cached:          29308 kB
SwapCached:          0 kB
Active:          15316 kB
Inactive:        19208 kB
SwapTotal:           0 kB
SwapFree:            0 kB
Dirty:            4948 kB
Writeback:           0 kB
AnonPages:        1632 kB
Mapped:           2200 kB
Slab:             3928 kB
SReclaimable:     2264 kB
SUnreclaim:       1664 kB
PageTables:        140 kB
NFS_Unstable:        0 kB
Bounce:              0 kB
CommitLimit:    256956 kB
Committed_AS:     4304 kB
VmallocTotal:   516056 kB
VmallocUsed:        72 kB
VmallocChunk:   515984 kB
Sun Nov 15 19:54:19 CST 2009
MemTotal:       513916 kB
MemFree:        473688 kB
Buffers:          3604 kB
Cached:          29312 kB
SwapCached:          0 kB
Active:          16348 kB
Inactive:        19204 kB
SwapTotal:           0 kB
SwapFree:            0 kB
Dirty:            4952 kB
Writeback:           0 kB
AnonPages:        2656 kB
Mapped:           3196 kB
Slab:             3928 kB
SReclaimable:     2264 kB
SUnreclaim:       1664 kB
PageTables:        140 kB
NFS_Unstable:        0 kB
Bounce:              0 kB
CommitLimit:    256956 kB
Committed_AS:     5620 kB
VmallocTotal:   516056 kB
VmallocUsed:        72 kB
VmallocChunk:   515984 kB
Sun Nov 15 19:54:20 CST 2009
MemTotal:       513916 kB
MemFree:        474432 kB
Buffers:          3604 kB
Cached:          29316 kB
SwapCached:          0 kB
Active:          15288 kB
Inactive:        19192 kB
SwapTotal:           0 kB
SwapFree:            0 kB
Dirty:            4956 kB
Writeback:           0 kB
AnonPages:        1580 kB
Mapped:           2136 kB
Slab:             3928 kB
SReclaimable:     2264 kB
SUnreclaim:       1664 kB
PageTables:        124 kB
NFS_Unstable:        0 kB
Bounce:              0 kB
CommitLimit:    256956 kB
Committed_AS:     3576 kB
VmallocTotal:   516056 kB
VmallocUsed:        72 kB
VmallocChunk:   515984 kB
Sun Nov 15 19:54:21 CST 2009
MemTotal:       513916 kB
MemFree:        471952 kB
Buffers:          3604 kB
Cached:          29316 kB
SwapCached:          0 kB
Active:          18112 kB
Inactive:        19188 kB
SwapTotal:           0 kB
SwapFree:            0 kB
Dirty:            4956 kB
Writeback:           0 kB
AnonPages:        4400 kB
Mapped:           5004 kB
Slab:             3932 kB
SReclaimable:     2268 kB
SUnreclaim:       1664 kB
PageTables:        140 kB
NFS_Unstable:        0 kB
Bounce:              0 kB
CommitLimit:    256956 kB
Committed_AS:     7188 kB
VmallocTotal:   516056 kB
VmallocUsed:        72 kB
VmallocChunk:   515984 kB
Sun Nov 15 19:54:23 CST 2009
MemTotal:       513916 kB
MemFree:        472448 kB
Buffers:          3612 kB
Cached:          29324 kB
SwapCached:          0 kB
Active:          17700 kB
Inactive:        19192 kB
SwapTotal:           0 kB
SwapFree:            0 kB
Dirty:            4964 kB
Writeback:           0 kB
AnonPages:        3976 kB
Mapped:           3568 kB
Slab:             3932 kB
SReclaimable:     2268 kB
SUnreclaim:       1664 kB
PageTables:        140 kB
NFS_Unstable:        0 kB
Bounce:              0 kB
CommitLimit:    256956 kB
Committed_AS:     7248 kB
VmallocTotal:   516056 kB
VmallocUsed:        72 kB
VmallocChunk:   515984 kB
Sun Nov 15 19:54:24 CST 2009
MemTotal:       513916 kB
MemFree:        472324 kB
Buffers:          3612 kB
Cached:          29328 kB
SwapCached:          0 kB
Active:          17816 kB
Inactive:        19188 kB
SwapTotal:           0 kB
SwapFree:            0 kB
Dirty:            4968 kB
Writeback:           0 kB
AnonPages:        4084 kB
Mapped:           3568 kB
Slab:             3936 kB
SReclaimable:     2272 kB
SUnreclaim:       1664 kB
PageTables:        140 kB
NFS_Unstable:        0 kB
Bounce:              0 kB
CommitLimit:    256956 kB
Committed_AS:     7064 kB
VmallocTotal:   516056 kB
VmallocUsed:        72 kB
VmallocChunk:   515984 kB
Sun Nov 15 19:54:25 CST 2009
MemTotal:       513916 kB
MemFree:        473068 kB
Buffers:          3612 kB
Cached:          29332 kB
SwapCached:          0 kB
Active:          16988 kB
Inactive:        19184 kB
SwapTotal:           0 kB
SwapFree:            0 kB
Dirty:            4972 kB
Writeback:           0 kB
AnonPages:        3248 kB
Mapped:           3544 kB
Slab:             3936 kB
SReclaimable:     2272 kB
SUnreclaim:       1664 kB
PageTables:        140 kB
NFS_Unstable:        0 kB
Bounce:              0 kB
CommitLimit:    256956 kB
Committed_AS:     6068 kB
VmallocTotal:   516056 kB
VmallocUsed:        72 kB
VmallocChunk:   515984 kB
Sun Nov 15 19:54:27 CST 2009
MemTotal:       513916 kB
MemFree:        474432 kB
Buffers:          3612 kB
Cached:          29336 kB
SwapCached:          0 kB
Active:          15224 kB
Inactive:        19180 kB
SwapTotal:           0 kB
SwapFree:            0 kB
Dirty:            4976 kB
Writeback:           0 kB
AnonPages:        1476 kB
Mapped:           1972 kB
Slab:             3932 kB
SReclaimable:     2272 kB
SUnreclaim:       1660 kB
PageTables:        112 kB
NFS_Unstable:        0 kB
Bounce:              0 kB
CommitLimit:    256956 kB
Committed_AS:     3172 kB
VmallocTotal:   516056 kB
VmallocUsed:        72 kB
VmallocChunk:   515984 kB
Sun Nov 15 19:54:28 CST 2009
MemTotal:       513916 kB
MemFree:        471704 kB
Buffers:          3620 kB
Cached:          29336 kB
SwapCached:          0 kB
Active:          18448 kB
Inactive:        19172 kB
SwapTotal:           0 kB
SwapFree:            0 kB
Dirty:            4976 kB
Writeback:           0 kB
AnonPages:        4684 kB
Mapped:           3920 kB
Slab:             3932 kB
SReclaimable:     2272 kB
SUnreclaim:       1660 kB
PageTables:        140 kB
NFS_Unstable:        0 kB
Bounce:              0 kB
CommitLimit:    256956 kB
Committed_AS:     7160 kB
VmallocTotal:   516056 kB
VmallocUsed:        72 kB
VmallocChunk:   515984 kB
Sun Nov 15 19:54:29 CST 2009
MemTotal:       513916 kB
MemFree:        473316 kB
Buffers:          3620 kB
Cached:          29340 kB
SwapCached:          0 kB
Active:          16780 kB
Inactive:        19172 kB
SwapTotal:           0 kB
SwapFree:            0 kB
Dirty:            4980 kB
Writeback:           0 kB
AnonPages:        3012 kB
Mapped:           3376 kB
Slab:             3936 kB
SReclaimable:     2276 kB
SUnreclaim:       1660 kB
PageTables:        140 kB
NFS_Unstable:        0 kB
Bounce:              0 kB
CommitLimit:    256956 kB
Committed_AS:     5912 kB
VmallocTotal:   516056 kB
VmallocUsed:        72 kB
VmallocChunk:   515984 kB
Sun Nov 15 19:54:30 CST 2009
MemTotal:       513916 kB
MemFree:        473812 kB
Buffers:          3620 kB
Cached:          29348 kB
SwapCached:          0 kB
Active:          16316 kB
Inactive:        19168 kB
SwapTotal:           0 kB
SwapFree:            0 kB
Dirty:            4988 kB
Writeback:           0 kB
AnonPages:        2536 kB
Mapped:           3160 kB
Slab:             3940 kB
SReclaimable:     2276 kB
SUnreclaim:       1664 kB
PageTables:        140 kB
NFS_Unstable:        0 kB
Bounce:              0 kB
CommitLimit:    256956 kB
Committed_AS:     5624 kB
VmallocTotal:   516056 kB
VmallocUsed:        72 kB
VmallocChunk:   515984 kB
Sun Nov 15 19:54:32 CST 2009
MemTotal:       513916 kB
MemFree:        474308 kB
Buffers:          3620 kB
Cached:          29352 kB
SwapCached:          0 kB
Active:          15704 kB
Inactive:        19164 kB
SwapTotal:           0 kB
SwapFree:            0 kB
Dirty:            4992 kB
Writeback:           0 kB
AnonPages:        1916 kB
Mapped:           2648 kB
Slab:             3936 kB
SReclaimable:     2276 kB
SUnreclaim:       1660 kB
PageTables:        140 kB
NFS_Unstable:        0 kB
Bounce:              0 kB
CommitLimit:    256956 kB
Committed_AS:     5616 kB
VmallocTotal:   516056 kB
VmallocUsed:        72 kB
VmallocChunk:   515984 kB
Sun Nov 15 19:54:33 CST 2009
MemTotal:       513916 kB
MemFree:        474308 kB
Buffers:          3628 kB
Cached:          29356 kB
SwapCached:          0 kB
Active:          15388 kB
Inactive:        19168 kB
SwapTotal:           0 kB
SwapFree:            0 kB
Dirty:            4996 kB
Writeback:           0 kB
AnonPages:        1592 kB
Mapped:           2112 kB
Slab:             3936 kB
SReclaimable:     2276 kB
SUnreclaim:       1660 kB
PageTables:        124 kB
NFS_Unstable:        0 kB
Bounce:              0 kB
CommitLimit:    256956 kB
Committed_AS:     3580 kB
VmallocTotal:   516056 kB
VmallocUsed:        72 kB
VmallocChunk:   515984 kB
Sun Nov 15 19:54:34 CST 2009
MemTotal:       513916 kB
MemFree:        471580 kB
Buffers:          3628 kB
Cached:          29356 kB
SwapCached:          0 kB
Active:          18504 kB
Inactive:        19160 kB
SwapTotal:           0 kB
SwapFree:            0 kB
Dirty:            4996 kB
Writeback:           0 kB
AnonPages:        4700 kB
Mapped:           5548 kB
Slab:             3936 kB
SReclaimable:     2276 kB
SUnreclaim:       1660 kB
PageTables:        140 kB
NFS_Unstable:        0 kB
Bounce:              0 kB
CommitLimit:    256956 kB
Committed_AS:     7196 kB
VmallocTotal:   516056 kB
VmallocUsed:        72 kB
VmallocChunk:   515984 kB
Sun Nov 15 19:54:35 CST 2009
MemTotal:       513916 kB
MemFree:        473688 kB
Buffers:          3628 kB
Cached:          29360 kB
SwapCached:          0 kB
Active:          16416 kB
Inactive:        19156 kB
SwapTotal:           0 kB
SwapFree:            0 kB
Dirty:            5000 kB
Writeback:           0 kB
AnonPages:        2604 kB
Mapped:           3308 kB
Slab:             3936 kB
SReclaimable:     2276 kB
SUnreclaim:       1660 kB
PageTables:        140 kB
NFS_Unstable:        0 kB
Bounce:              0 kB
CommitLimit:    256956 kB
Committed_AS:     5620 kB
VmallocTotal:   516056 kB
VmallocUsed:        72 kB
VmallocChunk:   515984 kB
Sun Nov 15 19:54:37 CST 2009
MemTotal:       513916 kB
MemFree:        473440 kB
Buffers:          3628 kB
Cached:          29364 kB
SwapCached:          0 kB
Active:          16748 kB
Inactive:        19156 kB
SwapTotal:           0 kB
SwapFree:            0 kB
Dirty:            5004 kB
Writeback:           0 kB
AnonPages:        2932 kB
Mapped:           3228 kB
Slab:             3932 kB
SReclaimable:     2276 kB
SUnreclaim:       1656 kB
PageTables:        140 kB
NFS_Unstable:        0 kB
Bounce:              0 kB
CommitLimit:    256956 kB
Committed_AS:     5916 kB
VmallocTotal:   516056 kB
VmallocUsed:        72 kB
VmallocChunk:   515984 kB
Sun Nov 15 19:54:38 CST 2009
MemTotal:       513916 kB
MemFree:        474060 kB
Buffers:          3636 kB
Cached:          29372 kB
SwapCached:          0 kB
Active:          15612 kB
Inactive:        19160 kB
SwapTotal:           0 kB
SwapFree:            0 kB
Dirty:            5012 kB
Writeback:           0 kB
AnonPages:        1816 kB
Mapped:           2332 kB
Slab:             3932 kB
SReclaimable:     2276 kB
SUnreclaim:       1656 kB
PageTables:        136 kB
NFS_Unstable:        0 kB
Bounce:              0 kB
CommitLimit:    256956 kB
Committed_AS:     3980 kB
VmallocTotal:   516056 kB
VmallocUsed:        72 kB
VmallocChunk:   515984 kB
Sun Nov 15 19:54:39 CST 2009
MemTotal:       513916 kB
MemFree:        472076 kB
Buffers:          3636 kB
Cached:          29372 kB
SwapCached:          0 kB
Active:          18120 kB
Inactive:        19152 kB
SwapTotal:           0 kB
SwapFree:            0 kB
Dirty:            5012 kB
Writeback:           0 kB
AnonPages:        4284 kB
Mapped:           3568 kB
Slab:             3940 kB
SReclaimable:     2284 kB
SUnreclaim:       1656 kB
PageTables:        140 kB
NFS_Unstable:        0 kB
Bounce:              0 kB
CommitLimit:    256956 kB
Committed_AS:     7196 kB
VmallocTotal:   516056 kB
VmallocUsed:        72 kB
VmallocChunk:   515984 kB
Sun Nov 15 19:54:41 CST 2009
MemTotal:       513916 kB
MemFree:        472448 kB
Buffers:          3636 kB
Cached:          29376 kB
SwapCached:          0 kB
Active:          17636 kB
Inactive:        19148 kB
SwapTotal:           0 kB
SwapFree:            0 kB
Dirty:            5016 kB
Writeback:           0 kB
AnonPages:        3792 kB
Mapped:           3564 kB
Slab:             3940 kB
SReclaimable:     2284 kB
SUnreclaim:       1656 kB
PageTables:        140 kB
NFS_Unstable:        0 kB
Bounce:              0 kB
CommitLimit:    256956 kB
Committed_AS:     7076 kB
VmallocTotal:   516056 kB
VmallocUsed:        72 kB
VmallocChunk:   515984 kB
Sun Nov 15 19:54:42 CST 2009
MemTotal:       513916 kB
MemFree:        472696 kB
Buffers:          3636 kB
Cached:          29380 kB
SwapCached:          0 kB
Active:          17396 kB
Inactive:        19144 kB
SwapTotal:           0 kB
SwapFree:            0 kB
Dirty:            5020 kB
Writeback:           0 kB
AnonPages:        3544 kB
Mapped:           3564 kB
Slab:             3940 kB
SReclaimable:     2284 kB
SUnreclaim:       1656 kB
PageTables:        140 kB
NFS_Unstable:        0 kB
Bounce:              0 kB
CommitLimit:    256956 kB
Committed_AS:     6052 kB
VmallocTotal:   516056 kB
VmallocUsed:        72 kB
VmallocChunk:   515984 kB
Sun Nov 15 19:54:43 CST 2009
MemTotal:       513916 kB
MemFree:        472820 kB
Buffers:          3644 kB
Cached:          29384 kB
SwapCached:          0 kB
Active:          17368 kB
Inactive:        19148 kB
SwapTotal:           0 kB
SwapFree:            0 kB
Dirty:            5024 kB
Writeback:           0 kB
AnonPages:        3508 kB
Mapped:           3564 kB
Slab:             3944 kB
SReclaimable:     2288 kB
SUnreclaim:       1656 kB
PageTables:        140 kB
NFS_Unstable:        0 kB
Bounce:              0 kB
CommitLimit:    256956 kB
Committed_AS:     6048 kB
VmallocTotal:   516056 kB
VmallocUsed:        72 kB
VmallocChunk:   515984 kB
Sun Nov 15 19:54:45 CST 2009
MemTotal:       513916 kB
MemFree:        472820 kB
Buffers:          3644 kB
Cached:          29388 kB
SwapCached:          0 kB
Active:          17280 kB
Inactive:        19144 kB
SwapTotal:           0 kB
SwapFree:            0 kB
Dirty:            5028 kB
Writeback:           0 kB
AnonPages:        3412 kB
Mapped:           3556 kB
Slab:             3944 kB
SReclaimable:     2288 kB
SUnreclaim:       1656 kB
PageTables:        140 kB
NFS_Unstable:        0 kB
Bounce:              0 kB
CommitLimit:    256956 kB
Committed_AS:     6052 kB
VmallocTotal:   516056 kB
VmallocUsed:        72 kB
VmallocChunk:   515984 kB
Sun Nov 15 19:54:46 CST 2009
MemTotal:       513916 kB
MemFree:        474184 kB
Buffers:          3644 kB
Cached:          29396 kB
SwapCached:          0 kB
Active:          15792 kB
Inactive:        19144 kB
SwapTotal:           0 kB
SwapFree:            0 kB
Dirty:            5036 kB
Writeback:           0 kB
AnonPages:        1916 kB
Mapped:           2536 kB
Slab:             3944 kB
SReclaimable:     2288 kB
SUnreclaim:       1656 kB
PageTables:        140 kB
NFS_Unstable:        0 kB
Bounce:              0 kB
CommitLimit:    256956 kB
Committed_AS:     5620 kB
VmallocTotal:   516056 kB
VmallocUsed:        72 kB
VmallocChunk:   515984 kB
Sun Nov 15 19:54:47 CST 2009
MemTotal:       513916 kB
MemFree:        472200 kB
Buffers:          3644 kB
Cached:          29400 kB
SwapCached:          0 kB
Active:          17980 kB
Inactive:        19132 kB
SwapTotal:           0 kB
SwapFree:            0 kB
Dirty:            5040 kB
Writeback:           0 kB
AnonPages:        4088 kB
Mapped:           3576 kB
Slab:             3944 kB
SReclaimable:     2288 kB
SUnreclaim:       1656 kB
PageTables:        140 kB
NFS_Unstable:        0 kB
Bounce:              0 kB
CommitLimit:    256956 kB
Committed_AS:     7244 kB
VmallocTotal:   516056 kB
VmallocUsed:        72 kB
VmallocChunk:   515984 kB
Sun Nov 15 19:54:48 CST 2009
MemTotal:       513916 kB
MemFree:        471828 kB
Buffers:          3652 kB
Cached:          29412 kB
SwapCached:          0 kB
Active:          18348 kB
Inactive:        19144 kB
SwapTotal:           0 kB
SwapFree:            0 kB
Dirty:            5044 kB
Writeback:           0 kB
AnonPages:        4436 kB
Mapped:           3568 kB
Slab:             3952 kB
SReclaimable:     2296 kB
SUnreclaim:       1656 kB
PageTables:        140 kB
NFS_Unstable:        0 kB
Bounce:              0 kB
CommitLimit:    256956 kB
Committed_AS:     7204 kB
VmallocTotal:   516056 kB
VmallocUsed:        72 kB
VmallocChunk:   515984 kB
Sun Nov 15 19:54:50 CST 2009
MemTotal:       513916 kB
MemFree:        472696 kB
Buffers:          3652 kB
Cached:          29416 kB
SwapCached:          0 kB
Active:          17500 kB
Inactive:        19140 kB
SwapTotal:           0 kB
SwapFree:            0 kB
Dirty:            5048 kB
Writeback:           0 kB
AnonPages:        3592 kB
Mapped:           3564 kB
Slab:             3952 kB
SReclaimable:     2296 kB
SUnreclaim:       1656 kB
PageTables:        140 kB
NFS_Unstable:        0 kB
Bounce:              0 kB
CommitLimit:    256956 kB
Committed_AS:     6048 kB
VmallocTotal:   516056 kB
VmallocUsed:        72 kB
VmallocChunk:   515984 kB
Sun Nov 15 19:54:51 CST 2009
MemTotal:       513916 kB
MemFree:        471952 kB
Buffers:          3652 kB
Cached:          29420 kB
SwapCached:          0 kB
Active:          18220 kB
Inactive:        19136 kB
SwapTotal:           0 kB
SwapFree:            0 kB
Dirty:            5052 kB
Writeback:           0 kB
AnonPages:        4304 kB
Mapped:           3568 kB
Slab:             3944 kB
SReclaimable:     2296 kB
SUnreclaim:       1648 kB
PageTables:        140 kB
NFS_Unstable:        0 kB
Bounce:              0 kB
CommitLimit:    256956 kB
Committed_AS:     7192 kB
VmallocTotal:   516056 kB
VmallocUsed:        72 kB
VmallocChunk:   515984 kB
Sun Nov 15 19:54:52 CST 2009
MemTotal:       513916 kB
MemFree:        471828 kB
Buffers:          3652 kB
Cached:          29424 kB
SwapCached:          0 kB
Active:          18388 kB
Inactive:        19132 kB
SwapTotal:           0 kB
SwapFree:            0 kB
Dirty:            5056 kB
Writeback:           0 kB
AnonPages:        4464 kB
Mapped:           4088 kB
Slab:             3944 kB
SReclaimable:     2296 kB
SUnreclaim:       1648 kB
PageTables:        140 kB
NFS_Unstable:        0 kB
Bounce:              0 kB
CommitLimit:    256956 kB
Committed_AS:     7184 kB
VmallocTotal:   516056 kB
VmallocUsed:        72 kB
VmallocChunk:   515984 kB
Sun Nov 15 19:54:53 CST 2009
MemTotal:       513916 kB
MemFree:        471952 kB
Buffers:          3664 kB
Cached:          29428 kB
SwapCached:          0 kB
Active:          18140 kB
Inactive:        19136 kB
SwapTotal:           0 kB
SwapFree:            0 kB
Dirty:            5064 kB
Writeback:           0 kB
AnonPages:        4204 kB
Mapped:           3568 kB
Slab:             3948 kB
SReclaimable:     2296 kB
SUnreclaim:       1652 kB
PageTables:        140 kB
NFS_Unstable:        0 kB
Bounce:              0 kB
CommitLimit:    256956 kB
Committed_AS:     7088 kB
VmallocTotal:   516056 kB
VmallocUsed:        72 kB
VmallocChunk:   515984 kB
Sun Nov 15 19:54:54 CST 2009
MemTotal:       513916 kB
MemFree:        472324 kB
Buffers:          3664 kB
Cached:          29436 kB
SwapCached:          0 kB
Active:          17888 kB
Inactive:        19128 kB
SwapTotal:           0 kB
SwapFree:            0 kB
Dirty:            5072 kB
Writeback:           0 kB
AnonPages:        3936 kB
Mapped:           3576 kB
Slab:             3952 kB
SReclaimable:     2296 kB
SUnreclaim:       1656 kB
PageTables:        140 kB
NFS_Unstable:        0 kB
Bounce:              0 kB
CommitLimit:    256956 kB
Committed_AS:     7080 kB
VmallocTotal:   516056 kB
VmallocUsed:        72 kB
VmallocChunk:   515984 kB
Sun Nov 15 19:54:56 CST 2009
MemTotal:       513916 kB
MemFree:        471952 kB
Buffers:          3664 kB
Cached:          29440 kB
SwapCached:          0 kB
Active:          18284 kB
Inactive:        19104 kB
SwapTotal:           0 kB
SwapFree:            0 kB
Dirty:            5076 kB
Writeback:           0 kB
AnonPages:        4304 kB
Mapped:           3588 kB
Slab:             3952 kB
SReclaimable:     2296 kB
SUnreclaim:       1656 kB
PageTables:        140 kB
NFS_Unstable:        0 kB
Bounce:              0 kB
CommitLimit:    256956 kB
Committed_AS:     7128 kB
VmallocTotal:   516056 kB
VmallocUsed:        72 kB
VmallocChunk:   515984 kB
Sun Nov 15 19:54:57 CST 2009
MemTotal:       513916 kB
MemFree:        472324 kB
Buffers:          3664 kB
Cached:          29444 kB
SwapCached:          0 kB
Active:          17892 kB
Inactive:        19096 kB
SwapTotal:           0 kB
SwapFree:            0 kB
Dirty:            5080 kB
Writeback:           0 kB
AnonPages:        3900 kB
Mapped:           3576 kB
Slab:             3956 kB
SReclaimable:     2300 kB
SUnreclaim:       1656 kB
PageTables:        140 kB
NFS_Unstable:        0 kB
Bounce:              0 kB
CommitLimit:    256956 kB
Committed_AS:     7080 kB
VmallocTotal:   516056 kB
VmallocUsed:        72 kB
VmallocChunk:   515984 kB
Sun Nov 15 19:54:58 CST 2009
MemTotal:       513916 kB
MemFree:        472200 kB
Buffers:          3672 kB
Cached:          29448 kB
SwapCached:          0 kB
Active:          17964 kB
Inactive:        19100 kB
SwapTotal:           0 kB
SwapFree:            0 kB
Dirty:            5084 kB
Writeback:           0 kB
AnonPages:        3964 kB
Mapped:           3568 kB
Slab:             3956 kB
SReclaimable:     2300 kB
SUnreclaim:       1656 kB
PageTables:        140 kB
NFS_Unstable:        0 kB
Bounce:              0 kB
CommitLimit:    256956 kB
Committed_AS:     7076 kB
VmallocTotal:   516056 kB
VmallocUsed:        72 kB
VmallocChunk:   515984 kB
Sun Nov 15 19:54:59 CST 2009
MemTotal:       513916 kB
MemFree:        471704 kB
Buffers:          3672 kB
Cached:          29452 kB
SwapCached:          0 kB
Active:          18432 kB
Inactive:        19096 kB
SwapTotal:           0 kB
SwapFree:            0 kB
Dirty:            5088 kB
Writeback:           0 kB
AnonPages:        4424 kB
Mapped:           4336 kB
Slab:             3964 kB
SReclaimable:     2304 kB
SUnreclaim:       1660 kB
PageTables:        140 kB
NFS_Unstable:        0 kB
Bounce:              0 kB
CommitLimit:    256956 kB
Committed_AS:     7188 kB
VmallocTotal:   516056 kB
VmallocUsed:        72 kB
VmallocChunk:   515984 kB
Sun Nov 15 19:55:00 CST 2009
MemTotal:       513916 kB
MemFree:        474184 kB
Buffers:          3680 kB
Cached:          29460 kB
SwapCached:          0 kB
Active:          15672 kB
Inactive:        19096 kB
SwapTotal:           0 kB
SwapFree:            0 kB
Dirty:            5096 kB
Writeback:           0 kB
AnonPages:        1648 kB
Mapped:           2164 kB
Slab:             3964 kB
SReclaimable:     2304 kB
SUnreclaim:       1660 kB
PageTables:        136 kB
NFS_Unstable:        0 kB
Bounce:              0 kB
CommitLimit:    256956 kB
Committed_AS:     4280 kB
VmallocTotal:   516056 kB
VmallocUsed:        72 kB
VmallocChunk:   515984 kB
Sun Nov 15 19:55:02 CST 2009
MemTotal:       513916 kB
MemFree:        474184 kB
Buffers:          3680 kB
Cached:          29468 kB
SwapCached:          0 kB
Active:          15668 kB
Inactive:        19088 kB
SwapTotal:           0 kB
SwapFree:            0 kB
Dirty:            5104 kB
Writeback:           0 kB
AnonPages:        1628 kB
Mapped:           2128 kB
Slab:             3968 kB
SReclaimable:     2304 kB
SUnreclaim:       1664 kB
PageTables:        124 kB
NFS_Unstable:        0 kB
Bounce:              0 kB
CommitLimit:    256956 kB
Committed_AS:     3580 kB
VmallocTotal:   516056 kB
VmallocUsed:        72 kB
VmallocChunk:   515984 kB
Sun Nov 15 19:55:03 CST 2009
MemTotal:       513916 kB
MemFree:        473564 kB
Buffers:          3688 kB
Cached:          29472 kB
SwapCached:          0 kB
Active:          16644 kB
Inactive:        19092 kB
SwapTotal:           0 kB
SwapFree:            0 kB
Dirty:            5116 kB
Writeback:           0 kB
AnonPages:        2596 kB
Mapped:           3168 kB
Slab:             3968 kB
SReclaimable:     2304 kB
SUnreclaim:       1664 kB
PageTables:        140 kB
NFS_Unstable:        0 kB
Bounce:              0 kB
CommitLimit:    256956 kB
Committed_AS:     5632 kB
VmallocTotal:   516056 kB
VmallocUsed:        72 kB
VmallocChunk:   515984 kB
Sun Nov 15 19:55:04 CST 2009
MemTotal:       513916 kB
MemFree:        471208 kB
Buffers:          3688 kB
Cached:          29472 kB
SwapCached:          0 kB
Active:          19028 kB
Inactive:        19084 kB
SwapTotal:           0 kB
SwapFree:            0 kB
Dirty:            5116 kB
Writeback:           0 kB
AnonPages:        4972 kB
Mapped:           5592 kB
Slab:             3968 kB
SReclaimable:     2304 kB
SUnreclaim:       1664 kB
PageTables:        140 kB
NFS_Unstable:        0 kB
Bounce:              0 kB
CommitLimit:    256956 kB
Committed_AS:     8312 kB
VmallocTotal:   516056 kB
VmallocUsed:        72 kB
VmallocChunk:   515984 kB
Sun Nov 15 19:55:05 CST 2009
MemTotal:       513916 kB
MemFree:        472324 kB
Buffers:          3688 kB
Cached:          29476 kB
SwapCached:          0 kB
Active:          17880 kB
Inactive:        19080 kB
SwapTotal:           0 kB
SwapFree:            0 kB
Dirty:            5120 kB
Writeback:           0 kB
AnonPages:        3816 kB
Mapped:           3568 kB
Slab:             3972 kB
SReclaimable:     2308 kB
SUnreclaim:       1664 kB
PageTables:        140 kB
NFS_Unstable:        0 kB
Bounce:              0 kB
CommitLimit:    256956 kB
Committed_AS:     7072 kB
VmallocTotal:   516056 kB
VmallocUsed:        72 kB
VmallocChunk:   515984 kB
Sun Nov 15 19:55:06 CST 2009
MemTotal:       513916 kB
MemFree:        471828 kB
Buffers:          3688 kB
Cached:          29480 kB
SwapCached:          0 kB
Active:          18352 kB
Inactive:        19076 kB
SwapTotal:           0 kB
SwapFree:            0 kB
Dirty:            5124 kB
Writeback:           0 kB
AnonPages:        4280 kB
Mapped:           3576 kB
Slab:             3972 kB
SReclaimable:     2308 kB
SUnreclaim:       1664 kB
PageTables:        140 kB
NFS_Unstable:        0 kB
Bounce:              0 kB
CommitLimit:    256956 kB
Committed_AS:     7184 kB
VmallocTotal:   516056 kB
VmallocUsed:        72 kB
VmallocChunk:   515984 kB
Sun Nov 15 19:55:08 CST 2009
MemTotal:       513916 kB
MemFree:        471704 kB
Buffers:          3688 kB
Cached:          29484 kB
SwapCached:          0 kB
Active:          18460 kB
Inactive:        19072 kB
SwapTotal:           0 kB
SwapFree:            0 kB
Dirty:            5128 kB
Writeback:           0 kB
AnonPages:        4380 kB
Mapped:           4296 kB
Slab:             3972 kB
SReclaimable:     2308 kB
SUnreclaim:       1664 kB
PageTables:        140 kB
NFS_Unstable:        0 kB
Bounce:              0 kB
CommitLimit:    256956 kB
Committed_AS:     7184 kB
VmallocTotal:   516056 kB
VmallocUsed:        72 kB
VmallocChunk:   515984 kB
Sun Nov 15 19:55:09 CST 2009
MemTotal:       513916 kB
MemFree:        471580 kB
Buffers:          3696 kB
Cached:          29492 kB
SwapCached:          0 kB
Active:          18596 kB
Inactive:        19076 kB
SwapTotal:           0 kB
SwapFree:            0 kB
Dirty:            5136 kB
Writeback:           0 kB
AnonPages:        4504 kB
Mapped:           5036 kB
Slab:             3972 kB
SReclaimable:     2308 kB
SUnreclaim:       1664 kB
PageTables:        140 kB
NFS_Unstable:        0 kB
Bounce:              0 kB
CommitLimit:    256956 kB
Committed_AS:     7196 kB
VmallocTotal:   516056 kB
VmallocUsed:        72 kB
VmallocChunk:   515984 kB
Sun Nov 15 19:55:10 CST 2009
MemTotal:       513916 kB
MemFree:        472076 kB
Buffers:          3696 kB
Cached:          29496 kB
SwapCached:          0 kB
Active:          18112 kB
Inactive:        19068 kB
SwapTotal:           0 kB
SwapFree:            0 kB
Dirty:            5140 kB
Writeback:           0 kB
AnonPages:        4032 kB
Mapped:           5524 kB
Slab:             3976 kB
SReclaimable:     2312 kB
SUnreclaim:       1664 kB
PageTables:        140 kB
NFS_Unstable:        0 kB
Bounce:              0 kB
CommitLimit:    256956 kB
Committed_AS:     7064 kB
VmallocTotal:   516056 kB
VmallocUsed:        72 kB
VmallocChunk:   515984 kB
Sun Nov 15 19:55:11 CST 2009
MemTotal:       513916 kB
MemFree:        473688 kB
Buffers:          3696 kB
Cached:          29504 kB
SwapCached:          0 kB
Active:          16488 kB
Inactive:        19064 kB
SwapTotal:           0 kB
SwapFree:            0 kB
Dirty:            5148 kB
Writeback:           0 kB
AnonPages:        2372 kB
Mapped:           3116 kB
Slab:             3976 kB
SReclaimable:     2312 kB
SUnreclaim:       1664 kB
PageTables:        140 kB
NFS_Unstable:        0 kB
Bounce:              0 kB
CommitLimit:    256956 kB
Committed_AS:     5628 kB
VmallocTotal:   516056 kB
VmallocUsed:        72 kB
VmallocChunk:   515984 kB
Sun Nov 15 19:55:12 CST 2009
MemTotal:       513916 kB
MemFree:        473068 kB
Buffers:          3696 kB
Cached:          29508 kB
SwapCached:          0 kB
Active:          17088 kB
Inactive:        19060 kB
SwapTotal:           0 kB
SwapFree:            0 kB
Dirty:            5152 kB
Writeback:           0 kB
AnonPages:        2964 kB
Mapped:           3228 kB
Slab:             3980 kB
SReclaimable:     2316 kB
SUnreclaim:       1664 kB
PageTables:        140 kB
NFS_Unstable:        0 kB
Bounce:              0 kB
CommitLimit:    256956 kB
Committed_AS:     5912 kB
VmallocTotal:   516056 kB
VmallocUsed:        72 kB
VmallocChunk:   515984 kB
Sun Nov 15 19:55:14 CST 2009
MemTotal:       513916 kB
MemFree:        473936 kB
Buffers:          3704 kB
Cached:          29512 kB
SwapCached:          0 kB
Active:          15716 kB
Inactive:        19060 kB
SwapTotal:           0 kB
SwapFree:            0 kB
Dirty:            5156 kB
Writeback:           0 kB
AnonPages:        1580 kB
Mapped:           2024 kB
Slab:             3980 kB
SReclaimable:     2316 kB
SUnreclaim:       1664 kB
PageTables:        124 kB
NFS_Unstable:        0 kB
Bounce:              0 kB
CommitLimit:    256956 kB
Committed_AS:     3420 kB
VmallocTotal:   516056 kB
VmallocUsed:        72 kB
VmallocChunk:   515984 kB
Sun Nov 15 19:55:15 CST 2009
MemTotal:       513916 kB
MemFree:        472944 kB
Buffers:          3704 kB
Cached:          29516 kB
SwapCached:          0 kB
Active:          17228 kB
Inactive:        19052 kB
SwapTotal:           0 kB
SwapFree:            0 kB
Dirty:            5160 kB
Writeback:           0 kB
AnonPages:        3080 kB
Mapped:           3368 kB
Slab:             3976 kB
SReclaimable:     2316 kB
SUnreclaim:       1660 kB
PageTables:        140 kB
NFS_Unstable:        0 kB
Bounce:              0 kB
CommitLimit:    256956 kB
Committed_AS:     5916 kB
VmallocTotal:   516056 kB
VmallocUsed:        72 kB
VmallocChunk:   515984 kB
Sun Nov 15 19:55:16 CST 2009
MemTotal:       513916 kB
MemFree:        473068 kB
Buffers:          3704 kB
Cached:          29524 kB
SwapCached:          0 kB
Active:          17112 kB
Inactive:        19048 kB
SwapTotal:           0 kB
SwapFree:            0 kB
Dirty:            5168 kB
Writeback:           0 kB
AnonPages:        2952 kB
Mapped:           3360 kB
Slab:             3976 kB
SReclaimable:     2316 kB
SUnreclaim:       1660 kB
PageTables:        140 kB
NFS_Unstable:        0 kB
Bounce:              0 kB
CommitLimit:    256956 kB
Committed_AS:     5924 kB
VmallocTotal:   516056 kB
VmallocUsed:        72 kB
VmallocChunk:   515984 kB
Sun Nov 15 19:55:17 CST 2009
MemTotal:       513916 kB
MemFree:        472200 kB
Buffers:          3704 kB
Cached:          29528 kB
SwapCached:          0 kB
Active:          17964 kB
Inactive:        19044 kB
SwapTotal:           0 kB
SwapFree:            0 kB
Dirty:            5172 kB
Writeback:           0 kB
AnonPages:        3796 kB
Mapped:           3568 kB
Slab:             3976 kB
SReclaimable:     2316 kB
SUnreclaim:       1660 kB
PageTables:        140 kB
NFS_Unstable:        0 kB
Bounce:              0 kB
CommitLimit:    256956 kB
Committed_AS:     7076 kB
VmallocTotal:   516056 kB
VmallocUsed:        72 kB
VmallocChunk:   515984 kB
Sun Nov 15 19:55:19 CST 2009
MemTotal:       513916 kB
MemFree:        471704 kB
Buffers:          3712 kB
Cached:          29532 kB
SwapCached:          0 kB
Active:          18528 kB
Inactive:        19048 kB
SwapTotal:           0 kB
SwapFree:            0 kB
Dirty:            5176 kB
Writeback:           0 kB
AnonPages:        4352 kB
Mapped:           3568 kB
Slab:             3980 kB
SReclaimable:     2316 kB
SUnreclaim:       1664 kB
PageTables:        140 kB
NFS_Unstable:        0 kB
Bounce:              0 kB
CommitLimit:    256956 kB
Committed_AS:     7196 kB
VmallocTotal:   516056 kB
VmallocUsed:        72 kB
VmallocChunk:   515984 kB
Sun Nov 15 19:55:20 CST 2009
MemTotal:       513916 kB
MemFree:        471580 kB
Buffers:          3712 kB
Cached:          29536 kB
SwapCached:          0 kB
Active:          18684 kB
Inactive:        19044 kB
SwapTotal:           0 kB
SwapFree:            0 kB
Dirty:            5180 kB
Writeback:           0 kB
AnonPages:        4500 kB
Mapped:           3568 kB
Slab:             3984 kB
SReclaimable:     2320 kB
SUnreclaim:       1664 kB
PageTables:        140 kB
NFS_Unstable:        0 kB
Bounce:              0 kB
CommitLimit:    256956 kB
Committed_AS:     7228 kB
VmallocTotal:   516056 kB
VmallocUsed:        72 kB
VmallocChunk:   515984 kB
Sun Nov 15 19:55:21 CST 2009
MemTotal:       513916 kB
MemFree:        471952 kB
Buffers:          3712 kB
Cached:          29540 kB
SwapCached:          0 kB
Active:          18252 kB
Inactive:        19036 kB
SwapTotal:           0 kB
SwapFree:            0 kB
Dirty:            5184 kB
Writeback:           0 kB
AnonPages:        4076 kB
Mapped:           3568 kB
Slab:             3984 kB
SReclaimable:     2320 kB
SUnreclaim:       1664 kB
PageTables:        140 kB
NFS_Unstable:        0 kB
Bounce:              0 kB
CommitLimit:    256956 kB
Committed_AS:     7056 kB
VmallocTotal:   516056 kB
VmallocUsed:        72 kB
VmallocChunk:   515984 kB
Sun Nov 15 19:55:22 CST 2009
MemTotal:       513916 kB
MemFree:        471580 kB
Buffers:          3712 kB
Cached:          29544 kB
SwapCached:          0 kB
Active:          18652 kB
Inactive:        19032 kB
SwapTotal:           0 kB
SwapFree:            0 kB
Dirty:            5188 kB
Writeback:           0 kB
AnonPages:        4448 kB
Mapped:           3568 kB
Slab:             3984 kB
SReclaimable:     2324 kB
SUnreclaim:       1660 kB
PageTables:        140 kB
NFS_Unstable:        0 kB
Bounce:              0 kB
CommitLimit:    256956 kB
Committed_AS:     7152 kB
VmallocTotal:   516056 kB
VmallocUsed:        72 kB
VmallocChunk:   515984 kB
Sun Nov 15 19:55:24 CST 2009
MemTotal:       513916 kB
MemFree:        471580 kB
Buffers:          3720 kB
Cached:          29548 kB
SwapCached:          0 kB
Active:          18604 kB
Inactive:        19032 kB
SwapTotal:           0 kB
SwapFree:            0 kB
Dirty:            5192 kB
Writeback:           0 kB
AnonPages:        4388 kB
Mapped:           4244 kB
Slab:             3988 kB
SReclaimable:     2324 kB
SUnreclaim:       1664 kB
PageTables:        140 kB
NFS_Unstable:        0 kB
Bounce:              0 kB
CommitLimit:    256956 kB
Committed_AS:     7184 kB
VmallocTotal:   516056 kB
VmallocUsed:        72 kB
VmallocChunk:   515984 kB
Sun Nov 15 19:55:25 CST 2009
MemTotal:       513916 kB
MemFree:        473068 kB
Buffers:          3720 kB
Cached:          29560 kB
SwapCached:          0 kB
Active:          17176 kB
Inactive:        19028 kB
SwapTotal:           0 kB
SwapFree:            0 kB
Dirty:            5204 kB
Writeback:           0 kB
AnonPages:        2940 kB
Mapped:           3224 kB
Slab:             3988 kB
SReclaimable:     2324 kB
SUnreclaim:       1664 kB
PageTables:        140 kB
NFS_Unstable:        0 kB
Bounce:              0 kB
CommitLimit:    256956 kB
Committed_AS:     5920 kB
VmallocTotal:   516056 kB
VmallocUsed:        72 kB
VmallocChunk:   515984 kB
Sun Nov 15 19:55:26 CST 2009
MemTotal:       513916 kB
MemFree:        472944 kB
Buffers:          3720 kB
Cached:          29564 kB
SwapCached:          0 kB
Active:          17268 kB
Inactive:        19024 kB
SwapTotal:           0 kB
SwapFree:            0 kB
Dirty:            5208 kB
Writeback:           0 kB
AnonPages:        3028 kB
Mapped:           3228 kB
Slab:             3988 kB
SReclaimable:     2324 kB
SUnreclaim:       1664 kB
PageTables:        140 kB
NFS_Unstable:        0 kB
Bounce:              0 kB
CommitLimit:    256956 kB
Committed_AS:     5928 kB
VmallocTotal:   516056 kB
VmallocUsed:        72 kB
VmallocChunk:   515984 kB
Sun Nov 15 19:55:28 CST 2009
MemTotal:       513916 kB
MemFree:        473316 kB
Buffers:          3720 kB
Cached:          29568 kB
SwapCached:          0 kB
Active:          16928 kB
Inactive:        19016 kB
SwapTotal:           0 kB
SwapFree:            0 kB
Dirty:            5212 kB
Writeback:           0 kB
AnonPages:        2676 kB
Mapped:           3176 kB
Slab:             3992 kB
SReclaimable:     2328 kB
SUnreclaim:       1664 kB
PageTables:        140 kB
NFS_Unstable:        0 kB
Bounce:              0 kB
CommitLimit:    256956 kB
Committed_AS:     5628 kB
VmallocTotal:   516056 kB
VmallocUsed:        72 kB
VmallocChunk:   515984 kB
Sun Nov 15 19:55:29 CST 2009
MemTotal:       513916 kB
MemFree:        473812 kB
Buffers:          3732 kB
Cached:          29576 kB
SwapCached:          0 kB
Active:          15940 kB
Inactive:        19024 kB
SwapTotal:           0 kB
SwapFree:            0 kB
Dirty:            5220 kB
Writeback:           0 kB
AnonPages:        1676 kB
Mapped:           2168 kB
Slab:             3996 kB
SReclaimable:     2332 kB
SUnreclaim:       1664 kB
PageTables:        124 kB
NFS_Unstable:        0 kB
Bounce:              0 kB
CommitLimit:    256956 kB
Committed_AS:     3588 kB
VmallocTotal:   516056 kB
VmallocUsed:        72 kB
VmallocChunk:   515984 kB
Sun Nov 15 19:55:30 CST 2009
MemTotal:       513916 kB
MemFree:        473688 kB
Buffers:          3732 kB
Cached:          29576 kB
SwapCached:          0 kB
Active:          16032 kB
Inactive:        18996 kB
SwapTotal:           0 kB
SwapFree:            0 kB
Dirty:            5220 kB
Writeback:           0 kB
AnonPages:        1740 kB
Mapped:           2232 kB
Slab:             4000 kB
SReclaimable:     2332 kB
SUnreclaim:       1668 kB
PageTables:        136 kB
NFS_Unstable:        0 kB
Bounce:              0 kB
CommitLimit:    256956 kB
Committed_AS:     3988 kB
VmallocTotal:   516056 kB
VmallocUsed:        72 kB
VmallocChunk:   515984 kB
Sun Nov 15 19:55:31 CST 2009
MemTotal:       513916 kB
MemFree:        473936 kB
Buffers:          3736 kB
Cached:          29580 kB
SwapCached:          0 kB
Active:          15864 kB
Inactive:        18988 kB
SwapTotal:           0 kB
SwapFree:            0 kB
Dirty:            5224 kB
Writeback:           0 kB
AnonPages:        1556 kB
Mapped:           1972 kB
Slab:             4004 kB
SReclaimable:     2336 kB
SUnreclaim:       1668 kB
PageTables:        112 kB
NFS_Unstable:        0 kB
Bounce:              0 kB
CommitLimit:    256956 kB
Committed_AS:     3184 kB
VmallocTotal:   516056 kB
VmallocUsed:        72 kB
VmallocChunk:   515984 kB
Sun Nov 15 19:55:32 CST 2009
MemTotal:       513916 kB
MemFree:        473688 kB
Buffers:          3736 kB
Cached:          29588 kB
SwapCached:          0 kB
Active:          16540 kB
Inactive:        18988 kB
SwapTotal:           0 kB
SwapFree:            0 kB
Dirty:            5232 kB
Writeback:           0 kB
AnonPages:        2224 kB
Mapped:           2816 kB
Slab:             4004 kB
SReclaimable:     2336 kB
SUnreclaim:       1668 kB
PageTables:        140 kB
NFS_Unstable:        0 kB
Bounce:              0 kB
CommitLimit:    256956 kB
Committed_AS:     5624 kB
VmallocTotal:   516056 kB
VmallocUsed:        72 kB
VmallocChunk:   515984 kB
Sun Nov 15 19:55:34 CST 2009
MemTotal:       513916 kB
MemFree:        473936 kB
Buffers:          3744 kB
Cached:          29592 kB
SwapCached:          0 kB
Active:          16052 kB
Inactive:        18992 kB
SwapTotal:           0 kB
SwapFree:            0 kB
Dirty:            5240 kB
Writeback:           0 kB
AnonPages:        1728 kB
Mapped:           2176 kB
Slab:             4004 kB
SReclaimable:     2336 kB
SUnreclaim:       1668 kB
PageTables:        140 kB
NFS_Unstable:        0 kB
Bounce:              0 kB
CommitLimit:    256956 kB
Committed_AS:     4324 kB
VmallocTotal:   516056 kB
VmallocUsed:        72 kB
VmallocChunk:   515984 kB
Sun Nov 15 19:55:35 CST 2009
MemTotal:       513916 kB
MemFree:        473812 kB
