Thu Nov 12 01:03:01 CST 2009
MemTotal:       124112 kB
MemFree:         76976 kB
Buffers:          5388 kB
Cached:          33268 kB
SwapCached:          0 kB
Active:          21816 kB
Inactive:        20492 kB
SwapTotal:           0 kB
SwapFree:            0 kB
Dirty:             488 kB
Writeback:           0 kB
AnonPages:        3680 kB
Mapped:           2152 kB
Slab:             4412 kB
SReclaimable:     2832 kB
SUnreclaim:       1580 kB
PageTables:         84 kB
NFS_Unstable:        0 kB
Bounce:              0 kB
CommitLimit:     62056 kB
Committed_AS:     8344 kB
VmallocTotal:   909272 kB
VmallocUsed:        64 kB
VmallocChunk:   909208 kB
Thu Nov 12 01:03:02 CST 2009
MemTotal:       124112 kB
MemFree:         76976 kB
Buffers:          5388 kB
Cached:          33268 kB
SwapCached:          0 kB
Active:          21816 kB
Inactive:        20488 kB
SwapTotal:           0 kB
SwapFree:            0 kB
Dirty:             488 kB
Writeback:           0 kB
AnonPages:        3676 kB
Mapped:           2152 kB
Slab:             4384 kB
SReclaimable:     2832 kB
SUnreclaim:       1552 kB
PageTables:         84 kB
NFS_Unstable:        0 kB
Bounce:              0 kB
CommitLimit:     62056 kB
Committed_AS:     8340 kB
VmallocTotal:   909272 kB
VmallocUsed:        64 kB
VmallocChunk:   909208 kB
Thu Nov 12 01:03:03 CST 2009
MemTotal:       124112 kB
MemFree:         76976 kB
Buffers:          5388 kB
Cached:          33268 kB
SwapCached:          0 kB
Active:          21828 kB
Inactive:        20488 kB
SwapTotal:           0 kB
SwapFree:            0 kB
Dirty:             488 kB
Writeback:           0 kB
AnonPages:        3688 kB
Mapped:           2152 kB
Slab:             4384 kB
SReclaimable:     2832 kB
SUnreclaim:       1552 kB
PageTables:         84 kB
NFS_Unstable:        0 kB
Bounce:              0 kB
CommitLimit:     62056 kB
Committed_AS:     8340 kB
VmallocTotal:   909272 kB
VmallocUsed:        64 kB
VmallocChunk:   909208 kB
Thu Nov 12 01:03:04 CST 2009
MemTotal:       124112 kB
MemFree:         76976 kB
Buffers:          5388 kB
Cached:          33268 kB
SwapCached:          0 kB
Active:          21824 kB
Inactive:        20488 kB
SwapTotal:           0 kB
SwapFree:            0 kB
Dirty:             488 kB
Writeback:           0 kB
AnonPages:        3684 kB
Mapped:           2152 kB
Slab:             4384 kB
SReclaimable:     2832 kB
SUnreclaim:       1552 kB
PageTables:         84 kB
NFS_Unstable:        0 kB
Bounce:              0 kB
CommitLimit:     62056 kB
Committed_AS:     8340 kB
VmallocTotal:   909272 kB
VmallocUsed:        64 kB
VmallocChunk:   909208 kB
Thu Nov 12 01:03:05 CST 2009
MemTotal:       124112 kB
MemFree:         75184 kB
Buffers:          5388 kB
Cached:          33268 kB
SwapCached:          0 kB
Active:          23552 kB
Inactive:        20488 kB
SwapTotal:           0 kB
SwapFree:            0 kB
Dirty:             488 kB
Writeback:           0 kB
AnonPages:        5412 kB
Mapped:           3788 kB
Slab:             4404 kB
SReclaimable:     2832 kB
SUnreclaim:       1572 kB
PageTables:        136 kB
NFS_Unstable:        0 kB
Bounce:              0 kB
CommitLimit:     62056 kB
Committed_AS:    11528 kB
VmallocTotal:   909272 kB
VmallocUsed:        64 kB
VmallocChunk:   909208 kB
Thu Nov 12 01:03:06 CST 2009
MemTotal:       124112 kB
MemFree:         75072 kB
Buffers:          5396 kB
Cached:          33268 kB
SwapCached:          0 kB
Active:          23672 kB
Inactive:        20496 kB
SwapTotal:           0 kB
SwapFree:            0 kB
Dirty:             488 kB
Writeback:           0 kB
AnonPages:        5512 kB
Mapped:           3824 kB
Slab:             4412 kB
SReclaimable:     2832 kB
SUnreclaim:       1580 kB
PageTables:        136 kB
NFS_Unstable:        0 kB
Bounce:              0 kB
CommitLimit:     62056 kB
Committed_AS:    11532 kB
VmallocTotal:   909272 kB
VmallocUsed:        64 kB
VmallocChunk:   909208 kB
Thu Nov 12 01:03:07 CST 2009
MemTotal:       124112 kB
MemFree:         75408 kB
Buffers:          5396 kB
Cached:          33268 kB
SwapCached:          0 kB
Active:          23284 kB
Inactive:        20496 kB
SwapTotal:           0 kB
SwapFree:            0 kB
Dirty:             488 kB
Writeback:           0 kB
AnonPages:        5144 kB
Mapped:           3588 kB
Slab:             4424 kB
SReclaimable:     2832 kB
SUnreclaim:       1592 kB
PageTables:        148 kB
NFS_Unstable:        0 kB
Bounce:              0 kB
CommitLimit:     62056 kB
Committed_AS:    11532 kB
VmallocTotal:   909272 kB
VmallocUsed:        64 kB
VmallocChunk:   909208 kB
Thu Nov 12 01:03:08 CST 2009
MemTotal:       124112 kB
MemFree:         76024 kB
Buffers:          5396 kB
Cached:          33272 kB
SwapCached:          0 kB
Active:          22712 kB
Inactive:        20496 kB
SwapTotal:           0 kB
SwapFree:            0 kB
Dirty:             492 kB
Writeback:           0 kB
AnonPages:        4576 kB
Mapped:           2396 kB
Slab:             4424 kB
SReclaimable:     2832 kB
SUnreclaim:       1592 kB
PageTables:        108 kB
NFS_Unstable:        0 kB
Bounce:              0 kB
CommitLimit:     62056 kB
Committed_AS:     9468 kB
VmallocTotal:   909272 kB
VmallocUsed:        64 kB
VmallocChunk:   909208 kB
Thu Nov 12 01:03:10 CST 2009
MemTotal:       124112 kB
MemFree:         72132 kB
Buffers:          5396 kB
Cached:          33272 kB
SwapCached:          0 kB
Active:          26544 kB
Inactive:        20496 kB
SwapTotal:           0 kB
SwapFree:            0 kB
Dirty:             492 kB
Writeback:           0 kB
AnonPages:        8400 kB
Mapped:           4076 kB
Slab:             4428 kB
SReclaimable:     2832 kB
SUnreclaim:       1596 kB
PageTables:        152 kB
NFS_Unstable:        0 kB
Bounce:              0 kB
CommitLimit:     62056 kB
Committed_AS:    14948 kB
VmallocTotal:   909272 kB
VmallocUsed:        64 kB
VmallocChunk:   909208 kB
Thu Nov 12 01:03:11 CST 2009
MemTotal:       124112 kB
MemFree:         73632 kB
Buffers:          5416 kB
Cached:          33324 kB
SwapCached:          0 kB
Active:          24972 kB
Inactive:        20552 kB
SwapTotal:           0 kB
SwapFree:            0 kB
Dirty:             652 kB
Writeback:           0 kB
AnonPages:        6812 kB
Mapped:           4016 kB
Slab:             4444 kB
SReclaimable:     2832 kB
SUnreclaim:       1612 kB
PageTables:        148 kB
NFS_Unstable:        0 kB
Bounce:              0 kB
CommitLimit:     62056 kB
Committed_AS:    12600 kB
VmallocTotal:   909272 kB
VmallocUsed:        64 kB
VmallocChunk:   909208 kB
Thu Nov 12 01:03:12 CST 2009
MemTotal:       124112 kB
MemFree:         73576 kB
Buffers:          5416 kB
Cached:          33328 kB
SwapCached:          0 kB
Active:          25024 kB
Inactive:        20552 kB
SwapTotal:           0 kB
SwapFree:            0 kB
Dirty:             656 kB
Writeback:           0 kB
AnonPages:        6860 kB
Mapped:           4012 kB
Slab:             4444 kB
SReclaimable:     2832 kB
SUnreclaim:       1612 kB
PageTables:        148 kB
NFS_Unstable:        0 kB
Bounce:              0 kB
CommitLimit:     62056 kB
Committed_AS:    12608 kB
VmallocTotal:   909272 kB
VmallocUsed:        64 kB
VmallocChunk:   909208 kB
Thu Nov 12 01:03:13 CST 2009
MemTotal:       124112 kB
MemFree:         72204 kB
Buffers:          5420 kB
Cached:          33388 kB
SwapCached:          0 kB
Active:          26404 kB
Inactive:        20572 kB
SwapTotal:           0 kB
SwapFree:            0 kB
Dirty:             716 kB
Writeback:           0 kB
AnonPages:        8196 kB
Mapped:           4792 kB
Slab:             4448 kB
SReclaimable:     2832 kB
SUnreclaim:       1616 kB
PageTables:        152 kB
NFS_Unstable:        0 kB
Bounce:              0 kB
CommitLimit:     62056 kB
Committed_AS:    14792 kB
VmallocTotal:   909272 kB
VmallocUsed:        64 kB
VmallocChunk:   909208 kB
Thu Nov 12 01:03:15 CST 2009
MemTotal:       124112 kB
MemFree:         72456 kB
Buffers:          5420 kB
Cached:          33392 kB
SwapCached:          0 kB
Active:          26120 kB
Inactive:        20572 kB
SwapTotal:           0 kB
SwapFree:            0 kB
Dirty:             720 kB
Writeback:           0 kB
AnonPages:        7908 kB
Mapped:           4028 kB
Slab:             4448 kB
SReclaimable:     2832 kB
SUnreclaim:       1616 kB
PageTables:        152 kB
NFS_Unstable:        0 kB
Bounce:              0 kB
CommitLimit:     62056 kB
Committed_AS:    13760 kB
VmallocTotal:   909272 kB
VmallocUsed:        64 kB
VmallocChunk:   909208 kB
Thu Nov 12 01:03:16 CST 2009
MemTotal:       124112 kB
MemFree:         72148 kB
Buffers:          5428 kB
Cached:          33400 kB
SwapCached:          0 kB
Active:          26448 kB
Inactive:        20580 kB
SwapTotal:           0 kB
SwapFree:            0 kB
Dirty:             736 kB
Writeback:           0 kB
AnonPages:        8228 kB
Mapped:           5312 kB
Slab:             4448 kB
SReclaimable:     2832 kB
SUnreclaim:       1616 kB
PageTables:        152 kB
NFS_Unstable:        0 kB
Bounce:              0 kB
CommitLimit:     62056 kB
Committed_AS:    14788 kB
VmallocTotal:   909272 kB
VmallocUsed:        64 kB
VmallocChunk:   909208 kB
Thu Nov 12 01:03:17 CST 2009
MemTotal:       124112 kB
MemFree:         72120 kB
Buffers:          5428 kB
Cached:          33404 kB
SwapCached:          0 kB
Active:          26436 kB
Inactive:        20580 kB
SwapTotal:           0 kB
SwapFree:            0 kB
Dirty:             740 kB
Writeback:           0 kB
AnonPages:        8212 kB
Mapped:           4812 kB
Slab:             4444 kB
SReclaimable:     2832 kB
SUnreclaim:       1612 kB
PageTables:        152 kB
NFS_Unstable:        0 kB
Bounce:              0 kB
CommitLimit:     62056 kB
Committed_AS:    14868 kB
VmallocTotal:   909272 kB
VmallocUsed:        64 kB
VmallocChunk:   909208 kB
Thu Nov 12 01:03:18 CST 2009
MemTotal:       124112 kB
MemFree:         71868 kB
Buffers:          5428 kB
Cached:          33408 kB
SwapCached:          0 kB
Active:          26692 kB
Inactive:        20580 kB
SwapTotal:           0 kB
SwapFree:            0 kB
Dirty:             744 kB
Writeback:           0 kB
AnonPages:        8464 kB
Mapped:           4252 kB
Slab:             4444 kB
SReclaimable:     2832 kB
SUnreclaim:       1612 kB
PageTables:        152 kB
NFS_Unstable:        0 kB
Bounce:              0 kB
CommitLimit:     62056 kB
Committed_AS:    14904 kB
VmallocTotal:   909272 kB
VmallocUsed:        64 kB
VmallocChunk:   909208 kB
Thu Nov 12 01:03:20 CST 2009
MemTotal:       124112 kB
MemFree:         70580 kB
Buffers:          5428 kB
Cached:          33412 kB
SwapCached:          0 kB
Active:          28008 kB
Inactive:        20584 kB
SwapTotal:           0 kB
SwapFree:            0 kB
Dirty:             748 kB
Writeback:           0 kB
AnonPages:        9772 kB
Mapped:           6220 kB
Slab:             4444 kB
SReclaimable:     2832 kB
SUnreclaim:       1612 kB
PageTables:        152 kB
NFS_Unstable:        0 kB
Bounce:              0 kB
CommitLimit:     62056 kB
Committed_AS:    15928 kB
VmallocTotal:   909272 kB
VmallocUsed:        64 kB
VmallocChunk:   909208 kB
Thu Nov 12 01:03:21 CST 2009
MemTotal:       124112 kB
MemFree:         69936 kB
Buffers:          5428 kB
Cached:          33424 kB
SwapCached:          0 kB
Active:          28636 kB
Inactive:        20596 kB
SwapTotal:           0 kB
SwapFree:            0 kB
Dirty:             760 kB
Writeback:           0 kB
AnonPages:       10408 kB
Mapped:           6256 kB
Slab:             4436 kB
SReclaimable:     2832 kB
SUnreclaim:       1604 kB
PageTables:        152 kB
NFS_Unstable:        0 kB
Bounce:              0 kB
CommitLimit:     62056 kB
Committed_AS:    17080 kB
VmallocTotal:   909272 kB
VmallocUsed:        64 kB
VmallocChunk:   909208 kB
Thu Nov 12 01:03:22 CST 2009
MemTotal:       124112 kB
MemFree:         69096 kB
Buffers:          5436 kB
Cached:          33428 kB
SwapCached:          0 kB
Active:          29468 kB
Inactive:        20608 kB
SwapTotal:           0 kB
SwapFree:            0 kB
Dirty:             768 kB
Writeback:           0 kB
AnonPages:       11248 kB
Mapped:           6272 kB
Slab:             4436 kB
SReclaimable:     2832 kB
SUnreclaim:       1604 kB
PageTables:        152 kB
NFS_Unstable:        0 kB
Bounce:              0 kB
CommitLimit:     62056 kB
Committed_AS:    17192 kB
VmallocTotal:   909272 kB
VmallocUsed:        64 kB
VmallocChunk:   909208 kB
Thu Nov 12 01:03:23 CST 2009
MemTotal:       124112 kB
MemFree:         74740 kB
Buffers:          5436 kB
Cached:          33428 kB
SwapCached:          0 kB
Active:          23824 kB
Inactive:        20592 kB
SwapTotal:           0 kB
SwapFree:            0 kB
Dirty:             768 kB
Writeback:           0 kB
AnonPages:        5580 kB
Mapped:           3340 kB
Slab:             4440 kB
SReclaimable:     2836 kB
SUnreclaim:       1604 kB
PageTables:        148 kB
NFS_Unstable:        0 kB
Bounce:              0 kB
CommitLimit:     62056 kB
Committed_AS:    12172 kB
VmallocTotal:   909272 kB
VmallocUsed:        64 kB
VmallocChunk:   909208 kB
Thu Nov 12 01:03:24 CST 2009
MemTotal:       124112 kB
MemFree:         73956 kB
Buffers:          5436 kB
Cached:          33432 kB
SwapCached:          0 kB
Active:          24624 kB
Inactive:        20592 kB
SwapTotal:           0 kB
SwapFree:            0 kB
Dirty:             772 kB
Writeback:           0 kB
AnonPages:        6376 kB
Mapped:           3828 kB
Slab:             4444 kB
SReclaimable:     2836 kB
SUnreclaim:       1608 kB
PageTables:        148 kB
NFS_Unstable:        0 kB
Bounce:              0 kB
CommitLimit:     62056 kB
Committed_AS:    12464 kB
VmallocTotal:   909272 kB
VmallocUsed:        64 kB
VmallocChunk:   909208 kB
Thu Nov 12 01:03:25 CST 2009
MemTotal:       124112 kB
MemFree:         71940 kB
Buffers:          5436 kB
Cached:          33432 kB
SwapCached:          0 kB
Active:          26628 kB
Inactive:        20592 kB
SwapTotal:           0 kB
SwapFree:            0 kB
Dirty:             164 kB
Writeback:           0 kB
AnonPages:        8380 kB
Mapped:           4300 kB
Slab:             4444 kB
SReclaimable:     2836 kB
SUnreclaim:       1608 kB
PageTables:        152 kB
NFS_Unstable:        0 kB
Bounce:              0 kB
CommitLimit:     62056 kB
Committed_AS:    14776 kB
VmallocTotal:   909272 kB
VmallocUsed:        64 kB
VmallocChunk:   909208 kB
Thu Nov 12 01:03:27 CST 2009
MemTotal:       124112 kB
MemFree:         70960 kB
Buffers:          5436 kB
Cached:          33440 kB
SwapCached:          0 kB
Active:          27596 kB
Inactive:        20600 kB
SwapTotal:           0 kB
SwapFree:            0 kB
Dirty:             172 kB
Writeback:           0 kB
AnonPages:        9348 kB
Mapped:           6280 kB
Slab:             4444 kB
SReclaimable:     2836 kB
SUnreclaim:       1608 kB
PageTables:        152 kB
NFS_Unstable:        0 kB
Bounce:              0 kB
CommitLimit:     62056 kB
Committed_AS:    15124 kB
VmallocTotal:   909272 kB
VmallocUsed:        64 kB
VmallocChunk:   909208 kB
Thu Nov 12 01:03:28 CST 2009
MemTotal:       124112 kB
MemFree:         72836 kB
Buffers:          5444 kB
Cached:          33440 kB
SwapCached:          0 kB
Active:          25708 kB
Inactive:        20600 kB
SwapTotal:           0 kB
SwapFree:            0 kB
Dirty:             388 kB
Writeback:           0 kB
AnonPages:        7476 kB
Mapped:           4032 kB
Slab:             4444 kB
SReclaimable:     2836 kB
SUnreclaim:       1608 kB
PageTables:        152 kB
NFS_Unstable:        0 kB
Bounce:              0 kB
CommitLimit:     62056 kB
Committed_AS:    13692 kB
VmallocTotal:   909272 kB
VmallocUsed:        64 kB
VmallocChunk:   909208 kB
Thu Nov 12 01:03:29 CST 2009
MemTotal:       124112 kB
MemFree:         70988 kB
Buffers:          5444 kB
Cached:          33448 kB
SwapCached:          0 kB
Active:          27560 kB
Inactive:        20608 kB
SwapTotal:           0 kB
SwapFree:            0 kB
Dirty:             396 kB
Writeback:           0 kB
AnonPages:        9304 kB
Mapped:           6212 kB
Slab:             4444 kB
SReclaimable:     2836 kB
SUnreclaim:       1608 kB
PageTables:        152 kB
NFS_Unstable:        0 kB
Bounce:              0 kB
CommitLimit:     62056 kB
Committed_AS:    15972 kB
VmallocTotal:   909272 kB
VmallocUsed:        64 kB
VmallocChunk:   909208 kB
Thu Nov 12 01:03:30 CST 2009
MemTotal:       124112 kB
MemFree:         73956 kB
Buffers:          5444 kB
Cached:          33448 kB
SwapCached:          0 kB
Active:          24612 kB
Inactive:        20596 kB
SwapTotal:           0 kB
SwapFree:            0 kB
Dirty:             396 kB
Writeback:           0 kB
AnonPages:        6344 kB
Mapped:           3816 kB
Slab:             4444 kB
SReclaimable:     2836 kB
SUnreclaim:       1608 kB
PageTables:        148 kB
NFS_Unstable:        0 kB
Bounce:              0 kB
CommitLimit:     62056 kB
Committed_AS:    12468 kB
VmallocTotal:   909272 kB
VmallocUsed:        64 kB
VmallocChunk:   909208 kB
Thu Nov 12 01:03:31 CST 2009
MemTotal:       124112 kB
MemFree:         73508 kB
Buffers:          5444 kB
Cached:          33456 kB
SwapCached:          0 kB
Active:          25072 kB
Inactive:        20584 kB
SwapTotal:           0 kB
SwapFree:            0 kB
Dirty:             404 kB
Writeback:           0 kB
AnonPages:        6784 kB
Mapped:           4016 kB
Slab:             4444 kB
SReclaimable:     2836 kB
SUnreclaim:       1608 kB
PageTables:        148 kB
NFS_Unstable:        0 kB
Bounce:              0 kB
CommitLimit:     62056 kB
Committed_AS:    12604 kB
VmallocTotal:   909272 kB
VmallocUsed:        64 kB
VmallocChunk:   909208 kB
Thu Nov 12 01:03:33 CST 2009
MemTotal:       124112 kB
MemFree:         71156 kB
Buffers:          5452 kB
Cached:          33456 kB
SwapCached:          0 kB
Active:          27412 kB
Inactive:        20592 kB
SwapTotal:           0 kB
SwapFree:            0 kB
Dirty:             412 kB
Writeback:           0 kB
AnonPages:        9132 kB
Mapped:           6200 kB
Slab:             4444 kB
SReclaimable:     2836 kB
SUnreclaim:       1608 kB
PageTables:        152 kB
NFS_Unstable:        0 kB
Bounce:              0 kB
CommitLimit:     62056 kB
Committed_AS:    15076 kB
VmallocTotal:   909272 kB
VmallocUsed:        64 kB
VmallocChunk:   909208 kB
Thu Nov 12 01:03:34 CST 2009
MemTotal:       124112 kB
MemFree:         72376 kB
Buffers:          5452 kB
Cached:          33512 kB
SwapCached:          0 kB
Active:          26136 kB
Inactive:        20628 kB
SwapTotal:           0 kB
SwapFree:            0 kB
Dirty:             468 kB
Writeback:           0 kB
AnonPages:        7828 kB
Mapped:           4100 kB
Slab:             4444 kB
SReclaimable:     2836 kB
SUnreclaim:       1608 kB
PageTables:        152 kB
NFS_Unstable:        0 kB
Bounce:              0 kB
CommitLimit:     62056 kB
Committed_AS:    13756 kB
VmallocTotal:   909272 kB
VmallocUsed:        64 kB
VmallocChunk:   909208 kB
Thu Nov 12 01:03:35 CST 2009
MemTotal:       124112 kB
MemFree:         75120 kB
Buffers:          5452 kB
Cached:          33520 kB
SwapCached:          0 kB
Active:          23420 kB
Inactive:        20624 kB
SwapTotal:           0 kB
SwapFree:            0 kB
Dirty:             476 kB
Writeback:           0 kB
AnonPages:        5100 kB
Mapped:           2696 kB
Slab:             4444 kB
SReclaimable:     2836 kB
SUnreclaim:       1608 kB
PageTables:        148 kB
NFS_Unstable:        0 kB
Bounce:              0 kB
CommitLimit:     62056 kB
Committed_AS:    11008 kB
VmallocTotal:   909272 kB
VmallocUsed:        64 kB
VmallocChunk:   909208 kB
Thu Nov 12 01:03:36 CST 2009
MemTotal:       124112 kB
MemFree:         73468 kB
Buffers:          5452 kB
Cached:          33524 kB
SwapCached:          0 kB
Active:          25056 kB
Inactive:        20616 kB
SwapTotal:           0 kB
SwapFree:            0 kB
Dirty:             480 kB
Writeback:           0 kB
AnonPages:        6724 kB
Mapped:           4016 kB
Slab:             4444 kB
SReclaimable:     2836 kB
SUnreclaim:       1608 kB
PageTables:        148 kB
NFS_Unstable:        0 kB
Bounce:              0 kB
CommitLimit:     62056 kB
Committed_AS:    12640 kB
VmallocTotal:   909272 kB
VmallocUsed:        64 kB
VmallocChunk:   909208 kB
Thu Nov 12 01:03:37 CST 2009
MemTotal:       124112 kB
MemFree:         72600 kB
Buffers:          5452 kB
Cached:          33528 kB
SwapCached:          0 kB
Active:          25972 kB
Inactive:        20608 kB
SwapTotal:           0 kB
SwapFree:            0 kB
Dirty:             484 kB
Writeback:           0 kB
AnonPages:        7628 kB
Mapped:           4028 kB
Slab:             4444 kB
SReclaimable:     2836 kB
SUnreclaim:       1608 kB
PageTables:        152 kB
NFS_Unstable:        0 kB
Bounce:              0 kB
CommitLimit:     62056 kB
Committed_AS:    13732 kB
VmallocTotal:   909272 kB
VmallocUsed:        64 kB
VmallocChunk:   909208 kB
Thu Nov 12 01:03:39 CST 2009
MemTotal:       124112 kB
MemFree:         72656 kB
Buffers:          5460 kB
Cached:          33536 kB
SwapCached:          0 kB
Active:          25880 kB
Inactive:        20612 kB
SwapTotal:           0 kB
SwapFree:            0 kB
Dirty:             512 kB
Writeback:           0 kB
AnonPages:        7524 kB
Mapped:           4028 kB
Slab:             4444 kB
SReclaimable:     2836 kB
SUnreclaim:       1608 kB
PageTables:        148 kB
NFS_Unstable:        0 kB
Bounce:              0 kB
CommitLimit:     62056 kB
Committed_AS:    13764 kB
VmallocTotal:   909272 kB
VmallocUsed:        64 kB
VmallocChunk:   909208 kB
Thu Nov 12 01:03:40 CST 2009
MemTotal:       124112 kB
MemFree:         73776 kB
Buffers:          5460 kB
Cached:          33544 kB
SwapCached:          0 kB
Active:          24780 kB
Inactive:        20608 kB
SwapTotal:           0 kB
SwapFree:            0 kB
Dirty:             468 kB
Writeback:           0 kB
AnonPages:        6412 kB
Mapped:           3828 kB
Slab:             4444 kB
SReclaimable:     2836 kB
SUnreclaim:       1608 kB
PageTables:        148 kB
NFS_Unstable:        0 kB
Bounce:              0 kB
CommitLimit:     62056 kB
Committed_AS:    12476 kB
VmallocTotal:   909272 kB
VmallocUsed:        64 kB
VmallocChunk:   909208 kB
Thu Nov 12 01:03:41 CST 2009
MemTotal:       124112 kB
MemFree:         73804 kB
Buffers:          5460 kB
Cached:          33548 kB
SwapCached:          0 kB
Active:          24780 kB
Inactive:        20580 kB
SwapTotal:           0 kB
SwapFree:            0 kB
Dirty:             472 kB
Writeback:           0 kB
AnonPages:        6380 kB
Mapped:           3816 kB
Slab:             4444 kB
SReclaimable:     2836 kB
SUnreclaim:       1608 kB
PageTables:        148 kB
NFS_Unstable:        0 kB
Bounce:              0 kB
CommitLimit:     62056 kB
Committed_AS:    12472 kB
VmallocTotal:   909272 kB
VmallocUsed:        64 kB
VmallocChunk:   909208 kB
Thu Nov 12 01:03:43 CST 2009
MemTotal:       124112 kB
MemFree:         71256 kB
Buffers:          5460 kB
Cached:          33548 kB
SwapCached:          0 kB
Active:          27324 kB
Inactive:        20580 kB
SwapTotal:           0 kB
SwapFree:            0 kB
Dirty:             472 kB
Writeback:           0 kB
AnonPages:        8936 kB
Mapped:           6196 kB
Slab:             4444 kB
SReclaimable:     2836 kB
SUnreclaim:       1608 kB
PageTables:        152 kB
NFS_Unstable:        0 kB
Bounce:              0 kB
CommitLimit:     62056 kB
Committed_AS:    14944 kB
VmallocTotal:   909272 kB
VmallocUsed:        64 kB
VmallocChunk:   909208 kB
Thu Nov 12 01:03:44 CST 2009
MemTotal:       124112 kB
MemFree:         74280 kB
Buffers:          5468 kB
Cached:          33552 kB
SwapCached:          0 kB
Active:          24272 kB
Inactive:        20588 kB
SwapTotal:           0 kB
SwapFree:            0 kB
Dirty:             476 kB
Writeback:           0 kB
AnonPages:        5868 kB
Mapped:           3604 kB
Slab:             4444 kB
SReclaimable:     2836 kB
SUnreclaim:       1608 kB
PageTables:        148 kB
NFS_Unstable:        0 kB
Bounce:              0 kB
CommitLimit:     62056 kB
Committed_AS:    12184 kB
VmallocTotal:   909272 kB
VmallocUsed:        64 kB
VmallocChunk:   909208 kB
Thu Nov 12 01:03:45 CST 2009
MemTotal:       124112 kB
MemFree:         73244 kB
Buffers:          5468 kB
Cached:          33560 kB
SwapCached:          0 kB
Active:          25344 kB
Inactive:        20580 kB
SwapTotal:           0 kB
SwapFree:            0 kB
Dirty:             484 kB
Writeback:           0 kB
AnonPages:        6944 kB
Mapped:           3060 kB
Slab:             4444 kB
SReclaimable:     2836 kB
SUnreclaim:       1608 kB
PageTables:        144 kB
NFS_Unstable:        0 kB
Bounce:              0 kB
CommitLimit:     62056 kB
Committed_AS:    12360 kB
VmallocTotal:   909272 kB
VmallocUsed:        64 kB
VmallocChunk:   909208 kB
Thu Nov 12 01:03:46 CST 2009
MemTotal:       124112 kB
MemFree:         71452 kB
Buffers:          5468 kB
Cached:          33560 kB
SwapCached:          0 kB
Active:          27156 kB
Inactive:        20548 kB
SwapTotal:           0 kB
SwapFree:            0 kB
Dirty:             396 kB
Writeback:           0 kB
AnonPages:        8704 kB
Mapped:           4884 kB
Slab:             4444 kB
SReclaimable:     2836 kB
SUnreclaim:       1608 kB
PageTables:        152 kB
NFS_Unstable:        0 kB
Bounce:              0 kB
CommitLimit:     62056 kB
Committed_AS:    14872 kB
VmallocTotal:   909272 kB
VmallocUsed:        64 kB
VmallocChunk:   909208 kB
Thu Nov 12 01:03:47 CST 2009
MemTotal:       124112 kB
MemFree:         70724 kB
Buffers:          5468 kB
Cached:          33564 kB
SwapCached:          0 kB
Active:          27916 kB
Inactive:        20552 kB
SwapTotal:           0 kB
SwapFree:            0 kB
Dirty:             400 kB
Writeback:           0 kB
AnonPages:        9444 kB
Mapped:           6204 kB
Slab:             4444 kB
SReclaimable:     2836 kB
SUnreclaim:       1608 kB
PageTables:        152 kB
NFS_Unstable:        0 kB
Bounce:              0 kB
CommitLimit:     62056 kB
Committed_AS:    16012 kB
VmallocTotal:   909272 kB
VmallocUsed:        64 kB
VmallocChunk:   909208 kB
Thu Nov 12 01:03:49 CST 2009
MemTotal:       124112 kB
MemFree:         73132 kB
Buffers:          5476 kB
Cached:          33588 kB
SwapCached:          0 kB
Active:          25472 kB
Inactive:        20556 kB
SwapTotal:           0 kB
SwapFree:            0 kB
Dirty:             428 kB
Writeback:           0 kB
AnonPages:        7012 kB
Mapped:           3060 kB
Slab:             4444 kB
SReclaimable:     2836 kB
SUnreclaim:       1608 kB
PageTables:        144 kB
NFS_Unstable:        0 kB
Bounce:              0 kB
CommitLimit:     62056 kB
Committed_AS:    12356 kB
VmallocTotal:   909272 kB
VmallocUsed:        64 kB
VmallocChunk:   909208 kB
Thu Nov 12 01:03:50 CST 2009
MemTotal:       124112 kB
MemFree:         74448 kB
Buffers:          5476 kB
Cached:          33576 kB
SwapCached:          0 kB
Active:          24160 kB
Inactive:        20552 kB
SwapTotal:           0 kB
SwapFree:            0 kB
Dirty:             416 kB
Writeback:           0 kB
AnonPages:        5688 kB
Mapped:           3480 kB
Slab:             4444 kB
SReclaimable:     2836 kB
SUnreclaim:       1608 kB
PageTables:        148 kB
NFS_Unstable:        0 kB
Bounce:              0 kB
CommitLimit:     62056 kB
Committed_AS:    12180 kB
VmallocTotal:   909272 kB
VmallocUsed:        64 kB
VmallocChunk:   909208 kB
Thu Nov 12 01:03:51 CST 2009
MemTotal:       124112 kB
MemFree:         73440 kB
Buffers:          5476 kB
Cached:          33580 kB
SwapCached:          0 kB
Active:          25224 kB
Inactive:        20548 kB
SwapTotal:           0 kB
SwapFree:            0 kB
Dirty:             412 kB
Writeback:           0 kB
AnonPages:        6724 kB
Mapped:           4012 kB
Slab:             4444 kB
SReclaimable:     2836 kB
SUnreclaim:       1608 kB
PageTables:        148 kB
NFS_Unstable:        0 kB
Bounce:              0 kB
CommitLimit:     62056 kB
Committed_AS:    12596 kB
VmallocTotal:   909272 kB
VmallocUsed:        64 kB
VmallocChunk:   909208 kB
Thu Nov 12 01:03:52 CST 2009
MemTotal:       124112 kB
MemFree:         72320 kB
Buffers:          5476 kB
Cached:          33584 kB
SwapCached:          0 kB
Active:          26304 kB
Inactive:        20544 kB
SwapTotal:           0 kB
SwapFree:            0 kB
Dirty:             416 kB
Writeback:           0 kB
AnonPages:        7816 kB
Mapped:           4748 kB
Slab:             4444 kB
SReclaimable:     2836 kB
SUnreclaim:       1608 kB
PageTables:        152 kB
NFS_Unstable:        0 kB
Bounce:              0 kB
CommitLimit:     62056 kB
Committed_AS:    13768 kB
VmallocTotal:   909272 kB
VmallocUsed:        64 kB
VmallocChunk:   909208 kB
Thu Nov 12 01:03:53 CST 2009
MemTotal:       124112 kB
MemFree:         71900 kB
Buffers:          5476 kB
Cached:          33592 kB
SwapCached:          0 kB
Active:          26720 kB
Inactive:        20536 kB
SwapTotal:           0 kB
SwapFree:            0 kB
Dirty:             424 kB
Writeback:           0 kB
AnonPages:        8228 kB
Mapped:           4848 kB
Slab:             4444 kB
SReclaimable:     2836 kB
SUnreclaim:       1608 kB
PageTables:        152 kB
NFS_Unstable:        0 kB
Bounce:              0 kB
CommitLimit:     62056 kB
Committed_AS:    14780 kB
VmallocTotal:   909272 kB
VmallocUsed:        64 kB
VmallocChunk:   909208 kB
Thu Nov 12 01:03:55 CST 2009
MemTotal:       124112 kB
MemFree:         72516 kB
Buffers:          5484 kB
Cached:          33596 kB
SwapCached:          0 kB
Active:          26120 kB
Inactive:        20536 kB
SwapTotal:           0 kB
SwapFree:            0 kB
Dirty:             432 kB
Writeback:           0 kB
AnonPages:        7604 kB
Mapped:           4028 kB
Slab:             4444 kB
SReclaimable:     2836 kB
SUnreclaim:       1608 kB
PageTables:        152 kB
NFS_Unstable:        0 kB
Bounce:              0 kB
CommitLimit:     62056 kB
Committed_AS:    13768 kB
VmallocTotal:   909272 kB
VmallocUsed:        64 kB
VmallocChunk:   909208 kB
Thu Nov 12 01:03:56 CST 2009
MemTotal:       124112 kB
MemFree:         73328 kB
Buffers:          5484 kB
Cached:          33600 kB
SwapCached:          0 kB
Active:          25332 kB
Inactive:        20528 kB
SwapTotal:           0 kB
SwapFree:            0 kB
Dirty:             416 kB
Writeback:           0 kB
AnonPages:        6800 kB
Mapped:           4016 kB
Slab:             4444 kB
SReclaimable:     2836 kB
SUnreclaim:       1608 kB
PageTables:        148 kB
NFS_Unstable:        0 kB
Bounce:              0 kB
CommitLimit:     62056 kB
Committed_AS:    12612 kB
VmallocTotal:   909272 kB
VmallocUsed:        64 kB
VmallocChunk:   909208 kB
Thu Nov 12 01:03:57 CST 2009
MemTotal:       124112 kB
MemFree:         75176 kB
Buffers:          5484 kB
Cached:          33604 kB
SwapCached:          0 kB
Active:          23468 kB
Inactive:        20528 kB
SwapTotal:           0 kB
SwapFree:            0 kB
Dirty:             420 kB
Writeback:           0 kB
AnonPages:        4936 kB
Mapped:           2472 kB
Slab:             4444 kB
SReclaimable:     2836 kB
SUnreclaim:       1608 kB
PageTables:        132 kB
NFS_Unstable:        0 kB
Bounce:              0 kB
CommitLimit:     62056 kB
Committed_AS:    10140 kB
VmallocTotal:   909272 kB
VmallocUsed:        64 kB
VmallocChunk:   909208 kB
Thu Nov 12 01:03:58 CST 2009
MemTotal:       124112 kB
MemFree:         73552 kB
Buffers:          5484 kB
Cached:          33608 kB
SwapCached:          0 kB
Active:          25144 kB
Inactive:        20520 kB
SwapTotal:           0 kB
SwapFree:            0 kB
Dirty:             424 kB
Writeback:           0 kB
AnonPages:        6572 kB
Mapped:           3896 kB
Slab:             4444 kB
SReclaimable:     2836 kB
SUnreclaim:       1608 kB
PageTables:        148 kB
NFS_Unstable:        0 kB
Bounce:              0 kB
CommitLimit:     62056 kB
Committed_AS:    12608 kB
VmallocTotal:   909272 kB
VmallocUsed:        64 kB
VmallocChunk:   909208 kB
Thu Nov 12 01:03:59 CST 2009
MemTotal:       124112 kB
MemFree:         73020 kB
Buffers:          5492 kB
Cached:          33612 kB
SwapCached:          0 kB
Active:          25608 kB
Inactive:        20524 kB
SwapTotal:           0 kB
SwapFree:            0 kB
Dirty:             428 kB
Writeback:           0 kB
AnonPages:        7056 kB
Mapped:           4024 kB
Slab:             4444 kB
SReclaimable:     2836 kB
SUnreclaim:       1608 kB
PageTables:        148 kB
NFS_Unstable:        0 kB
Bounce:              0 kB
CommitLimit:     62056 kB
Committed_AS:    13632 kB
VmallocTotal:   909272 kB
VmallocUsed:        64 kB
VmallocChunk:   909208 kB
Thu Nov 12 01:04:00 CST 2009
MemTotal:       124112 kB
MemFree:         72264 kB
Buffers:          5492 kB
Cached:          33616 kB
SwapCached:          0 kB
Active:          26384 kB
Inactive:        20520 kB
SwapTotal:           0 kB
SwapFree:            0 kB
Dirty:             164 kB
Writeback:           0 kB
AnonPages:        7836 kB
Mapped:           4812 kB
Slab:             4444 kB
SReclaimable:     2836 kB
SUnreclaim:       1608 kB
PageTables:        152 kB
NFS_Unstable:        0 kB
Bounce:              0 kB
CommitLimit:     62056 kB
Committed_AS:    13884 kB
VmallocTotal:   909272 kB
VmallocUsed:        64 kB
VmallocChunk:   909208 kB
Thu Nov 12 01:04:02 CST 2009
MemTotal:       124112 kB
MemFree:         74756 kB
Buffers:          5492 kB
Cached:          33628 kB
SwapCached:          0 kB
Active:          23888 kB
Inactive:        20516 kB
SwapTotal:           0 kB
SwapFree:            0 kB
Dirty:             176 kB
Writeback:           0 kB
AnonPages:        5312 kB
Mapped:           2976 kB
Slab:             4448 kB
SReclaimable:     2840 kB
SUnreclaim:       1608 kB
PageTables:        148 kB
NFS_Unstable:        0 kB
Bounce:              0 kB
CommitLimit:     62056 kB
Committed_AS:    12300 kB
VmallocTotal:   909272 kB
VmallocUsed:        64 kB
VmallocChunk:   909208 kB
Thu Nov 12 01:04:03 CST 2009
MemTotal:       124112 kB
MemFree:         72908 kB
Buffers:          5492 kB
Cached:          33632 kB
SwapCached:          0 kB
Active:          25768 kB
Inactive:        20508 kB
SwapTotal:           0 kB
SwapFree:            0 kB
Dirty:             180 kB
Writeback:           0 kB
AnonPages:        7180 kB
Mapped:           4028 kB
Slab:             4448 kB
SReclaimable:     2840 kB
SUnreclaim:       1608 kB
PageTables:        148 kB
NFS_Unstable:        0 kB
Bounce:              0 kB
CommitLimit:     62056 kB
Committed_AS:    13760 kB
VmallocTotal:   909272 kB
VmallocUsed:        64 kB
VmallocChunk:   909208 kB
Thu Nov 12 01:04:04 CST 2009
MemTotal:       124112 kB
MemFree:         72068 kB
Buffers:          5492 kB
Cached:          33636 kB
SwapCached:          0 kB
Active:          26568 kB
Inactive:        20504 kB
SwapTotal:           0 kB
SwapFree:            0 kB
Dirty:             184 kB
Writeback:           0 kB
AnonPages:        7972 kB
Mapped:           5240 kB
Slab:             4448 kB
SReclaimable:     2840 kB
SUnreclaim:       1608 kB
PageTables:        152 kB
NFS_Unstable:        0 kB
Bounce:              0 kB
CommitLimit:     62056 kB
Committed_AS:    13888 kB
VmallocTotal:   909272 kB
VmallocUsed:        64 kB
VmallocChunk:   909208 kB
Thu Nov 12 01:04:05 CST 2009
MemTotal:       124112 kB
MemFree:         75148 kB
Buffers:          5500 kB
Cached:          33644 kB
SwapCached:          0 kB
Active:          23532 kB
Inactive:        20508 kB
SwapTotal:           0 kB
SwapFree:            0 kB
Dirty:             340 kB
Writeback:           0 kB
AnonPages:        4924 kB
Mapped:           2472 kB
Slab:             4448 kB
SReclaimable:     2840 kB
SUnreclaim:       1608 kB
PageTables:        132 kB
NFS_Unstable:        0 kB
Bounce:              0 kB
CommitLimit:     62056 kB
Committed_AS:    10096 kB
VmallocTotal:   909272 kB
VmallocUsed:        64 kB
VmallocChunk:   909208 kB
Thu Nov 12 01:04:06 CST 2009
MemTotal:       124112 kB
MemFree:         73524 kB
Buffers:          5500 kB
Cached:          33696 kB
SwapCached:          0 kB
Active:          25092 kB
Inactive:        20544 kB
SwapTotal:           0 kB
SwapFree:            0 kB
Dirty:             392 kB
Writeback:           0 kB
AnonPages:        6468 kB
Mapped:           3828 kB
Slab:             4448 kB
SReclaimable:     2840 kB
SUnreclaim:       1608 kB
PageTables:        148 kB
NFS_Unstable:        0 kB
Bounce:              0 kB
CommitLimit:     62056 kB
Committed_AS:    12604 kB
VmallocTotal:   909272 kB
VmallocUsed:        64 kB
VmallocChunk:   909208 kB
Thu Nov 12 01:04:07 CST 2009
MemTotal:       124112 kB
MemFree:         73412 kB
Buffers:          5500 kB
Cached:          33700 kB
SwapCached:          0 kB
Active:          25240 kB
Inactive:        20528 kB
SwapTotal:           0 kB
SwapFree:            0 kB
Dirty:             396 kB
Writeback:           0 kB
AnonPages:        6596 kB
Mapped:           3896 kB
Slab:             4448 kB
SReclaimable:     2840 kB
SUnreclaim:       1608 kB
PageTables:        148 kB
NFS_Unstable:        0 kB
Bounce:              0 kB
CommitLimit:     62056 kB
Committed_AS:    12724 kB
VmallocTotal:   909272 kB
VmallocUsed:        64 kB
VmallocChunk:   909208 kB
Thu Nov 12 01:04:09 CST 2009
MemTotal:       124112 kB
MemFree:         71228 kB
Buffers:          5500 kB
Cached:          33708 kB
SwapCached:          0 kB
Active:          27400 kB
Inactive:        20532 kB
SwapTotal:           0 kB
SwapFree:            0 kB
Dirty:             404 kB
Writeback:           0 kB
AnonPages:        8752 kB
Mapped:           6236 kB
Slab:             4448 kB
SReclaimable:     2840 kB
SUnreclaim:       1608 kB
PageTables:        152 kB
NFS_Unstable:        0 kB
Bounce:              0 kB
CommitLimit:     62056 kB
Committed_AS:    15012 kB
VmallocTotal:   909272 kB
VmallocUsed:        64 kB
VmallocChunk:   909208 kB
Thu Nov 12 01:04:10 CST 2009
MemTotal:       124112 kB
MemFree:         72824 kB
Buffers:          5508 kB
Cached:          33708 kB
SwapCached:          0 kB
Active:          25788 kB
Inactive:        20532 kB
SwapTotal:           0 kB
SwapFree:            0 kB
Dirty:             432 kB
Writeback:           0 kB
AnonPages:        7132 kB
Mapped:           4028 kB
Slab:             4448 kB
SReclaimable:     2840 kB
SUnreclaim:       1608 kB
PageTables:        148 kB
NFS_Unstable:        0 kB
Bounce:              0 kB
CommitLimit:     62056 kB
Committed_AS:    13760 kB
VmallocTotal:   909272 kB
VmallocUsed:        64 kB
VmallocChunk:   909208 kB
Thu Nov 12 01:04:11 CST 2009
MemTotal:       124112 kB
MemFree:         72376 kB
Buffers:          5508 kB
Cached:          33712 kB
SwapCached:          0 kB
Active:          26240 kB
Inactive:        20528 kB
SwapTotal:           0 kB
SwapFree:            0 kB
Dirty:             416 kB
Writeback:           0 kB
AnonPages:        7576 kB
Mapped:           4028 kB
Slab:             4448 kB
SReclaimable:     2840 kB
SUnreclaim:       1608 kB
PageTables:        148 kB
NFS_Unstable:        0 kB
Bounce:              0 kB
CommitLimit:     62056 kB
Committed_AS:    13888 kB
VmallocTotal:   909272 kB
VmallocUsed:        64 kB
VmallocChunk:   909208 kB
Thu Nov 12 01:04:12 CST 2009
MemTotal:       124112 kB
MemFree:         71900 kB
Buffers:          5508 kB
Cached:          33716 kB
SwapCached:          0 kB
Active:          26740 kB
Inactive:        20524 kB
SwapTotal:           0 kB
SwapFree:            0 kB
Dirty:             420 kB
Writeback:           0 kB
AnonPages:        8068 kB
Mapped:           4028 kB
Slab:             4448 kB
SReclaimable:     2840 kB
SUnreclaim:       1608 kB
PageTables:        152 kB
NFS_Unstable:        0 kB
Bounce:              0 kB
CommitLimit:     62056 kB
Committed_AS:    13888 kB
VmallocTotal:   909272 kB
VmallocUsed:        64 kB
VmallocChunk:   909208 kB
Thu Nov 12 01:04:13 CST 2009
MemTotal:       124112 kB
MemFree:         71816 kB
Buffers:          5508 kB
Cached:          33720 kB
SwapCached:          0 kB
Active:          26872 kB
Inactive:        20520 kB
SwapTotal:           0 kB
SwapFree:            0 kB
Dirty:             424 kB
Writeback:           0 kB
AnonPages:        8164 kB
Mapped:           4188 kB
Slab:             4448 kB
SReclaimable:     2840 kB
SUnreclaim:       1608 kB
PageTables:        152 kB
NFS_Unstable:        0 kB
Bounce:              0 kB
CommitLimit:     62056 kB
Committed_AS:    13896 kB
VmallocTotal:   909272 kB
VmallocUsed:        64 kB
VmallocChunk:   909208 kB
Thu Nov 12 01:04:15 CST 2009
MemTotal:       124112 kB
MemFree:         71788 kB
Buffers:          5508 kB
Cached:          33724 kB
SwapCached:          0 kB
Active:          26856 kB
Inactive:        20516 kB
SwapTotal:           0 kB
SwapFree:            0 kB
Dirty:             428 kB
Writeback:           0 kB
AnonPages:        8168 kB
Mapped:           5620 kB
Slab:             4448 kB
SReclaimable:     2840 kB
SUnreclaim:       1608 kB
PageTables:        152 kB
NFS_Unstable:        0 kB
Bounce:              0 kB
CommitLimit:     62056 kB
Committed_AS:    13904 kB
VmallocTotal:   909272 kB
VmallocUsed:        64 kB
VmallocChunk:   909208 kB
Thu Nov 12 01:04:16 CST 2009
MemTotal:       124112 kB
MemFree:         71760 kB
Buffers:          5516 kB
Cached:          33732 kB
SwapCached:          0 kB
Active:          26928 kB
Inactive:        20516 kB
SwapTotal:           0 kB
SwapFree:            0 kB
Dirty:             416 kB
Writeback:           0 kB
AnonPages:        8204 kB
Mapped:           5708 kB
Slab:             4448 kB
SReclaimable:     2840 kB
SUnreclaim:       1608 kB
PageTables:        152 kB
NFS_Unstable:        0 kB
Bounce:              0 kB
CommitLimit:     62056 kB
Committed_AS:    13892 kB
VmallocTotal:   909272 kB
VmallocUsed:        64 kB
VmallocChunk:   909208 kB
Thu Nov 12 01:04:17 CST 2009
MemTotal:       124112 kB
MemFree:         71592 kB
Buffers:          5516 kB
Cached:          33736 kB
SwapCached:          0 kB
Active:          27044 kB
Inactive:        20512 kB
SwapTotal:           0 kB
SwapFree:            0 kB
Dirty:             420 kB
Writeback:           0 kB
AnonPages:        8332 kB
Mapped:           5828 kB
Slab:             4448 kB
SReclaimable:     2840 kB
SUnreclaim:       1608 kB
PageTables:        152 kB
NFS_Unstable:        0 kB
Bounce:              0 kB
CommitLimit:     62056 kB
Committed_AS:    14912 kB
VmallocTotal:   909272 kB
VmallocUsed:        64 kB
VmallocChunk:   909208 kB
Thu Nov 12 01:04:18 CST 2009
MemTotal:       124112 kB
MemFree:         71312 kB
Buffers:          5516 kB
Cached:          33740 kB
SwapCached:          0 kB
Active:          27340 kB
Inactive:        20500 kB
SwapTotal:           0 kB
SwapFree:            0 kB
Dirty:             424 kB
Writeback:           0 kB
AnonPages:        8612 kB
Mapped:           5916 kB
Slab:             4448 kB
SReclaimable:     2840 kB
SUnreclaim:       1608 kB
PageTables:        152 kB
NFS_Unstable:        0 kB
Bounce:              0 kB
CommitLimit:     62056 kB
Committed_AS:    14916 kB
VmallocTotal:   909272 kB
VmallocUsed:        64 kB
VmallocChunk:   909208 kB
Thu Nov 12 01:04:19 CST 2009
MemTotal:       124112 kB
MemFree:         73300 kB
Buffers:          5516 kB
Cached:          33748 kB
SwapCached:          0 kB
Active:          25344 kB
Inactive:        20496 kB
SwapTotal:           0 kB
SwapFree:            0 kB
Dirty:             432 kB
Writeback:           0 kB
AnonPages:        6628 kB
Mapped:           3896 kB
Slab:             4448 kB
SReclaimable:     2840 kB
SUnreclaim:       1608 kB
PageTables:        148 kB
NFS_Unstable:        0 kB
Bounce:              0 kB
CommitLimit:     62056 kB
Committed_AS:    12740 kB
VmallocTotal:   909272 kB
VmallocUsed:        64 kB
VmallocChunk:   909208 kB
Thu Nov 12 01:04:21 CST 2009
MemTotal:       124112 kB
MemFree:         71088 kB
Buffers:          5528 kB
Cached:          33748 kB
SwapCached:          0 kB
Active:          27552 kB
Inactive:        20508 kB
SwapTotal:           0 kB
SwapFree:            0 kB
Dirty:             420 kB
Writeback:           0 kB
AnonPages:        8812 kB
Mapped:           5468 kB
Slab:             4448 kB
SReclaimable:     2840 kB
SUnreclaim:       1608 kB
PageTables:        152 kB
NFS_Unstable:        0 kB
Bounce:              0 kB
CommitLimit:     62056 kB
Committed_AS:    15040 kB
VmallocTotal:   909272 kB
VmallocUsed:        64 kB
VmallocChunk:   909208 kB
Thu Nov 12 01:04:22 CST 2009
MemTotal:       124112 kB
MemFree:         71956 kB
Buffers:          5528 kB
Cached:          33752 kB
SwapCached:          0 kB
Active:          26688 kB
Inactive:        20500 kB
SwapTotal:           0 kB
SwapFree:            0 kB
Dirty:             424 kB
Writeback:           0 kB
AnonPages:        7936 kB
Mapped:           4028 kB
Slab:             4448 kB
SReclaimable:     2840 kB
SUnreclaim:       1608 kB
PageTables:        152 kB
NFS_Unstable:        0 kB
Bounce:              0 kB
CommitLimit:     62056 kB
Committed_AS:    13856 kB
VmallocTotal:   909272 kB
VmallocUsed:        64 kB
VmallocChunk:   909208 kB
Thu Nov 12 01:04:23 CST 2009
MemTotal:       124112 kB
MemFree:         73412 kB
Buffers:          5528 kB
Cached:          33760 kB
SwapCached:          0 kB
Active:          25236 kB
Inactive:        20492 kB
SwapTotal:           0 kB
SwapFree:            0 kB
Dirty:             432 kB
Writeback:           0 kB
AnonPages:        6468 kB
Mapped:           3816 kB
Slab:             4448 kB
SReclaimable:     2840 kB
SUnreclaim:       1608 kB
PageTables:        148 kB
NFS_Unstable:        0 kB
Bounce:              0 kB
CommitLimit:     62056 kB
Committed_AS:    12600 kB
VmallocTotal:   909272 kB
VmallocUsed:        64 kB
VmallocChunk:   909208 kB
Thu Nov 12 01:04:24 CST 2009
MemTotal:       124112 kB
MemFree:         74980 kB
Buffers:          5528 kB
Cached:          33764 kB
SwapCached:          0 kB
Active:          23732 kB
Inactive:        20480 kB
SwapTotal:           0 kB
SwapFree:            0 kB
Dirty:             436 kB
Writeback:           0 kB
AnonPages:        4948 kB
Mapped:           2472 kB
Slab:             4448 kB
SReclaimable:     2840 kB
SUnreclaim:       1608 kB
PageTables:        132 kB
NFS_Unstable:        0 kB
Bounce:              0 kB
CommitLimit:     62056 kB
Committed_AS:    10268 kB
VmallocTotal:   909272 kB
VmallocUsed:        64 kB
VmallocChunk:   909208 kB
Thu Nov 12 01:04:25 CST 2009
MemTotal:       124112 kB
MemFree:         72908 kB
Buffers:          5528 kB
Cached:          33768 kB
SwapCached:          0 kB
Active:          25772 kB
Inactive:        20472 kB
SwapTotal:           0 kB
SwapFree:            0 kB
Dirty:             440 kB
Writeback:           0 kB
AnonPages:        6976 kB
Mapped:           4016 kB
Slab:             4448 kB
SReclaimable:     2840 kB
SUnreclaim:       1608 kB
PageTables:        148 kB
NFS_Unstable:        0 kB
Bounce:              0 kB
CommitLimit:     62056 kB
Committed_AS:    12732 kB
VmallocTotal:   909272 kB
VmallocUsed:        64 kB
VmallocChunk:   909208 kB
Thu Nov 12 01:04:26 CST 2009
MemTotal:       124112 kB
MemFree:         73384 kB
Buffers:          5536 kB
Cached:          33772 kB
SwapCached:          0 kB
Active:          25320 kB
Inactive:        20468 kB
SwapTotal:           0 kB
SwapFree:            0 kB
Dirty:             428 kB
Writeback:           0 kB
AnonPages:        6524 kB
Mapped:           3868 kB
Slab:             4448 kB
SReclaimable:     2840 kB
SUnreclaim:       1608 kB
PageTables:        148 kB
NFS_Unstable:        0 kB
Bounce:              0 kB
CommitLimit:     62056 kB
Committed_AS:    12592 kB
VmallocTotal:   909272 kB
VmallocUsed:        64 kB
VmallocChunk:   909208 kB
Thu Nov 12 01:04:27 CST 2009
MemTotal:       124112 kB
MemFree:         71368 kB
Buffers:          5536 kB
Cached:          33772 kB
SwapCached:          0 kB
Active:          27320 kB
Inactive:        20468 kB
SwapTotal:           0 kB
SwapFree:            0 kB
Dirty:             428 kB
Writeback:           0 kB
AnonPages:        8508 kB
Mapped:           6096 kB
Slab:             4448 kB
SReclaimable:     2840 kB
SUnreclaim:       1608 kB
PageTables:        152 kB
NFS_Unstable:        0 kB
Bounce:              0 kB
CommitLimit:     62056 kB
Committed_AS:    14916 kB
VmallocTotal:   909272 kB
VmallocUsed:        64 kB
VmallocChunk:   909208 kB
Thu Nov 12 01:04:28 CST 2009
MemTotal:       124112 kB
MemFree:         74560 kB
Buffers:          5536 kB
Cached:          33780 kB
SwapCached:          0 kB
Active:          24132 kB
Inactive:        20464 kB
SwapTotal:           0 kB
SwapFree:            0 kB
Dirty:             436 kB
Writeback:           0 kB
AnonPages:        5308 kB
Mapped:           2744 kB
Slab:             4448 kB
SReclaimable:     2840 kB
SUnreclaim:       1608 kB
PageTables:        148 kB
NFS_Unstable:        0 kB
Bounce:              0 kB
CommitLimit:     62056 kB
Committed_AS:    12168 kB
VmallocTotal:   909272 kB
VmallocUsed:        64 kB
VmallocChunk:   909208 kB
Thu Nov 12 01:04:30 CST 2009
MemTotal:       124112 kB
MemFree:         73384 kB
Buffers:          5536 kB
Cached:          33784 kB
SwapCached:          0 kB
Active:          25344 kB
Inactive:        20456 kB
SwapTotal:           0 kB
SwapFree:            0 kB
Dirty:             440 kB
Writeback:           0 kB
AnonPages:        6492 kB
Mapped:           3828 kB
Slab:             4448 kB
SReclaimable:     2840 kB
SUnreclaim:       1608 kB
PageTables:        148 kB
NFS_Unstable:        0 kB
Bounce:              0 kB
CommitLimit:     62056 kB
Committed_AS:    12596 kB
VmallocTotal:   909272 kB
VmallocUsed:        64 kB
VmallocChunk:   909208 kB
Thu Nov 12 01:04:31 CST 2009
MemTotal:       124112 kB
MemFree:         71312 kB
Buffers:          5548 kB
Cached:          33788 kB
SwapCached:          0 kB
Active:          27384 kB
Inactive:        20456 kB
SwapTotal:           0 kB
SwapFree:            0 kB
Dirty:             432 kB
Writeback:           0 kB
AnonPages:        8532 kB
Mapped:           6144 kB
Slab:             4448 kB
SReclaimable:     2840 kB
SUnreclaim:       1608 kB
PageTables:        152 kB
NFS_Unstable:        0 kB
Bounce:              0 kB
CommitLimit:     62056 kB
Committed_AS:    14920 kB
VmallocTotal:   909272 kB
VmallocUsed:        64 kB
VmallocChunk:   909208 kB
Thu Nov 12 01:04:32 CST 2009
MemTotal:       124112 kB
MemFree:         72740 kB
Buffers:          5548 kB
Cached:          33804 kB
SwapCached:          0 kB
Active:          25952 kB
Inactive:        20456 kB
SwapTotal:           0 kB
SwapFree:            0 kB
Dirty:             448 kB
Writeback:           0 kB
AnonPages:        7084 kB
Mapped:           3084 kB
Slab:             4448 kB
SReclaimable:     2840 kB
SUnreclaim:       1608 kB
PageTables:        144 kB
NFS_Unstable:        0 kB
Bounce:              0 kB
CommitLimit:     62056 kB
Committed_AS:    12476 kB
VmallocTotal:   909272 kB
VmallocUsed:        64 kB
VmallocChunk:   909208 kB
Thu Nov 12 01:04:33 CST 2009
MemTotal:       124112 kB
MemFree:         74084 kB
Buffers:          5548 kB
Cached:          33800 kB
SwapCached:          0 kB
Active:          24644 kB
Inactive:        20448 kB
SwapTotal:           0 kB
SwapFree:            0 kB
Dirty:             444 kB
Writeback:           0 kB
AnonPages:        5764 kB
Mapped:           3480 kB
Slab:             4448 kB
SReclaimable:     2840 kB
SUnreclaim:       1608 kB
PageTables:        148 kB
NFS_Unstable:        0 kB
Bounce:              0 kB
CommitLimit:     62056 kB
Committed_AS:    12312 kB
VmallocTotal:   909272 kB
VmallocUsed:        64 kB
VmallocChunk:   909208 kB
Thu Nov 12 01:04:35 CST 2009
MemTotal:       124112 kB
MemFree:         73328 kB
Buffers:          5548 kB
Cached:          33804 kB
SwapCached:          0 kB
Active:          25372 kB
Inactive:        20448 kB
SwapTotal:           0 kB
SwapFree:            0 kB
Dirty:             448 kB
Writeback:           0 kB
AnonPages:        6496 kB
Mapped:           3828 kB
Slab:             4448 kB
SReclaimable:     2840 kB
SUnreclaim:       1608 kB
PageTables:        152 kB
NFS_Unstable:        0 kB
Bounce:              0 kB
CommitLimit:     62056 kB
Committed_AS:    12596 kB
VmallocTotal:   909272 kB
VmallocUsed:        64 kB
VmallocChunk:   909208 kB
Thu Nov 12 01:04:36 CST 2009
MemTotal:       124112 kB
MemFree:         74840 kB
Buffers:          5548 kB
Cached:          33808 kB
SwapCached:          0 kB
Active:          23928 kB
Inactive:        20444 kB
SwapTotal:           0 kB
SwapFree:            0 kB
Dirty:             172 kB
Writeback:           0 kB
AnonPages:        5032 kB
Mapped:           2532 kB
Slab:             4448 kB
SReclaimable:     2840 kB
SUnreclaim:       1608 kB
PageTables:        132 kB
NFS_Unstable:        0 kB
Bounce:              0 kB
CommitLimit:     62056 kB
Committed_AS:    10264 kB
VmallocTotal:   909272 kB
VmallocUsed:        64 kB
VmallocChunk:   909208 kB
Thu Nov 12 01:04:37 CST 2009
MemTotal:       124112 kB
MemFree:         74672 kB
Buffers:          5556 kB
Cached:          33812 kB
SwapCached:          0 kB
Active:          24036 kB
Inactive:        20448 kB
SwapTotal:           0 kB
SwapFree:            0 kB
Dirty:             408 kB
Writeback:           0 kB
AnonPages:        5144 kB
Mapped:           2648 kB
Slab:             4448 kB
SReclaimable:     2840 kB
SUnreclaim:       1608 kB
PageTables:        148 kB
NFS_Unstable:        0 kB
Bounce:              0 kB
CommitLimit:     62056 kB
Committed_AS:    11136 kB
VmallocTotal:   909272 kB
VmallocUsed:        64 kB
VmallocChunk:   909208 kB
Thu Nov 12 01:04:38 CST 2009
MemTotal:       124112 kB
MemFree:         71592 kB
Buffers:          5556 kB
Cached:          33816 kB
SwapCached:          0 kB
Active:          27112 kB
Inactive:        20440 kB
SwapTotal:           0 kB
SwapFree:            0 kB
Dirty:             412 kB
Writeback:           0 kB
AnonPages:        8224 kB
Mapped:           5592 kB
Slab:             4448 kB
SReclaimable:     2840 kB
SUnreclaim:       1608 kB
PageTables:        152 kB
NFS_Unstable:        0 kB
Bounce:              0 kB
CommitLimit:     62056 kB
Committed_AS:    13916 kB
VmallocTotal:   909272 kB
VmallocUsed:        64 kB
VmallocChunk:   909208 kB
Thu Nov 12 01:04:39 CST 2009
MemTotal:       124112 kB
MemFree:         74364 kB
Buffers:          5556 kB
Cached:          33824 kB
SwapCached:          0 kB
Active:          24360 kB
Inactive:        20436 kB
SwapTotal:           0 kB
SwapFree:            0 kB
Dirty:             420 kB
Writeback:           0 kB
AnonPages:        5444 kB
Mapped:           3200 kB
Slab:             4448 kB
SReclaimable:     2840 kB
SUnreclaim:       1608 kB
PageTables:        148 kB
NFS_Unstable:        0 kB
Bounce:              0 kB
CommitLimit:     62056 kB
Committed_AS:    12312 kB
VmallocTotal:   909272 kB
VmallocUsed:        64 kB
VmallocChunk:   909208 kB
Thu Nov 12 01:04:40 CST 2009
MemTotal:       124112 kB
MemFree:         74616 kB
Buffers:          5556 kB
Cached:          33832 kB
SwapCached:          0 kB
Active:          24032 kB
Inactive:        20432 kB
SwapTotal:           0 kB
SwapFree:            0 kB
Dirty:             428 kB
Writeback:           0 kB
AnonPages:        5088 kB
Mapped:           2616 kB
Slab:             4448 kB
SReclaimable:     2840 kB
SUnreclaim:       1608 kB
PageTables:        132 kB
NFS_Unstable:        0 kB
Bounce:              0 kB
CommitLimit:     62056 kB
Committed_AS:    10272 kB
VmallocTotal:   909272 kB
VmallocUsed:        64 kB
VmallocChunk:   909208 kB
Thu Nov 12 01:04:41 CST 2009
MemTotal:       124112 kB
MemFree:         74728 kB
Buffers:          5564 kB
Cached:          33832 kB
SwapCached:          0 kB
Active:          24004 kB
Inactive:        20436 kB
SwapTotal:           0 kB
SwapFree:            0 kB
Dirty:             376 kB
Writeback:           0 kB
AnonPages:        5072 kB
Mapped:           2612 kB
Slab:             4448 kB
SReclaimable:     2840 kB
SUnreclaim:       1608 kB
PageTables:        132 kB
NFS_Unstable:        0 kB
Bounce:              0 kB
CommitLimit:     62056 kB
Committed_AS:    10264 kB
VmallocTotal:   909272 kB
VmallocUsed:        64 kB
VmallocChunk:   909208 kB
Thu Nov 12 01:04:43 CST 2009
MemTotal:       124112 kB
MemFree:         70696 kB
Buffers:          5564 kB
Cached:          33832 kB
SwapCached:          0 kB
Active:          28088 kB
Inactive:        20404 kB
SwapTotal:           0 kB
SwapFree:            0 kB
Dirty:             376 kB
Writeback:           0 kB
AnonPages:        9116 kB
Mapped:           6160 kB
Slab:             4448 kB
SReclaimable:     2840 kB
SUnreclaim:       1608 kB
PageTables:        152 kB
NFS_Unstable:        0 kB
Bounce:              0 kB
CommitLimit:     62056 kB
Committed_AS:    14968 kB
VmallocTotal:   909272 kB
VmallocUsed:        64 kB
VmallocChunk:   909208 kB
Thu Nov 12 01:04:44 CST 2009
MemTotal:       124112 kB
MemFree:         69856 kB
Buffers:          5564 kB
Cached:          33836 kB
SwapCached:          0 kB
Active:          28880 kB
Inactive:        20408 kB
SwapTotal:           0 kB
SwapFree:            0 kB
Dirty:             380 kB
Writeback:           0 kB
AnonPages:        9916 kB
Mapped:           6288 kB
Slab:             4448 kB
SReclaimable:     2840 kB
SUnreclaim:       1608 kB
PageTables:        152 kB
NFS_Unstable:        0 kB
Bounce:              0 kB
CommitLimit:     62056 kB
Committed_AS:    16396 kB
VmallocTotal:   909272 kB
VmallocUsed:        64 kB
VmallocChunk:   909208 kB
Thu Nov 12 01:04:45 CST 2009
MemTotal:       124112 kB
MemFree:         74756 kB
Buffers:          5564 kB
Cached:          33844 kB
SwapCached:          0 kB
Active:          24020 kB
Inactive:        20404 kB
SwapTotal:           0 kB
SwapFree:            0 kB
Dirty:             388 kB
Writeback:           0 kB
AnonPages:        5044 kB
Mapped:           2532 kB
Slab:             4448 kB
SReclaimable:     2840 kB
SUnreclaim:       1608 kB
PageTables:        132 kB
NFS_Unstable:        0 kB
Bounce:              0 kB
CommitLimit:     62056 kB
Committed_AS:    10268 kB
VmallocTotal:   909272 kB
VmallocUsed:        64 kB
VmallocChunk:   909208 kB
Thu Nov 12 01:04:46 CST 2009
MemTotal:       124112 kB
MemFree:         71228 kB
Buffers:          5564 kB
Cached:          33844 kB
SwapCached:          0 kB
Active:          27532 kB
Inactive:        20396 kB
SwapTotal:           0 kB
SwapFree:            0 kB
Dirty:             356 kB
Writeback:           0 kB
AnonPages:        8564 kB
Mapped:           5924 kB
Slab:             4448 kB
SReclaimable:     2840 kB
SUnreclaim:       1608 kB
PageTables:        152 kB
NFS_Unstable:        0 kB
Bounce:              0 kB
CommitLimit:     62056 kB
Committed_AS:    15032 kB
VmallocTotal:   909272 kB
VmallocUsed:        64 kB
VmallocChunk:   909208 kB
Thu Nov 12 01:04:47 CST 2009
MemTotal:       124112 kB
MemFree:         71564 kB
Buffers:          5572 kB
Cached:          33848 kB
SwapCached:          0 kB
Active:          27196 kB
Inactive:        20400 kB
SwapTotal:           0 kB
SwapFree:            0 kB
Dirty:             372 kB
Writeback:           0 kB
AnonPages:        8204 kB
Mapped:           5104 kB
Slab:             4452 kB
SReclaimable:     2844 kB
SUnreclaim:       1608 kB
PageTables:        152 kB
NFS_Unstable:        0 kB
Bounce:              0 kB
CommitLimit:     62056 kB
Committed_AS:    13888 kB
VmallocTotal:   909272 kB
VmallocUsed:        64 kB
VmallocChunk:   909208 kB
Thu Nov 12 01:04:48 CST 2009
MemTotal:       124112 kB
MemFree:         74700 kB
Buffers:          5572 kB
Cached:          33856 kB
SwapCached:          0 kB
Active:          24120 kB
Inactive:        20396 kB
SwapTotal:           0 kB
SwapFree:            0 kB
Dirty:             380 kB
Writeback:           0 kB
AnonPages:        5088 kB
Mapped:           2568 kB
Slab:             4452 kB
SReclaimable:     2844 kB
SUnreclaim:       1608 kB
PageTables:        132 kB
NFS_Unstable:        0 kB
Bounce:              0 kB
CommitLimit:     62056 kB
Committed_AS:    10268 kB
VmallocTotal:   909272 kB
VmallocUsed:        64 kB
VmallocChunk:   909208 kB
Thu Nov 12 01:04:49 CST 2009
MemTotal:       124112 kB
MemFree:         74000 kB
Buffers:          5572 kB
Cached:          33860 kB
SwapCached:          0 kB
Active:          24812 kB
Inactive:        20388 kB
SwapTotal:           0 kB
SwapFree:            0 kB
Dirty:             384 kB
Writeback:           0 kB
AnonPages:        5768 kB
Mapped:           3444 kB
Slab:             4452 kB
SReclaimable:     2844 kB
SUnreclaim:       1608 kB
PageTables:        148 kB
NFS_Unstable:        0 kB
Bounce:              0 kB
CommitLimit:     62056 kB
Committed_AS:    12308 kB
VmallocTotal:   909272 kB
VmallocUsed:        64 kB
VmallocChunk:   909208 kB
Thu Nov 12 01:04:51 CST 2009
MemTotal:       124112 kB
MemFree:         73188 kB
Buffers:          5572 kB
Cached:          33864 kB
SwapCached:          0 kB
Active:          25584 kB
Inactive:        20380 kB
SwapTotal:           0 kB
SwapFree:            0 kB
Dirty:             372 kB
Writeback:           0 kB
AnonPages:        6556 kB
Mapped:           3820 kB
Slab:             4452 kB
SReclaimable:     2844 kB
SUnreclaim:       1608 kB
PageTables:        148 kB
NFS_Unstable:        0 kB
Bounce:              0 kB
CommitLimit:     62056 kB
Committed_AS:    12600 kB
VmallocTotal:   909272 kB
VmallocUsed:        64 kB
VmallocChunk:   909208 kB
Thu Nov 12 01:04:52 CST 2009
MemTotal:       124112 kB
MemFree:         74672 kB
Buffers:          5580 kB
Cached:          33868 kB
SwapCached:          0 kB
Active:          24148 kB
Inactive:        20388 kB
SwapTotal:           0 kB
SwapFree:            0 kB
Dirty:             376 kB
Writeback:           0 kB
AnonPages:        5088 kB
Mapped:           2560 kB
Slab:             4452 kB
SReclaimable:     2844 kB
SUnreclaim:       1608 kB
PageTables:        132 kB
NFS_Unstable:        0 kB
Bounce:              0 kB
CommitLimit:     62056 kB
Committed_AS:    10264 kB
VmallocTotal:   909272 kB
VmallocUsed:        64 kB
VmallocChunk:   909208 kB
Thu Nov 12 01:04:53 CST 2009
MemTotal:       124112 kB
MemFree:         71144 kB
Buffers:          5580 kB
Cached:          33872 kB
SwapCached:          0 kB
Active:          27624 kB
Inactive:        20380 kB
SwapTotal:           0 kB
SwapFree:            0 kB
Dirty:             380 kB
Writeback:           0 kB
AnonPages:        8580 kB
Mapped:           5984 kB
Slab:             4452 kB
SReclaimable:     2844 kB
SUnreclaim:       1608 kB
PageTables:        152 kB
NFS_Unstable:        0 kB
Bounce:              0 kB
CommitLimit:     62056 kB
Committed_AS:    14928 kB
VmallocTotal:   909272 kB
VmallocUsed:        64 kB
VmallocChunk:   909208 kB
Thu Nov 12 01:04:54 CST 2009
MemTotal:       124112 kB
MemFree:         72740 kB
Buffers:          5580 kB
Cached:          33876 kB
SwapCached:          0 kB
Active:          26048 kB
Inactive:        20376 kB
SwapTotal:           0 kB
SwapFree:            0 kB
Dirty:             384 kB
Writeback:           0 kB
AnonPages:        6996 kB
Mapped:           4024 kB
Slab:             4452 kB
SReclaimable:     2844 kB
SUnreclaim:       1608 kB
PageTables:        148 kB
NFS_Unstable:        0 kB
Bounce:              0 kB
CommitLimit:     62056 kB
Committed_AS:    12736 kB
VmallocTotal:   909272 kB
VmallocUsed:        64 kB
VmallocChunk:   909208 kB
Thu Nov 12 01:04:55 CST 2009
MemTotal:       124112 kB
MemFree:         71900 kB
Buffers:          5580 kB
Cached:          33880 kB
SwapCached:          0 kB
Active:          26888 kB
Inactive:        20372 kB
SwapTotal:           0 kB
SwapFree:            0 kB
Dirty:             372 kB
Writeback:           0 kB
AnonPages:        7844 kB
Mapped:           4028 kB
Slab:             4452 kB
SReclaimable:     2844 kB
SUnreclaim:       1608 kB
PageTables:        152 kB
NFS_Unstable:        0 kB
Bounce:              0 kB
CommitLimit:     62056 kB
Committed_AS:    13884 kB
VmallocTotal:   909272 kB
VmallocUsed:        64 kB
VmallocChunk:   909208 kB
Thu Nov 12 01:04:56 CST 2009
MemTotal:       124112 kB
MemFree:         72684 kB
Buffers:          5580 kB
Cached:          33888 kB
SwapCached:          0 kB
Active:          26116 kB
Inactive:        20368 kB
SwapTotal:           0 kB
SwapFree:            0 kB
Dirty:             380 kB
Writeback:           0 kB
AnonPages:        7044 kB
Mapped:           2992 kB
Slab:             4452 kB
SReclaimable:     2844 kB
SUnreclaim:       1608 kB
PageTables:        144 kB
NFS_Unstable:        0 kB
Bounce:              0 kB
CommitLimit:     62056 kB
Committed_AS:    12488 kB
VmallocTotal:   909272 kB
VmallocUsed:        64 kB
VmallocChunk:   909208 kB
Thu Nov 12 01:04:58 CST 2009
MemTotal:       124112 kB
MemFree:         74728 kB
Buffers:          5588 kB
Cached:          33892 kB
SwapCached:          0 kB
Active:          24064 kB
Inactive:        20368 kB
SwapTotal:           0 kB
SwapFree:            0 kB
Dirty:             388 kB
Writeback:           0 kB
AnonPages:        5000 kB
Mapped:           2472 kB
Slab:             4452 kB
SReclaimable:     2844 kB
SUnreclaim:       1608 kB
PageTables:        132 kB
NFS_Unstable:        0 kB
Bounce:              0 kB
CommitLimit:     62056 kB
Committed_AS:    10272 kB
VmallocTotal:   909272 kB
VmallocUsed:        64 kB
VmallocChunk:   909208 kB
Thu Nov 12 01:04:59 CST 2009
MemTotal:       124112 kB
MemFree:         73748 kB
Buffers:          5588 kB
Cached:          33896 kB
SwapCached:          0 kB
Active:          25044 kB
Inactive:        20364 kB
SwapTotal:           0 kB
SwapFree:            0 kB
Dirty:             392 kB
Writeback:           0 kB
AnonPages:        5952 kB
Mapped:           3596 kB
Slab:             4452 kB
SReclaimable:     2844 kB
SUnreclaim:       1608 kB
PageTables:        148 kB
NFS_Unstable:        0 kB
Bounce:              0 kB
CommitLimit:     62056 kB
Committed_AS:    12308 kB
VmallocTotal:   909272 kB
VmallocUsed:        64 kB
VmallocChunk:   909208 kB
Thu Nov 12 01:05:00 CST 2009
MemTotal:       124112 kB
MemFree:         70668 kB
Buffers:          5588 kB
Cached:          33900 kB
SwapCached:          0 kB
Active:          28164 kB
Inactive:        20352 kB
SwapTotal:           0 kB
SwapFree:            0 kB
Dirty:             396 kB
Writeback:           0 kB
AnonPages:        9044 kB
Mapped:           5932 kB
Slab:             4452 kB
SReclaimable:     2844 kB
SUnreclaim:       1608 kB
PageTables:        152 kB
NFS_Unstable:        0 kB
Bounce:              0 kB
CommitLimit:     62056 kB
Committed_AS:    15012 kB
VmallocTotal:   909272 kB
VmallocUsed:        64 kB
VmallocChunk:   909208 kB
Thu Nov 12 01:05:01 CST 2009
MemTotal:       124112 kB
MemFree:         70052 kB
Buffers:          5588 kB
Cached:          33904 kB
SwapCached:          0 kB
Active:          28744 kB
Inactive:        20356 kB
SwapTotal:           0 kB
SwapFree:            0 kB
Dirty:             384 kB
Writeback:           0 kB
AnonPages:        9636 kB
Mapped:           6260 kB
Slab:             4452 kB
SReclaimable:     2844 kB
SUnreclaim:       1608 kB
PageTables:        152 kB
NFS_Unstable:        0 kB
Bounce:              0 kB
CommitLimit:     62056 kB
Committed_AS:    16096 kB
VmallocTotal:   909272 kB
VmallocUsed:        64 kB
VmallocChunk:   909208 kB
Thu Nov 12 01:05:02 CST 2009
MemTotal:       124112 kB
MemFree:         71872 kB
Buffers:          5596 kB
Cached:          33908 kB
SwapCached:          0 kB
Active:          26972 kB
Inactive:        20320 kB
SwapTotal:           0 kB
SwapFree:            0 kB
Dirty:             392 kB
Writeback:           0 kB
AnonPages:        7816 kB
Mapped:           4036 kB
Slab:             4452 kB
SReclaimable:     2844 kB
SUnreclaim:       1608 kB
PageTables:        148 kB
NFS_Unstable:        0 kB
Bounce:              0 kB
CommitLimit:     62056 kB
Committed_AS:    13876 kB
VmallocTotal:   909272 kB
VmallocUsed:        64 kB
VmallocChunk:   909208 kB
Thu Nov 12 01:05:04 CST 2009
MemTotal:       124112 kB
MemFree:         70136 kB
Buffers:          5596 kB
Cached:          33912 kB
SwapCached:          0 kB
Active:          28696 kB
Inactive:        20324 kB
SwapTotal:           0 kB
SwapFree:            0 kB
Dirty:             396 kB
Writeback:           0 kB
AnonPages:        9540 kB
Mapped:           6260 kB
Slab:             4452 kB
SReclaimable:     2844 kB
SUnreclaim:       1608 kB
PageTables:        152 kB
NFS_Unstable:        0 kB
Bounce:              0 kB
CommitLimit:     62056 kB
Committed_AS:    16048 kB
VmallocTotal:   909272 kB
VmallocUsed:        64 kB
VmallocChunk:   909208 kB
Thu Nov 12 01:05:05 CST 2009
MemTotal:       124112 kB
MemFree:         69184 kB
Buffers:          5596 kB
Cached:          33912 kB
SwapCached:          0 kB
Active:          29656 kB
Inactive:        20324 kB
SwapTotal:           0 kB
SwapFree:            0 kB
Dirty:             396 kB
Writeback:           0 kB
AnonPages:       10500 kB
Mapped:           6288 kB
Slab:             4452 kB
SReclaimable:     2844 kB
SUnreclaim:       1608 kB
PageTables:        152 kB
NFS_Unstable:        0 kB
Bounce:              0 kB
CommitLimit:     62056 kB
Committed_AS:    16452 kB
VmallocTotal:   909272 kB
VmallocUsed:        64 kB
VmallocChunk:   909208 kB
Thu Nov 12 01:05:06 CST 2009
MemTotal:       124112 kB
MemFree:         74212 kB
Buffers:          5596 kB
Cached:          33920 kB
SwapCached:          0 kB
Active:          24620 kB
Inactive:        20320 kB
SwapTotal:           0 kB
SwapFree:            0 kB
Dirty:             388 kB
Writeback:           0 kB
AnonPages:        5452 kB
Mapped:           3120 kB
Slab:             4452 kB
SReclaimable:     2844 kB
SUnreclaim:       1608 kB
PageTables:        148 kB
NFS_Unstable:        0 kB
Bounce:              0 kB
CommitLimit:     62056 kB
Committed_AS:    12308 kB
VmallocTotal:   909272 kB
VmallocUsed:        64 kB
VmallocChunk:   909208 kB
Thu Nov 12 01:05:07 CST 2009
MemTotal:       124112 kB
MemFree:         71888 kB
Buffers:          5596 kB
Cached:          33928 kB
SwapCached:          0 kB
Active:          26968 kB
Inactive:        20308 kB
SwapTotal:           0 kB
SwapFree:            0 kB
Dirty:             396 kB
Writeback:           0 kB
AnonPages:        7780 kB
Mapped:           4036 kB
Slab:             4452 kB
SReclaimable:     2844 kB
SUnreclaim:       1608 kB
PageTables:        152 kB
NFS_Unstable:        0 kB
Bounce:              0 kB
CommitLimit:     62056 kB
Committed_AS:    13896 kB
VmallocTotal:   909272 kB
VmallocUsed:        64 kB
VmallocChunk:   909208 kB
Thu Nov 12 01:05:08 CST 2009
MemTotal:       124112 kB
MemFree:         74520 kB
Buffers:          5604 kB
Cached:          33944 kB
SwapCached:          0 kB
Active:          24324 kB
Inactive:        20316 kB
SwapTotal:           0 kB
SwapFree:            0 kB
Dirty:             412 kB
Writeback:           0 kB
AnonPages:        5120 kB
Mapped:           2616 kB
Slab:             4452 kB
SReclaimable:     2844 kB
SUnreclaim:       1608 kB
PageTables:        132 kB
NFS_Unstable:        0 kB
Bounce:              0 kB
CommitLimit:     62056 kB
Committed_AS:    10268 kB
VmallocTotal:   909272 kB
VmallocUsed:        64 kB
VmallocChunk:   909208 kB
Thu Nov 12 01:05:10 CST 2009
MemTotal:       124112 kB
MemFree:         74520 kB
Buffers:          5604 kB
Cached:          33936 kB
SwapCached:          0 kB
Active:          24312 kB
Inactive:        20316 kB
SwapTotal:           0 kB
SwapFree:            0 kB
Dirty:             404 kB
Writeback:           0 kB
AnonPages:        5116 kB
Mapped:           2616 kB
Slab:             4452 kB
SReclaimable:     2844 kB
SUnreclaim:       1608 kB
PageTables:        132 kB
NFS_Unstable:        0 kB
Bounce:              0 kB
CommitLimit:     62056 kB
Committed_AS:    10260 kB
VmallocTotal:   909272 kB
VmallocUsed:        64 kB
VmallocChunk:   909208 kB
Thu Nov 12 01:05:11 CST 2009
MemTotal:       124112 kB
MemFree:         71020 kB
Buffers:          5604 kB
Cached:          33936 kB
SwapCached:          0 kB
Active:          27860 kB
Inactive:        20300 kB
SwapTotal:           0 kB
SwapFree:            0 kB
Dirty:             120 kB
Writeback:           0 kB
AnonPages:        8648 kB
Mapped:           4864 kB
Slab:             4452 kB
SReclaimable:     2844 kB
SUnreclaim:       1608 kB
PageTables:        152 kB
NFS_Unstable:        0 kB
Bounce:              0 kB
CommitLimit:     62056 kB
Committed_AS:    14920 kB
VmallocTotal:   909272 kB
VmallocUsed:        64 kB
VmallocChunk:   909208 kB
Thu Nov 12 01:05:12 CST 2009
MemTotal:       124112 kB
MemFree:         70292 kB
Buffers:          5604 kB
Cached:          33944 kB
SwapCached:          0 kB
Active:          28552 kB
Inactive:        20308 kB
SwapTotal:           0 kB
SwapFree:            0 kB
Dirty:             128 kB
Writeback:           0 kB
AnonPages:        9340 kB
Mapped:           6252 kB
Slab:             4452 kB
SReclaimable:     2844 kB
SUnreclaim:       1608 kB
PageTables:        152 kB
NFS_Unstable:        0 kB
Bounce:              0 kB
CommitLimit:     62056 kB
Committed_AS:    15000 kB
VmallocTotal:   909272 kB
VmallocUsed:        64 kB
VmallocChunk:   909208 kB
Thu Nov 12 01:05:13 CST 2009
MemTotal:       124112 kB
MemFree:         71412 kB
Buffers:          5612 kB
Cached:          33944 kB
SwapCached:          0 kB
Active:          27440 kB
Inactive:        20304 kB
SwapTotal:           0 kB
SwapFree:            0 kB
Dirty:             356 kB
Writeback:           0 kB
AnonPages:        8240 kB
Mapped:           4356 kB
Slab:             4452 kB
SReclaimable:     2844 kB
SUnreclaim:       1608 kB
PageTables:        152 kB
NFS_Unstable:        0 kB
Bounce:              0 kB
CommitLimit:     62056 kB
Committed_AS:    13908 kB
VmallocTotal:   909272 kB
VmallocUsed:        64 kB
VmallocChunk:   909208 kB
Thu Nov 12 01:05:14 CST 2009
MemTotal:       124112 kB
MemFree:         71244 kB
Buffers:          5612 kB
Cached:          33952 kB
SwapCached:          0 kB
Active:          27616 kB
Inactive:        20292 kB
SwapTotal:           0 kB
SwapFree:            0 kB
Dirty:             364 kB
Writeback:           0 kB
AnonPages:        8372 kB
Mapped:           4248 kB
Slab:             4452 kB
SReclaimable:     2844 kB
SUnreclaim:       1608 kB
PageTables:        152 kB
NFS_Unstable:        0 kB
Bounce:              0 kB
CommitLimit:     62056 kB
Committed_AS:    14916 kB
VmallocTotal:   909272 kB
VmallocUsed:        64 kB
VmallocChunk:   909208 kB
Thu Nov 12 01:05:16 CST 2009
MemTotal:       124112 kB
MemFree:         72476 kB
Buffers:          5612 kB
Cached:          33956 kB
SwapCached:          0 kB
Active:          26400 kB
Inactive:        20288 kB
SwapTotal:           0 kB
SwapFree:            0 kB
Dirty:             344 kB
Writeback:           0 kB
AnonPages:        7148 kB
Mapped:           4020 kB
Slab:             4452 kB
SReclaimable:     2844 kB
SUnreclaim:       1608 kB
PageTables:        148 kB
NFS_Unstable:        0 kB
Bounce:              0 kB
CommitLimit:     62056 kB
Committed_AS:    12732 kB
VmallocTotal:   909272 kB
VmallocUsed:        64 kB
VmallocChunk:   909208 kB
Thu Nov 12 01:05:17 CST 2009
MemTotal:       124112 kB
MemFree:         71664 kB
Buffers:          5612 kB
Cached:          33960 kB
SwapCached:          0 kB
Active:          27192 kB
Inactive:        20284 kB
SwapTotal:           0 kB
SwapFree:            0 kB
Dirty:             348 kB
Writeback:           0 kB
AnonPages:        7932 kB
Mapped:           4028 kB
Slab:             4452 kB
SReclaimable:     2844 kB
SUnreclaim:       1608 kB
PageTables:        152 kB
NFS_Unstable:        0 kB
Bounce:              0 kB
CommitLimit:     62056 kB
Committed_AS:    13896 kB
VmallocTotal:   909272 kB
VmallocUsed:        64 kB
VmallocChunk:   909208 kB
Thu Nov 12 01:05:18 CST 2009
MemTotal:       124112 kB
MemFree:         71300 kB
Buffers:          5620 kB
Cached:          33964 kB
SwapCached:          0 kB
Active:          27592 kB
Inactive:        20288 kB
SwapTotal:           0 kB
SwapFree:            0 kB
Dirty:             368 kB
Writeback:           0 kB
AnonPages:        8324 kB
Mapped:           5008 kB
Slab:             4452 kB
SReclaimable:     2844 kB
SUnreclaim:       1608 kB
PageTables:        152 kB
NFS_Unstable:        0 kB
Bounce:              0 kB
CommitLimit:     62056 kB
Committed_AS:    14920 kB
VmallocTotal:   909272 kB
VmallocUsed:        64 kB
VmallocChunk:   909208 kB
Thu Nov 12 01:05:19 CST 2009
MemTotal:       124112 kB
MemFree:         71188 kB
Buffers:          5620 kB
Cached:          33968 kB
SwapCached:          0 kB
Active:          27668 kB
Inactive:        20284 kB
SwapTotal:           0 kB
SwapFree:            0 kB
Dirty:             372 kB
Writeback:           0 kB
AnonPages:        8392 kB
Mapped:           5296 kB
Slab:             4452 kB
SReclaimable:     2844 kB
SUnreclaim:       1608 kB
PageTables:        152 kB
NFS_Unstable:        0 kB
Bounce:              0 kB
CommitLimit:     62056 kB
Committed_AS:    14920 kB
VmallocTotal:   909272 kB
VmallocUsed:        64 kB
VmallocChunk:   909208 kB
Thu Nov 12 01:05:20 CST 2009
MemTotal:       124112 kB
MemFree:         71384 kB
Buffers:          5620 kB
Cached:          33972 kB
SwapCached:          0 kB
Active:          27488 kB
Inactive:        20280 kB
SwapTotal:           0 kB
SwapFree:            0 kB
Dirty:             360 kB
Writeback:           0 kB
AnonPages:        8204 kB
Mapped:           4472 kB
Slab:             4452 kB
SReclaimable:     2844 kB
SUnreclaim:       1608 kB
PageTables:        152 kB
NFS_Unstable:        0 kB
Bounce:              0 kB
CommitLimit:     62056 kB
Committed_AS:    14020 kB
VmallocTotal:   909272 kB
VmallocUsed:        64 kB
VmallocChunk:   909208 kB
Thu Nov 12 01:05:21 CST 2009
MemTotal:       124112 kB
MemFree:         71272 kB
Buffers:          5620 kB
Cached:          33976 kB
SwapCached:          0 kB
Active:          27632 kB
Inactive:        20272 kB
SwapTotal:           0 kB
SwapFree:            0 kB
Dirty:             364 kB
Writeback:           0 kB
AnonPages:        8336 kB
Mapped:           6068 kB
Slab:             4452 kB
SReclaimable:     2844 kB
SUnreclaim:       1608 kB
PageTables:        152 kB
NFS_Unstable:        0 kB
Bounce:              0 kB
CommitLimit:     62056 kB
Committed_AS:    15060 kB
VmallocTotal:   909272 kB
VmallocUsed:        64 kB
VmallocChunk:   909208 kB
Thu Nov 12 01:05:23 CST 2009
MemTotal:       124112 kB
MemFree:         71524 kB
Buffers:          5620 kB
Cached:          33984 kB
SwapCached:          0 kB
Active:          27360 kB
Inactive:        20264 kB
SwapTotal:           0 kB
SwapFree:            0 kB
Dirty:             372 kB
Writeback:           0 kB
AnonPages:        8048 kB
Mapped:           4028 kB
Slab:             4452 kB
SReclaimable:     2844 kB
SUnreclaim:       1608 kB
PageTables:        152 kB
NFS_Unstable:        0 kB
Bounce:              0 kB
CommitLimit:     62056 kB
Committed_AS:    14024 kB
VmallocTotal:   909272 kB
VmallocUsed:        64 kB
VmallocChunk:   909208 kB
Thu Nov 12 01:05:24 CST 2009
MemTotal:       124112 kB
MemFree:         72532 kB
Buffers:          5628 kB
Cached:          33988 kB
SwapCached:          0 kB
Active:          26388 kB
Inactive:        20268 kB
SwapTotal:           0 kB
SwapFree:            0 kB
Dirty:             376 kB
Writeback:           0 kB
AnonPages:        7068 kB
Mapped:           4024 kB
Slab:             4452 kB
SReclaimable:     2844 kB
SUnreclaim:       1608 kB
PageTables:        148 kB
NFS_Unstable:        0 kB
Bounce:              0 kB
CommitLimit:     62056 kB
Committed_AS:    12856 kB
VmallocTotal:   909272 kB
VmallocUsed:        64 kB
VmallocChunk:   909208 kB
Thu Nov 12 01:05:25 CST 2009
MemTotal:       124112 kB
MemFree:         72616 kB
Buffers:          5628 kB
Cached:          33992 kB
SwapCached:          0 kB
Active:          26264 kB
Inactive:        20260 kB
SwapTotal:           0 kB
SwapFree:            0 kB
Dirty:             380 kB
Writeback:           0 kB
AnonPages:        6932 kB
Mapped:           4016 kB
Slab:             4452 kB
SReclaimable:     2844 kB
SUnreclaim:       1608 kB
PageTables:        148 kB
NFS_Unstable:        0 kB
Bounce:              0 kB
CommitLimit:     62056 kB
Committed_AS:    12852 kB
VmallocTotal:   909272 kB
VmallocUsed:        64 kB
VmallocChunk:   909208 kB
Thu Nov 12 01:05:26 CST 2009
MemTotal:       124112 kB
MemFree:         72616 kB
Buffers:          5628 kB
Cached:          33996 kB
SwapCached:          0 kB
Active:          26300 kB
Inactive:        20256 kB
SwapTotal:           0 kB
SwapFree:            0 kB
Dirty:             368 kB
Writeback:           0 kB
AnonPages:        6960 kB
Mapped:           4024 kB
Slab:             4452 kB
SReclaimable:     2844 kB
SUnreclaim:       1608 kB
PageTables:        148 kB
NFS_Unstable:        0 kB
Bounce:              0 kB
CommitLimit:     62056 kB
Committed_AS:    12856 kB
VmallocTotal:   909272 kB
VmallocUsed:        64 kB
VmallocChunk:   909208 kB
Thu Nov 12 01:05:27 CST 2009
MemTotal:       124112 kB
MemFree:         72644 kB
Buffers:          5628 kB
Cached:          34000 kB
SwapCached:          0 kB
Active:          26268 kB
Inactive:        20252 kB
SwapTotal:           0 kB
SwapFree:            0 kB
Dirty:             372 kB
Writeback:           0 kB
AnonPages:        6920 kB
Mapped:           4016 kB
Slab:             4452 kB
SReclaimable:     2844 kB
SUnreclaim:       1608 kB
PageTables:        148 kB
NFS_Unstable:        0 kB
Bounce:              0 kB
CommitLimit:     62056 kB
Committed_AS:    12856 kB
VmallocTotal:   909272 kB
VmallocUsed:        64 kB
VmallocChunk:   909208 kB
Thu Nov 12 01:05:29 CST 2009
MemTotal:       124112 kB
MemFree:         72056 kB
Buffers:          5636 kB
Cached:          34004 kB
SwapCached:          0 kB
Active:          26856 kB
Inactive:        20256 kB
SwapTotal:           0 kB
SwapFree:            0 kB
Dirty:             376 kB
Writeback:           0 kB
AnonPages:        7500 kB
Mapped:           4024 kB
Slab:             4452 kB
SReclaimable:     2844 kB
SUnreclaim:       1608 kB
PageTables:        148 kB
NFS_Unstable:        0 kB
Bounce:              0 kB
CommitLimit:     62056 kB
Committed_AS:    14020 kB
VmallocTotal:   909272 kB
VmallocUsed:        64 kB
VmallocChunk:   909208 kB
Thu Nov 12 01:05:30 CST 2009
MemTotal:       124112 kB
MemFree:         71608 kB
Buffers:          5640 kB
Cached:          34148 kB
SwapCached:          0 kB
Active:          27156 kB
Inactive:        20380 kB
SwapTotal:           0 kB
SwapFree:            0 kB
Dirty:             520 kB
Writeback:           0 kB
AnonPages:        7776 kB
Mapped:           4028 kB
Slab:             4460 kB
SReclaimable:     2848 kB
SUnreclaim:       1612 kB
PageTables:        148 kB
NFS_Unstable:        0 kB
Bounce:              0 kB
CommitLimit:     62056 kB
Committed_AS:    14012 kB
VmallocTotal:   909272 kB
VmallocUsed:        64 kB
VmallocChunk:   909208 kB
Thu Nov 12 01:05:31 CST 2009
MemTotal:       124112 kB
MemFree:         72812 kB
Buffers:          5640 kB
Cached:          34156 kB
SwapCached:          0 kB
Active:          25984 kB
Inactive:        20376 kB
SwapTotal:           0 kB
SwapFree:            0 kB
Dirty:             512 kB
Writeback:           0 kB
AnonPages:        6592 kB
Mapped:           3780 kB
Slab:             4460 kB
SReclaimable:     2848 kB
SUnreclaim:       1612 kB
PageTables:        148 kB
NFS_Unstable:        0 kB
Bounce:              0 kB
CommitLimit:     62056 kB
Committed_AS:    12720 kB
VmallocTotal:   909272 kB
VmallocUsed:        64 kB
VmallocChunk:   909208 kB
Thu Nov 12 01:05:32 CST 2009
MemTotal:       124112 kB
MemFree:         73932 kB
Buffers:          5640 kB
Cached:          34160 kB
SwapCached:          0 kB
Active:          24836 kB
Inactive:        20372 kB
SwapTotal:           0 kB
SwapFree:            0 kB
Dirty:             516 kB
Writeback:           0 kB
AnonPages:        5436 kB
Mapped:           2776 kB
Slab:             4460 kB
SReclaimable:     2848 kB
SUnreclaim:       1612 kB
PageTables:        148 kB
NFS_Unstable:        0 kB
Bounce:              0 kB
CommitLimit:     62056 kB
Committed_AS:    12296 kB
VmallocTotal:   909272 kB
VmallocUsed:        64 kB
VmallocChunk:   909208 kB
Thu Nov 12 01:05:33 CST 2009
MemTotal:       124112 kB
MemFree:         72616 kB
Buffers:          5648 kB
Cached:          34164 kB
SwapCached:          0 kB
Active:          26172 kB
Inactive:        20368 kB
SwapTotal:           0 kB
SwapFree:            0 kB
Dirty:             544 kB
Writeback:           0 kB
AnonPages:        6756 kB
Mapped:           3932 kB
Slab:             4460 kB
SReclaimable:     2848 kB
SUnreclaim:       1612 kB
PageTables:        148 kB
NFS_Unstable:        0 kB
Bounce:              0 kB
CommitLimit:     62056 kB
Committed_AS:    12864 kB
VmallocTotal:   909272 kB
VmallocUsed:        64 kB
VmallocChunk:   909208 kB
Thu Nov 12 01:05:35 CST 2009
MemTotal:       124112 kB
MemFree:         74324 kB
Buffers:          5648 kB
Cached:          34168 kB
SwapCached:          0 kB
Active:          24500 kB
Inactive:        20356 kB
SwapTotal:           0 kB
SwapFree:            0 kB
Dirty:             548 kB
Writeback:           0 kB
AnonPages:        5068 kB
Mapped:           2440 kB
Slab:             4460 kB
SReclaimable:     2848 kB
SUnreclaim:       1612 kB
PageTables:        120 kB
NFS_Unstable:        0 kB
Bounce:              0 kB
CommitLimit:     62056 kB
Committed_AS:    10124 kB
VmallocTotal:   909272 kB
VmallocUsed:        64 kB
VmallocChunk:   909208 kB
Thu Nov 12 01:05:36 CST 2009
MemTotal:       124112 kB
MemFree:         72224 kB
Buffers:          5648 kB
Cached:          34172 kB
SwapCached:          0 kB
Active:          26572 kB
Inactive:        20352 kB
SwapTotal:           0 kB
SwapFree:            0 kB
Dirty:             544 kB
Writeback:           0 kB
AnonPages:        7132 kB
Mapped:           3084 kB
Slab:             4460 kB
SReclaimable:     2848 kB
SUnreclaim:       1612 kB
PageTables:        144 kB
NFS_Unstable:        0 kB
Bounce:              0 kB
CommitLimit:     62056 kB
Committed_AS:    12612 kB
VmallocTotal:   909272 kB
VmallocUsed:        64 kB
VmallocChunk:   909208 kB
Thu Nov 12 01:05:37 CST 2009
MemTotal:       124112 kB
MemFree:         74296 kB
Buffers:          5648 kB
Cached:          34180 kB
SwapCached:          0 kB
Active:          24496 kB
Inactive:        20348 kB
SwapTotal:           0 kB
SwapFree:            0 kB
Dirty:             552 kB
Writeback:           0 kB
AnonPages:        5060 kB
Mapped:           2472 kB
Slab:             4460 kB
SReclaimable:     2848 kB
SUnreclaim:       1612 kB
PageTables:        124 kB
NFS_Unstable:        0 kB
Bounce:              0 kB
CommitLimit:     62056 kB
Committed_AS:    10124 kB
VmallocTotal:   909272 kB
VmallocUsed:        64 kB
VmallocChunk:   909208 kB
Thu Nov 12 01:05:38 CST 2009
MemTotal:       124112 kB
MemFree:         72616 kB
Buffers:          5648 kB
Cached:          34184 kB
SwapCached:          0 kB
Active:          26184 kB
Inactive:        20340 kB
SwapTotal:           0 kB
SwapFree:            0 kB
Dirty:             556 kB
Writeback:           0 kB
AnonPages:        6720 kB
Mapped:           3896 kB
Slab:             4460 kB
SReclaimable:     2848 kB
SUnreclaim:       1612 kB
PageTables:        148 kB
NFS_Unstable:        0 kB
Bounce:              0 kB
CommitLimit:     62056 kB
Committed_AS:    12856 kB
VmallocTotal:   909272 kB
VmallocUsed:        64 kB
VmallocChunk:   909208 kB
Thu Nov 12 01:05:39 CST 2009
MemTotal:       124112 kB
MemFree:         74212 kB
Buffers:          5656 kB
Cached:          34204 kB
SwapCached:          0 kB
Active:          24608 kB
Inactive:        20364 kB
SwapTotal:           0 kB
SwapFree:            0 kB
Dirty:             588 kB
Writeback:           0 kB
AnonPages:        5136 kB
Mapped:           2536 kB
Slab:             4460 kB
SReclaimable:     2848 kB
SUnreclaim:       1612 kB
PageTables:        132 kB
NFS_Unstable:        0 kB
Bounce:              0 kB
CommitLimit:     62056 kB
Committed_AS:    10388 kB
VmallocTotal:   909272 kB
VmallocUsed:        64 kB
VmallocChunk:   909208 kB
Thu Nov 12 01:05:40 CST 2009
MemTotal:       124112 kB
MemFree:         73232 kB
Buffers:          5656 kB
Cached:          34208 kB
SwapCached:          0 kB
Active:          25552 kB
Inactive:        20356 kB
SwapTotal:           0 kB
SwapFree:            0 kB
Dirty:             592 kB
Writeback:           0 kB
AnonPages:        6072 kB
Mapped:           3740 kB
Slab:             4460 kB
SReclaimable:     2848 kB
SUnreclaim:       1612 kB
PageTables:        148 kB
NFS_Unstable:        0 kB
Bounce:              0 kB
CommitLimit:     62056 kB
Committed_AS:    12440 kB
VmallocTotal:   909272 kB
VmallocUsed:        64 kB
VmallocChunk:   909208 kB
Thu Nov 12 01:05:41 CST 2009
MemTotal:       124112 kB
MemFree:         72364 kB
Buffers:          5656 kB
Cached:          34212 kB
SwapCached:          0 kB
Active:          26436 kB
Inactive:        20352 kB
SwapTotal:           0 kB
SwapFree:            0 kB
Dirty:             572 kB
Writeback:           0 kB
AnonPages:        6948 kB
Mapped:           4024 kB
Slab:             4460 kB
SReclaimable:     2848 kB
SUnreclaim:       1612 kB
PageTables:        152 kB
NFS_Unstable:        0 kB
Bounce:              0 kB
CommitLimit:     62056 kB
Committed_AS:    12852 kB
VmallocTotal:   909272 kB
VmallocUsed:        64 kB
VmallocChunk:   909208 kB
Thu Nov 12 01:05:42 CST 2009
MemTotal:       124112 kB
MemFree:         72056 kB
Buffers:          5656 kB
Cached:          34216 kB
SwapCached:          0 kB
Active:          26752 kB
Inactive:        20344 kB
SwapTotal:           0 kB
SwapFree:            0 kB
Dirty:             576 kB
Writeback:           0 kB
AnonPages:        7272 kB
Mapped:           4028 kB
Slab:             4460 kB
SReclaimable:     2848 kB
SUnreclaim:       1612 kB
PageTables:        148 kB
NFS_Unstable:        0 kB
Bounce:              0 kB
CommitLimit:     62056 kB
Committed_AS:    13888 kB
VmallocTotal:   909272 kB
VmallocUsed:        64 kB
VmallocChunk:   909208 kB
Thu Nov 12 01:05:44 CST 2009
MemTotal:       124112 kB
MemFree:         70012 kB
Buffers:          5656 kB
Cached:          34224 kB
SwapCached:          0 kB
Active:          28772 kB
Inactive:        20348 kB
SwapTotal:           0 kB
SwapFree:            0 kB
Dirty:             584 kB
Writeback:           0 kB
AnonPages:        9268 kB
Mapped:           6204 kB
Slab:             4460 kB
SReclaimable:     2848 kB
SUnreclaim:       1612 kB
PageTables:        152 kB
NFS_Unstable:        0 kB
Bounce:              0 kB
CommitLimit:     62056 kB
Committed_AS:    15116 kB
VmallocTotal:   909272 kB
VmallocUsed:        64 kB
VmallocChunk:   909208 kB
Thu Nov 12 01:05:45 CST 2009
MemTotal:       124112 kB
MemFree:         71244 kB
Buffers:          5664 kB
Cached:          34228 kB
SwapCached:          0 kB
Active:          27560 kB
Inactive:        20348 kB
SwapTotal:           0 kB
SwapFree:            0 kB
Dirty:             600 kB
Writeback:           0 kB
AnonPages:        8044 kB
Mapped:           4028 kB
Slab:             4460 kB
SReclaimable:     2848 kB
SUnreclaim:       1612 kB
PageTables:        152 kB
NFS_Unstable:        0 kB
Bounce:              0 kB
CommitLimit:     62056 kB
Committed_AS:    14024 kB
VmallocTotal:   909272 kB
VmallocUsed:        64 kB
VmallocChunk:   909208 kB
Thu Nov 12 01:05:46 CST 2009
MemTotal:       124112 kB
MemFree:         71804 kB
Buffers:          5664 kB
Cached:          34244 kB
SwapCached:          0 kB
Active:          27048 kB
Inactive:        20300 kB
SwapTotal:           0 kB
SwapFree:            0 kB
Dirty:             308 kB
Writeback:           0 kB
AnonPages:        7468 kB
Mapped:           4028 kB
Slab:             4460 kB
SReclaimable:     2848 kB
SUnreclaim:       1612 kB
PageTables:        148 kB
NFS_Unstable:        0 kB
Bounce:              0 kB
CommitLimit:     62056 kB
Committed_AS:    13904 kB
VmallocTotal:   909272 kB
VmallocUsed:        64 kB
VmallocChunk:   909208 kB
Thu Nov 12 01:05:47 CST 2009
MemTotal:       124112 kB
MemFree:         68780 kB
Buffers:          5664 kB
Cached:          34244 kB
SwapCached:          0 kB
Active:          30068 kB
Inactive:        20296 kB
SwapTotal:           0 kB
SwapFree:            0 kB
Dirty:             308 kB
Writeback:           0 kB
AnonPages:       10484 kB
Mapped:           5368 kB
Slab:             4460 kB
SReclaimable:     2848 kB
SUnreclaim:       1612 kB
PageTables:        152 kB
NFS_Unstable:        0 kB
Bounce:              0 kB
CommitLimit:     62056 kB
Committed_AS:    16212 kB
VmallocTotal:   909272 kB
VmallocUsed:        64 kB
VmallocChunk:   909208 kB
Thu Nov 12 01:05:48 CST 2009
MemTotal:       124112 kB
MemFree:         68192 kB
Buffers:          5664 kB
Cached:          34252 kB
SwapCached:          0 kB
Active:          30664 kB
Inactive:        20300 kB
SwapTotal:           0 kB
SwapFree:            0 kB
Dirty:             316 kB
Writeback:           0 kB
AnonPages:       11076 kB
Mapped:           6308 kB
Slab:             4460 kB
SReclaimable:     2848 kB
SUnreclaim:       1612 kB
PageTables:        152 kB
NFS_Unstable:        0 kB
Bounce:              0 kB
CommitLimit:     62056 kB
Committed_AS:    17236 kB
VmallocTotal:   909272 kB
VmallocUsed:        64 kB
VmallocChunk:   909208 kB
Thu Nov 12 01:05:50 CST 2009
MemTotal:       124112 kB
MemFree:         67520 kB
Buffers:          5676 kB
Cached:          34264 kB
SwapCached:          0 kB
Active:          31336 kB
Inactive:        20324 kB
SwapTotal:           0 kB
SwapFree:            0 kB
Dirty:             552 kB
Writeback:           0 kB
AnonPages:       11728 kB
Mapped:           6372 kB
Slab:             4460 kB
SReclaimable:     2848 kB
SUnreclaim:       1612 kB
PageTables:        152 kB
NFS_Unstable:        0 kB
Bounce:              0 kB
CommitLimit:     62056 kB
Committed_AS:    18392 kB
VmallocTotal:   909272 kB
VmallocUsed:        64 kB
VmallocChunk:   909208 kB
Thu Nov 12 01:05:51 CST 2009
MemTotal:       124112 kB
MemFree:         66820 kB
Buffers:          5676 kB
Cached:          34272 kB
SwapCached:          0 kB
Active:          31992 kB
Inactive:        20332 kB
SwapTotal:           0 kB
SwapFree:            0 kB
Dirty:             532 kB
Writeback:           0 kB
AnonPages:       12404 kB
Mapped:           6372 kB
Slab:             4460 kB
SReclaimable:     2848 kB
SUnreclaim:       1612 kB
PageTables:        156 kB
NFS_Unstable:        0 kB
Bounce:              0 kB
CommitLimit:     62056 kB
Committed_AS:    18396 kB
VmallocTotal:   909272 kB
VmallocUsed:        64 kB
VmallocChunk:   909208 kB
Thu Nov 12 01:05:52 CST 2009
MemTotal:       124112 kB
MemFree:         66344 kB
Buffers:          5676 kB
Cached:          34288 kB
SwapCached:          0 kB
Active:          32464 kB
Inactive:        20344 kB
SwapTotal:           0 kB
SwapFree:            0 kB
Dirty:             548 kB
Writeback:           0 kB
AnonPages:       12872 kB
Mapped:           6380 kB
Slab:             4460 kB
SReclaimable:     2848 kB
SUnreclaim:       1612 kB
PageTables:        156 kB
NFS_Unstable:        0 kB
Bounce:              0 kB
CommitLimit:     62056 kB
Committed_AS:    19420 kB
VmallocTotal:   909272 kB
VmallocUsed:        64 kB
VmallocChunk:   909208 kB
Thu Nov 12 01:05:53 CST 2009
MemTotal:       124112 kB
MemFree:         65084 kB
Buffers:          5676 kB
Cached:          34288 kB
SwapCached:          0 kB
Active:          33708 kB
Inactive:        20344 kB
SwapTotal:           0 kB
SwapFree:            0 kB
Dirty:             548 kB
Writeback:           0 kB
AnonPages:       14116 kB
Mapped:           6396 kB
Slab:             4460 kB
SReclaimable:     2848 kB
SUnreclaim:       1612 kB
PageTables:        156 kB
NFS_Unstable:        0 kB
Bounce:              0 kB
CommitLimit:     62056 kB
Committed_AS:    19876 kB
VmallocTotal:   909272 kB
VmallocUsed:        64 kB
VmallocChunk:   909208 kB
Thu Nov 12 01:05:54 CST 2009
MemTotal:       124112 kB
MemFree:         63516 kB
Buffers:          5684 kB
Cached:          34288 kB
SwapCached:          0 kB
Active:          35312 kB
Inactive:        20340 kB
SwapTotal:           0 kB
SwapFree:            0 kB
Dirty:             552 kB
Writeback:           0 kB
AnonPages:       15688 kB
Mapped:           6432 kB
Slab:             4460 kB
SReclaimable:     2848 kB
SUnreclaim:       1612 kB
PageTables:        160 kB
NFS_Unstable:        0 kB
Bounce:              0 kB
CommitLimit:     62056 kB
Committed_AS:    22000 kB
VmallocTotal:   909272 kB
VmallocUsed:        64 kB
VmallocChunk:   909208 kB
Thu Nov 12 01:05:56 CST 2009
MemTotal:       124112 kB
MemFree:         63124 kB
Buffers:          5684 kB
Cached:          34316 kB
SwapCached:          0 kB
Active:          35624 kB
Inactive:        20376 kB
SwapTotal:           0 kB
SwapFree:            0 kB
Dirty:             564 kB
Writeback:           0 kB
AnonPages:       16028 kB
Mapped:           6456 kB
Slab:             4460 kB
SReclaimable:     2848 kB
SUnreclaim:       1612 kB
PageTables:        160 kB
NFS_Unstable:        0 kB
Bounce:              0 kB
CommitLimit:     62056 kB
Committed_AS:    21996 kB
VmallocTotal:   909272 kB
VmallocUsed:        64 kB
VmallocChunk:   909208 kB
Thu Nov 12 01:05:57 CST 2009
MemTotal:       124112 kB
MemFree:         74076 kB
Buffers:          5684 kB
Cached:          34276 kB
SwapCached:          0 kB
Active:          24756 kB
Inactive:        20320 kB
SwapTotal:           0 kB
SwapFree:            0 kB
Dirty:             524 kB
Writeback:           0 kB
AnonPages:        5144 kB
Mapped:           2532 kB
Slab:             4464 kB
SReclaimable:     2848 kB
SUnreclaim:       1616 kB
PageTables:        132 kB
NFS_Unstable:        0 kB
Bounce:              0 kB
CommitLimit:     62056 kB
Committed_AS:    10388 kB
VmallocTotal:   909272 kB
VmallocUsed:        64 kB
VmallocChunk:   909208 kB
Thu Nov 12 01:05:58 CST 2009
MemTotal:       124112 kB
MemFree:         70464 kB
Buffers:          5684 kB
Cached:          34276 kB
SwapCached:          0 kB
Active:          28368 kB
Inactive:        20312 kB
SwapTotal:           0 kB
SwapFree:            0 kB
Dirty:             524 kB
Writeback:           0 kB
AnonPages:        8748 kB
Mapped:           6040 kB
Slab:             4464 kB
SReclaimable:     2848 kB
SUnreclaim:       1616 kB
PageTables:        152 kB
NFS_Unstable:        0 kB
Bounce:              0 kB
CommitLimit:     62056 kB
Committed_AS:    15128 kB
VmallocTotal:   909272 kB
VmallocUsed:        64 kB
VmallocChunk:   909208 kB
Thu Nov 12 01:05:59 CST 2009
MemTotal:       124112 kB
MemFree:         71052 kB
Buffers:          5684 kB
Cached:          34284 kB
SwapCached:          0 kB
Active:          27792 kB
Inactive:        20276 kB
SwapTotal:           0 kB
SwapFree:            0 kB
Dirty:             532 kB
Writeback:           0 kB
AnonPages:        8128 kB
Mapped:           4036 kB
Slab:             4464 kB
SReclaimable:     2848 kB
SUnreclaim:       1616 kB
PageTables:        152 kB
NFS_Unstable:        0 kB
Bounce:              0 kB
CommitLimit:     62056 kB
Committed_AS:    14068 kB
VmallocTotal:   909272 kB
VmallocUsed:        64 kB
VmallocChunk:   909208 kB
Thu Nov 12 01:06:00 CST 2009
MemTotal:       124112 kB
MemFree:         69764 kB
Buffers:          5696 kB
Cached:          34288 kB
SwapCached:          0 kB
Active:          29092 kB
Inactive:        20292 kB
SwapTotal:           0 kB
SwapFree:            0 kB
Dirty:             384 kB
Writeback:           0 kB
AnonPages:        9428 kB
Mapped:           6160 kB
Slab:             4464 kB
SReclaimable:     2848 kB
SUnreclaim:       1616 kB
PageTables:        152 kB
NFS_Unstable:        0 kB
Bounce:              0 kB
CommitLimit:     62056 kB
Committed_AS:    15092 kB
VmallocTotal:   909272 kB
VmallocUsed:        64 kB
VmallocChunk:   909208 kB
Thu Nov 12 01:06:02 CST 2009
MemTotal:       124112 kB
MemFree:         68840 kB
