Thu Nov 12 00:49:22 CST 2009
MemTotal:       124112 kB
MemFree:         89820 kB
Buffers:          3432 kB
Cached:          23456 kB
SwapCached:          0 kB
Active:          16880 kB
Inactive:        13660 kB
SwapTotal:           0 kB
SwapFree:            0 kB
Dirty:              96 kB
Writeback:           0 kB
AnonPages:        3680 kB
Mapped:           2144 kB
Slab:             3336 kB
SReclaimable:     2000 kB
SUnreclaim:       1336 kB
PageTables:         84 kB
NFS_Unstable:        0 kB
Bounce:              0 kB
CommitLimit:     62056 kB
Committed_AS:     8344 kB
VmallocTotal:   909272 kB
VmallocUsed:        64 kB
VmallocChunk:   909208 kB
Thu Nov 12 00:49:23 CST 2009
MemTotal:       124112 kB
MemFree:         89792 kB
Buffers:          3432 kB
Cached:          23456 kB
SwapCached:          0 kB
Active:          16884 kB
Inactive:        13656 kB
SwapTotal:           0 kB
SwapFree:            0 kB
Dirty:              96 kB
Writeback:           0 kB
AnonPages:        3680 kB
Mapped:           2144 kB
Slab:             3340 kB
SReclaimable:     2000 kB
SUnreclaim:       1340 kB
PageTables:         84 kB
NFS_Unstable:        0 kB
Bounce:              0 kB
CommitLimit:     62056 kB
Committed_AS:     8340 kB
VmallocTotal:   909272 kB
VmallocUsed:        64 kB
VmallocChunk:   909208 kB
Thu Nov 12 00:49:24 CST 2009
MemTotal:       124112 kB
MemFree:         89792 kB
Buffers:          3432 kB
Cached:          23456 kB
SwapCached:          0 kB
Active:          16888 kB
Inactive:        13656 kB
SwapTotal:           0 kB
SwapFree:            0 kB
Dirty:              96 kB
Writeback:           0 kB
AnonPages:        3684 kB
Mapped:           2144 kB
Slab:             3340 kB
SReclaimable:     2000 kB
SUnreclaim:       1340 kB
PageTables:         84 kB
NFS_Unstable:        0 kB
Bounce:              0 kB
CommitLimit:     62056 kB
Committed_AS:     8344 kB
VmallocTotal:   909272 kB
VmallocUsed:        64 kB
VmallocChunk:   909208 kB
Thu Nov 12 00:49:25 CST 2009
MemTotal:       124112 kB
MemFree:         89764 kB
Buffers:          3432 kB
Cached:          23456 kB
SwapCached:          0 kB
Active:          16904 kB
Inactive:        13656 kB
SwapTotal:           0 kB
SwapFree:            0 kB
Dirty:              96 kB
Writeback:           0 kB
AnonPages:        3700 kB
Mapped:           2144 kB
Slab:             3356 kB
SReclaimable:     2000 kB
SUnreclaim:       1356 kB
PageTables:         84 kB
NFS_Unstable:        0 kB
Bounce:              0 kB
CommitLimit:     62056 kB
Committed_AS:     8344 kB
VmallocTotal:   909272 kB
VmallocUsed:        64 kB
VmallocChunk:   909208 kB
Thu Nov 12 00:49:26 CST 2009
MemTotal:       124112 kB
MemFree:         89764 kB
Buffers:          3432 kB
Cached:          23456 kB
SwapCached:          0 kB
Active:          16908 kB
Inactive:        13656 kB
SwapTotal:           0 kB
SwapFree:            0 kB
Dirty:              96 kB
Writeback:           0 kB
AnonPages:        3704 kB
Mapped:           2144 kB
Slab:             3356 kB
SReclaimable:     2000 kB
SUnreclaim:       1356 kB
PageTables:         84 kB
NFS_Unstable:        0 kB
Bounce:              0 kB
CommitLimit:     62056 kB
Committed_AS:     8344 kB
VmallocTotal:   909272 kB
VmallocUsed:        64 kB
VmallocChunk:   909208 kB
Thu Nov 12 00:49:28 CST 2009
MemTotal:       124112 kB
MemFree:         89400 kB
Buffers:          3440 kB
Cached:          23456 kB
SwapCached:          0 kB
Active:          17168 kB
Inactive:        13664 kB
SwapTotal:           0 kB
SwapFree:            0 kB
Dirty:             104 kB
Writeback:           0 kB
AnonPages:        3964 kB
Mapped:           2428 kB
Slab:             3372 kB
SReclaimable:     2000 kB
SUnreclaim:       1372 kB
PageTables:        120 kB
NFS_Unstable:        0 kB
Bounce:              0 kB
CommitLimit:     62056 kB
Committed_AS:     9196 kB
VmallocTotal:   909272 kB
VmallocUsed:        64 kB
VmallocChunk:   909208 kB
Thu Nov 12 00:49:29 CST 2009
MemTotal:       124112 kB
MemFree:         89372 kB
Buffers:          3440 kB
Cached:          23456 kB
SwapCached:          0 kB
Active:          17216 kB
Inactive:        13664 kB
SwapTotal:           0 kB
SwapFree:            0 kB
Dirty:             104 kB
Writeback:           0 kB
AnonPages:        4012 kB
Mapped:           2448 kB
Slab:             3396 kB
SReclaimable:     2000 kB
SUnreclaim:       1396 kB
PageTables:        120 kB
NFS_Unstable:        0 kB
Bounce:              0 kB
CommitLimit:     62056 kB
Committed_AS:     9060 kB
VmallocTotal:   909272 kB
VmallocUsed:        64 kB
VmallocChunk:   909208 kB
Thu Nov 12 00:49:30 CST 2009
MemTotal:       124112 kB
MemFree:         88504 kB
Buffers:          3440 kB
Cached:          23460 kB
SwapCached:          0 kB
Active:          18012 kB
Inactive:        13664 kB
SwapTotal:           0 kB
SwapFree:            0 kB
Dirty:             108 kB
Writeback:           0 kB
AnonPages:        4804 kB
Mapped:           3252 kB
Slab:             3416 kB
SReclaimable:     2000 kB
SUnreclaim:       1416 kB
PageTables:        148 kB
NFS_Unstable:        0 kB
Bounce:              0 kB
CommitLimit:     62056 kB
Committed_AS:    11540 kB
VmallocTotal:   909272 kB
VmallocUsed:        64 kB
VmallocChunk:   909208 kB
Thu Nov 12 00:49:31 CST 2009
MemTotal:       124112 kB
MemFree:         87524 kB
Buffers:          3440 kB
Cached:          23460 kB
SwapCached:          0 kB
Active:          18992 kB
Inactive:        13664 kB
SwapTotal:           0 kB
SwapFree:            0 kB
Dirty:             108 kB
Writeback:           0 kB
AnonPages:        5784 kB
Mapped:           3840 kB
Slab:             3416 kB
SReclaimable:     2000 kB
SUnreclaim:       1416 kB
PageTables:        148 kB
NFS_Unstable:        0 kB
Bounce:              0 kB
CommitLimit:     62056 kB
Committed_AS:    11832 kB
VmallocTotal:   909272 kB
VmallocUsed:        64 kB
VmallocChunk:   909208 kB
Thu Nov 12 00:49:32 CST 2009
MemTotal:       124112 kB
MemFree:         86964 kB
Buffers:          3440 kB
Cached:          23460 kB
SwapCached:          0 kB
Active:          19668 kB
Inactive:        13564 kB
SwapTotal:           0 kB
SwapFree:            0 kB
Dirty:             108 kB
Writeback:           0 kB
AnonPages:        6352 kB
Mapped:           3756 kB
Slab:             3436 kB
SReclaimable:     2000 kB
SUnreclaim:       1436 kB
PageTables:        148 kB
NFS_Unstable:        0 kB
Bounce:              0 kB
CommitLimit:     62056 kB
Committed_AS:    12464 kB
VmallocTotal:   909272 kB
VmallocUsed:        64 kB
VmallocChunk:   909208 kB
Thu Nov 12 00:49:33 CST 2009
MemTotal:       124112 kB
MemFree:         84780 kB
Buffers:          3448 kB
Cached:          23460 kB
SwapCached:          0 kB
Active:          21936 kB
Inactive:        13428 kB
SwapTotal:           0 kB
SwapFree:            0 kB
Dirty:             328 kB
Writeback:           0 kB
AnonPages:        8484 kB
Mapped:           4276 kB
Slab:             3448 kB
SReclaimable:     2004 kB
SUnreclaim:       1444 kB
PageTables:        152 kB
NFS_Unstable:        0 kB
Bounce:              0 kB
CommitLimit:     62056 kB
Committed_AS:    14944 kB
VmallocTotal:   909272 kB
VmallocUsed:        64 kB
VmallocChunk:   909208 kB
Thu Nov 12 00:49:34 CST 2009
MemTotal:       124112 kB
MemFree:         85804 kB
Buffers:          3456 kB
Cached:          23512 kB
SwapCached:          0 kB
Active:          20912 kB
Inactive:        13464 kB
SwapTotal:           0 kB
SwapFree:            0 kB
Dirty:             380 kB
Writeback:           0 kB
AnonPages:        7436 kB
Mapped:           4020 kB
Slab:             3452 kB
SReclaimable:     2004 kB
SUnreclaim:       1448 kB
PageTables:        152 kB
NFS_Unstable:        0 kB
Bounce:              0 kB
CommitLimit:     62056 kB
Committed_AS:    13760 kB
VmallocTotal:   909272 kB
VmallocUsed:        64 kB
VmallocChunk:   909208 kB
Thu Nov 12 00:49:36 CST 2009
MemTotal:       124112 kB
MemFree:         87512 kB
Buffers:          3456 kB
Cached:          23516 kB
SwapCached:          0 kB
Active:          19176 kB
Inactive:        13460 kB
SwapTotal:           0 kB
SwapFree:            0 kB
Dirty:             384 kB
Writeback:           0 kB
AnonPages:        5692 kB
Mapped:           3668 kB
Slab:             3452 kB
SReclaimable:     2004 kB
SUnreclaim:       1448 kB
PageTables:        148 kB
NFS_Unstable:        0 kB
Bounce:              0 kB
CommitLimit:     62056 kB
Committed_AS:    12176 kB
VmallocTotal:   909272 kB
VmallocUsed:        64 kB
VmallocChunk:   909208 kB
Thu Nov 12 00:49:37 CST 2009
MemTotal:       124112 kB
MemFree:         85916 kB
Buffers:          3460 kB
Cached:          23580 kB
SwapCached:          0 kB
Active:          20804 kB
Inactive:        13416 kB
SwapTotal:           0 kB
SwapFree:            0 kB
Dirty:             448 kB
Writeback:           0 kB
AnonPages:        7208 kB
Mapped:           4020 kB
Slab:             3460 kB
SReclaimable:     2004 kB
SUnreclaim:       1456 kB
PageTables:        148 kB
NFS_Unstable:        0 kB
Bounce:              0 kB
CommitLimit:     62056 kB
Committed_AS:    13624 kB
VmallocTotal:   909272 kB
VmallocUsed:        64 kB
VmallocChunk:   909208 kB
Thu Nov 12 00:49:38 CST 2009
MemTotal:       124112 kB
MemFree:         88240 kB
Buffers:          3472 kB
Cached:          23584 kB
SwapCached:          0 kB
Active:          18488 kB
Inactive:        13428 kB
SwapTotal:           0 kB
SwapFree:            0 kB
Dirty:             564 kB
Writeback:           0 kB
AnonPages:        4888 kB
Mapped:           2496 kB
Slab:             3464 kB
SReclaimable:     2008 kB
SUnreclaim:       1456 kB
PageTables:        132 kB
NFS_Unstable:        0 kB
Bounce:              0 kB
CommitLimit:     62056 kB
Committed_AS:    10004 kB
VmallocTotal:   909272 kB
VmallocUsed:        64 kB
VmallocChunk:   909208 kB
Thu Nov 12 00:49:39 CST 2009
MemTotal:       124112 kB
MemFree:         86840 kB
Buffers:          3472 kB
Cached:          23588 kB
SwapCached:          0 kB
Active:          19888 kB
Inactive:        13424 kB
SwapTotal:           0 kB
SwapFree:            0 kB
Dirty:             568 kB
Writeback:           0 kB
AnonPages:        6280 kB
Mapped:           3672 kB
Slab:             3464 kB
SReclaimable:     2008 kB
SUnreclaim:       1456 kB
PageTables:        148 kB
NFS_Unstable:        0 kB
Bounce:              0 kB
CommitLimit:     62056 kB
Committed_AS:    12472 kB
VmallocTotal:   909272 kB
VmallocUsed:        64 kB
VmallocChunk:   909208 kB
Thu Nov 12 00:49:40 CST 2009
MemTotal:       124112 kB
MemFree:         87456 kB
Buffers:          3472 kB
Cached:          23592 kB
SwapCached:          0 kB
Active:          19288 kB
Inactive:        13420 kB
SwapTotal:           0 kB
SwapFree:            0 kB
Dirty:             572 kB
Writeback:           0 kB
AnonPages:        5656 kB
Mapped:           3524 kB
Slab:             3464 kB
SReclaimable:     2008 kB
SUnreclaim:       1456 kB
PageTables:        148 kB
NFS_Unstable:        0 kB
Bounce:              0 kB
CommitLimit:     62056 kB
Committed_AS:    12172 kB
VmallocTotal:   909272 kB
VmallocUsed:        64 kB
VmallocChunk:   909208 kB
Thu Nov 12 00:49:42 CST 2009
MemTotal:       124112 kB
MemFree:         84796 kB
Buffers:          3472 kB
Cached:          23592 kB
SwapCached:          0 kB
Active:          21940 kB
Inactive:        13412 kB
SwapTotal:           0 kB
SwapFree:            0 kB
Dirty:             572 kB
Writeback:           0 kB
AnonPages:        8316 kB
Mapped:           5352 kB
Slab:             3464 kB
SReclaimable:     2008 kB
SUnreclaim:       1456 kB
PageTables:        152 kB
NFS_Unstable:        0 kB
Bounce:              0 kB
CommitLimit:     62056 kB
Committed_AS:    14868 kB
VmallocTotal:   909272 kB
VmallocUsed:        64 kB
VmallocChunk:   909208 kB
Thu Nov 12 00:49:43 CST 2009
MemTotal:       124112 kB
MemFree:         84908 kB
Buffers:          3472 kB
Cached:          23596 kB
SwapCached:          0 kB
Active:          21916 kB
Inactive:        13304 kB
SwapTotal:           0 kB
SwapFree:            0 kB
Dirty:             576 kB
Writeback:           0 kB
AnonPages:        8180 kB
Mapped:           4032 kB
Slab:             3468 kB
SReclaimable:     2012 kB
SUnreclaim:       1456 kB
PageTables:        152 kB
NFS_Unstable:        0 kB
Bounce:              0 kB
CommitLimit:     62056 kB
Committed_AS:    13880 kB
VmallocTotal:   909272 kB
VmallocUsed:        64 kB
VmallocChunk:   909208 kB
Thu Nov 12 00:49:44 CST 2009
MemTotal:       124112 kB
MemFree:         83508 kB
Buffers:          3480 kB
Cached:          23600 kB
SwapCached:          0 kB
Active:          23376 kB
Inactive:        13276 kB
SwapTotal:           0 kB
SwapFree:            0 kB
Dirty:             584 kB
Writeback:           0 kB
AnonPages:        9600 kB
Mapped:           6188 kB
Slab:             3468 kB
SReclaimable:     2012 kB
SUnreclaim:       1456 kB
PageTables:        152 kB
NFS_Unstable:        0 kB
Bounce:              0 kB
CommitLimit:     62056 kB
Committed_AS:    15928 kB
VmallocTotal:   909272 kB
VmallocUsed:        64 kB
VmallocChunk:   909208 kB
Thu Nov 12 00:49:45 CST 2009
MemTotal:       124112 kB
MemFree:         83088 kB
Buffers:          3480 kB
Cached:          23608 kB
SwapCached:          0 kB
Active:          23772 kB
Inactive:        13276 kB
SwapTotal:           0 kB
SwapFree:            0 kB
Dirty:             156 kB
Writeback:           0 kB
AnonPages:        9988 kB
Mapped:           6248 kB
Slab:             3468 kB
SReclaimable:     2012 kB
SUnreclaim:       1456 kB
PageTables:        152 kB
NFS_Unstable:        0 kB
Bounce:              0 kB
CommitLimit:     62056 kB
Committed_AS:    15928 kB
VmallocTotal:   909272 kB
VmallocUsed:        64 kB
VmallocChunk:   909208 kB
Thu Nov 12 00:49:47 CST 2009
MemTotal:       124112 kB
MemFree:         82080 kB
Buffers:          3480 kB
Cached:          23620 kB
SwapCached:          0 kB
Active:          24788 kB
Inactive:        13280 kB
SwapTotal:           0 kB
SwapFree:            0 kB
Dirty:             168 kB
Writeback:           0 kB
AnonPages:       10996 kB
Mapped:           6256 kB
Slab:             3464 kB
SReclaimable:     2012 kB
SUnreclaim:       1452 kB
PageTables:        152 kB
NFS_Unstable:        0 kB
Bounce:              0 kB
CommitLimit:     62056 kB
Committed_AS:    17088 kB
VmallocTotal:   909272 kB
VmallocUsed:        64 kB
VmallocChunk:   909208 kB
Thu Nov 12 00:49:48 CST 2009
MemTotal:       124112 kB
MemFree:         81464 kB
Buffers:          3480 kB
Cached:          23628 kB
SwapCached:          0 kB
Active:          25424 kB
Inactive:        13284 kB
SwapTotal:           0 kB
SwapFree:            0 kB
Dirty:             176 kB
Writeback:           0 kB
AnonPages:       11616 kB
Mapped:           6280 kB
Slab:             3464 kB
SReclaimable:     2012 kB
SUnreclaim:       1452 kB
PageTables:        152 kB
NFS_Unstable:        0 kB
Bounce:              0 kB
CommitLimit:     62056 kB
Committed_AS:    18232 kB
VmallocTotal:   909272 kB
VmallocUsed:        64 kB
VmallocChunk:   909208 kB
Thu Nov 12 00:49:49 CST 2009
MemTotal:       124112 kB
MemFree:         85876 kB
Buffers:          3488 kB
Cached:          23616 kB
SwapCached:          0 kB
Active:          20996 kB
Inactive:        13264 kB
SwapTotal:           0 kB
SwapFree:            0 kB
Dirty:             352 kB
Writeback:           0 kB
AnonPages:        7184 kB
Mapped:           4020 kB
Slab:             3464 kB
SReclaimable:     2012 kB
SUnreclaim:       1452 kB
PageTables:        148 kB
NFS_Unstable:        0 kB
Bounce:              0 kB
CommitLimit:     62056 kB
Committed_AS:    13692 kB
VmallocTotal:   909272 kB
VmallocUsed:        64 kB
VmallocChunk:   909208 kB
Thu Nov 12 00:49:50 CST 2009
MemTotal:       124112 kB
MemFree:         86380 kB
Buffers:          3488 kB
Cached:          23620 kB
SwapCached:          0 kB
Active:          20568 kB
Inactive:        13244 kB
SwapTotal:           0 kB
SwapFree:            0 kB
Dirty:             356 kB
Writeback:           0 kB
AnonPages:        6704 kB
Mapped:           4004 kB
Slab:             3460 kB
SReclaimable:     2012 kB
SUnreclaim:       1448 kB
PageTables:        148 kB
NFS_Unstable:        0 kB
Bounce:              0 kB
CommitLimit:     62056 kB
Committed_AS:    12612 kB
VmallocTotal:   909272 kB
VmallocUsed:        64 kB
VmallocChunk:   909208 kB
Thu Nov 12 00:49:51 CST 2009
MemTotal:       124112 kB
MemFree:         84252 kB
Buffers:          3488 kB
Cached:          23620 kB
SwapCached:          0 kB
Active:          22660 kB
Inactive:        13224 kB
SwapTotal:           0 kB
SwapFree:            0 kB
Dirty:             356 kB
Writeback:           0 kB
AnonPages:        8804 kB
Mapped:           6044 kB
Slab:             3460 kB
SReclaimable:     2012 kB
SUnreclaim:       1448 kB
PageTables:        152 kB
NFS_Unstable:        0 kB
Bounce:              0 kB
CommitLimit:     62056 kB
Committed_AS:    14864 kB
VmallocTotal:   909272 kB
VmallocUsed:        64 kB
VmallocChunk:   909208 kB
Thu Nov 12 00:49:53 CST 2009
MemTotal:       124112 kB
MemFree:         88172 kB
Buffers:          3488 kB
Cached:          23632 kB
SwapCached:          0 kB
Active:          18780 kB
Inactive:        13212 kB
SwapTotal:           0 kB
SwapFree:            0 kB
Dirty:             368 kB
Writeback:           0 kB
AnonPages:        4900 kB
Mapped:           2464 kB
Slab:             3464 kB
SReclaimable:     2012 kB
SUnreclaim:       1452 kB
PageTables:        132 kB
NFS_Unstable:        0 kB
Bounce:              0 kB
CommitLimit:     62056 kB
Committed_AS:    10140 kB
VmallocTotal:   909272 kB
VmallocUsed:        64 kB
VmallocChunk:   909208 kB
Thu Nov 12 00:49:54 CST 2009
MemTotal:       124112 kB
MemFree:         84224 kB
Buffers:          3488 kB
Cached:          23632 kB
SwapCached:          0 kB
Active:          22800 kB
Inactive:        13148 kB
SwapTotal:           0 kB
SwapFree:            0 kB
Dirty:             368 kB
Writeback:           0 kB
AnonPages:        8856 kB
Mapped:           4836 kB
Slab:             3460 kB
SReclaimable:     2012 kB
SUnreclaim:       1448 kB
PageTables:        152 kB
NFS_Unstable:        0 kB
Bounce:              0 kB
CommitLimit:     62056 kB
Committed_AS:    14852 kB
VmallocTotal:   909272 kB
VmallocUsed:        64 kB
VmallocChunk:   909208 kB
Thu Nov 12 00:49:55 CST 2009
MemTotal:       124112 kB
MemFree:         83748 kB
Buffers:          3496 kB
Cached:          23640 kB
SwapCached:          0 kB
Active:          23232 kB
Inactive:        13164 kB
SwapTotal:           0 kB
SwapFree:            0 kB
Dirty:             396 kB
Writeback:           0 kB
AnonPages:        9288 kB
Mapped:           6204 kB
Slab:             3464 kB
SReclaimable:     2012 kB
SUnreclaim:       1452 kB
PageTables:        152 kB
NFS_Unstable:        0 kB
Bounce:              0 kB
CommitLimit:     62056 kB
Committed_AS:    14944 kB
VmallocTotal:   909272 kB
VmallocUsed:        64 kB
VmallocChunk:   909208 kB
Thu Nov 12 00:49:56 CST 2009
MemTotal:       124112 kB
MemFree:         88144 kB
Buffers:          3496 kB
Cached:          23640 kB
SwapCached:          0 kB
Active:          18872 kB
Inactive:        13156 kB
SwapTotal:           0 kB
SwapFree:            0 kB
Dirty:             396 kB
Writeback:           0 kB
AnonPages:        4936 kB
Mapped:           2504 kB
Slab:             3464 kB
SReclaimable:     2012 kB
SUnreclaim:       1452 kB
PageTables:        132 kB
NFS_Unstable:        0 kB
Bounce:              0 kB
CommitLimit:     62056 kB
Committed_AS:    10140 kB
VmallocTotal:   909272 kB
VmallocUsed:        64 kB
VmallocChunk:   909208 kB
Thu Nov 12 00:49:57 CST 2009
MemTotal:       124112 kB
MemFree:         87712 kB
Buffers:          3496 kB
Cached:          23648 kB
SwapCached:          0 kB
Active:          19252 kB
Inactive:        13160 kB
SwapTotal:           0 kB
SwapFree:            0 kB
Dirty:             400 kB
Writeback:           0 kB
AnonPages:        5296 kB
Mapped:           3108 kB
Slab:             3464 kB
SReclaimable:     2012 kB
SUnreclaim:       1452 kB
PageTables:        148 kB
NFS_Unstable:        0 kB
Bounce:              0 kB
CommitLimit:     62056 kB
Committed_AS:    12176 kB
VmallocTotal:   909272 kB
VmallocUsed:        64 kB
VmallocChunk:   909208 kB
Thu Nov 12 00:49:58 CST 2009
MemTotal:       124112 kB
MemFree:         84368 kB
Buffers:          3496 kB
Cached:          23660 kB
SwapCached:          0 kB
Active:          22588 kB
Inactive:        13168 kB
SwapTotal:           0 kB
SwapFree:            0 kB
Dirty:             400 kB
Writeback:           0 kB
AnonPages:        8628 kB
Mapped:           5920 kB
Slab:             3464 kB
SReclaimable:     2012 kB
SUnreclaim:       1452 kB
PageTables:        152 kB
NFS_Unstable:        0 kB
Bounce:              0 kB
CommitLimit:     62056 kB
Committed_AS:    14800 kB
VmallocTotal:   909272 kB
VmallocUsed:        64 kB
VmallocChunk:   909208 kB
Thu Nov 12 00:50:00 CST 2009
MemTotal:       124112 kB
MemFree:         87924 kB
Buffers:          3496 kB
Cached:          23684 kB
SwapCached:          0 kB
Active:          18960 kB
Inactive:        13168 kB
SwapTotal:           0 kB
SwapFree:            0 kB
Dirty:             424 kB
Writeback:           0 kB
AnonPages:        4976 kB
Mapped:           2608 kB
Slab:             3468 kB
SReclaimable:     2016 kB
SUnreclaim:       1452 kB
PageTables:        132 kB
NFS_Unstable:        0 kB
Bounce:              0 kB
CommitLimit:     62056 kB
Committed_AS:    10136 kB
VmallocTotal:   909272 kB
VmallocUsed:        64 kB
VmallocChunk:   909208 kB
Thu Nov 12 00:50:01 CST 2009
MemTotal:       124112 kB
MemFree:         85068 kB
Buffers:          3504 kB
Cached:          23724 kB
SwapCached:          0 kB
Active:          21848 kB
Inactive:        13220 kB
SwapTotal:           0 kB
SwapFree:            0 kB
Dirty:             472 kB
Writeback:           0 kB
AnonPages:        7868 kB
Mapped:           4752 kB
Slab:             3468 kB
SReclaimable:     2016 kB
SUnreclaim:       1452 kB
PageTables:        152 kB
NFS_Unstable:        0 kB
Bounce:              0 kB
CommitLimit:     62056 kB
Committed_AS:    13760 kB
VmallocTotal:   909272 kB
VmallocUsed:        64 kB
VmallocChunk:   909208 kB
Thu Nov 12 00:50:02 CST 2009
MemTotal:       124112 kB
MemFree:         87996 kB
Buffers:          3508 kB
Cached:          23736 kB
SwapCached:          0 kB
Active:          18940 kB
Inactive:        13224 kB
SwapTotal:           0 kB
SwapFree:            0 kB
Dirty:             480 kB
Writeback:           0 kB
AnonPages:        4948 kB
Mapped:           2528 kB
Slab:             3468 kB
SReclaimable:     2016 kB
SUnreclaim:       1452 kB
PageTables:        132 kB
NFS_Unstable:        0 kB
Bounce:              0 kB
CommitLimit:     62056 kB
Committed_AS:    10140 kB
VmallocTotal:   909272 kB
VmallocUsed:        64 kB
VmallocChunk:   909208 kB
Thu Nov 12 00:50:03 CST 2009
MemTotal:       124112 kB
MemFree:         86624 kB
Buffers:          3508 kB
Cached:          23744 kB
SwapCached:          0 kB
Active:          20288 kB
Inactive:        13228 kB
SwapTotal:           0 kB
SwapFree:            0 kB
Dirty:             484 kB
Writeback:           0 kB
AnonPages:        6292 kB
Mapped:           3668 kB
Slab:             3468 kB
SReclaimable:     2016 kB
SUnreclaim:       1452 kB
PageTables:        148 kB
NFS_Unstable:        0 kB
Bounce:              0 kB
CommitLimit:     62056 kB
Committed_AS:    12468 kB
VmallocTotal:   909272 kB
VmallocUsed:        64 kB
VmallocChunk:   909208 kB
Thu Nov 12 00:50:04 CST 2009
MemTotal:       124112 kB
MemFree:         88024 kB
Buffers:          3508 kB
Cached:          23752 kB
SwapCached:          0 kB
Active:          18868 kB
Inactive:        13228 kB
SwapTotal:           0 kB
SwapFree:            0 kB
Dirty:             488 kB
Writeback:           0 kB
AnonPages:        4884 kB
Mapped:           2464 kB
Slab:             3472 kB
SReclaimable:     2020 kB
SUnreclaim:       1452 kB
PageTables:        132 kB
NFS_Unstable:        0 kB
Bounce:              0 kB
CommitLimit:     62056 kB
Committed_AS:    10136 kB
VmallocTotal:   909272 kB
VmallocUsed:        64 kB
VmallocChunk:   909208 kB
Thu Nov 12 00:50:05 CST 2009
MemTotal:       124112 kB
MemFree:         84540 kB
Buffers:          3516 kB
Cached:          23760 kB
SwapCached:          0 kB
Active:          22336 kB
Inactive:        13244 kB
SwapTotal:           0 kB
SwapFree:            0 kB
Dirty:             444 kB
Writeback:           0 kB
AnonPages:        8332 kB
Mapped:           5364 kB
Slab:             3476 kB
SReclaimable:     2020 kB
SUnreclaim:       1456 kB
PageTables:        152 kB
NFS_Unstable:        0 kB
Bounce:              0 kB
CommitLimit:     62056 kB
Committed_AS:    14828 kB
VmallocTotal:   909272 kB
VmallocUsed:        64 kB
VmallocChunk:   909208 kB
Thu Nov 12 00:50:07 CST 2009
MemTotal:       124112 kB
MemFree:         86528 kB
Buffers:          3516 kB
Cached:          23776 kB
SwapCached:          0 kB
Active:          20348 kB
Inactive:        13252 kB
SwapTotal:           0 kB
SwapFree:            0 kB
Dirty:             456 kB
Writeback:           0 kB
AnonPages:        6336 kB
Mapped:           2904 kB
Slab:             3476 kB
SReclaimable:     2020 kB
SUnreclaim:       1456 kB
PageTables:        144 kB
NFS_Unstable:        0 kB
Bounce:              0 kB
CommitLimit:     62056 kB
Committed_AS:    11700 kB
VmallocTotal:   909272 kB
VmallocUsed:        64 kB
VmallocChunk:   909208 kB
Thu Nov 12 00:50:08 CST 2009
MemTotal:       124112 kB
MemFree:         87888 kB
Buffers:          3516 kB
Cached:          23784 kB
SwapCached:          0 kB
Active:          19028 kB
Inactive:        13252 kB
SwapTotal:           0 kB
SwapFree:            0 kB
Dirty:             460 kB
Writeback:           0 kB
AnonPages:        4980 kB
Mapped:           2604 kB
Slab:             3476 kB
SReclaimable:     2020 kB
SUnreclaim:       1456 kB
PageTables:        132 kB
NFS_Unstable:        0 kB
Bounce:              0 kB
CommitLimit:     62056 kB
Committed_AS:    10140 kB
VmallocTotal:   909272 kB
VmallocUsed:        64 kB
VmallocChunk:   909208 kB
Thu Nov 12 00:50:09 CST 2009
MemTotal:       124112 kB
MemFree:         86172 kB
Buffers:          3516 kB
Cached:          23824 kB
SwapCached:          0 kB
Active:          20640 kB
Inactive:        13288 kB
SwapTotal:           0 kB
SwapFree:            0 kB
Dirty:             464 kB
Writeback:           0 kB
AnonPages:        6616 kB
Mapped:           3992 kB
Slab:             3484 kB
SReclaimable:     2028 kB
SUnreclaim:       1456 kB
PageTables:        148 kB
NFS_Unstable:        0 kB
Bounce:              0 kB
CommitLimit:     62056 kB
Committed_AS:    12612 kB
VmallocTotal:   909272 kB
VmallocUsed:        64 kB
VmallocChunk:   909208 kB
Thu Nov 12 00:50:10 CST 2009
MemTotal:       124112 kB
MemFree:         83876 kB
Buffers:          3516 kB
Cached:          23824 kB
SwapCached:          0 kB
Active:          22960 kB
Inactive:        13288 kB
SwapTotal:           0 kB
SwapFree:            0 kB
Dirty:             392 kB
Writeback:           0 kB
AnonPages:        8940 kB
Mapped:           6188 kB
Slab:             3484 kB
SReclaimable:     2028 kB
SUnreclaim:       1456 kB
PageTables:        152 kB
NFS_Unstable:        0 kB
Bounce:              0 kB
CommitLimit:     62056 kB
Committed_AS:    14948 kB
VmallocTotal:   909272 kB
VmallocUsed:        64 kB
VmallocChunk:   909208 kB
Thu Nov 12 00:50:11 CST 2009
MemTotal:       124112 kB
MemFree:         85808 kB
Buffers:          3524 kB
Cached:          23840 kB
SwapCached:          0 kB
Active:          21016 kB
Inactive:        13296 kB
SwapTotal:           0 kB
SwapFree:            0 kB
Dirty:             408 kB
Writeback:           0 kB
AnonPages:        6976 kB
Mapped:           3052 kB
Slab:             3488 kB
SReclaimable:     2032 kB
SUnreclaim:       1456 kB
PageTables:        144 kB
NFS_Unstable:        0 kB
Bounce:              0 kB
CommitLimit:     62056 kB
Committed_AS:    12356 kB
VmallocTotal:   909272 kB
VmallocUsed:        64 kB
VmallocChunk:   909208 kB
Thu Nov 12 00:50:13 CST 2009
MemTotal:       124112 kB
MemFree:         84464 kB
Buffers:          3524 kB
Cached:          23836 kB
SwapCached:          0 kB
Active:          22336 kB
Inactive:        13304 kB
SwapTotal:           0 kB
SwapFree:            0 kB
Dirty:             396 kB
Writeback:           0 kB
AnonPages:        8308 kB
Mapped:           4888 kB
Slab:             3488 kB
SReclaimable:     2032 kB
SUnreclaim:       1456 kB
PageTables:        152 kB
NFS_Unstable:        0 kB
Bounce:              0 kB
CommitLimit:     62056 kB
Committed_AS:    14796 kB
VmallocTotal:   909272 kB
VmallocUsed:        64 kB
VmallocChunk:   909208 kB
Thu Nov 12 00:50:14 CST 2009
MemTotal:       124112 kB
MemFree:         85688 kB
Buffers:          3524 kB
Cached:          23876 kB
SwapCached:          0 kB
Active:          21104 kB
Inactive:        13336 kB
SwapTotal:           0 kB
SwapFree:            0 kB
Dirty:             404 kB
Writeback:           0 kB
AnonPages:        7068 kB
Mapped:           4024 kB
Slab:             3488 kB
SReclaimable:     2032 kB
SUnreclaim:       1456 kB
PageTables:        148 kB
NFS_Unstable:        0 kB
Bounce:              0 kB
CommitLimit:     62056 kB
Committed_AS:    13632 kB
VmallocTotal:   909272 kB
VmallocUsed:        64 kB
VmallocChunk:   909208 kB
Thu Nov 12 00:50:15 CST 2009
MemTotal:       124112 kB
MemFree:         83616 kB
Buffers:          3524 kB
Cached:          23876 kB
SwapCached:          0 kB
Active:          23144 kB
Inactive:        13336 kB
SwapTotal:           0 kB
SwapFree:            0 kB
Dirty:             404 kB
Writeback:           0 kB
AnonPages:        9108 kB
Mapped:           6116 kB
Slab:             3488 kB
SReclaimable:     2032 kB
SUnreclaim:       1456 kB
PageTables:        152 kB
NFS_Unstable:        0 kB
Bounce:              0 kB
CommitLimit:     62056 kB
Committed_AS:    14868 kB
VmallocTotal:   909272 kB
VmallocUsed:        64 kB
VmallocChunk:   909208 kB
Thu Nov 12 00:50:16 CST 2009
MemTotal:       124112 kB
MemFree:         82692 kB
Buffers:          3532 kB
Cached:          23888 kB
SwapCached:          0 kB
Active:          24088 kB
Inactive:        13352 kB
SwapTotal:           0 kB
SwapFree:            0 kB
Dirty:             412 kB
Writeback:           0 kB
AnonPages:       10048 kB
Mapped:           6252 kB
Slab:             3492 kB
SReclaimable:     2032 kB
SUnreclaim:       1460 kB
PageTables:        152 kB
NFS_Unstable:        0 kB
Bounce:              0 kB
CommitLimit:     62056 kB
Committed_AS:    16016 kB
VmallocTotal:   909272 kB
VmallocUsed:        64 kB
VmallocChunk:   909208 kB
Thu Nov 12 00:50:18 CST 2009
MemTotal:       124112 kB
MemFree:         87216 kB
Buffers:          3532 kB
Cached:          23892 kB
SwapCached:          0 kB
Active:          19540 kB
Inactive:        13348 kB
SwapTotal:           0 kB
SwapFree:            0 kB
Dirty:             412 kB
Writeback:           0 kB
AnonPages:        5492 kB
Mapped:           3264 kB
Slab:             3492 kB
SReclaimable:     2032 kB
SUnreclaim:       1460 kB
PageTables:        148 kB
NFS_Unstable:        0 kB
Bounce:              0 kB
CommitLimit:     62056 kB
Committed_AS:    12180 kB
VmallocTotal:   909272 kB
VmallocUsed:        64 kB
VmallocChunk:   909208 kB
Thu Nov 12 00:50:19 CST 2009
MemTotal:       124112 kB
MemFree:         85648 kB
Buffers:          3532 kB
Cached:          23900 kB
SwapCached:          0 kB
Active:          21120 kB
Inactive:        13352 kB
SwapTotal:           0 kB
SwapFree:            0 kB
Dirty:             416 kB
Writeback:           0 kB
AnonPages:        7076 kB
Mapped:           4016 kB
Slab:             3492 kB
SReclaimable:     2032 kB
SUnreclaim:       1460 kB
PageTables:        148 kB
NFS_Unstable:        0 kB
Bounce:              0 kB
CommitLimit:     62056 kB
Committed_AS:    13628 kB
VmallocTotal:   909272 kB
VmallocUsed:        64 kB
VmallocChunk:   909208 kB
Thu Nov 12 00:50:20 CST 2009
MemTotal:       124112 kB
MemFree:         85200 kB
Buffers:          3532 kB
Cached:          23908 kB
SwapCached:          0 kB
Active:          21556 kB
Inactive:        13356 kB
SwapTotal:           0 kB
SwapFree:            0 kB
Dirty:             420 kB
Writeback:           0 kB
AnonPages:        7500 kB
Mapped:           4020 kB
Slab:             3492 kB
SReclaimable:     2032 kB
SUnreclaim:       1460 kB
PageTables:        148 kB
NFS_Unstable:        0 kB
Bounce:              0 kB
CommitLimit:     62056 kB
Committed_AS:    13752 kB
VmallocTotal:   909272 kB
VmallocUsed:        64 kB
VmallocChunk:   909208 kB
Thu Nov 12 00:50:21 CST 2009
MemTotal:       124112 kB
MemFree:         84852 kB
Buffers:          3532 kB
Cached:          23916 kB
SwapCached:          0 kB
Active:          21892 kB
Inactive:        13360 kB
SwapTotal:           0 kB
SwapFree:            0 kB
Dirty:             156 kB
Writeback:           0 kB
AnonPages:        7832 kB
Mapped:           4764 kB
Slab:             3496 kB
SReclaimable:     2036 kB
SUnreclaim:       1460 kB
PageTables:        152 kB
NFS_Unstable:        0 kB
Bounce:              0 kB
CommitLimit:     62056 kB
Committed_AS:    13756 kB
VmallocTotal:   909272 kB
VmallocUsed:        64 kB
VmallocChunk:   909208 kB
Thu Nov 12 00:50:22 CST 2009
MemTotal:       124112 kB
MemFree:         85020 kB
Buffers:          3540 kB
Cached:          23932 kB
SwapCached:          0 kB
Active:          21708 kB
Inactive:        13372 kB
SwapTotal:           0 kB
SwapFree:            0 kB
Dirty:             376 kB
Writeback:           0 kB
AnonPages:        7656 kB
Mapped:           4020 kB
Slab:             3500 kB
SReclaimable:     2040 kB
SUnreclaim:       1460 kB
PageTables:        152 kB
NFS_Unstable:        0 kB
Bounce:              0 kB
CommitLimit:     62056 kB
Committed_AS:    13752 kB
VmallocTotal:   909272 kB
VmallocUsed:        64 kB
VmallocChunk:   909208 kB
Thu Nov 12 00:50:24 CST 2009
MemTotal:       124112 kB
MemFree:         85680 kB
Buffers:          3540 kB
Cached:          23944 kB
SwapCached:          0 kB
Active:          21056 kB
Inactive:        13372 kB
SwapTotal:           0 kB
SwapFree:            0 kB
Dirty:             380 kB
Writeback:           0 kB
AnonPages:        6972 kB
Mapped:           4016 kB
Slab:             3500 kB
SReclaimable:     2040 kB
SUnreclaim:       1460 kB
PageTables:        148 kB
NFS_Unstable:        0 kB
Bounce:              0 kB
CommitLimit:     62056 kB
Committed_AS:    12608 kB
VmallocTotal:   909272 kB
VmallocUsed:        64 kB
VmallocChunk:   909208 kB
Thu Nov 12 00:50:25 CST 2009
MemTotal:       124112 kB
MemFree:         87584 kB
Buffers:          3540 kB
Cached:          23948 kB
SwapCached:          0 kB
Active:          19180 kB
Inactive:        13364 kB
SwapTotal:           0 kB
SwapFree:            0 kB
Dirty:             384 kB
Writeback:           0 kB
AnonPages:        5084 kB
Mapped:           2640 kB
Slab:             3500 kB
SReclaimable:     2040 kB
SUnreclaim:       1460 kB
PageTables:        148 kB
NFS_Unstable:        0 kB
Bounce:              0 kB
CommitLimit:     62056 kB
Committed_AS:    11016 kB
VmallocTotal:   909272 kB
VmallocUsed:        64 kB
VmallocChunk:   909208 kB
Thu Nov 12 00:50:26 CST 2009
MemTotal:       124112 kB
MemFree:         84436 kB
Buffers:          3540 kB
Cached:          23956 kB
SwapCached:          0 kB
Active:          22276 kB
Inactive:        13372 kB
SwapTotal:           0 kB
SwapFree:            0 kB
Dirty:             364 kB
Writeback:           0 kB
AnonPages:        8180 kB
Mapped:           5456 kB
Slab:             3500 kB
SReclaimable:     2040 kB
SUnreclaim:       1460 kB
PageTables:        152 kB
NFS_Unstable:        0 kB
Bounce:              0 kB
CommitLimit:     62056 kB
Committed_AS:    14796 kB
VmallocTotal:   909272 kB
VmallocUsed:        64 kB
VmallocChunk:   909208 kB
Thu Nov 12 00:50:27 CST 2009
MemTotal:       124112 kB
MemFree:         85304 kB
Buffers:          3548 kB
Cached:          23964 kB
SwapCached:          0 kB
Active:          21424 kB
Inactive:        13384 kB
SwapTotal:           0 kB
SwapFree:            0 kB
Dirty:             372 kB
Writeback:           0 kB
AnonPages:        7324 kB
Mapped:           4024 kB
Slab:             3500 kB
SReclaimable:     2040 kB
SUnreclaim:       1460 kB
PageTables:        148 kB
NFS_Unstable:        0 kB
Bounce:              0 kB
CommitLimit:     62056 kB
Committed_AS:    13628 kB
VmallocTotal:   909272 kB
VmallocUsed:        64 kB
VmallocChunk:   909208 kB
Thu Nov 12 00:50:28 CST 2009
MemTotal:       124112 kB
MemFree:         85080 kB
Buffers:          3548 kB
Cached:          23972 kB
SwapCached:          0 kB
Active:          21676 kB
Inactive:        13388 kB
SwapTotal:           0 kB
SwapFree:            0 kB
Dirty:             376 kB
Writeback:           0 kB
AnonPages:        7564 kB
Mapped:           4020 kB
Slab:             3500 kB
SReclaimable:     2040 kB
SUnreclaim:       1460 kB
PageTables:        148 kB
NFS_Unstable:        0 kB
Bounce:              0 kB
CommitLimit:     62056 kB
Committed_AS:    13764 kB
VmallocTotal:   909272 kB
VmallocUsed:        64 kB
VmallocChunk:   909208 kB
Thu Nov 12 00:50:30 CST 2009
MemTotal:       124112 kB
MemFree:         86804 kB
Buffers:          3548 kB
Cached:          23988 kB
SwapCached:          0 kB
Active:          19888 kB
Inactive:        13392 kB
SwapTotal:           0 kB
SwapFree:            0 kB
Dirty:             388 kB
Writeback:           0 kB
AnonPages:        5772 kB
Mapped:           3572 kB
Slab:             3508 kB
SReclaimable:     2048 kB
SUnreclaim:       1460 kB
PageTables:        148 kB
NFS_Unstable:        0 kB
Bounce:              0 kB
CommitLimit:     62056 kB
Committed_AS:    12180 kB
VmallocTotal:   909272 kB
VmallocUsed:        64 kB
VmallocChunk:   909208 kB
Thu Nov 12 00:50:31 CST 2009
MemTotal:       124112 kB
MemFree:         85712 kB
Buffers:          3548 kB
Cached:          24000 kB
SwapCached:          0 kB
Active:          21000 kB
Inactive:        13400 kB
SwapTotal:           0 kB
SwapFree:            0 kB
Dirty:             324 kB
Writeback:           0 kB
AnonPages:        6876 kB
Mapped:           4008 kB
Slab:             3508 kB
SReclaimable:     2048 kB
SUnreclaim:       1460 kB
PageTables:        148 kB
NFS_Unstable:        0 kB
Bounce:              0 kB
CommitLimit:     62056 kB
Committed_AS:    12736 kB
VmallocTotal:   909272 kB
VmallocUsed:        64 kB
VmallocChunk:   909208 kB
Thu Nov 12 00:50:32 CST 2009
MemTotal:       124112 kB
MemFree:         85756 kB
Buffers:          3556 kB
Cached:          24008 kB
SwapCached:          0 kB
Active:          20932 kB
Inactive:        13412 kB
SwapTotal:           0 kB
SwapFree:            0 kB
Dirty:             332 kB
Writeback:           0 kB
AnonPages:        6828 kB
Mapped:           4008 kB
Slab:             3508 kB
SReclaimable:     2048 kB
SUnreclaim:       1460 kB
PageTables:        148 kB
NFS_Unstable:        0 kB
Bounce:              0 kB
CommitLimit:     62056 kB
Committed_AS:    12736 kB
VmallocTotal:   909272 kB
VmallocUsed:        64 kB
VmallocChunk:   909208 kB
Thu Nov 12 00:50:33 CST 2009
MemTotal:       124112 kB
MemFree:         84944 kB
Buffers:          3556 kB
Cached:          24016 kB
SwapCached:          0 kB
Active:          21736 kB
Inactive:        13416 kB
SwapTotal:           0 kB
SwapFree:            0 kB
Dirty:             336 kB
Writeback:           0 kB
AnonPages:        7608 kB
Mapped:           4020 kB
Slab:             3508 kB
SReclaimable:     2048 kB
SUnreclaim:       1460 kB
PageTables:        152 kB
NFS_Unstable:        0 kB
Bounce:              0 kB
CommitLimit:     62056 kB
Committed_AS:    13892 kB
VmallocTotal:   909272 kB
VmallocUsed:        64 kB
VmallocChunk:   909208 kB
Thu Nov 12 00:50:34 CST 2009
MemTotal:       124112 kB
MemFree:         86176 kB
Buffers:          3556 kB
Cached:          24028 kB
SwapCached:          0 kB
Active:          20512 kB
Inactive:        13424 kB
SwapTotal:           0 kB
SwapFree:            0 kB
Dirty:             344 kB
Writeback:           0 kB
AnonPages:        6380 kB
Mapped:           2928 kB
Slab:             3508 kB
SReclaimable:     2048 kB
SUnreclaim:       1460 kB
PageTables:        144 kB
NFS_Unstable:        0 kB
Bounce:              0 kB
CommitLimit:     62056 kB
Committed_AS:    11832 kB
VmallocTotal:   909272 kB
VmallocUsed:        64 kB
VmallocChunk:   909208 kB
Thu Nov 12 00:50:36 CST 2009
MemTotal:       124112 kB
MemFree:         85548 kB
Buffers:          3556 kB
Cached:          24036 kB
SwapCached:          0 kB
Active:          21152 kB
Inactive:        13420 kB
SwapTotal:           0 kB
SwapFree:            0 kB
Dirty:             332 kB
Writeback:           0 kB
AnonPages:        6996 kB
Mapped:           3076 kB
Slab:             3508 kB
SReclaimable:     2048 kB
SUnreclaim:       1460 kB
PageTables:        144 kB
NFS_Unstable:        0 kB
Bounce:              0 kB
CommitLimit:     62056 kB
Committed_AS:    12492 kB
VmallocTotal:   909272 kB
VmallocUsed:        64 kB
VmallocChunk:   909208 kB
Thu Nov 12 00:50:37 CST 2009
MemTotal:       124112 kB
MemFree:         87144 kB
Buffers:          3556 kB
Cached:          24056 kB
SwapCached:          0 kB
Active:          19548 kB
Inactive:        13424 kB
SwapTotal:           0 kB
SwapFree:            0 kB
Dirty:             348 kB
Writeback:           0 kB
AnonPages:        5388 kB
Mapped:           2764 kB
Slab:             3516 kB
SReclaimable:     2056 kB
SUnreclaim:       1460 kB
PageTables:        132 kB
NFS_Unstable:        0 kB
Bounce:              0 kB
CommitLimit:     62056 kB
Committed_AS:    10604 kB
VmallocTotal:   909272 kB
VmallocUsed:        64 kB
VmallocChunk:   909208 kB
Thu Nov 12 00:50:38 CST 2009
MemTotal:       124112 kB
MemFree:         84596 kB
Buffers:          3564 kB
Cached:          24100 kB
SwapCached:          0 kB
Active:          22048 kB
Inactive:        13476 kB
SwapTotal:           0 kB
SwapFree:            0 kB
Dirty:             404 kB
Writeback:           0 kB
AnonPages:        7888 kB
Mapped:           4020 kB
Slab:             3516 kB
SReclaimable:     2056 kB
SUnreclaim:       1460 kB
PageTables:        152 kB
NFS_Unstable:        0 kB
Bounce:              0 kB
CommitLimit:     62056 kB
Committed_AS:    13892 kB
VmallocTotal:   909272 kB
VmallocUsed:        64 kB
VmallocChunk:   909208 kB
Thu Nov 12 00:50:39 CST 2009
MemTotal:       124112 kB
MemFree:         84276 kB
Buffers:          3564 kB
Cached:          24116 kB
SwapCached:          0 kB
Active:          22352 kB
Inactive:        13484 kB
SwapTotal:           0 kB
SwapFree:            0 kB
Dirty:             408 kB
Writeback:           0 kB
AnonPages:        8188 kB
Mapped:           4028 kB
Slab:             3516 kB
SReclaimable:     2056 kB
SUnreclaim:       1460 kB
PageTables:        152 kB
NFS_Unstable:        0 kB
Bounce:              0 kB
CommitLimit:     62056 kB
Committed_AS:    13860 kB
VmallocTotal:   909272 kB
VmallocUsed:        64 kB
VmallocChunk:   909208 kB
Thu Nov 12 00:50:40 CST 2009
MemTotal:       124112 kB
MemFree:         86012 kB
Buffers:          3564 kB
Cached:          24128 kB
SwapCached:          0 kB
Active:          20596 kB
Inactive:        13492 kB
SwapTotal:           0 kB
SwapFree:            0 kB
Dirty:             404 kB
Writeback:           0 kB
AnonPages:        6424 kB
Mapped:           2956 kB
Slab:             3516 kB
SReclaimable:     2056 kB
SUnreclaim:       1460 kB
PageTables:        144 kB
NFS_Unstable:        0 kB
Bounce:              0 kB
CommitLimit:     62056 kB
Committed_AS:    11832 kB
VmallocTotal:   909272 kB
VmallocUsed:        64 kB
VmallocChunk:   909208 kB
Thu Nov 12 00:50:42 CST 2009
MemTotal:       124112 kB
MemFree:         84264 kB
Buffers:          3564 kB
Cached:          24124 kB
SwapCached:          0 kB
Active:          22328 kB
Inactive:        13484 kB
SwapTotal:           0 kB
SwapFree:            0 kB
Dirty:             396 kB
Writeback:           0 kB
AnonPages:        8152 kB
Mapped:           4816 kB
Slab:             3516 kB
SReclaimable:     2056 kB
SUnreclaim:       1460 kB
PageTables:        152 kB
NFS_Unstable:        0 kB
Bounce:              0 kB
CommitLimit:     62056 kB
Committed_AS:    13904 kB
VmallocTotal:   909272 kB
VmallocUsed:        64 kB
VmallocChunk:   909208 kB
Thu Nov 12 00:50:43 CST 2009
MemTotal:       124112 kB
MemFree:         84264 kB
Buffers:          3572 kB
Cached:          24132 kB
SwapCached:          0 kB
Active:          22304 kB
Inactive:        13496 kB
SwapTotal:           0 kB
SwapFree:            0 kB
Dirty:             420 kB
Writeback:           0 kB
AnonPages:        8124 kB
Mapped:           4164 kB
Slab:             3516 kB
SReclaimable:     2056 kB
SUnreclaim:       1460 kB
PageTables:        152 kB
NFS_Unstable:        0 kB
Bounce:              0 kB
CommitLimit:     62056 kB
Committed_AS:    13896 kB
VmallocTotal:   909272 kB
VmallocUsed:        64 kB
VmallocChunk:   909208 kB
Thu Nov 12 00:50:44 CST 2009
MemTotal:       124112 kB
MemFree:         84292 kB
Buffers:          3572 kB
Cached:          24144 kB
SwapCached:          0 kB
Active:          22300 kB
Inactive:        13500 kB
SwapTotal:           0 kB
SwapFree:            0 kB
Dirty:             428 kB
Writeback:           0 kB
AnonPages:        8128 kB
Mapped:           4020 kB
Slab:             3516 kB
SReclaimable:     2056 kB
SUnreclaim:       1460 kB
PageTables:        152 kB
NFS_Unstable:        0 kB
Bounce:              0 kB
CommitLimit:     62056 kB
Committed_AS:    13904 kB
VmallocTotal:   909272 kB
VmallocUsed:        64 kB
VmallocChunk:   909208 kB
Thu Nov 12 00:50:45 CST 2009
MemTotal:       124112 kB
MemFree:         84840 kB
Buffers:          3576 kB
Cached:          24152 kB
SwapCached:          0 kB
Active:          21784 kB
Inactive:        13504 kB
SwapTotal:           0 kB
SwapFree:            0 kB
Dirty:             424 kB
Writeback:           0 kB
AnonPages:        7568 kB
Mapped:           4020 kB
Slab:             3520 kB
SReclaimable:     2060 kB
SUnreclaim:       1460 kB
PageTables:        148 kB
NFS_Unstable:        0 kB
Bounce:              0 kB
CommitLimit:     62056 kB
Committed_AS:    13892 kB
VmallocTotal:   909272 kB
VmallocUsed:        64 kB
VmallocChunk:   909208 kB
Thu Nov 12 00:50:46 CST 2009
MemTotal:       124112 kB
MemFree:         85176 kB
Buffers:          3576 kB
Cached:          24160 kB
SwapCached:          0 kB
Active:          21392 kB
Inactive:        13508 kB
SwapTotal:           0 kB
SwapFree:            0 kB
Dirty:             428 kB
Writeback:           0 kB
AnonPages:        7192 kB
Mapped:           4020 kB
Slab:             3520 kB
SReclaimable:     2060 kB
SUnreclaim:       1460 kB
PageTables:        148 kB
NFS_Unstable:        0 kB
Bounce:              0 kB
CommitLimit:     62056 kB
Committed_AS:    13756 kB
VmallocTotal:   909272 kB
VmallocUsed:        64 kB
VmallocChunk:   909208 kB
Thu Nov 12 00:50:47 CST 2009
MemTotal:       124112 kB
MemFree:         85192 kB
Buffers:          3576 kB
Cached:          24172 kB
SwapCached:          0 kB
Active:          21364 kB
Inactive:        13516 kB
SwapTotal:           0 kB
SwapFree:            0 kB
Dirty:             432 kB
Writeback:           0 kB
AnonPages:        7160 kB
Mapped:           4020 kB
Slab:             3520 kB
SReclaimable:     2060 kB
SUnreclaim:       1460 kB
PageTables:        148 kB
NFS_Unstable:        0 kB
Bounce:              0 kB
CommitLimit:     62056 kB
Committed_AS:    13764 kB
VmallocTotal:   909272 kB
VmallocUsed:        64 kB
VmallocChunk:   909208 kB
Thu Nov 12 00:50:49 CST 2009
MemTotal:       124112 kB
MemFree:         86788 kB
Buffers:          3584 kB
Cached:          24180 kB
SwapCached:          0 kB
Active:          19752 kB
Inactive:        13528 kB
SwapTotal:           0 kB
SwapFree:            0 kB
Dirty:             440 kB
Writeback:           0 kB
AnonPages:        5544 kB
Mapped:           3264 kB
Slab:             3528 kB
SReclaimable:     2068 kB
SUnreclaim:       1460 kB
PageTables:        148 kB
NFS_Unstable:        0 kB
Bounce:              0 kB
CommitLimit:     62056 kB
Committed_AS:    12304 kB
VmallocTotal:   909272 kB
VmallocUsed:        64 kB
VmallocChunk:   909208 kB
Thu Nov 12 00:50:50 CST 2009
MemTotal:       124112 kB
MemFree:         87404 kB
Buffers:          3584 kB
Cached:          24188 kB
SwapCached:          0 kB
Active:          19160 kB
Inactive:        13532 kB
SwapTotal:           0 kB
SwapFree:            0 kB
Dirty:             444 kB
Writeback:           0 kB
AnonPages:        4948 kB
Mapped:           2464 kB
Slab:             3528 kB
SReclaimable:     2068 kB
SUnreclaim:       1460 kB
PageTables:        132 kB
NFS_Unstable:        0 kB
Bounce:              0 kB
CommitLimit:     62056 kB
Committed_AS:    10272 kB
VmallocTotal:   909272 kB
VmallocUsed:        64 kB
VmallocChunk:   909208 kB
Thu Nov 12 00:50:51 CST 2009
MemTotal:       124112 kB
MemFree:         83696 kB
Buffers:          3584 kB
Cached:          24200 kB
SwapCached:          0 kB
Active:          22832 kB
Inactive:        13544 kB
SwapTotal:           0 kB
SwapFree:            0 kB
Dirty:             424 kB
Writeback:           0 kB
AnonPages:        8620 kB
Mapped:           5908 kB
Slab:             3532 kB
SReclaimable:     2068 kB
SUnreclaim:       1464 kB
PageTables:        152 kB
NFS_Unstable:        0 kB
Bounce:              0 kB
CommitLimit:     62056 kB
Committed_AS:    14920 kB
VmallocTotal:   909272 kB
VmallocUsed:        64 kB
VmallocChunk:   909208 kB
Thu Nov 12 00:50:52 CST 2009
MemTotal:       124112 kB
MemFree:         86972 kB
Buffers:          3588 kB
Cached:          24212 kB
SwapCached:          0 kB
Active:          19572 kB
Inactive:        13544 kB
SwapTotal:           0 kB
SwapFree:            0 kB
Dirty:             436 kB
Writeback:           0 kB
AnonPages:        5344 kB
Mapped:           2792 kB
Slab:             3532 kB
SReclaimable:     2068 kB
SUnreclaim:       1464 kB
PageTables:        148 kB
NFS_Unstable:        0 kB
Bounce:              0 kB
CommitLimit:     62056 kB
Committed_AS:    12180 kB
VmallocTotal:   909272 kB
VmallocUsed:        64 kB
VmallocChunk:   909208 kB
Thu Nov 12 00:50:53 CST 2009
MemTotal:       124112 kB
MemFree:         83476 kB
Buffers:          3596 kB
Cached:          24228 kB
SwapCached:          0 kB
Active:          23048 kB
Inactive:        13564 kB
SwapTotal:           0 kB
SwapFree:            0 kB
Dirty:             440 kB
Writeback:           0 kB
AnonPages:        8816 kB
Mapped:           5408 kB
Slab:             3532 kB
SReclaimable:     2068 kB
SUnreclaim:       1464 kB
PageTables:        152 kB
NFS_Unstable:        0 kB
Bounce:              0 kB
CommitLimit:     62056 kB
Committed_AS:    15040 kB
VmallocTotal:   909272 kB
VmallocUsed:        64 kB
VmallocChunk:   909208 kB
Thu Nov 12 00:50:55 CST 2009
MemTotal:       124112 kB
MemFree:         85268 kB
Buffers:          3596 kB
Cached:          24240 kB
SwapCached:          0 kB
Active:          21228 kB
Inactive:        13572 kB
SwapTotal:           0 kB
SwapFree:            0 kB
Dirty:             444 kB
Writeback:           0 kB
AnonPages:        6992 kB
Mapped:           4012 kB
Slab:             3536 kB
SReclaimable:     2072 kB
SUnreclaim:       1464 kB
PageTables:        148 kB
NFS_Unstable:        0 kB
Bounce:              0 kB
CommitLimit:     62056 kB
Committed_AS:    12732 kB
VmallocTotal:   909272 kB
VmallocUsed:        64 kB
VmallocChunk:   909208 kB
Thu Nov 12 00:50:56 CST 2009
MemTotal:       124112 kB
MemFree:         83588 kB
Buffers:          3596 kB
Cached:          24240 kB
SwapCached:          0 kB
Active:          22904 kB
Inactive:        13568 kB
SwapTotal:           0 kB
SwapFree:            0 kB
Dirty:             152 kB
Writeback:           0 kB
AnonPages:        8664 kB
Mapped:           5964 kB
Slab:             3536 kB
SReclaimable:     2072 kB
SUnreclaim:       1464 kB
PageTables:        152 kB
NFS_Unstable:        0 kB
Bounce:              0 kB
CommitLimit:     62056 kB
Committed_AS:    14984 kB
VmallocTotal:   909272 kB
VmallocUsed:        64 kB
VmallocChunk:   909208 kB
Thu Nov 12 00:50:57 CST 2009
MemTotal:       124112 kB
MemFree:         83888 kB
Buffers:          3596 kB
Cached:          24272 kB
SwapCached:          0 kB
Active:          22580 kB
Inactive:        13596 kB
SwapTotal:           0 kB
SwapFree:            0 kB
Dirty:             156 kB
Writeback:           0 kB
AnonPages:        8340 kB
Mapped:           4796 kB
Slab:             3540 kB
SReclaimable:     2076 kB
SUnreclaim:       1464 kB
PageTables:        152 kB
NFS_Unstable:        0 kB
Bounce:              0 kB
CommitLimit:     62056 kB
Committed_AS:    14924 kB
VmallocTotal:   909272 kB
VmallocUsed:        64 kB
VmallocChunk:   909208 kB
Thu Nov 12 00:50:58 CST 2009
MemTotal:       124112 kB
MemFree:         84392 kB
Buffers:          3596 kB
Cached:          24280 kB
SwapCached:          0 kB
Active:          22080 kB
Inactive:        13592 kB
SwapTotal:           0 kB
SwapFree:            0 kB
Dirty:             160 kB
Writeback:           0 kB
AnonPages:        7824 kB
Mapped:           4020 kB
Slab:             3540 kB
SReclaimable:     2076 kB
SUnreclaim:       1464 kB
PageTables:        152 kB
NFS_Unstable:        0 kB
Bounce:              0 kB
CommitLimit:     62056 kB
Committed_AS:    13908 kB
VmallocTotal:   909272 kB
VmallocUsed:        64 kB
VmallocChunk:   909208 kB
Thu Nov 12 00:50:59 CST 2009
MemTotal:       124112 kB
MemFree:         84252 kB
Buffers:          3608 kB
Cached:          24292 kB
SwapCached:          0 kB
Active:          22212 kB
Inactive:        13596 kB
SwapTotal:           0 kB
SwapFree:            0 kB
Dirty:             392 kB
Writeback:           0 kB
AnonPages:        7936 kB
Mapped:           4020 kB
Slab:             3544 kB
SReclaimable:     2080 kB
SUnreclaim:       1464 kB
PageTables:        152 kB
NFS_Unstable:        0 kB
Bounce:              0 kB
CommitLimit:     62056 kB
Committed_AS:    13896 kB
VmallocTotal:   909272 kB
VmallocUsed:        64 kB
VmallocChunk:   909208 kB
Thu Nov 12 00:51:00 CST 2009
MemTotal:       124112 kB
MemFree:         85024 kB
Buffers:          3608 kB
Cached:          24304 kB
SwapCached:          0 kB
Active:          21456 kB
Inactive:        13600 kB
SwapTotal:           0 kB
SwapFree:            0 kB
Dirty:             380 kB
Writeback:           0 kB
AnonPages:        7164 kB
Mapped:           4020 kB
Slab:             3544 kB
SReclaimable:     2080 kB
SUnreclaim:       1464 kB
PageTables:        148 kB
NFS_Unstable:        0 kB
Bounce:              0 kB
CommitLimit:     62056 kB
Committed_AS:    13756 kB
VmallocTotal:   909272 kB
VmallocUsed:        64 kB
VmallocChunk:   909208 kB
Thu Nov 12 00:51:02 CST 2009
MemTotal:       124112 kB
MemFree:         87152 kB
Buffers:          3608 kB
Cached:          24308 kB
SwapCached:          0 kB
Active:          19300 kB
Inactive:        13600 kB
SwapTotal:           0 kB
SwapFree:            0 kB
Dirty:             384 kB
Writeback:           0 kB
AnonPages:        5012 kB
Mapped:           2496 kB
Slab:             3548 kB
SReclaimable:     2084 kB
SUnreclaim:       1464 kB
PageTables:        132 kB
NFS_Unstable:        0 kB
Bounce:              0 kB
CommitLimit:     62056 kB
Committed_AS:    10136 kB
VmallocTotal:   909272 kB
VmallocUsed:        64 kB
VmallocChunk:   909208 kB
Thu Nov 12 00:51:03 CST 2009
MemTotal:       124112 kB
MemFree:         85292 kB
Buffers:          3608 kB
Cached:          24324 kB
SwapCached:          0 kB
Active:          21160 kB
Inactive:        13612 kB
SwapTotal:           0 kB
SwapFree:            0 kB
Dirty:             388 kB
Writeback:           0 kB
AnonPages:        6876 kB
Mapped:           4008 kB
Slab:             3548 kB
SReclaimable:     2084 kB
SUnreclaim:       1464 kB
PageTables:        148 kB
NFS_Unstable:        0 kB
Bounce:              0 kB
CommitLimit:     62056 kB
Committed_AS:    12740 kB
VmallocTotal:   909272 kB
VmallocUsed:        64 kB
VmallocChunk:   909208 kB
Thu Nov 12 00:51:04 CST 2009
MemTotal:       124112 kB
MemFree:         85684 kB
Buffers:          3616 kB
Cached:          24328 kB
SwapCached:          0 kB
Active:          20792 kB
Inactive:        13612 kB
SwapTotal:           0 kB
SwapFree:            0 kB
Dirty:             408 kB
Writeback:           0 kB
AnonPages:        6480 kB
Mapped:           3676 kB
Slab:             3548 kB
SReclaimable:     2084 kB
SUnreclaim:       1464 kB
PageTables:        148 kB
NFS_Unstable:        0 kB
Bounce:              0 kB
CommitLimit:     62056 kB
Committed_AS:    12600 kB
VmallocTotal:   909272 kB
VmallocUsed:        64 kB
VmallocChunk:   909208 kB
Thu Nov 12 00:51:05 CST 2009
MemTotal:       124112 kB
MemFree:         83604 kB
Buffers:          3616 kB
Cached:          24364 kB
SwapCached:          0 kB
Active:          22812 kB
Inactive:        13644 kB
SwapTotal:           0 kB
SwapFree:            0 kB
Dirty:             388 kB
Writeback:           0 kB
AnonPages:        8504 kB
Mapped:           5972 kB
Slab:             3548 kB
SReclaimable:     2084 kB
SUnreclaim:       1464 kB
PageTables:        152 kB
NFS_Unstable:        0 kB
Bounce:              0 kB
CommitLimit:     62056 kB
Committed_AS:    14916 kB
VmallocTotal:   909272 kB
VmallocUsed:        64 kB
VmallocChunk:   909208 kB
Thu Nov 12 00:51:06 CST 2009
MemTotal:       124112 kB
MemFree:         83184 kB
Buffers:          3616 kB
Cached:          24376 kB
SwapCached:          0 kB
Active:          23208 kB
Inactive:        13652 kB
SwapTotal:           0 kB
SwapFree:            0 kB
Dirty:             400 kB
Writeback:           0 kB
AnonPages:        8912 kB
Mapped:           6300 kB
Slab:             3552 kB
SReclaimable:     2084 kB
SUnreclaim:       1468 kB
PageTables:        152 kB
NFS_Unstable:        0 kB
Bounce:              0 kB
CommitLimit:     62056 kB
Committed_AS:    15008 kB
VmallocTotal:   909272 kB
VmallocUsed:        64 kB
VmallocChunk:   909208 kB
Thu Nov 12 00:51:08 CST 2009
MemTotal:       124112 kB
MemFree:         84220 kB
Buffers:          3616 kB
Cached:          24380 kB
SwapCached:          0 kB
Active:          22172 kB
Inactive:        13648 kB
SwapTotal:           0 kB
SwapFree:            0 kB
Dirty:             400 kB
Writeback:           0 kB
AnonPages:        7852 kB
Mapped:           4020 kB
Slab:             3556 kB
SReclaimable:     2088 kB
SUnreclaim:       1468 kB
PageTables:        152 kB
NFS_Unstable:        0 kB
Bounce:              0 kB
CommitLimit:     62056 kB
Committed_AS:    13900 kB
VmallocTotal:   909272 kB
VmallocUsed:        64 kB
VmallocChunk:   909208 kB
Thu Nov 12 00:51:09 CST 2009
MemTotal:       124112 kB
MemFree:         83956 kB
Buffers:          3624 kB
Cached:          24388 kB
SwapCached:          0 kB
Active:          22460 kB
Inactive:        13656 kB
SwapTotal:           0 kB
SwapFree:            0 kB
Dirty:             412 kB
Writeback:           0 kB
AnonPages:        8132 kB
Mapped:           4028 kB
Slab:             3556 kB
SReclaimable:     2088 kB
SUnreclaim:       1468 kB
PageTables:        152 kB
NFS_Unstable:        0 kB
Bounce:              0 kB
CommitLimit:     62056 kB
Committed_AS:    13888 kB
VmallocTotal:   909272 kB
VmallocUsed:        64 kB
VmallocChunk:   909208 kB
Thu Nov 12 00:51:10 CST 2009
MemTotal:       124112 kB
MemFree:         85496 kB
Buffers:          3624 kB
Cached:          24396 kB
SwapCached:          0 kB
Active:          20884 kB
Inactive:        13656 kB
SwapTotal:           0 kB
SwapFree:            0 kB
Dirty:             416 kB
Writeback:           0 kB
AnonPages:        6548 kB
Mapped:           3812 kB
Slab:             3560 kB
SReclaimable:     2092 kB
SUnreclaim:       1468 kB
PageTables:        148 kB
NFS_Unstable:        0 kB
Bounce:              0 kB
CommitLimit:     62056 kB
Committed_AS:    12600 kB
VmallocTotal:   909272 kB
VmallocUsed:        64 kB
VmallocChunk:   909208 kB
Thu Nov 12 00:51:11 CST 2009
MemTotal:       124112 kB
MemFree:         86924 kB
Buffers:          3624 kB
Cached:          24400 kB
SwapCached:          0 kB
Active:          19468 kB
Inactive:        13656 kB
SwapTotal:           0 kB
SwapFree:            0 kB
Dirty:             360 kB
Writeback:           0 kB
AnonPages:        5128 kB
Mapped:           2616 kB
Slab:             3560 kB
SReclaimable:     2092 kB
SUnreclaim:       1468 kB
PageTables:        148 kB
NFS_Unstable:        0 kB
Bounce:              0 kB
CommitLimit:     62056 kB
Committed_AS:    10996 kB
VmallocTotal:   909272 kB
VmallocUsed:        64 kB
VmallocChunk:   909208 kB
Thu Nov 12 00:51:12 CST 2009
MemTotal:       124112 kB
MemFree:         85148 kB
Buffers:          3624 kB
Cached:          24412 kB
SwapCached:          0 kB
Active:          21240 kB
Inactive:        13664 kB
SwapTotal:           0 kB
SwapFree:            0 kB
Dirty:             364 kB
Writeback:           0 kB
AnonPages:        6896 kB
Mapped:           3964 kB
Slab:             3560 kB
SReclaimable:     2092 kB
SUnreclaim:       1468 kB
PageTables:        148 kB
NFS_Unstable:        0 kB
Bounce:              0 kB
CommitLimit:     62056 kB
Committed_AS:    12740 kB
VmallocTotal:   909272 kB
VmallocUsed:        64 kB
VmallocChunk:   909208 kB
Thu Nov 12 00:51:14 CST 2009
MemTotal:       124112 kB
MemFree:         85456 kB
Buffers:          3624 kB
Cached:          24420 kB
SwapCached:          0 kB
Active:          20896 kB
Inactive:        13668 kB
SwapTotal:           0 kB
SwapFree:            0 kB
Dirty:             368 kB
Writeback:           0 kB
AnonPages:        6548 kB
Mapped:           3864 kB
Slab:             3564 kB
SReclaimable:     2096 kB
SUnreclaim:       1468 kB
PageTables:        148 kB
NFS_Unstable:        0 kB
Bounce:              0 kB
CommitLimit:     62056 kB
Committed_AS:    12596 kB
VmallocTotal:   909272 kB
VmallocUsed:        64 kB
VmallocChunk:   909208 kB
Thu Nov 12 00:51:15 CST 2009
MemTotal:       124112 kB
MemFree:         86968 kB
Buffers:          3632 kB
Cached:          24428 kB
SwapCached:          0 kB
Active:          19424 kB
Inactive:        13676 kB
SwapTotal:           0 kB
SwapFree:            0 kB
Dirty:             380 kB
Writeback:           0 kB
AnonPages:        5068 kB
Mapped:           2532 kB
Slab:             3564 kB
SReclaimable:     2096 kB
SUnreclaim:       1468 kB
PageTables:        132 kB
NFS_Unstable:        0 kB
Bounce:              0 kB
CommitLimit:     62056 kB
Committed_AS:    10260 kB
VmallocTotal:   909272 kB
VmallocUsed:        64 kB
VmallocChunk:   909208 kB
Thu Nov 12 00:51:16 CST 2009
MemTotal:       124112 kB
MemFree:         84980 kB
Buffers:          3632 kB
Cached:          24436 kB
SwapCached:          0 kB
Active:          21392 kB
Inactive:        13680 kB
SwapTotal:           0 kB
SwapFree:            0 kB
Dirty:             368 kB
Writeback:           0 kB
AnonPages:        7032 kB
Mapped:           3000 kB
Slab:             3564 kB
SReclaimable:     2096 kB
SUnreclaim:       1468 kB
PageTables:        144 kB
NFS_Unstable:        0 kB
Bounce:              0 kB
CommitLimit:     62056 kB
Committed_AS:    12484 kB
VmallocTotal:   909272 kB
VmallocUsed:        64 kB
VmallocChunk:   909208 kB
Thu Nov 12 00:51:17 CST 2009
MemTotal:       124112 kB
MemFree:         86284 kB
Buffers:          3632 kB
Cached:          24444 kB
SwapCached:          0 kB
Active:          20072 kB
Inactive:        13680 kB
SwapTotal:           0 kB
SwapFree:            0 kB
Dirty:             372 kB
Writeback:           0 kB
AnonPages:        5704 kB
Mapped:           3292 kB
Slab:             3564 kB
SReclaimable:     2096 kB
SUnreclaim:       1468 kB
PageTables:        148 kB
NFS_Unstable:        0 kB
Bounce:              0 kB
CommitLimit:     62056 kB
Committed_AS:    12312 kB
VmallocTotal:   909272 kB
VmallocUsed:        64 kB
VmallocChunk:   909208 kB
Thu Nov 12 00:51:18 CST 2009
MemTotal:       124112 kB
MemFree:         83228 kB
Buffers:          3632 kB
Cached:          24504 kB
SwapCached:          0 kB
Active:          23072 kB
Inactive:        13736 kB
SwapTotal:           0 kB
SwapFree:            0 kB
Dirty:             372 kB
Writeback:           0 kB
AnonPages:        8700 kB
Mapped:           4276 kB
Slab:             3568 kB
SReclaimable:     2100 kB
SUnreclaim:       1468 kB
PageTables:        152 kB
NFS_Unstable:        0 kB
Bounce:              0 kB
CommitLimit:     62056 kB
Committed_AS:    14980 kB
VmallocTotal:   909272 kB
VmallocUsed:        64 kB
VmallocChunk:   909208 kB
Thu Nov 12 00:51:20 CST 2009
MemTotal:       124112 kB
MemFree:         82248 kB
Buffers:          3640 kB
Cached:          24508 kB
SwapCached:          0 kB
Active:          24028 kB
Inactive:        13748 kB
SwapTotal:           0 kB
SwapFree:            0 kB
Dirty:             380 kB
Writeback:           0 kB
AnonPages:        9668 kB
Mapped:           6272 kB
Slab:             3568 kB
SReclaimable:     2100 kB
SUnreclaim:       1468 kB
PageTables:        152 kB
NFS_Unstable:        0 kB
Bounce:              0 kB
CommitLimit:     62056 kB
Committed_AS:    16144 kB
VmallocTotal:   909272 kB
VmallocUsed:        64 kB
VmallocChunk:   909208 kB
Thu Nov 12 00:51:21 CST 2009
MemTotal:       124112 kB
MemFree:         81716 kB
Buffers:          3640 kB
Cached:          24516 kB
SwapCached:          0 kB
Active:          24548 kB
Inactive:        13756 kB
SwapTotal:           0 kB
SwapFree:            0 kB
Dirty:             372 kB
Writeback:           0 kB
AnonPages:       10176 kB
Mapped:           6312 kB
Slab:             3568 kB
SReclaimable:     2100 kB
SUnreclaim:       1468 kB
PageTables:        152 kB
NFS_Unstable:        0 kB
Bounce:              0 kB
CommitLimit:     62056 kB
Committed_AS:    16168 kB
VmallocTotal:   909272 kB
VmallocUsed:        64 kB
VmallocChunk:   909208 kB
Thu Nov 12 00:51:22 CST 2009
MemTotal:       124112 kB
MemFree:         83636 kB
Buffers:          3640 kB
Cached:          24524 kB
SwapCached:          0 kB
Active:          22652 kB
Inactive:        13748 kB
SwapTotal:           0 kB
SwapFree:            0 kB
Dirty:             372 kB
Writeback:           0 kB
AnonPages:        8264 kB
Mapped:           4240 kB
Slab:             3576 kB
SReclaimable:     2108 kB
SUnreclaim:       1468 kB
PageTables:        152 kB
NFS_Unstable:        0 kB
Bounce:              0 kB
CommitLimit:     62056 kB
Committed_AS:    14900 kB
VmallocTotal:   909272 kB
VmallocUsed:        64 kB
VmallocChunk:   909208 kB
Thu Nov 12 00:51:23 CST 2009
MemTotal:       124112 kB
MemFree:         84364 kB
Buffers:          3640 kB
Cached:          24532 kB
SwapCached:          0 kB
Active:          21896 kB
Inactive:        13752 kB
SwapTotal:           0 kB
SwapFree:            0 kB
Dirty:             376 kB
Writeback:           0 kB
AnonPages:        7504 kB
Mapped:           4020 kB
Slab:             3576 kB
SReclaimable:     2108 kB
SUnreclaim:       1468 kB
PageTables:        148 kB
NFS_Unstable:        0 kB
Bounce:              0 kB
CommitLimit:     62056 kB
Committed_AS:    13880 kB
VmallocTotal:   909272 kB
VmallocUsed:        64 kB
VmallocChunk:   909208 kB
Thu Nov 12 00:51:25 CST 2009
MemTotal:       124112 kB
MemFree:         84000 kB
Buffers:          3648 kB
Cached:          24540 kB
SwapCached:          0 kB
Active:          22284 kB
Inactive:        13764 kB
SwapTotal:           0 kB
SwapFree:            0 kB
Dirty:             388 kB
Writeback:           0 kB
AnonPages:        7884 kB
Mapped:           4020 kB
Slab:             3576 kB
SReclaimable:     2108 kB
SUnreclaim:       1468 kB
PageTables:        152 kB
NFS_Unstable:        0 kB
Bounce:              0 kB
CommitLimit:     62056 kB
Committed_AS:    13896 kB
VmallocTotal:   909272 kB
VmallocUsed:        64 kB
VmallocChunk:   909208 kB
Thu Nov 12 00:51:26 CST 2009
MemTotal:       124112 kB
MemFree:         84240 kB
Buffers:          3648 kB
Cached:          24548 kB
SwapCached:          0 kB
Active:          22008 kB
Inactive:        13764 kB
SwapTotal:           0 kB
SwapFree:            0 kB
Dirty:             368 kB
Writeback:           0 kB
AnonPages:        7604 kB
Mapped:           4020 kB
Slab:             3576 kB
SReclaimable:     2108 kB
SUnreclaim:       1468 kB
PageTables:        148 kB
NFS_Unstable:        0 kB
Bounce:              0 kB
CommitLimit:     62056 kB
Committed_AS:    13848 kB
VmallocTotal:   909272 kB
VmallocUsed:        64 kB
VmallocChunk:   909208 kB
Thu Nov 12 00:51:27 CST 2009
MemTotal:       124112 kB
MemFree:         83960 kB
Buffers:          3648 kB
Cached:          24556 kB
SwapCached:          0 kB
Active:          22292 kB
Inactive:        13768 kB
SwapTotal:           0 kB
SwapFree:            0 kB
Dirty:             372 kB
Writeback:           0 kB
AnonPages:        7884 kB
Mapped:           4020 kB
Slab:             3576 kB
SReclaimable:     2108 kB
SUnreclaim:       1468 kB
PageTables:        152 kB
NFS_Unstable:        0 kB
Bounce:              0 kB
CommitLimit:     62056 kB
Committed_AS:    13888 kB
VmallocTotal:   909272 kB
VmallocUsed:        64 kB
VmallocChunk:   909208 kB
Thu Nov 12 00:51:28 CST 2009
MemTotal:       124112 kB
MemFree:         84480 kB
Buffers:          3648 kB
Cached:          24568 kB
SwapCached:          0 kB
Active:          21780 kB
Inactive:        13776 kB
SwapTotal:           0 kB
SwapFree:            0 kB
Dirty:             376 kB
Writeback:           0 kB
AnonPages:        7368 kB
Mapped:           4024 kB
Slab:             3576 kB
SReclaimable:     2108 kB
SUnreclaim:       1468 kB
PageTables:        148 kB
NFS_Unstable:        0 kB
Bounce:              0 kB
CommitLimit:     62056 kB
Committed_AS:    13884 kB
VmallocTotal:   909272 kB
VmallocUsed:        64 kB
VmallocChunk:   909208 kB
Thu Nov 12 00:51:30 CST 2009
MemTotal:       124112 kB
MemFree:         85112 kB
Buffers:          3656 kB
Cached:          24588 kB
SwapCached:          0 kB
Active:          21108 kB
Inactive:        13796 kB
SwapTotal:           0 kB
SwapFree:            0 kB
Dirty:             384 kB
Writeback:           0 kB
AnonPages:        6688 kB
Mapped:           3888 kB
Slab:             3584 kB
SReclaimable:     2116 kB
SUnreclaim:       1468 kB
PageTables:        148 kB
NFS_Unstable:        0 kB
Bounce:              0 kB
CommitLimit:     62056 kB
Committed_AS:    12732 kB
VmallocTotal:   909272 kB
VmallocUsed:        64 kB
VmallocChunk:   909208 kB
Thu Nov 12 00:51:31 CST 2009
MemTotal:       124112 kB
MemFree:         82984 kB
Buffers:          3656 kB
Cached:          24588 kB
SwapCached:          0 kB
Active:          23252 kB
Inactive:        13792 kB
SwapTotal:           0 kB
SwapFree:            0 kB
Dirty:             104 kB
Writeback:           0 kB
AnonPages:        8828 kB
Mapped:           6068 kB
Slab:             3584 kB
SReclaimable:     2116 kB
SUnreclaim:       1468 kB
PageTables:        152 kB
NFS_Unstable:        0 kB
Bounce:              0 kB
CommitLimit:     62056 kB
Committed_AS:    14928 kB
VmallocTotal:   909272 kB
VmallocUsed:        64 kB
VmallocChunk:   909208 kB
Thu Nov 12 00:51:32 CST 2009
MemTotal:       124112 kB
MemFree:         84412 kB
Buffers:          3656 kB
Cached:          24596 kB
SwapCached:          0 kB
Active:          21812 kB
Inactive:        13796 kB
SwapTotal:           0 kB
SwapFree:            0 kB
Dirty:             108 kB
Writeback:           0 kB
AnonPages:        7384 kB
Mapped:           4016 kB
Slab:             3584 kB
SReclaimable:     2116 kB
SUnreclaim:       1468 kB
PageTables:        148 kB
NFS_Unstable:        0 kB
Bounce:              0 kB
CommitLimit:     62056 kB
Committed_AS:    13764 kB
VmallocTotal:   909272 kB
VmallocUsed:        64 kB
VmallocChunk:   909208 kB
Thu Nov 12 00:51:34 CST 2009
MemTotal:       124112 kB
MemFree:         83768 kB
Buffers:          3656 kB
Cached:          24604 kB
SwapCached:          0 kB
Active:          22460 kB
Inactive:        13800 kB
SwapTotal:           0 kB
SwapFree:            0 kB
Dirty:             112 kB
Writeback:           0 kB
AnonPages:        8028 kB
Mapped:           4884 kB
Slab:             3584 kB
SReclaimable:     2116 kB
SUnreclaim:       1468 kB
PageTables:        152 kB
NFS_Unstable:        0 kB
Bounce:              0 kB
CommitLimit:     62056 kB
Committed_AS:    13900 kB
VmallocTotal:   909272 kB
VmallocUsed:        64 kB
VmallocChunk:   909208 kB
Thu Nov 12 00:51:35 CST 2009
MemTotal:       124112 kB
MemFree:         83560 kB
Buffers:          3660 kB
Cached:          24612 kB
SwapCached:          0 kB
Active:          22652 kB
Inactive:        13804 kB
SwapTotal:           0 kB
SwapFree:            0 kB
Dirty:             116 kB
Writeback:           0 kB
AnonPages:        8212 kB
Mapped:           4556 kB
Slab:             3584 kB
SReclaimable:     2116 kB
SUnreclaim:       1468 kB
PageTables:        152 kB
NFS_Unstable:        0 kB
Bounce:              0 kB
CommitLimit:     62056 kB
Committed_AS:    13868 kB
VmallocTotal:   909272 kB
VmallocUsed:        64 kB
VmallocChunk:   909208 kB
Thu Nov 12 00:51:36 CST 2009
MemTotal:       124112 kB
MemFree:         83476 kB
Buffers:          3668 kB
Cached:          24624 kB
SwapCached:          0 kB
Active:          22712 kB
Inactive:        13820 kB
SwapTotal:           0 kB
SwapFree:            0 kB
Dirty:             336 kB
Writeback:           0 kB
AnonPages:        8268 kB
Mapped:           5752 kB
Slab:             3588 kB
SReclaimable:     2120 kB
SUnreclaim:       1468 kB
PageTables:        152 kB
NFS_Unstable:        0 kB
Bounce:              0 kB
CommitLimit:     62056 kB
Committed_AS:    13888 kB
VmallocTotal:   909272 kB
VmallocUsed:        64 kB
VmallocChunk:   909208 kB
Thu Nov 12 00:51:37 CST 2009
MemTotal:       124112 kB
MemFree:         83492 kB
Buffers:          3668 kB
Cached:          24636 kB
SwapCached:          0 kB
Active:          22684 kB
Inactive:        13824 kB
SwapTotal:           0 kB
SwapFree:            0 kB
Dirty:             344 kB
Writeback:           0 kB
AnonPages:        8232 kB
Mapped:           5516 kB
Slab:             3588 kB
SReclaimable:     2120 kB
SUnreclaim:       1468 kB
PageTables:        152 kB
NFS_Unstable:        0 kB
Bounce:              0 kB
CommitLimit:     62056 kB
Committed_AS:    13896 kB
VmallocTotal:   909272 kB
VmallocUsed:        64 kB
VmallocChunk:   909208 kB
Thu Nov 12 00:51:38 CST 2009
MemTotal:       124112 kB
MemFree:         83068 kB
Buffers:          3668 kB
Cached:          24704 kB
SwapCached:          0 kB
Active:          23080 kB
Inactive:        13872 kB
SwapTotal:           0 kB
SwapFree:            0 kB
Dirty:             348 kB
Writeback:           0 kB
AnonPages:        8616 kB
Mapped:           4252 kB
Slab:             3596 kB
SReclaimable:     2124 kB
SUnreclaim:       1472 kB
PageTables:        152 kB
NFS_Unstable:        0 kB
Bounce:              0 kB
CommitLimit:     62056 kB
Committed_AS:    14884 kB
VmallocTotal:   909272 kB
VmallocUsed:        64 kB
VmallocChunk:   909208 kB
Thu Nov 12 00:51:40 CST 2009
MemTotal:       124112 kB
MemFree:         82256 kB
Buffers:          3668 kB
Cached:          24704 kB
SwapCached:          0 kB
Active:          23892 kB
Inactive:        13868 kB
SwapTotal:           0 kB
SwapFree:            0 kB
Dirty:             348 kB
Writeback:           0 kB
AnonPages:        9416 kB
Mapped:           6200 kB
Slab:             3596 kB
SReclaimable:     2124 kB
SUnreclaim:       1472 kB
PageTables:        152 kB
NFS_Unstable:        0 kB
Bounce:              0 kB
CommitLimit:     62056 kB
Committed_AS:    15140 kB
VmallocTotal:   909272 kB
VmallocUsed:        64 kB
VmallocChunk:   909208 kB
Thu Nov 12 00:51:41 CST 2009
MemTotal:       124112 kB
MemFree:         86456 kB
Buffers:          3676 kB
Cached:          24712 kB
SwapCached:          0 kB
Active:          19700 kB
Inactive:        13864 kB
SwapTotal:           0 kB
SwapFree:            0 kB
Dirty:             356 kB
Writeback:           0 kB
AnonPages:        5204 kB
Mapped:           2640 kB
Slab:             3604 kB
SReclaimable:     2132 kB
SUnreclaim:       1472 kB
PageTables:        148 kB
NFS_Unstable:        0 kB
Bounce:              0 kB
CommitLimit:     62056 kB
Committed_AS:    11136 kB
VmallocTotal:   909272 kB
VmallocUsed:        64 kB
VmallocChunk:   909208 kB
Thu Nov 12 00:51:42 CST 2009
MemTotal:       124112 kB
MemFree:         82528 kB
Buffers:          3676 kB
Cached:          24752 kB
SwapCached:          0 kB
Active:          23580 kB
Inactive:        13876 kB
SwapTotal:           0 kB
SwapFree:            0 kB
Dirty:             356 kB
Writeback:           0 kB
AnonPages:        9056 kB
Mapped:           5092 kB
Slab:             3608 kB
SReclaimable:     2132 kB
SUnreclaim:       1476 kB
PageTables:        152 kB
NFS_Unstable:        0 kB
Bounce:              0 kB
CommitLimit:     62056 kB
Committed_AS:    15012 kB
VmallocTotal:   909272 kB
VmallocUsed:        64 kB
VmallocChunk:   909208 kB
Thu Nov 12 00:51:43 CST 2009
MemTotal:       124112 kB
MemFree:         81604 kB
Buffers:          3676 kB
Cached:          24756 kB
SwapCached:          0 kB
Active:          24512 kB
Inactive:        13880 kB
SwapTotal:           0 kB
SwapFree:            0 kB
Dirty:             360 kB
Writeback:           0 kB
AnonPages:        9988 kB
Mapped:           6252 kB
Slab:             3608 kB
SReclaimable:     2132 kB
SUnreclaim:       1476 kB
PageTables:        152 kB
NFS_Unstable:        0 kB
Bounce:              0 kB
CommitLimit:     62056 kB
Committed_AS:    16176 kB
VmallocTotal:   909272 kB
VmallocUsed:        64 kB
VmallocChunk:   909208 kB
Thu Nov 12 00:51:44 CST 2009
MemTotal:       124112 kB
MemFree:         81100 kB
Buffers:          3676 kB
Cached:          24756 kB
SwapCached:          0 kB
Active:          25024 kB
Inactive:        13880 kB
SwapTotal:           0 kB
SwapFree:            0 kB
Dirty:             360 kB
Writeback:           0 kB
AnonPages:       10520 kB
Mapped:           6284 kB
Slab:             3608 kB
SReclaimable:     2132 kB
SUnreclaim:       1476 kB
PageTables:        152 kB
NFS_Unstable:        0 kB
Bounce:              0 kB
CommitLimit:     62056 kB
Committed_AS:    16440 kB
VmallocTotal:   909272 kB
VmallocUsed:        64 kB
VmallocChunk:   909208 kB
Thu Nov 12 00:51:46 CST 2009
MemTotal:       124112 kB
MemFree:         86492 kB
Buffers:          3684 kB
Cached:          24768 kB
SwapCached:          0 kB
Active:          19624 kB
Inactive:        13884 kB
SwapTotal:           0 kB
SwapFree:            0 kB
Dirty:             356 kB
Writeback:           0 kB
AnonPages:        5084 kB
Mapped:           2524 kB
Slab:             3612 kB
SReclaimable:     2136 kB
SUnreclaim:       1476 kB
PageTables:        132 kB
NFS_Unstable:        0 kB
Bounce:              0 kB
CommitLimit:     62056 kB
Committed_AS:    10272 kB
VmallocTotal:   909272 kB
VmallocUsed:        64 kB
VmallocChunk:   909208 kB
Thu Nov 12 00:51:47 CST 2009
MemTotal:       124112 kB
MemFree:         85080 kB
Buffers:          3684 kB
Cached:          24784 kB
SwapCached:          0 kB
Active:          21032 kB
Inactive:        13896 kB
SwapTotal:           0 kB
SwapFree:            0 kB
Dirty:             360 kB
Writeback:           0 kB
AnonPages:        6488 kB
Mapped:           3804 kB
Slab:             3612 kB
SReclaimable:     2136 kB
SUnreclaim:       1476 kB
PageTables:        148 kB
NFS_Unstable:        0 kB
Bounce:              0 kB
CommitLimit:     62056 kB
Committed_AS:    12600 kB
VmallocTotal:   909272 kB
VmallocUsed:        64 kB
VmallocChunk:   909208 kB
Thu Nov 12 00:51:48 CST 2009
MemTotal:       124112 kB
MemFree:         82588 kB
Buffers:          3684 kB
Cached:          24784 kB
SwapCached:          0 kB
Active:          23504 kB
Inactive:        13896 kB
SwapTotal:           0 kB
SwapFree:            0 kB
Dirty:             360 kB
Writeback:           0 kB
AnonPages:        8960 kB
Mapped:           6120 kB
Slab:             3612 kB
SReclaimable:     2136 kB
SUnreclaim:       1476 kB
PageTables:        152 kB
NFS_Unstable:        0 kB
Bounce:              0 kB
CommitLimit:     62056 kB
Committed_AS:    15020 kB
VmallocTotal:   909272 kB
VmallocUsed:        64 kB
VmallocChunk:   909208 kB
Thu Nov 12 00:51:49 CST 2009
MemTotal:       124112 kB
MemFree:         83540 kB
Buffers:          3684 kB
Cached:          24792 kB
SwapCached:          0 kB
Active:          22568 kB
Inactive:        13896 kB
SwapTotal:           0 kB
SwapFree:            0 kB
Dirty:             364 kB
Writeback:           0 kB
AnonPages:        8016 kB
Mapped:           4024 kB
Slab:             3612 kB
SReclaimable:     2136 kB
SUnreclaim:       1476 kB
PageTables:        152 kB
NFS_Unstable:        0 kB
Bounce:              0 kB
CommitLimit:     62056 kB
Committed_AS:    13904 kB
VmallocTotal:   909272 kB
VmallocUsed:        64 kB
VmallocChunk:   909208 kB
Thu Nov 12 00:51:51 CST 2009
MemTotal:       124112 kB
MemFree:         83724 kB
Buffers:          3692 kB
Cached:          24808 kB
SwapCached:          0 kB
Active:          22368 kB
Inactive:        13916 kB
SwapTotal:           0 kB
SwapFree:            0 kB
Dirty:             368 kB
Writeback:           0 kB
AnonPages:        7812 kB
Mapped:           4028 kB
Slab:             3612 kB
SReclaimable:     2136 kB
SUnreclaim:       1476 kB
PageTables:        148 kB
NFS_Unstable:        0 kB
Bounce:              0 kB
CommitLimit:     62056 kB
Committed_AS:    13884 kB
VmallocTotal:   909272 kB
VmallocUsed:        64 kB
VmallocChunk:   909208 kB
Thu Nov 12 00:51:52 CST 2009
MemTotal:       124112 kB
MemFree:         82352 kB
Buffers:          3692 kB
Cached:          24812 kB
SwapCached:          0 kB
Active:          23720 kB
Inactive:        13920 kB
SwapTotal:           0 kB
SwapFree:            0 kB
Dirty:             372 kB
Writeback:           0 kB
AnonPages:        9164 kB
Mapped:           6188 kB
Slab:             3612 kB
SReclaimable:     2136 kB
SUnreclaim:       1476 kB
PageTables:        152 kB
NFS_Unstable:        0 kB
Bounce:              0 kB
CommitLimit:     62056 kB
Committed_AS:    14996 kB
VmallocTotal:   909272 kB
VmallocUsed:        64 kB
VmallocChunk:   909208 kB
Thu Nov 12 00:51:53 CST 2009
MemTotal:       124112 kB
MemFree:         84804 kB
Buffers:          3692 kB
Cached:          24824 kB
SwapCached:          0 kB
Active:          21288 kB
Inactive:        13920 kB
SwapTotal:           0 kB
SwapFree:            0 kB
Dirty:             380 kB
Writeback:           0 kB
AnonPages:        6720 kB
Mapped:           3888 kB
Slab:             3612 kB
SReclaimable:     2136 kB
SUnreclaim:       1476 kB
PageTables:        148 kB
NFS_Unstable:        0 kB
Bounce:              0 kB
CommitLimit:     62056 kB
Committed_AS:    12732 kB
VmallocTotal:   909272 kB
VmallocUsed:        64 kB
VmallocChunk:   909208 kB
Thu Nov 12 00:51:54 CST 2009
MemTotal:       124112 kB
MemFree:         84876 kB
Buffers:          3692 kB
Cached:          24840 kB
SwapCached:          0 kB
Active:          21200 kB
Inactive:        13928 kB
SwapTotal:           0 kB
SwapFree:            0 kB
Dirty:             384 kB
Writeback:           0 kB
AnonPages:        6612 kB
Mapped:           3864 kB
Slab:             3620 kB
SReclaimable:     2144 kB
SUnreclaim:       1476 kB
PageTables:        148 kB
NFS_Unstable:        0 kB
Bounce:              0 kB
CommitLimit:     62056 kB
Committed_AS:    12604 kB
VmallocTotal:   909272 kB
VmallocUsed:        64 kB
VmallocChunk:   909208 kB
Thu Nov 12 00:51:56 CST 2009
MemTotal:       124112 kB
MemFree:         82552 kB
Buffers:          3700 kB
Cached:          24840 kB
SwapCached:          0 kB
Active:          23484 kB
Inactive:        13936 kB
SwapTotal:           0 kB
SwapFree:            0 kB
Dirty:             356 kB
Writeback:           0 kB
AnonPages:        8908 kB
Mapped:           6152 kB
Slab:             3620 kB
SReclaimable:     2144 kB
SUnreclaim:       1476 kB
PageTables:        152 kB
NFS_Unstable:        0 kB
Bounce:              0 kB
CommitLimit:     62056 kB
Committed_AS:    15016 kB
VmallocTotal:   909272 kB
VmallocUsed:        64 kB
VmallocChunk:   909208 kB
Thu Nov 12 00:51:57 CST 2009
MemTotal:       124112 kB
MemFree:         83420 kB
Buffers:          3700 kB
Cached:          24848 kB
SwapCached:          0 kB
Active:          22620 kB
Inactive:        13940 kB
SwapTotal:           0 kB
SwapFree:            0 kB
Dirty:             360 kB
Writeback:           0 kB
AnonPages:        8040 kB
Mapped:           4580 kB
Slab:             3624 kB
SReclaimable:     2144 kB
SUnreclaim:       1480 kB
PageTables:        152 kB
NFS_Unstable:        0 kB
Bounce:              0 kB
CommitLimit:     62056 kB
Committed_AS:    13900 kB
VmallocTotal:   909272 kB
VmallocUsed:        64 kB
VmallocChunk:   909208 kB
Thu Nov 12 00:51:58 CST 2009
MemTotal:       124112 kB
MemFree:         85396 kB
Buffers:          3700 kB
Cached:          24860 kB
SwapCached:          0 kB
Active:          20644 kB
Inactive:        13944 kB
SwapTotal:           0 kB
SwapFree:            0 kB
Dirty:             368 kB
Writeback:           0 kB
AnonPages:        6056 kB
Mapped:           3600 kB
Slab:             3624 kB
SReclaimable:     2144 kB
SUnreclaim:       1480 kB
PageTables:        148 kB
NFS_Unstable:        0 kB
Bounce:              0 kB
CommitLimit:     62056 kB
Committed_AS:    12312 kB
VmallocTotal:   909272 kB
VmallocUsed:        64 kB
VmallocChunk:   909208 kB
Thu Nov 12 00:51:59 CST 2009
MemTotal:       124112 kB
MemFree:         86364 kB
Buffers:          3700 kB
Cached:          24876 kB
SwapCached:          0 kB
Active:          19700 kB
Inactive:        13956 kB
SwapTotal:           0 kB
SwapFree:            0 kB
Dirty:             372 kB
Writeback:           0 kB
AnonPages:        5112 kB
Mapped:           2532 kB
Slab:             3624 kB
SReclaimable:     2144 kB
SUnreclaim:       1480 kB
PageTables:        132 kB
NFS_Unstable:        0 kB
Bounce:              0 kB
CommitLimit:     62056 kB
Committed_AS:    10260 kB
VmallocTotal:   909272 kB
VmallocUsed:        64 kB
VmallocChunk:   909208 kB
Thu Nov 12 00:52:00 CST 2009
MemTotal:       124112 kB
MemFree:         82948 kB
Buffers:          3700 kB
Cached:          24884 kB
SwapCached:          0 kB
Active:          23064 kB
Inactive:        13960 kB
SwapTotal:           0 kB
SwapFree:            0 kB
Dirty:             360 kB
Writeback:           0 kB
AnonPages:        8468 kB
Mapped:           5840 kB
Slab:             3624 kB
SReclaimable:     2144 kB
SUnreclaim:       1480 kB
PageTables:        152 kB
NFS_Unstable:        0 kB
Bounce:              0 kB
CommitLimit:     62056 kB
Committed_AS:    14924 kB
VmallocTotal:   909272 kB
VmallocUsed:        64 kB
VmallocChunk:   909208 kB
Thu Nov 12 00:52:02 CST 2009
MemTotal:       124112 kB
MemFree:         83872 kB
Buffers:          3708 kB
Cached:          24892 kB
SwapCached:          0 kB
Active:          22128 kB
Inactive:        13972 kB
SwapTotal:           0 kB
SwapFree:            0 kB
Dirty:             364 kB
Writeback:           0 kB
AnonPages:        7528 kB
Mapped:           4020 kB
Slab:             3624 kB
SReclaimable:     2144 kB
SUnreclaim:       1480 kB
PageTables:        148 kB
NFS_Unstable:        0 kB
Bounce:              0 kB
CommitLimit:     62056 kB
Committed_AS:    14020 kB
VmallocTotal:   909272 kB
VmallocUsed:        64 kB
VmallocChunk:   909208 kB
Thu Nov 12 00:52:03 CST 2009
MemTotal:       124112 kB
MemFree:         83216 kB
Buffers:          3708 kB
Cached:          24904 kB
SwapCached:          0 kB
Active:          22788 kB
Inactive:        13980 kB
SwapTotal:           0 kB
SwapFree:            0 kB
Dirty:             368 kB
Writeback:           0 kB
AnonPages:        8176 kB
Mapped:           4236 kB
Slab:             3632 kB
SReclaimable:     2152 kB
SUnreclaim:       1480 kB
PageTables:        152 kB
NFS_Unstable:        0 kB
Bounce:              0 kB
CommitLimit:     62056 kB
Committed_AS:    14036 kB
VmallocTotal:   909272 kB
VmallocUsed:        64 kB
VmallocChunk:   909208 kB
Thu Nov 12 00:52:04 CST 2009
MemTotal:       124112 kB
MemFree:         85472 kB
Buffers:          3708 kB
Cached:          24916 kB
SwapCached:          0 kB
Active:          20508 kB
Inactive:        13988 kB
SwapTotal:           0 kB
SwapFree:            0 kB
Dirty:             372 kB
Writeback:           0 kB
AnonPages:        5900 kB
Mapped:           3668 kB
Slab:             3632 kB
SReclaimable:     2152 kB
SUnreclaim:       1480 kB
PageTables:        148 kB
NFS_Unstable:        0 kB
Bounce:              0 kB
CommitLimit:     62056 kB
Committed_AS:    12432 kB
VmallocTotal:   909272 kB
VmallocUsed:        64 kB
VmallocChunk:   909208 kB
Thu Nov 12 00:52:05 CST 2009
MemTotal:       124112 kB
MemFree:         84184 kB
Buffers:          3708 kB
Cached:          24924 kB
SwapCached:          0 kB
Active:          21788 kB
Inactive:        13984 kB
SwapTotal:           0 kB
SwapFree:            0 kB
Dirty:             112 kB
Writeback:           0 kB
AnonPages:        7168 kB
Mapped:           3128 kB
Slab:             3632 kB
SReclaimable:     2152 kB
SUnreclaim:       1480 kB
PageTables:        144 kB
NFS_Unstable:        0 kB
Bounce:              0 kB
CommitLimit:     62056 kB
Committed_AS:    12612 kB
VmallocTotal:   909272 kB
VmallocUsed:        64 kB
VmallocChunk:   909208 kB
Thu Nov 12 00:52:06 CST 2009
MemTotal:       124112 kB
MemFree:         83204 kB
Buffers:          3716 kB
Cached:          24924 kB
SwapCached:          0 kB
Active:          22760 kB
Inactive:        13996 kB
SwapTotal:           0 kB
SwapFree:            0 kB
Dirty:             340 kB
Writeback:           0 kB
AnonPages:        8160 kB
Mapped:           4024 kB
Slab:             3632 kB
SReclaimable:     2152 kB
SUnreclaim:       1480 kB
PageTables:        152 kB
NFS_Unstable:        0 kB
Bounce:              0 kB
CommitLimit:     62056 kB
Committed_AS:    14028 kB
VmallocTotal:   909272 kB
VmallocUsed:        64 kB
VmallocChunk:   909208 kB
Thu Nov 12 00:52:08 CST 2009
MemTotal:       124112 kB
MemFree:         83360 kB
Buffers:          3716 kB
Cached:          24940 kB
SwapCached:          0 kB
Active:          22612 kB
Inactive:        14004 kB
SwapTotal:           0 kB
SwapFree:            0 kB
Dirty:             348 kB
Writeback:           0 kB
AnonPages:        7988 kB
Mapped:           4020 kB
Slab:             3632 kB
SReclaimable:     2152 kB
SUnreclaim:       1480 kB
PageTables:        152 kB
NFS_Unstable:        0 kB
Bounce:              0 kB
CommitLimit:     62056 kB
Committed_AS:    14028 kB
VmallocTotal:   909272 kB
VmallocUsed:        64 kB
VmallocChunk:   909208 kB
Thu Nov 12 00:52:09 CST 2009
MemTotal:       124112 kB
MemFree:         84132 kB
Buffers:          3716 kB
Cached:          24960 kB
SwapCached:          0 kB
Active:          21860 kB
Inactive:        14016 kB
SwapTotal:           0 kB
SwapFree:            0 kB
Dirty:             352 kB
Writeback:           0 kB
AnonPages:        7204 kB
Mapped:           4016 kB
Slab:             3632 kB
SReclaimable:     2152 kB
SUnreclaim:       1480 kB
PageTables:        148 kB
NFS_Unstable:        0 kB
Bounce:              0 kB
CommitLimit:     62056 kB
Committed_AS:    13876 kB
VmallocTotal:   909272 kB
VmallocUsed:        64 kB
VmallocChunk:   909208 kB
Thu Nov 12 00:52:10 CST 2009
MemTotal:       124112 kB
MemFree:         84328 kB
Buffers:          3716 kB
Cached:          24968 kB
SwapCached:          0 kB
Active:          21632 kB
Inactive:        14020 kB
SwapTotal:           0 kB
SwapFree:            0 kB
Dirty:             356 kB
Writeback:           0 kB
AnonPages:        6996 kB
Mapped:           4016 kB
Slab:             3632 kB
SReclaimable:     2152 kB
SUnreclaim:       1480 kB
PageTables:        148 kB
NFS_Unstable:        0 kB
Bounce:              0 kB
CommitLimit:     62056 kB
Committed_AS:    12860 kB
VmallocTotal:   909272 kB
VmallocUsed:        64 kB
VmallocChunk:   909208 kB
Thu Nov 12 00:52:11 CST 2009
MemTotal:       124112 kB
MemFree:         83392 kB
Buffers:          3724 kB
Cached:          24976 kB
SwapCached:          0 kB
Active:          22564 kB
Inactive:        14024 kB
SwapTotal:           0 kB
SwapFree:            0 kB
Dirty:             356 kB
Writeback:           0 kB
AnonPages:        7932 kB
Mapped:           4020 kB
Slab:             3632 kB
SReclaimable:     2152 kB
SUnreclaim:       1480 kB
PageTables:        152 kB
NFS_Unstable:        0 kB
Bounce:              0 kB
CommitLimit:     62056 kB
Committed_AS:    14040 kB
VmallocTotal:   909272 kB
VmallocUsed:        64 kB
VmallocChunk:   909208 kB
Thu Nov 12 00:52:13 CST 2009
MemTotal:       124112 kB
MemFree:         83420 kB
Buffers:          3728 kB
Cached:          25120 kB
SwapCached:          0 kB
Active:          22384 kB
Inactive:        14164 kB
SwapTotal:           0 kB
SwapFree:            0 kB
Dirty:             496 kB
Writeback:           0 kB
AnonPages:        7728 kB
Mapped:           4020 kB
Slab:             3640 kB
SReclaimable:     2160 kB
SUnreclaim:       1480 kB
PageTables:        148 kB
NFS_Unstable:        0 kB
Bounce:              0 kB
CommitLimit:     62056 kB
Committed_AS:    14020 kB
VmallocTotal:   909272 kB
VmallocUsed:        64 kB
VmallocChunk:   909208 kB
Thu Nov 12 00:52:14 CST 2009
MemTotal:       124112 kB
MemFree:         84008 kB
Buffers:          3728 kB
Cached:          25132 kB
SwapCached:          0 kB
Active:          21788 kB
Inactive:        14168 kB
SwapTotal:           0 kB
SwapFree:            0 kB
Dirty:             504 kB
Writeback:           0 kB
AnonPages:        7124 kB
Mapped:           2980 kB
Slab:             3640 kB
SReclaimable:     2160 kB
SUnreclaim:       1480 kB
PageTables:        144 kB
NFS_Unstable:        0 kB
Bounce:              0 kB
CommitLimit:     62056 kB
Committed_AS:    12608 kB
VmallocTotal:   909272 kB
VmallocUsed:        64 kB
VmallocChunk:   909208 kB
Thu Nov 12 00:52:15 CST 2009
MemTotal:       124112 kB
MemFree:         85228 kB
Buffers:          3728 kB
Cached:          25140 kB
SwapCached:          0 kB
Active:          20580 kB
Inactive:        14172 kB
SwapTotal:           0 kB
SwapFree:            0 kB
Dirty:             508 kB
Writeback:           0 kB
AnonPages:        5916 kB
Mapped:           3560 kB
Slab:             3640 kB
SReclaimable:     2160 kB
SUnreclaim:       1480 kB
PageTables:        148 kB
NFS_Unstable:        0 kB
Bounce:              0 kB
CommitLimit:     62056 kB
Committed_AS:    12424 kB
VmallocTotal:   909272 kB
VmallocUsed:        64 kB
VmallocChunk:   909208 kB
Thu Nov 12 00:52:16 CST 2009
MemTotal:       124112 kB
MemFree:         85032 kB
Buffers:          3728 kB
Cached:          25152 kB
SwapCached:          0 kB
Active:          20752 kB
Inactive:        14176 kB
SwapTotal:           0 kB
SwapFree:            0 kB
Dirty:             508 kB
Writeback:           0 kB
AnonPages:        6076 kB
Mapped:           3596 kB
Slab:             3644 kB
SReclaimable:     2164 kB
SUnreclaim:       1480 kB
PageTables:        148 kB
NFS_Unstable:        0 kB
Bounce:              0 kB
CommitLimit:     62056 kB
Committed_AS:    12432 kB
VmallocTotal:   909272 kB
VmallocUsed:        64 kB
VmallocChunk:   909208 kB
Thu Nov 12 00:52:17 CST 2009
MemTotal:       124112 kB
MemFree:         82516 kB
Buffers:          3748 kB
Cached:          25180 kB
SwapCached:          0 kB
Active:          23224 kB
Inactive:        14224 kB
SwapTotal:           0 kB
SwapFree:            0 kB
Dirty:             532 kB
Writeback:           0 kB
AnonPages:        8548 kB
Mapped:           4864 kB
Slab:             3652 kB
SReclaimable:     2172 kB
SUnreclaim:       1480 kB
PageTables:        152 kB
NFS_Unstable:        0 kB
Bounce:              0 kB
CommitLimit:     62056 kB
Committed_AS:    15048 kB
VmallocTotal:   909272 kB
VmallocUsed:        64 kB
VmallocChunk:   909208 kB
Thu Nov 12 00:52:19 CST 2009
MemTotal:       124112 kB
MemFree:         84128 kB
Buffers:          3748 kB
Cached:          25188 kB
SwapCached:          0 kB
Active:          21580 kB
Inactive:        14228 kB
SwapTotal:           0 kB
SwapFree:            0 kB
Dirty:             536 kB
Writeback:           0 kB
AnonPages:        6900 kB
Mapped:           3996 kB
Slab:             3652 kB
SReclaimable:     2172 kB
SUnreclaim:       1480 kB
PageTables:        148 kB
NFS_Unstable:        0 kB
Bounce:              0 kB
CommitLimit:     62056 kB
Committed_AS:    12852 kB
VmallocTotal:   909272 kB
VmallocUsed:        64 kB
VmallocChunk:   909208 kB
Thu Nov 12 00:52:20 CST 2009
MemTotal:       124112 kB
MemFree:         84380 kB
Buffers:          3748 kB
Cached:          25196 kB
SwapCached:          0 kB
Active:          21324 kB
Inactive:        14232 kB
SwapTotal:           0 kB
SwapFree:            0 kB
Dirty:             540 kB
Writeback:           0 kB
AnonPages:        6640 kB
Mapped:           3860 kB
Slab:             3652 kB
SReclaimable:     2172 kB
SUnreclaim:       1480 kB
PageTables:        148 kB
NFS_Unstable:        0 kB
Bounce:              0 kB
CommitLimit:     62056 kB
Committed_AS:    12724 kB
VmallocTotal:   909272 kB
VmallocUsed:        64 kB
VmallocChunk:   909208 kB
Thu Nov 12 00:52:21 CST 2009
MemTotal:       124112 kB
MemFree:         84268 kB
Buffers:          3748 kB
Cached:          25204 kB
SwapCached:          0 kB
Active:          21464 kB
Inactive:        14236 kB
SwapTotal:           0 kB
SwapFree:            0 kB
Dirty:             520 kB
Writeback:           0 kB
AnonPages:        6776 kB
Mapped:           3888 kB
Slab:             3652 kB
SReclaimable:     2172 kB
SUnreclaim:       1480 kB
PageTables:        148 kB
NFS_Unstable:        0 kB
Bounce:              0 kB
CommitLimit:     62056 kB
Committed_AS:    12852 kB
VmallocTotal:   909272 kB
VmallocUsed:        64 kB
VmallocChunk:   909208 kB
Thu Nov 12 00:52:22 CST 2009
MemTotal:       124112 kB
MemFree:         84004 kB
Buffers:          3760 kB
Cached:          25212 kB
SwapCached:          0 kB
Active:          21688 kB
Inactive:        14248 kB
SwapTotal:           0 kB
SwapFree:            0 kB
Dirty:             536 kB
Writeback:           0 kB
AnonPages:        6992 kB
Mapped:           4016 kB
Slab:             3652 kB
SReclaimable:     2172 kB
SUnreclaim:       1480 kB
PageTables:        148 kB
NFS_Unstable:        0 kB
Bounce:              0 kB
CommitLimit:     62056 kB
Committed_AS:    12856 kB
VmallocTotal:   909272 kB
VmallocUsed:        64 kB
VmallocChunk:   909208 kB
Thu Nov 12 00:52:23 CST 2009
MemTotal:       124112 kB
MemFree:         84676 kB
Buffers:          3760 kB
Cached:          25240 kB
SwapCached:          0 kB
Active:          21000 kB
Inactive:        14268 kB
SwapTotal:           0 kB
SwapFree:            0 kB
Dirty:             560 kB
Writeback:           0 kB
AnonPages:        6296 kB
Mapped:           3780 kB
Slab:             3660 kB
SReclaimable:     2176 kB
SUnreclaim:       1484 kB
PageTables:        148 kB
NFS_Unstable:        0 kB
Bounce:              0 kB
CommitLimit:     62056 kB
Committed_AS:    12432 kB
VmallocTotal:   909272 kB
VmallocUsed:        64 kB
VmallocChunk:   909208 kB
Thu Nov 12 00:52:24 CST 2009
MemTotal:       124112 kB
MemFree:         84284 kB
Buffers:          3760 kB
Cached:          25248 kB
SwapCached:          0 kB
Active:          21392 kB
Inactive:        14268 kB
SwapTotal:           0 kB
SwapFree:            0 kB
Dirty:             564 kB
Writeback:           0 kB
AnonPages:        6700 kB
Mapped:           3888 kB
Slab:             3660 kB
SReclaimable:     2176 kB
SUnreclaim:       1484 kB
PageTables:        148 kB
NFS_Unstable:        0 kB
Bounce:              0 kB
CommitLimit:     62056 kB
Committed_AS:    12720 kB
VmallocTotal:   909272 kB
VmallocUsed:        64 kB
VmallocChunk:   909208 kB
Thu Nov 12 00:52:26 CST 2009
MemTotal:       124112 kB
MemFree:         83936 kB
